
CODONML in paml version 4.10.10, 29 Jan 2026

----------------------------------------------
Phe F TTT | Ser S TCT | Tyr Y TAT | Cys C TGT
      TTC |       TCC |       TAC |       TGC
Leu L TTA |       TCA | *** * TAA | *** * TGA
      TTG |       TCG |       TAG | Trp W TGG
----------------------------------------------
Leu L CTT | Pro P CCT | His H CAT | Arg R CGT
      CTC |       CCC |       CAC |       CGC
      CTA |       CCA | Gln Q CAA |       CGA
      CTG |       CCG |       CAG |       CGG
----------------------------------------------
Ile I ATT | Thr T ACT | Asn N AAT | Ser S AGT
      ATC |       ACC |       AAC |       AGC
      ATA |       ACA | Lys K AAA | Arg R AGA
Met M ATG |       ACG |       AAG |       AGG
----------------------------------------------
Val V GTT | Ala A GCT | Asp D GAT | Gly G GGT
      GTC |       GCC |       GAC |       GGC
      GTA |       GCA | Glu E GAA |       GGA
      GTG |       GCG |       GAG |       GGG
----------------------------------------------
Nice code, uuh?
ns = 13  	ls = 7377
Reading sequences, sequential format..
Reading seq # 1: T2_Astato_calli       
Reading seq # 2: T2_basal_Chilo       
Reading seq # 3: T2_Gallus_gallu       
Reading seq # 4: T2_Mus_muscu       
Reading seq # 5: T2_basal_Callo       
Reading seq # 6: T2_Echino_cooke       
Reading seq # 7: T2_Gekko_japon       
Reading seq # 8: T2_Xenopu_tropi       
Reading seq # 9: T2_Strigo_habro       
Reading seq #10: T2_Homo_sapie       
Reading seq #11: T2_Nibea_albif       
Reading seq #12: T2_Danio_rerio       
Reading seq #13: T2_Rattus_norve       
Sequences read..
Counting site patterns..  0:00

Compressing,   2347 patterns at   2459 /   2459 sites (100.0%),  0:00

Collecting fpatt[] & pose[],   2347 patterns at   2459 /   2459 sites (100.0%),  0:00
1 ambiguous codons are seen in the data:
 ---
Counting codons..
NG distances for seqs.:
   1   2   3   4   5   6   7   8   9  10  11  12  13

      624 bytes for distance
  2290672 bytes for conP
    37552 bytes for fhK
  5000000 bytes for space

TREE #  1
(((6, 2), 5), ((1, 11), 12), ((((3, 9), (10, (4, 13))), 7), 8));   MP score: -1
   1    3.256538
   2    3.256538
   3    3.256538
 12598696 bytes for conP, adjusted

    0.520805    0.362528    0.262864    0.351871    0.661317    0.402615    0.594745    0.295202    0.221665    0.804769    0.045457    0.260903    0.033010    0.593740    0.083703    0.123299    0.328981    0.304734    0.415966    0.166813    0.023804    0.813568    1.080292    2.210476    0.749994    0.137491

ntime & nrate & np:    23     2    26

Bounds (np=26):
   0.000004   0.000004   0.000004   0.000004   0.000004   0.000004   0.000004   0.000004   0.000004   0.000004   0.000004   0.000004   0.000004   0.000004   0.000004   0.000004   0.000004   0.000004   0.000004   0.000004   0.000004   0.000004   0.000004   0.000100   0.000010   0.000001
  50.000000  50.000000  50.000000  50.000000  50.000000  50.000000  50.000000  50.000000  50.000000  50.000000  50.000000  50.000000  50.000000  50.000000  50.000000  50.000000  50.000000  50.000000  50.000000  50.000000  50.000000  50.000000  50.000000 999.000000   0.999990   1.000000
Qfactor_NS = 8.603171

np =    26
lnL0 = -50382.744398

Iterating by ming2
Initial: fx= 50382.744398
x=  0.52081  0.36253  0.26286  0.35187  0.66132  0.40261  0.59474  0.29520  0.22167  0.80477  0.04546  0.26090  0.03301  0.59374  0.08370  0.12330  0.32898  0.30473  0.41597  0.16681  0.02380  0.81357  1.08029  2.21048  0.74999  0.13749

  1 h-m-p  0.0000 0.0000 16180.7539 +YYYCCCC 49127.451905  6 0.0000    41 | 0/26
  2 h-m-p  0.0000 0.0001 3757.3934 +YYCCCC 48803.292887  5 0.0000    79 | 0/26
  3 h-m-p  0.0001 0.0003 1246.0888 +YYCCC 48625.005363  4 0.0002   115 | 0/26
  4 h-m-p  0.0001 0.0005 1405.1561 CCCC  48549.869223  3 0.0001   150 | 0/26
  5 h-m-p  0.0001 0.0003 2136.4436 CCCC  48499.265883  3 0.0001   185 | 0/26
  6 h-m-p  0.0001 0.0003 1116.9436 CCCCC 48474.485859  4 0.0001   222 | 0/26
  7 h-m-p  0.0001 0.0007 1028.0923 CCCC  48447.846630  3 0.0001   257 | 0/26
  8 h-m-p  0.0004 0.0021 359.0674 CC    48431.760736  1 0.0004   288 | 0/26
  9 h-m-p  0.0007 0.0056 196.1540 CCC   48424.576945  2 0.0006   321 | 0/26
 10 h-m-p  0.0007 0.0049 160.0242 CYC   48420.252498  2 0.0006   353 | 0/26
 11 h-m-p  0.0006 0.0029 125.0807 CC    48418.213493  1 0.0005   384 | 0/26
 12 h-m-p  0.0014 0.0074  47.5123 CC    48417.939177  1 0.0003   415 | 0/26
 13 h-m-p  0.0003 0.0165  43.3682 CC    48417.632788  1 0.0005   446 | 0/26
 14 h-m-p  0.0008 0.0099  27.9276 YC    48417.471583  1 0.0005   476 | 0/26
 15 h-m-p  0.0007 0.0392  21.5919 CC    48417.344035  1 0.0005   507 | 0/26
 16 h-m-p  0.0012 0.1493   9.8104 YC    48416.815365  1 0.0029   537 | 0/26
 17 h-m-p  0.0007 0.0171  39.6076 YC    48415.525223  1 0.0012   567 | 0/26
 18 h-m-p  0.0008 0.0128  60.4855 YC    48412.730395  1 0.0012   597 | 0/26
 19 h-m-p  0.0011 0.0155  70.1666 CCC   48407.509140  2 0.0016   630 | 0/26
 20 h-m-p  0.0021 0.0175  54.5375 C     48401.519947  0 0.0021   659 | 0/26
 21 h-m-p  0.0027 0.0273  41.5945 YCC   48399.667378  2 0.0016   691 | 0/26
 22 h-m-p  0.0022 0.0358  30.6170 YC    48399.319524  1 0.0009   721 | 0/26
 23 h-m-p  0.0021 0.0495  13.6338 YC    48399.230061  1 0.0012   751 | 0/26
 24 h-m-p  0.0018 0.0483   8.8961 C     48399.173697  0 0.0019   780 | 0/26
 25 h-m-p  0.0082 0.4391   2.0695 YC    48399.150284  1 0.0054   810 | 0/26
 26 h-m-p  0.0089 0.9106   1.2656 CC    48399.087500  1 0.0110   841 | 0/26
 27 h-m-p  0.0020 0.1366   6.9144 YC    48398.898054  1 0.0036   871 | 0/26
 28 h-m-p  0.0086 0.2853   2.9382 YC    48397.175026  1 0.0214   901 | 0/26
 29 h-m-p  1.6000 8.0000   0.0219 C     48397.011764  0 1.6000   930 | 0/26
 30 h-m-p  1.6000 8.0000   0.0037 CC    48397.000849  1 1.2830   987 | 0/26
 31 h-m-p  1.6000 8.0000   0.0007 Y     48397.000301  0 1.0162  1042 | 0/26
 32 h-m-p  1.6000 8.0000   0.0001 Y     48397.000284  0 1.0400  1097 | 0/26
 33 h-m-p  1.6000 8.0000   0.0000 Y     48397.000283  0 1.2592  1152 | 0/26
 34 h-m-p  1.6000 8.0000   0.0000 Y     48397.000283  0 1.6000  1207 | 0/26
 35 h-m-p  1.6000 8.0000   0.0000 Y     48397.000283  0 0.6787  1262 | 0/26
 36 h-m-p  1.6000 8.0000   0.0000 -Y    48397.000283  0 0.1000  1318 | 0/26
 37 h-m-p  0.0343 8.0000   0.0000 -----------C 48397.000283  0 0.0000  1384
Out..
lnL  = -48397.000283
1385 lfun, 4155 eigenQcodon, 63710 P(t)
