00   856 | 2/114
  8 h-m-p  0.0000 0.0001 4161.6679 YCCC  205786.392226  3 0.0000   978 | 2/114
  9 h-m-p  0.0001 0.0004 1729.3066 YCCC  205756.398469  3 0.0000  1100 | 2/114
 10 h-m-p  0.0000 0.0001 1204.2229 CCCC  205732.593283  3 0.0000  1223 | 2/114
 11 h-m-p  0.0001 0.0005 714.7955 CCC   205718.765363  2 0.0001  1344 | 2/114
 12 h-m-p  0.0001 0.0003 521.8516 CCC   205707.663991  2 0.0001  1465 | 2/114
 13 h-m-p  0.0001 0.0011 463.1151 CC    205688.935799  1 0.0001  1584 | 2/114
 14 h-m-p  0.0001 0.0006 538.1650 CCC   205659.383453  2 0.0001  1705 | 2/114
 15 h-m-p  0.0001 0.0006 718.1744 CCC   205593.946979  2 0.0001  1826 | 2/114
 16 h-m-p  0.0001 0.0003 961.4911 +YCCC 205379.615834  3 0.0002  1949 | 2/114
 17 h-m-p  0.0000 0.0002 2409.6481 YCCC  205034.691835  3 0.0001  2071 | 2/114
 18 h-m-p  0.0000 0.0001 2893.7963 +CCCC 204195.734625  3 0.0001  2195 | 2/114
 19 h-m-p  0.0000 0.0001 4258.5648 ++    202192.324590  m 0.0001  2312 | 2/114
 20 h-m-p  0.0000 0.0000 11618.7652 +CYCCC 201574.898844  4 0.0000  2437 | 2/114
 21 h-m-p  0.0000 0.0000 8805.5774 ++    200395.767637  m 0.0000  2554 | 2/114
 22 h-m-p  0.0000 0.0000 24685.2840 ++    200391.740841  m 0.0000  2671 | 2/114
 23 h-m-p  0.0000 0.0000 5813.8314 +YYYYC 200062.355084  4 0.0000  2793 | 2/114
 24 h-m-p  0.0000 0.0000 8292.9674 +YYCCC 199727.430323  4 0.0000  2917 | 2/114
 25 h-m-p  0.0000 0.0000 15256.2988 ++    199327.542304  m 0.0000  3034 | 2/114
 26 h-m-p -0.0000 -0.0000 3887.2290 
h-m-p:     -9.31761302e-22     -4.65880651e-21      3.88722905e+03 199327.542304
..  | 2/114
 27 h-m-p  0.0000 0.0000 220724.1388 CCYC  199015.792120  3 0.0000  3270 | 2/114
 28 h-m-p  0.0000 0.0000 17904.7129 YYCCCCC 198830.628977  6 0.0000  3397 | 2/114
 29 h-m-p  0.0000 0.0000 15183.0924 ++    198412.480603  m 0.0000  3514 | 2/114
 30 h-m-p  0.0000 0.0000 56852.4594 ++    196658.604045  m 0.0000  3631 | 2/114
 31 h-m-p  0.0000 0.0000 214741.9507 YCCCC 195359.500889  4 0.0000  3755 | 2/114
 32 h-m-p  0.0000 0.0000 15230.1566 YCYCCCC 194572.538599  6 0.0000  3882 | 2/114
 33 h-m-p  0.0000 0.0000 6487.8700 ++    193923.941465  m 0.0000  3999 | 2/114
 34 h-m-p  0.0000 0.0000 40608.9197 ++    193650.018991  m 0.0000  4116 | 2/114
 35 h-m-p  0.0000 0.0000 18595.3542 +YCYCCC 193319.574350  5 0.0000  4242 | 2/114
 36 h-m-p  0.0000 0.0000 10052.4115 YCCC  193247.405122  3 0.0000  4364 | 2/114
 37 h-m-p  0.0000 0.0001 4679.7717 YCCC  193086.452471  3 0.0000  4486 | 2/114
 38 h-m-p  0.0000 0.0001 4409.7743 +CYCC 192883.627751  3 0.0001  4609 | 2/114
 39 h-m-p  0.0000 0.0001 3681.3606 +YC   192695.045128  1 0.0001  4728 | 2/114
 40 h-m-p  0.0000 0.0001 3066.8920 +YCCC 192569.933460  3 0.0001  4851 | 2/114
 41 h-m-p  0.0000 0.0002 2693.4986 YCCC  192506.934922  3 0.0001  4973 | 2/114
 42 h-m-p  0.0000 0.0002 2180.6540 YCCC  192449.108276  3 0.0001  5095 | 2/114
 43 h-m-p  0.0001 0.0005 1752.9341 CCC   192416.297036  2 0.0001  5216 | 2/114
 44 h-m-p  0.0001 0.0004 1176.8240 CCC   192390.253288  2 0.0001  5337 | 2/114
 45 h-m-p  0.0002 0.0008 654.1252 YCC   192379.364745  2 0.0001  5457 | 2/114
 46 h-m-p  0.0001 0.0010 446.7711 CC    192371.337948  1 0.0002  5576 | 2/114
 47 h-m-p  0.0002 0.0014 354.6179 YC    192368.002257  1 0.0001  5694 | 2/114
 48 h-m-p  0.0001 0.0018 280.0520 CC    192365.758414  1 0.0001  5813 | 2/114
 49 h-m-p  0.0002 0.0014 221.6131 CC    192363.699442  1 0.0002  5932 | 2/114
 50 h-m-p  0.0001 0.0011 345.7934 YC    192362.297886  1 0.0001  6050 | 2/114
 51 h-m-p  0.0002 0.0045 179.6969 C     192361.123607  0 0.0002  6167 | 2/114
 52 h-m-p  0.0002 0.0040 166.2290 CC    192360.301015  1 0.0002  6286 | 2/114
 53 h-m-p  0.0001 0.0034 171.5271 CC    192359.643443  1 0.0001  6405 | 2/114
 54 h-m-p  0.0002 0.0062  94.6358 CC    192359.131399  1 0.0002  6524 | 2/114
 55 h-m-p  0.0002 0.0090 110.0080 CC    192358.700639  1 0.0001  6643 | 2/114
 56 h-m-p  0.0002 0.0079  75.4975 CC    192357.969203  1 0.0003  6762 | 2/114
 57 h-m-p  0.0003 0.0029  95.6711 CC    192356.923963  1 0.0003  6881 | 2/114
 58 h-m-p  0.0002 0.0099 118.9242 YC    192354.568919  1 0.0004  6999 | 2/114
 59 h-m-p  0.0004 0.0021 141.7667 C     192351.411541  0 0.0004  7116 | 2/114
 60 h-m-p  0.0002 0.0061 242.8971 CYC   192347.548395  2 0.0002  7236 | 2/114
 61 h-m-p  0.0002 0.0012 291.8297 CCC   192340.830605  2 0.0003  7357 | 2/114
 62 h-m-p  0.0002 0.0025 374.4804 CCC   192331.381426  2 0.0002  7478 | 2/114
 63 h-m-p  0.0001 0.0011 657.4447 CC    192316.511764  1 0.0002  7597 | 2/114
 64 h-m-p  0.0002 0.0009 340.5691 YC    192298.655358  1 0.0003  7715 | 2/114
 65 h-m-p  0.0001 0.0007 469.9298 YCCC  192263.914586  3 0.0003  7837 | 2/114
 66 h-m-p  0.0002 0.0012 554.3440 YCCC  192189.200357  3 0.0004  7959 | 2/114
 67 h-m-p  0.0001 0.0007 849.3479 +YCCC 192070.384393  3 0.0004  8082 | 2/114
 68 h-m-p  0.0001 0.0007 610.8713 YC    191990.413606  1 0.0003  8200 | 2/114
 69 h-m-p  0.0002 0.0011 702.5504 CCC   191929.478193  2 0.0003  8321 | 2/114
 70 h-m-p  0.0001 0.0003 556.3294 +YCCC 191891.439874  3 0.0003  8444 | 2/114
 71 h-m-p  0.0003 0.0024 552.5329 CY    191866.162334  1 0.0003  8563 | 2/114
 72 h-m-p  0.0001 0.0006 453.3982 YC    191850.938021  1 0.0003  8681 | 2/114
 73 h-m-p  0.0003 0.0020 376.1421 CC    191839.557264  1 0.0003  8800 | 2/114
 74 h-m-p  0.0003 0.0016 350.6760 CCC   191829.949471  2 0.0004  8921 | 2/114
 75 h-m-p  0.0005 0.0042 257.1631 CC    191823.853058  1 0.0004  9040 | 2/114
 76 h-m-p  0.0005 0.0027 224.8984 YC    191820.006333  1 0.0004  9158 | 2/114
 77 h-m-p  0.0005 0.0037 150.2030 YC    191818.320115  1 0.0003  9276 | 2/114
 78 h-m-p  0.0004 0.0043 121.1436 CC    191816.437051  1 0.0005  9395 | 2/114
 79 h-m-p  0.0006 0.0028  85.4115 CC    191815.155170  1 0.0005  9514 | 2/114
 80 h-m-p  0.0007 0.0092  66.2597 CC    191814.073889  1 0.0006  9633 | 2/114
 81 h-m-p  0.0006 0.0064  59.3643 CC    191812.056174  1 0.0009  9752 | 2/114
 82 h-m-p  0.0008 0.0110  70.5502 CC    191807.993198  1 0.0011  9871 | 2/114
 83 h-m-p  0.0010 0.0152  79.4023 CCC   191798.353106  2 0.0014  9992 | 2/114
 84 h-m-p  0.0007 0.0058 147.7343 YCC   191767.184669  2 0.0014 10112 | 2/114
 85 h-m-p  0.0004 0.0020 377.9675 YC    191703.453973  1 0.0008 10230 | 2/114
 86 h-m-p  0.0003 0.0016 480.6893 YC    191621.874448  1 0.0007 10348 | 2/114
 87 h-m-p  0.0002 0.0012 442.7211 +YCCC 191539.732834  3 0.0007 10471 | 2/114
 88 h-m-p  0.0004 0.0020 512.9873 YCCC  191445.826165  3 0.0007 10593 | 2/114
 89 h-m-p  0.0005 0.0023 416.7759 CCC   191395.008407  2 0.0007 10714 | 2/114
 90 h-m-p  0.0004 0.0018 356.3472 YC    191366.908206  1 0.0006 10832 | 2/114
 91 h-m-p  0.0008 0.0041 257.8212 CCC   191351.495312  2 0.0007 10953 | 2/114
 92 h-m-p  0.0005 0.0024 199.1335 CCC   191344.566427  2 0.0006 11074 | 2/114
 93 h-m-p  0.0006 0.0080 193.0590 CC    191338.171641  1 0.0008 11193 | 2/114
 94 h-m-p  0.0012 0.0102 120.7459 YC    191334.999727  1 0.0008 11311 | 2/114
 95 h-m-p  0.0013 0.0079  73.3311 YC    191333.570169  1 0.0008 11429 | 2/114
 96 h-m-p  0.0011 0.0238  54.5498 YC    191332.679714  1 0.0008 11547 | 2/114
 97 h-m-p  0.0012 0.0225  36.4534 YC    191331.948539  1 0.0010 11665 | 2/114
 98 h-m-p  0.0007 0.0178  50.0124 CC    191330.635519  1 0.0011 11784 | 2/114
 99 h-m-p  0.0009 0.0342  57.1721 YC    191327.735138  1 0.0016 11902 | 2/114
100 h-m-p  0.0016 0.0264  56.7484 CC    191322.438756  1 0.0018 12021 | 2/114
101 h-m-p  0.0011 0.0072  92.6827 CC    191310.509957  1 0.0016 12140 | 2/114
102 h-m-p  0.0014 0.0086 105.4030 YCC   191278.390988  2 0.0023 12260 | 2/114
103 h-m-p  0.0007 0.0033 189.8679 CC    191247.983768  1 0.0010 12379 | 2/114
104 h-m-p  0.0010 0.0094 203.9465 CYC   191218.928594  2 0.0011 12499 | 2/114
105 h-m-p  0.0014 0.0086 164.9325 YCC   191204.576638  2 0.0010 12619 | 2/114
106 h-m-p  0.0009 0.0044 184.3633 CY    191195.229248  1 0.0009 12738 | 2/114
107 h-m-p  0.0019 0.0142  84.4999 YC    191192.903148  1 0.0008 12856 | 2/114
108 h-m-p  0.0012 0.0098  61.3115 CC    191191.440889  1 0.0011 12975 | 2/114
109 h-m-p  0.0020 0.0454  32.3216 YC    191190.608153  1 0.0015 13093 | 2/114
110 h-m-p  0.0016 0.0424  30.5744 CC    191189.566819  1 0.0019 13212 | 2/114
111 h-m-p  0.0022 0.0372  26.4686 CC    191187.586457  1 0.0029 13331 | 2/114
112 h-m-p  0.0020 0.0438  38.3962 CC    191182.353434  1 0.0031 13450 | 2/114
113 h-m-p  0.0015 0.0192  82.2623 YC    191163.549141  1 0.0033 13568 | 2/114
114 h-m-p  0.0021 0.0104 117.6144 YC    191116.043370  1 0.0037 13686 | 2/114
115 h-m-p  0.0011 0.0057 280.6226 YCCC  191037.560129  3 0.0021 13808 | 2/114
116 h-m-p  0.0010 0.0048 344.0978 CCC   190980.196579  2 0.0014 13929 | 2/114
117 h-m-p  0.0011 0.0055 145.6897 CCC   190968.176270  2 0.0012 14050 | 2/114
118 h-m-p  0.0023 0.0172  79.7541 YC    190964.780902  1 0.0013 14168 | 2/114
119 h-m-p  0.0026 0.0304  38.9475 YC    190963.746268  1 0.0015 14286 | 2/114
120 h-m-p  0.0035 0.1109  17.3343 YC    190963.212446  1 0.0026 14404 | 2/114
121 h-m-p  0.0026 0.0820  17.3693 C     190962.598452  0 0.0026 14521 | 2/114
122 h-m-p  0.0024 0.1102  18.5519 +YC   190959.993391  1 0.0062 14640 | 2/114
123 h-m-p  0.0024 0.0338  47.0916 CC    190955.394466  1 0.0029 14759 | 2/114
124 h-m-p  0.0029 0.0294  47.5156 YC    190941.167378  1 0.0050 14877 | 2/114
125 h-m-p  0.0021 0.0120 111.4986 YC    190900.775195  1 0.0042 14995 | 2/114
126 h-m-p  0.0028 0.0142 144.1624 CCC   190840.838481  2 0.0041 15116 | 2/114
127 h-m-p  0.0029 0.0144 197.9978 CYC   190797.860371  2 0.0025 15236 | 2/114
128 h-m-p  0.0021 0.0105 128.2691 YCC   190788.653703  2 0.0014 15356 | 2/114
129 h-m-p  0.0025 0.0222  71.7574 YC    190784.802128  1 0.0019 15474 | 2/114
130 h-m-p  0.0035 0.0433  39.8960 YC    190783.177903  1 0.0023 15592 | 2/114
131 h-m-p  0.0044 0.0650  20.7947 YC    190782.079354  1 0.0034 15710 | 2/114
132 h-m-p  0.0057 0.1370  12.3721 YC    190778.270179  1 0.0108 15828 | 2/114
133 h-m-p  0.0045 0.0469  29.7449 YC    190758.283331  1 0.0107 15946 | 2/114
134 h-m-p  0.0013 0.0063 187.8345 +CYC  190670.017276  2 0.0054 16068 | 2/114
135 h-m-p  0.0001 0.0007 232.1505 ++    190648.839653  m 0.0007 16185 | 2/114
136 h-m-p  0.0000 0.0000  19.8845 
h-m-p:      2.17596095e-18      1.08798047e-17      1.98844608e+01 190648.839653
..  | 2/114
137 h-m-p  0.0000 0.0000 10090.7324 CCC   190636.555121  2 0.0000 16420 | 2/114
138 h-m-p  0.0000 0.0000 12008.0951 YCCC  190620.246108  3 0.0000 16542 | 2/114
139 h-m-p  0.0000 0.0000 3643.1070 ++    190582.169142  m 0.0000 16659 | 2/114
140 h-m-p  0.0000 0.0000 97966.7182 +CYCYCCC 190404.829935  6 0.0000 16787 | 2/114
141 h-m-p  0.0000 0.0000 1836.7328 YCYC  190396.604397  3 0.0000 16908 | 2/114
142 h-m-p  0.0000 0.0001 496.8717 CCC   190393.833751  2 0.0000 17029 | 2/114
143 h-m-p  0.0000 0.0000 3182.3678 YCCC  190388.983968  3 0.0000 17151 | 2/114
144 h-m-p  0.0000 0.0006 458.0162 YCC   190383.696749  2 0.0001 17271 | 2/114
145 h-m-p  0.0001 0.0006 554.3384 CCC   190377.471791  2 0.0001 17392 | 2/114
146 h-m-p  0.0001 0.0003 883.2177 CCC   190372.810160  2 0.0001 17513 | 2/114
147 h-m-p  0.0001 0.0009 824.1184 CCC   190367.172411  2 0.0001 17634 | 2/114
148 h-m-p  0.0001 0.0006 578.0880 CC    190361.991569  1 0.0001 17753 | 2/114
149 h-m-p  0.0001 0.0011 671.8335 YC    190353.208301  1 0.0002 17871 | 2/114
150 h-m-p  0.0002 0.0010 392.6597 YCC   190350.002780  2 0.0001 17991 | 2/114
151 h-m-p  0.0001 0.0007 663.8628 CCC   190346.388896  2 0.0001 18112 | 2/114
152 h-m-p  0.0001 0.0017 499.2478 CC    190343.539935  1 0.0001 18231 | 2/114
153 h-m-p  0.0002 0.0021 320.7279 CC    190340.950297  1 0.0002 18350 | 2/114
154 h-m-p  0.0002 0.0026 347.1396 CC    190338.591867  1 0.0002 18469 | 2/114
155 h-m-p  0.0002 0.0034 375.2570 CC    190336.827146  1 0.0001 18588 | 2/114
156 h-m-p  0.0002 0.0032 340.1216 CC    190334.676569  1 0.0002 18707 | 2/114
157 h-m-p  0.0002 0.0022 355.2116 CC    190332.386916  1 0.0002 18826 | 2/114
158 h-m-p  0.0002 0.0039 472.5171 CC    190329.869292  1 0.0002 18945 | 2/114
159 h-m-p  0.0003 0.0021 329.0769 YC    190328.443296  1 0.0002 19063 | 2/114
160 h-m-p  0.0002 0.0014 383.5753 CC    190327.281132  1 0.0001 19182 | 2/114
161 h-m-p  0.0002 0.0031 206.5856 CC    190325.597338  1 0.0004 19301 | 2/114
162 h-m-p  0.0003 0.0035 320.2084 CC    190324.142365  1 0.0002 19420 | 2/114
163 h-m-p  0.0002 0.0030 321.1276 YC    190323.488903  1 0.0001 19538 | 2/114
164 h-m-p  0.0002 0.0016 204.7015 YC    190322.005155  1 0.0004 19656 | 2/114
165 h-m-p  0.0002 0.0010 335.2319 YC    190321.176661  1 0.0002 19774 | 2/114
166 h-m-p  0.0002 0.0068 276.4605 CC    190320.262584  1 0.0002 19893 | 2/114
167 h-m-p  0.0001 0.0007 345.9253 CC    190319.350059  1 0.0002 20012 | 2/114
168 h-m-p  0.0005 0.0096 124.0554 CC    190318.666424  1 0.0004 20131 | 2/114
169 h-m-p  0.0003 0.0045 162.0862 CY    190318.067439  1 0.0003 20250 | 2/114
170 h-m-p  0.0002 0.0021 234.2840 YC    190316.965534  1 0.0004 20368 | 2/114
171 h-m-p  0.0005 0.0062 199.7559 YC    190316.347683  1 0.0003 20486 | 2/114
172 h-m-p  0.0003 0.0033 170.0630 CC    190315.636436  1 0.0004 20605 | 2/114
173 h-m-p  0.0003 0.0094 199.2071 C     190314.942949  0 0.0003 20722 | 2/114
174 h-m-p  0.0004 0.0027 153.5117 YC    190314.501058  1 0.0003 20840 | 2/114
175 h-m-p  0.0003 0.0078 165.8844 CC    190313.942296  1 0.0004 20959 | 2/114
176 h-m-p  0.0004 0.0094 165.7456 CC    190313.370040  1 0.0004 21078 | 2/114
177 h-m-p  0.0005 0.0182 132.5552 C     190312.809502  0 0.0005 21195 | 2/114
178 h-m-p  0.0007 0.0046  98.3437 YC    190312.509777  1 0.0004 21313 | 2/114
179 h-m-p  0.0005 0.0210  68.8786 C     190312.211083  0 0.0006 21430 | 2/114
180 h-m-p  0.0004 0.0078  94.5916 YC    190312.057047  1 0.0002 21548 | 2/114
181 h-m-p  0.0004 0.0272  53.4898 CC    190311.831583  1 0.0006 21667 | 2/114
182 h-m-p  0.0008 0.0172  44.3990 YC    190311.677481  1 0.0006 21785 | 2/114
183 h-m-p  0.0007 0.0181  32.7581 YC    190311.589224  1 0.0004 21903 | 2/114
184 h-m-p  0.0003 0.0168  44.9180 YC    190311.443821  1 0.0005 22021 | 2/114
185 h-m-p  0.0006 0.0191  40.1704 CC    190311.278074  1 0.0007 22140 | 2/114
186 h-m-p  0.0006 0.0336  43.0885 CC    190311.065900  1 0.0008 22259 | 2/114
187 h-m-p  0.0014 0.0375  26.0331 YC    190310.961816  1 0.0006 22377 | 2/114
188 h-m-p  0.0007 0.0198  23.8056 C     190310.833413  0 0.0007 22494 | 2/114
189 h-m-p  0.0006 0.0455  27.9679 CC    190310.602222  1 0.0010 22613 | 2/114
190 h-m-p  0.0008 0.0205  35.1768 YC    190310.142846  1 0.0013 22731 | 2/114
191 h-m-p  0.0009 0.0180  50.5137 YC    190309.785270  1 0.0006 22849 | 2/114
192 h-m-p  0.0010 0.0278  32.8632 CC    190309.207250  1 0.0013 22968 | 2/114
193 h-m-p  0.0013 0.0127  33.1973 CC    190308.565876  1 0.0012 23087 | 2/114
194 h-m-p  0.0011 0.0178  34.5385 C     190307.831187  0 0.0011 23204 | 2/114
195 h-m-p  0.0010 0.0132  38.5862 YC    190306.362267  1 0.0017 23322 | 2/114
196 h-m-p  0.0010 0.0074  64.0238 YC    190305.392201  1 0.0007 23440 | 2/114
197 h-m-p  0.0010 0.0105  48.8959 YC    190304.894649  1 0.0006 23558 | 2/114
198 h-m-p  0.0008 0.0152  38.9405 CC    190304.540436  1 0.0007 23677 | 2/114
199 h-m-p  0.0009 0.0240  31.9856 YC    190304.084072  1 0.0015 23795 | 2/114
200 h-m-p  0.0018 0.0146  25.4817 YC    190303.928976  1 0.0009 23913 | 2/114
201 h-m-p  0.0008 0.0357  28.5864 C     190303.813127  0 0.0007 24030 | 2/114
202 h-m-p  0.0014 0.1359  14.2796 CC    190303.745335  1 0.0012 24149 | 2/114
203 h-m-p  0.0009 0.0342  19.3763 YC    190303.710825  1 0.0005 24267 | 2/114
204 h-m-p  0.0010 0.1295  10.7288 YC    190303.690280  1 0.0007 24385 | 2/114
205 h-m-p  0.0009 0.1570   8.4867 C     190303.673437  0 0.0009 24502 | 2/114
206 h-m-p  0.0015 0.3799   5.2125 C     190303.655462  0 0.0018 24619 | 2/114
207 h-m-p  0.0018 0.3212   5.4283 C     190303.632676  0 0.0023 24736 | 2/114
208 h-m-p  0.0020 0.1922   5.9903 C     190303.608703  0 0.0020 24853 | 2/114
209 h-m-p  0.0022 0.0941   5.2855 CC    190303.565046  1 0.0033 24972 | 2/114
210 h-m-p  0.0015 0.0665  11.3668 YC    190303.526106  1 0.0012 25090 | 2/114
211 h-m-p  0.0011 0.0313  12.2397 CC    190303.463096  1 0.0015 25209 | 2/114
212 h-m-p  0.0020 0.1780   9.4027 CC    190303.360309  1 0.0025 25328 | 2/114
213 h-m-p  0.0026 0.1698   8.8475 C     190303.218491  0 0.0026 25445 | 2/114
214 h-m-p  0.0016 0.1039  14.0816 CC    190302.966966  1 0.0023 25564 | 2/114
215 h-m-p  0.0017 0.0655  18.7869 CC    190302.605221  1 0.0022 25683 | 2/114
216 h-m-p  0.0025 0.0753  16.2262 CC    190302.295890  1 0.0022 25802 | 2/114
217 h-m-p  0.0030 0.1263  11.9856 CC    190302.029300  1 0.0034 25921 | 2/114
218 h-m-p  0.0023 0.1016  17.5146 YC    190301.884709  1 0.0016 26039 | 2/114
219 h-m-p  0.0029 0.1807   9.5304 CC    190301.805973  1 0.0024 26158 | 2/114
220 h-m-p  0.0031 0.1941   7.4882 CC    190301.760767  1 0.0025 26277 | 2/114
221 h-m-p  0.0018 0.1720  10.3396 C     190301.723072  0 0.0018 26394 | 2/114
222 h-m-p  0.0042 0.4473   4.3530 YC    190301.701068  1 0.0032 26512 | 2/114
223 h-m-p  0.0023 0.3716   6.0666 YC    190301.688140  1 0.0015 26630 | 2/114
224 h-m-p  0.0034 0.6481   2.6913 C     190301.669502  0 0.0049 26747 | 2/114
225 h-m-p  0.0042 0.3160   3.1310 C     190301.649841  0 0.0037 26864 | 2/114
226 h-m-p  0.0022 0.1781   5.3251 YC    190301.597696  1 0.0048 26982 | 2/114
227 h-m-p  0.0055 0.1391   4.6479 YC    190301.560288  1 0.0029 27100 | 2/114
228 h-m-p  0.0022 0.0707   6.1783 YC    190301.451284  1 0.0045 27218 | 2/114
229 h-m-p  0.0035 0.0365   7.9450 CC    190301.318302  1 0.0031 27337 | 2/114
230 h-m-p  0.0027 0.0215   9.2005 CC    190301.112754  1 0.0031 27456 | 2/114
231 h-m-p  0.0036 0.0194   7.8717 C     190300.850888  0 0.0037 27573 | 2/114
232 h-m-p  0.0044 0.0322   6.6430 CC    190300.733591  1 0.0038 27692 | 2/114
233 h-m-p  0.0021 0.0208  12.0518 CC    190300.660658  1 0.0017 27811 | 2/114
234 h-m-p  0.0053 0.1291   3.9056 YC    190300.643903  1 0.0025 27929 | 2/114
235 h-m-p  0.0036 0.3268   2.7973 YC    190300.637436  1 0.0022 28047 | 2/114
236 h-m-p  0.0042 0.8723   1.4362 Y     190300.635113  0 0.0020 28164 | 2/114
237 h-m-p  0.0046 2.2757   0.6804 YC    190300.626872  1 0.0111 28282 | 2/114
238 h-m-p  0.0050 0.9674   1.5173 C     190300.609297  0 0.0063 28511 | 2/114
239 h-m-p  0.0023 0.4579   4.1809 YC    190300.560052  1 0.0046 28629 | 2/114
240 h-m-p  0.0044 0.3247   4.3366 C     190300.493490  0 0.0048 28746 | 2/114
241 h-m-p  0.0042 0.2164   4.9762 CC    190300.444512  1 0.0034 28865 | 2/114
242 h-m-p  0.0051 0.4181   3.3233 YC    190300.425536  1 0.0031 28983 | 2/114
243 h-m-p  0.0021 0.4215   5.0899 C     190300.410242  0 0.0021 29100 | 2/114
244 h-m-p  0.0035 0.7366   3.1034 C     190300.398833  0 0.0038 29217 | 2/114
245 h-m-p  0.0077 1.3931   1.5195 YC    190300.395476  1 0.0039 29335 | 2/114
246 h-m-p  0.0048 1.6923   1.2383 Y     190300.393860  0 0.0033 29452 | 2/114
247 h-m-p  0.0111 3.6869   0.3699 Y     190300.393191  0 0.0074 29569 | 2/114
248 h-m-p  0.0328 7.7969   0.0835 +Y    190300.388647  0 0.0875 29799 | 2/114
249 h-m-p  0.0131 0.6165   0.5563 C     190300.379364  0 0.0145 30028 | 2/114
250 h-m-p  0.0085 0.4187   0.9489 C     190300.370120  0 0.0101 30257 | 2/114
251 h-m-p  0.0387 7.4073   0.2484 Y     190300.369966  0 0.0049 30486 | 2/114
252 h-m-p  0.0160 8.0000   0.1218 C     190300.369929  0 0.0051 30715 | 2/114
253 h-m-p  0.0891 8.0000   0.0070 Y     190300.369762  0 0.1612 30944 | 2/114
254 h-m-p  0.0160 8.0000   0.1075 C     190300.368961  0 0.0228 31173 | 2/114
255 h-m-p  1.6000 8.0000   0.0005 Y     190300.368947  0 0.9673 31402 | 2/114
256 h-m-p  1.6000 8.0000   0.0000 C     190300.368946  0 1.4399 31631 | 2/114
257 h-m-p  1.6000 8.0000   0.0000 C     190300.368946  0 1.6000 31860 | 2/114
258 h-m-p  1.6000 8.0000   0.0000 Y     190300.368946  0 1.6000 32089 | 2/114
259 h-m-p  1.6000 8.0000   0.0000 ----------------..  | 2/114
260 h-m-p  0.0160 8.0000   0.0722 ------------- | 2/114
261 h-m-p  0.0160 8.0000   0.0722 -------------
Out..
lnL  = -190300.368946
32813 lfun, 65626 eigenQcodon, 3642243 P(t)
