 376 | 1/114
  4 h-m-p  0.0000 0.0000 31217.4611 ++    205274.176478  m 0.0000   493 | 2/114
  5 h-m-p  0.0000 0.0000 56944.0807 +YCYC 204947.428458  3 0.0000   615 | 2/114
  6 h-m-p  0.0000 0.0000 5982.8784 ++    204776.784598  m 0.0000   732 | 2/114
  7 h-m-p  0.0000 0.0000 40958.0429 YCCCC 204128.224597  4 0.0000   856 | 2/114
  8 h-m-p  0.0000 0.0001 2685.2645 YCC   203976.966396  2 0.0001   976 | 2/114
  9 h-m-p  0.0000 0.0001 1254.3705 YCYCC 203945.703040  4 0.0000  1099 | 2/114
 10 h-m-p  0.0000 0.0004 1261.6696 CCC   203930.977415  2 0.0000  1220 | 2/114
 11 h-m-p  0.0001 0.0005 587.1967 YC    203925.643654  1 0.0000  1338 | 2/114
 12 h-m-p  0.0001 0.0004 298.5851 CC    203922.431185  1 0.0001  1457 | 2/114
 13 h-m-p  0.0001 0.0025 238.5603 YC    203920.805643  1 0.0001  1575 | 2/114
 14 h-m-p  0.0001 0.0017 182.2093 CC    203918.971043  1 0.0001  1694 | 2/114
 15 h-m-p  0.0001 0.0008 182.6125 CC    203917.108133  1 0.0001  1813 | 2/114
 16 h-m-p  0.0001 0.0018 220.1879 YC    203912.415378  1 0.0001  1931 | 2/114
 17 h-m-p  0.0001 0.0013 263.2613 YC    203898.595689  1 0.0002  2049 | 2/114
 18 h-m-p  0.0002 0.0009 404.7720 CCC   203867.670237  2 0.0002  2170 | 2/114
 19 h-m-p  0.0001 0.0004 929.0136 YCCC  203777.128682  3 0.0002  2292 | 2/114
 20 h-m-p  0.0001 0.0003 1346.0521 +YCCC 203543.069209  3 0.0002  2415 | 2/114
 21 h-m-p  0.0000 0.0002 3284.3066 +YCCC 203127.125317  3 0.0001  2538 | 2/114
 22 h-m-p  0.0000 0.0001 4365.2642 +CYCCC 202475.693118  4 0.0001  2663 | 2/114
 23 h-m-p  0.0000 0.0001 7067.9089 ++    201670.560565  m 0.0001  2780 | 2/114
 24 h-m-p  0.0000 0.0000 44760.9607 CCCCC 201434.849645  4 0.0000  2905 | 2/114
 25 h-m-p  0.0000 0.0002 3319.0609 CCCCC 201088.784410  4 0.0001  3030 | 2/114
 26 h-m-p  0.0000 0.0002 1990.2800 YCCC  200877.575408  3 0.0001  3152 | 2/114
 27 h-m-p  0.0000 0.0002 2307.3555 YCCC  200694.763316  3 0.0001  3274 | 2/114
 28 h-m-p  0.0000 0.0002 2322.4431 YC    200562.082003  1 0.0001  3392 | 2/114
 29 h-m-p  0.0000 0.0001 2005.4449 +YCCC 200488.889746  3 0.0001  3515 | 2/114
 30 h-m-p  0.0000 0.0002 1049.4813 YCCC  200461.447812  3 0.0001  3637 | 2/114
 31 h-m-p  0.0001 0.0006 669.2824 CYC   200446.649931  2 0.0001  3757 | 2/114
 32 h-m-p  0.0001 0.0006 668.0971 CC    200433.800126  1 0.0001  3876 | 2/114
 33 h-m-p  0.0001 0.0005 641.1335 YCCC  200416.792889  3 0.0002  3998 | 2/114
 34 h-m-p  0.0001 0.0003 1093.2987 YCCC  200398.755378  3 0.0001  4120 | 2/114
 35 h-m-p  0.0001 0.0008 1373.1188 CC    200376.879821  1 0.0001  4239 | 2/114
 36 h-m-p  0.0001 0.0003 1799.2422 YCCC  200355.561702  3 0.0001  4361 | 2/114
 37 h-m-p  0.0001 0.0009 1364.9370 CC    200331.542537  1 0.0001  4480 | 2/114
 38 h-m-p  0.0001 0.0006 1185.7725 CCC   200312.168215  2 0.0001  4601 | 2/114
 39 h-m-p  0.0001 0.0005 1011.3659 CY    200300.273911  1 0.0001  4720 | 2/114
 40 h-m-p  0.0001 0.0006 641.9237 YCC   200293.148652  2 0.0001  4840 | 2/114
 41 h-m-p  0.0002 0.0020 321.5239 CC    200287.105428  1 0.0002  4959 | 2/114
 42 h-m-p  0.0001 0.0016 361.0016 CCC   200278.372683  2 0.0002  5080 | 2/114
 43 h-m-p  0.0002 0.0013 323.2511 CC    200266.131201  1 0.0002  5199 | 2/114
 44 h-m-p  0.0002 0.0008 429.2247 CCC   200239.200111  2 0.0002  5320 | 2/114
 45 h-m-p  0.0001 0.0003 742.4721 +YCCC 200189.953982  3 0.0002  5443 | 2/114
 46 h-m-p  0.0001 0.0005 1120.7794 +YCCC 200026.228670  3 0.0003  5566 | 2/114
 47 h-m-p  0.0001 0.0007 2055.7227 CCCC  199812.686526  3 0.0002  5689 | 2/114
 48 h-m-p  0.0001 0.0006 1270.0197 YCC   199630.237242  2 0.0002  5809 | 2/114
 49 h-m-p  0.0001 0.0005 1426.6884 YCCCC 199448.044230  4 0.0002  5933 | 2/114
 50 h-m-p  0.0001 0.0004 1156.3884 +YCCC 199270.456056  3 0.0002  6056 | 2/114
 51 h-m-p  0.0002 0.0009 1413.8731 YCYC  199027.533860  3 0.0003  6177 | 2/114
 52 h-m-p  0.0001 0.0003 2766.5987 +YCCC 198799.781419  3 0.0002  6300 | 2/114
 53 h-m-p  0.0001 0.0003 1881.1653 CCCC  198729.559311  3 0.0001  6423 | 2/114
 54 h-m-p  0.0000 0.0000 1281.0081 +YYCCC 198715.578606  4 0.0000  6547 | 2/114
 55 h-m-p  0.0000 0.0005 967.5703 YC    198696.757922  1 0.0001  6665 | 2/114
 56 h-m-p  0.0002 0.0017 367.2350 YCC   198687.412168  2 0.0002  6785 | 2/114
 57 h-m-p  0.0002 0.0026 291.5547 YCC   198681.742312  2 0.0001  6905 | 2/114
 58 h-m-p  0.0002 0.0022 217.3756 CCC   198673.939141  2 0.0003  7026 | 2/114
 59 h-m-p  0.0002 0.0037 260.2196 CCC   198661.473907  2 0.0003  7147 | 2/114
 60 h-m-p  0.0003 0.0027 221.3636 CC    198644.526049  1 0.0003  7266 | 2/114
 61 h-m-p  0.0002 0.0016 310.0019 CCC   198628.766950  2 0.0002  7387 | 2/114
 62 h-m-p  0.0002 0.0019 286.9654 C     198617.029400  0 0.0002  7504 | 2/114
 63 h-m-p  0.0003 0.0028 261.6956 YC    198612.537523  1 0.0002  7622 | 2/114
 64 h-m-p  0.0003 0.0042 157.3307 CC    198610.109815  1 0.0002  7741 | 2/114
 65 h-m-p  0.0004 0.0076  78.3976 CC    198608.376486  1 0.0004  7860 | 2/114
 66 h-m-p  0.0003 0.0085  90.9617 CC    198605.416861  1 0.0004  7979 | 2/114
 67 h-m-p  0.0003 0.0050 138.9352 YC    198596.602679  1 0.0005  8097 | 2/114
 68 h-m-p  0.0003 0.0035 234.1218 CC    198577.364002  1 0.0004  8216 | 2/114
 69 h-m-p  0.0003 0.0027 309.4470 YCC   198521.264676  2 0.0005  8336 | 2/114
 70 h-m-p  0.0003 0.0014 521.3787 YCCC  198374.918267  3 0.0005  8458 | 2/114
 71 h-m-p  0.0001 0.0004 1126.4165 +YYCCC 198161.405973  4 0.0003  8582 | 2/114
 72 h-m-p  0.0000 0.0001 1123.7645 +YYCCC 198096.816390  4 0.0001  8706 | 2/114
 73 h-m-p  0.0002 0.0008 372.5903 YCCC  198075.483038  3 0.0003  8828 | 2/114
 74 h-m-p  0.0003 0.0023 338.7405 YC    198067.585482  1 0.0002  8946 | 2/114
 75 h-m-p  0.0004 0.0045 160.0430 YC    198063.759146  1 0.0003  9064 | 2/114
 76 h-m-p  0.0003 0.0020 168.4554 CC    198059.357459  1 0.0003  9183 | 2/114
 77 h-m-p  0.0006 0.0046  90.8291 CC    198053.291383  1 0.0005  9302 | 2/114
 78 h-m-p  0.0005 0.0060  96.4973 +YCC  198009.641232  2 0.0015  9423 | 2/114
 79 h-m-p  0.0001 0.0007 321.9571 ++    197844.812953  m 0.0007  9540 | 2/114
 80 h-m-p  0.0002 0.0009 1121.4910 YCCC  197608.910308  3 0.0003  9662 | 2/114
 81 h-m-p  0.0001 0.0005 1367.1939 +YCCC 197274.205586  3 0.0003  9785 | 2/114
 82 h-m-p  0.0002 0.0008 1109.7489 YCY   197127.663645  2 0.0003  9905 | 2/114
 83 h-m-p  0.0002 0.0010 640.6674 CCCC  197078.754780  3 0.0003 10028 | 2/114
 84 h-m-p  0.0004 0.0020 305.1347 YCC   197068.002796  2 0.0003 10148 | 2/114
 85 h-m-p  0.0005 0.0027 168.6465 YC    197064.449012  1 0.0003 10266 | 2/114
 86 h-m-p  0.0004 0.0047 120.0509 CC    197061.745564  1 0.0004 10385 | 2/114
 87 h-m-p  0.0006 0.0144  74.7249 CC    197057.738420  1 0.0007 10504 | 2/114
 88 h-m-p  0.0006 0.0067  98.1923 YC    197046.526714  1 0.0009 10622 | 2/114
 89 h-m-p  0.0004 0.0034 224.8260 YCC   197014.015284  2 0.0007 10742 | 2/114
 90 h-m-p  0.0006 0.0035 257.7542 YCCC  196875.270169  3 0.0014 10864 | 2/114
 91 h-m-p  0.0002 0.0011 443.1616 +CCYC 196579.881731  3 0.0009 10987 | 2/114
 92 h-m-p  0.0001 0.0003 1391.1640 +YCYCCC 196264.054732  5 0.0002 11113 | 2/114
 93 h-m-p  0.0000 0.0001 923.4832 ++    196216.546564  m 0.0001 11230 | 2/114
 94 h-m-p  0.0001 0.0011 569.2578 +YYC  196166.726749  2 0.0003 11350 | 2/114
 95 h-m-p  0.0003 0.0013 389.8257 C     196148.952308  0 0.0003 11467 | 2/114
 96 h-m-p  0.0005 0.0024 162.0855 CCC   196126.421062  2 0.0007 11588 | 2/114
 97 h-m-p  0.0003 0.0017 186.9922 +CC   196021.939415  1 0.0014 11708 | 2/114
 98 h-m-p  0.0002 0.0011 457.6407 +CYC  195718.756396  2 0.0009 11829 | 2/114
 99 h-m-p  0.0002 0.0012 905.6683 YC    195344.222682  1 0.0006 11947 | 2/114
100 h-m-p  0.0001 0.0006 887.9337 +YCCC 195217.652197  3 0.0004 12070 | 2/114
101 h-m-p  0.0003 0.0014 403.3035 CC    195195.983969  1 0.0003 12189 | 2/114
102 h-m-p  0.0006 0.0032 165.4809 YC    195191.255279  1 0.0004 12307 | 2/114
103 h-m-p  0.0005 0.0023  80.1862 CYC   195189.748789  2 0.0004 12427 | 2/114
104 h-m-p  0.0008 0.0168  42.2920 YC    195186.795951  1 0.0012 12545 | 2/114
105 h-m-p  0.0014 0.0201  36.9017 +YCC  195162.132679  2 0.0042 12666 | 2/114
106 h-m-p  0.0007 0.0044 207.6294 YCCC  195054.019736  3 0.0017 12788 | 2/114
107 h-m-p  0.0003 0.0013 310.0732 ++    194780.372238  m 0.0013 12905 | 2/114
108 h-m-p  0.0006 0.0028 552.4271 +YCC  193872.667030  2 0.0018 13026 | 2/114
109 h-m-p  0.0000 0.0002 1168.5977 ++    193685.262153  m 0.0002 13143 | 2/114
110 h-m-p -0.0000 -0.0000 509.9301 
h-m-p:     -1.19023939e-20     -5.95119694e-20      5.09930083e+02 193685.262153
..  | 2/114
111 h-m-p  0.0000 0.0000 10023.0481 YCC   193644.916456  2 0.0000 13377 | 2/114
112 h-m-p  0.0000 0.0000 9733.8928 CCC   193609.585714  2 0.0000 13498 | 2/114
113 h-m-p  0.0000 0.0000 17703.2074 ++    193418.120651  m 0.0000 13615 | 2/114
114 h-m-p  0.0000 0.0000 45012.0132 +YCCC 193241.726804  3 0.0000 13738 | 2/114
115 h-m-p  0.0000 0.0000 33081.0936 +YCYYYC 192818.234666  5 0.0000 13862 | 2/114
116 h-m-p  0.0000 0.0000 91328.8348 +YCYCCC 192445.623453  5 0.0000 13989 | 2/114
117 h-m-p  0.0000 0.0000 14214.7099 +YYCYC 192396.853660  4 0.0000 14112 | 2/114
118 h-m-p  0.0000 0.0000 5628.6044 +YYYCYCCC 192353.662760  7 0.0000 14240 | 2/114
119 h-m-p  0.0000 0.0000 10412.5125 ++    192063.306546  m 0.0000 14357 | 2/114
120 h-m-p  0.0000 0.0000 5827.8400 
h-m-p:      1.67350208e-21      8.36751040e-21      5.82783995e+03 192063.306546
..  | 2/114
121 h-m-p  0.0000 0.0000 23848.5497 YYYCC 191993.978490  4 0.0000 14593 | 2/114
122 h-m-p  0.0000 0.0000 8020.1186 YYCC  191973.506749  3 0.0000 14714 | 2/114
123 h-m-p  0.0000 0.0000 8692.8184 ++    191875.317508  m 0.0000 14831 | 2/114
124 h-m-p  0.0000 0.0000 16229.5975 YYC   191861.027297  2 0.0000 14950 | 2/114
125 h-m-p  0.0000 0.0000 3744.0657 CCC   191854.780418  2 0.0000 15071 | 2/114
126 h-m-p  0.0000 0.0000 6017.5011 +CYYYC 191777.448440  4 0.0000 15194 | 2/114
127 h-m-p  0.0000 0.0000 69064.0118 +YYCCC 191669.516801  4 0.0000 15318 | 2/114
128 h-m-p  0.0000 0.0001 5270.9874 +YYYYCCCC 191387.264463  7 0.0001 15446 | 2/114
129 h-m-p  0.0000 0.0000 32132.8236 +CYCC 191252.045296  3 0.0000 15569 | 2/114
130 h-m-p  0.0000 0.0001 6726.0748 +YYCCCC 190835.455165  5 0.0001 15695 | 2/114
131 h-m-p  0.0000 0.0000 6897.1490 +YCCC 190730.710269  3 0.0000 15818 | 2/114
132 h-m-p  0.0001 0.0003 1409.6787 +YCCC 190651.797705  3 0.0001 15941 | 2/114
133 h-m-p  0.0000 0.0001 1397.7475 +YC   190617.840552  1 0.0001 16060 | 2/114
134 h-m-p  0.0001 0.0003 1191.8563 YC    190589.645150  1 0.0001 16178 | 2/114
135 h-m-p  0.0001 0.0005 1421.3463 CCC   190555.765949  2 0.0001 16299 | 2/114
136 h-m-p  0.0000 0.0001 1317.8691 ++    190534.681315  m 0.0001 16416 | 2/114
137 h-m-p  0.0001 0.0006 821.0217 YC    190525.234505  1 0.0001 16534 | 2/114
138 h-m-p  0.0001 0.0007 492.8395 CCC   190516.685295  2 0.0002 16655 | 2/114
139 h-m-p  0.0001 0.0003 685.5553 CCC   190510.250725  2 0.0001 16776 | 2/114
140 h-m-p  0.0001 0.0008 738.2731 CC    190505.367115  1 0.0001 16895 | 2/114
141 h-m-p  0.0002 0.0019 274.1237 YYC   190502.148035  2 0.0002 17014 | 2/114
142 h-m-p  0.0001 0.0006 322.6563 CC    190499.554553  1 0.0002 17133 | 2/114
143 h-m-p  0.0002 0.0009 320.4769 YC    190498.308479  1 0.0001 17251 | 2/114
144 h-m-p  0.0002 0.0021 143.7192 CC    190497.121072  1 0.0002 17370 | 2/114
145 h-m-p  0.0001 0.0008 238.9823 YC    190496.278570  1 0.0001 17488 | 2/114
146 h-m-p  0.0002 0.0038 163.6920 CC    190495.678802  1 0.0001 17607 | 2/114
147 h-m-p  0.0002 0.0094 114.9733 CC    190495.203665  1 0.0002 17726 | 2/114
148 h-m-p  0.0001 0.0028 165.2202 CC    190494.501647  1 0.0002 17845 | 2/114
149 h-m-p  0.0002 0.0048 144.5615 CC    190493.969561  1 0.0002 17964 | 2/114
150 h-m-p  0.0002 0.0026 124.4550 C     190493.479010  0 0.0002 18081 | 2/114
151 h-m-p  0.0004 0.0096  72.9902 CC    190493.085857  1 0.0003 18200 | 2/114
152 h-m-p  0.0003 0.0073  81.3941 CC    190492.732510  1 0.0002 18319 | 2/114
153 h-m-p  0.0002 0.0038 112.6804 CC    190492.420742  1 0.0001 18438 | 2/114
154 h-m-p  0.0002 0.0081 102.6094 CC    190491.888129  1 0.0002 18557 | 2/114
155 h-m-p  0.0003 0.0118  87.5750 CC    190490.933369  1 0.0004 18676 | 2/114
156 h-m-p  0.0003 0.0050 148.0674 YC    190489.173654  1 0.0004 18794 | 2/114
157 h-m-p  0.0005 0.0058 137.4434 CC    190486.751454  1 0.0005 18913 | 2/114
158 h-m-p  0.0006 0.0119 133.8962 YC    190484.687699  1 0.0004 19031 | 2/114
159 h-m-p  0.0005 0.0096 108.2991 CC    190480.742498  1 0.0007 19150 | 2/114
160 h-m-p  0.0006 0.0040 138.9171 CC    190475.480532  1 0.0006 19269 | 2/114
161 h-m-p  0.0004 0.0029 231.0059 CC    190468.522833  1 0.0004 19388 | 2/114
162 h-m-p  0.0005 0.0041 167.2967 CCC   190458.769821  2 0.0006 19509 | 2/114
163 h-m-p  0.0006 0.0051 187.6817 CCC   190443.959986  2 0.0008 19630 | 2/114
164 h-m-p  0.0004 0.0021 183.7770 YCCC  190430.423060  3 0.0007 19752 | 2/114
165 h-m-p  0.0007 0.0033 184.5409 YYC   190421.881127  2 0.0006 19871 | 2/114
166 h-m-p  0.0003 0.0017 317.7371 CC    190414.146210  1 0.0004 19990 | 2/114
167 h-m-p  0.0004 0.0032 287.8954 CC    190406.979485  1 0.0004 20109 | 2/114
168 h-m-p  0.0009 0.0047 134.1891 YC    190403.886837  1 0.0006 20227 | 2/114
169 h-m-p  0.0008 0.0067  95.9954 CC    190401.953456  1 0.0007 20346 | 2/114
170 h-m-p  0.0007 0.0190  88.1968 YC    190400.790831  1 0.0006 20464 | 2/114
171 h-m-p  0.0009 0.0187  59.2982 C     190399.825419  0 0.0009 20581 | 2/114
172 h-m-p  0.0006 0.0135  82.3581 CC    190398.830096  1 0.0007 20700 | 2/114
173 h-m-p  0.0010 0.0241  58.2832 YC    190398.137672  1 0.0007 20818 | 2/114
174 h-m-p  0.0008 0.0118  55.3197 CC    190397.212004  1 0.0010 20937 | 2/114
175 h-m-p  0.0008 0.0134  72.5205 CC    190396.142366  1 0.0008 21056 | 2/114
176 h-m-p  0.0008 0.0083  68.3543 C     190394.880267  0 0.0008 21173 | 2/114
177 h-m-p  0.0010 0.0142  57.2391 C     190393.231266  0 0.0010 21290 | 2/114
178 h-m-p  0.0008 0.0169  77.1904 CC    190390.011397  1 0.0011 21409 | 2/114
179 h-m-p  0.0007 0.0034 101.1348 YCC   190383.879189  2 0.0012 21529 | 2/114
180 h-m-p  0.0007 0.0037 159.4665 CC    190373.648293  1 0.0010 21648 | 2/114
181 h-m-p  0.0009 0.0064 171.7682 CCC   190354.231172  2 0.0013 21769 | 2/114
182 h-m-p  0.0013 0.0076 177.4146 YC    190335.872757  1 0.0010 21887 | 2/114
183 h-m-p  0.0007 0.0033 218.9844 CCC   190308.975611  2 0.0011 22008 | 2/114
184 h-m-p  0.0003 0.0016 289.3162 YC    190286.184409  1 0.0008 22126 | 2/114
185 h-m-p  0.0007 0.0036 295.6847 YCC   190274.637797  2 0.0005 22246 | 2/114
186 h-m-p  0.0010 0.0083 135.3177 YCC   190268.811585  2 0.0008 22366 | 2/114
187 h-m-p  0.0007 0.0042 162.8489 CCC   190263.484880  2 0.0008 22487 | 2/114
188 h-m-p  0.0015 0.0119  92.8544 YC    190261.929060  1 0.0006 22605 | 2/114
189 h-m-p  0.0008 0.0062  68.9911 YC    190261.203236  1 0.0006 22723 | 2/114
190 h-m-p  0.0009 0.0313  42.0629 CC    190260.764049  1 0.0008 22842 | 2/114
191 h-m-p  0.0016 0.0596  21.2844 YC    190260.571144  1 0.0011 22960 | 2/114
192 h-m-p  0.0014 0.0551  17.0000 C     190260.429182  0 0.0013 23077 | 2/114
193 h-m-p  0.0017 0.1667  12.8060 CC    190260.255083  1 0.0021 23196 | 2/114
194 h-m-p  0.0023 0.1050  11.3125 C     190260.018670  0 0.0025 23313 | 2/114
195 h-m-p  0.0025 0.1011  11.1546 YC    190259.303474  1 0.0045 23431 | 2/114
196 h-m-p  0.0018 0.0482  27.0161 YC    190257.450746  1 0.0030 23549 | 2/114
197 h-m-p  0.0018 0.0366  44.4963 YC    190251.347738  1 0.0037 23667 | 2/114
198 h-m-p  0.0021 0.0175  78.4362 CC    190240.167806  1 0.0030 23786 | 2/114
199 h-m-p  0.0025 0.0181  95.6189 YC    190232.461135  1 0.0018 23904 | 2/114
200 h-m-p  0.0018 0.0103  94.5665 YCC   190228.811724  2 0.0012 24024 | 2/114
201 h-m-p  0.0027 0.0308  42.5178 YC    190227.590954  1 0.0017 24142 | 2/114
202 h-m-p  0.0023 0.0233  31.4182 YC    190227.107787  1 0.0014 24260 | 2/114
203 h-m-p  0.0023 0.0776  19.9425 YC    190226.902237  1 0.0016 24378 | 2/114
204 h-m-p  0.0027 0.1056  11.4226 YC    190226.825867  1 0.0016 24496 | 2/114
205 h-m-p  0.0036 0.1847   5.1510 YC    190226.796402  1 0.0020 24614 | 2/114
206 h-m-p  0.0022 0.3646   4.6492 C     190226.764070  0 0.0024 24731 | 2/114
207 h-m-p  0.0044 0.4322   2.4895 YC    190226.638178  1 0.0090 24849 | 2/114
208 h-m-p  0.0034 0.2222   6.5955 YC    190226.160725  1 0.0068 24967 | 2/114
209 h-m-p  0.0018 0.0458  24.7129 YC    190224.884504  1 0.0036 25085 | 2/114
210 h-m-p  0.0030 0.0541  29.9421 CC    190223.158403  1 0.0035 25204 | 2/114
211 h-m-p  0.0026 0.0306  40.7078 YC    190222.391829  1 0.0014 25322 | 2/114
212 h-m-p  0.0024 0.1041  23.2178 C     190221.845731  0 0.0026 25439 | 2/114
213 h-m-p  0.0036 0.0829  16.4861 YC    190221.699912  1 0.0016 25557 | 2/114
214 h-m-p  0.0046 0.1479   5.7671 CC    190221.675625  1 0.0017 25676 | 2/114
215 h-m-p  0.0031 0.3228   3.1174 YC    190221.667076  1 0.0018 25794 | 2/114
216 h-m-p  0.0038 0.3910   1.4677 C     190221.659683  0 0.0034 25911 | 2/114
217 h-m-p  0.0023 0.6109   2.2127 YC    190221.639506  1 0.0043 26029 | 2/114
218 h-m-p  0.0035 0.6310   2.7187 YC    190221.572223  1 0.0064 26147 | 2/114
219 h-m-p  0.0033 0.2279   5.1986 CC    190221.426911  1 0.0042 26266 | 2/114
220 h-m-p  0.0021 0.0778  10.4228 CC    190221.210605  1 0.0025 26385 | 2/114
221 h-m-p  0.0027 0.1236   9.6632 CC    190220.990958  1 0.0036 26504 | 2/114
222 h-m-p  0.0032 0.1147  10.7968 YC    190220.901344  1 0.0020 26622 | 2/114
223 h-m-p  0.0040 0.4011   5.3484 YC    190220.871243  1 0.0026 26740 | 2/114
224 h-m-p  0.0061 1.4038   2.2758 Y     190220.861341  0 0.0042 26857 | 2/114
225 h-m-p  0.0058 1.2851   1.6479 YC    190220.858070  1 0.0029 26975 | 2/114
226 h-m-p  0.0053 1.6210   0.9050 Y     190220.855987  0 0.0041 27092 | 2/114
227 h-m-p  0.0160 8.0000   0.3396 C     190220.848706  0 0.0194 27321 | 2/114
228 h-m-p  0.0087 1.4997   0.7540 YC    190220.797527  1 0.0210 27551 | 2/114
229 h-m-p  0.0048 0.3056   3.3010 YC    190220.643705  1 0.0095 27781 | 2/114
230 h-m-p  0.0096 0.3329   3.2914 C     190220.624616  0 0.0033 27898 | 2/114
231 h-m-p  0.0156 2.6914   0.6958 C     190220.623484  0 0.0038 28015 | 2/114
232 h-m-p  0.0153 5.7060   0.1719 C     190220.621631  0 0.0190 28244 | 2/114
233 h-m-p  0.0159 6.2207   0.2049 +C    190220.579966  0 0.0718 28474 | 2/114
234 h-m-p  0.0095 0.4186   1.5503 CC    190220.486442  1 0.0111 28705 | 2/114
235 h-m-p  0.0093 0.9425   1.8510 Y     190220.479190  0 0.0039 28822 | 2/114
236 h-m-p  0.0168 3.1514   0.4292 C     190220.478746  0 0.0040 28939 | 2/114
237 h-m-p  0.0432 8.0000   0.0393 +Y    190220.475106  0 0.1158 29169 | 2/114
238 h-m-p  0.0099 2.4269   0.4620 YC    190220.449255  1 0.0239 29399 | 2/114
239 h-m-p  0.0109 1.2625   1.0154 C     190220.447499  0 0.0031 29628 | 2/114
240 h-m-p  0.0195 8.0000   0.1614 C     190220.447420  0 0.0049 29745 | 2/114
241 h-m-p  0.2036 8.0000   0.0039 +C    190220.442393  0 1.1732 29975 | 2/114
242 h-m-p  1.0368 8.0000   0.0044 Y     190220.441281  0 0.5654 30204 | 2/114
243 h-m-p  1.6000 8.0000   0.0013 C     190220.440199  0 1.7263 30433 | 2/114
244 h-m-p  1.6000 8.0000   0.0005 Y     190220.439356  0 3.0832 30662 | 2/114
245 h-m-p  1.6000 8.0000   0.0004 C     190220.438971  0 2.3199 30891 | 2/114
246 h-m-p  1.6000 8.0000   0.0004 C     190220.438856  0 1.7295 31120 | 2/114
247 h-m-p  1.6000 8.0000   0.0002 C     190220.438834  0 1.5519 31349 | 2/114
248 h-m-p  1.6000 8.0000   0.0001 Y     190220.438830  0 1.2730 31578 | 2/114
249 h-m-p  1.6000 8.0000   0.0000 --C   190220.438830  0 0.0250 31809 | 2/114
250 h-m-p  0.0160 8.0000   0.0001 Y     190220.438830  0 0.0040 32038 | 2/114
251 h-m-p  0.0160 8.0000   0.0003 -------------..  | 2/114
252 h-m-p  0.0000 0.0220   0.6784 -----C 190220.438830  0 0.0000 32512 | 2/114
253 h-m-p  0.0000 0.0047   3.1512 ----Y 190220.438830  0 0.0000 32745 | 2/114
254 h-m-p  0.0000 0.0100   1.1362 -Y    190220.438829  0 0.0000 32863 | 2/114
255 h-m-p  0.0000 0.0018   6.3162 --------..  | 2/114
256 h-m-p  0.0000 0.0020   3.9951 -------- | 2/114
257 h-m-p  0.0001 0.0620   2.0642 ----------
Out..
lnL  = -190220.438829
33347 lfun, 66694 eigenQcodon, 3701517 P(t)
