 
Reading seq #19: T3_basal_Chilo       
Sequences read..
Counting site patterns..  0:00

Compressing,   2347 patterns at   2459 /   2459 sites (100.0%),  0:00

Collecting fpatt[] & pose[],   2347 patterns at   2459 /   2459 sites (100.0%),  0:00
2 ambiguous codons are seen in the data:
 --- NNN
Counting codons..
NG distances for seqs.:
   1   2   3   4   5   6   7   8   9  10  11  12  13  14  15  16  17  18  19

     1368 bytes for distance
  2290672 bytes for conP
    56328 bytes for fhK
  5000000 bytes for space

TREE #  1
((2, (5, 19)), (((((1, (3, 17)), 6), (12, 16)), (((7, 14), 15), (10, 13))), (8, 18)), ((4, 11), 9));   MP score: -1
   1  267.816516
   2  249.568126
   3  246.502819
   4  246.097715
   5  246.094674
   6  246.093952
   7  246.093781
   8  246.093750
 19470712 bytes for conP, adjusted

initial w for M2:NSpselection reset.

    0.250099    0.142369    0.070342    0.060796    0.115967    0.000000    0.117817    0.105515    0.063136    0.017813    0.105580    0.036541    0.055140    0.091949    0.116304    0.066522    0.136458    0.044814    0.072529    0.067643    0.062017    0.046063    0.031006    0.076881    0.081989    0.091333    0.065117    0.204469    0.135636    0.104156    0.001383    0.061525    0.243369    0.168163    0.245429    2.486367    0.802676    0.515621    0.104870    2.582362

ntime & nrate & np:    35     3    40

Bounds (np=40):
   0.000004   0.000004   0.000004   0.000004   0.000004   0.000004   0.000004   0.000004   0.000004   0.000004   0.000004   0.000004   0.000004   0.000004   0.000004   0.000004   0.000004   0.000004   0.000004   0.000004   0.000004   0.000004   0.000004   0.000004   0.000004   0.000004   0.000004   0.000004   0.000004   0.000004   0.000004   0.000004   0.000004   0.000004   0.000004   0.000100 -99.000000 -99.000000   0.000001   1.000000
  50.000000  50.000000  50.000000  50.000000  50.000000  50.000000  50.000000  50.000000  50.000000  50.000000  50.000000  50.000000  50.000000  50.000000  50.000000  50.000000  50.000000  50.000000  50.000000  50.000000  50.000000  50.000000  50.000000  50.000000  50.000000  50.000000  50.000000  50.000000  50.000000  50.000000  50.000000  50.000000  50.000000  50.000000  50.000000 999.000000  99.000000  99.000000   1.000000 999.000000
Qfactor_NS = 4.245905

np =    40
lnL0 = -74142.477220

Iterating by ming2
Initial: fx= 74142.477220
x=  0.25010  0.14237  0.07034  0.06080  0.11597  0.00000  0.11782  0.10551  0.06314  0.01781  0.10558  0.03654  0.05514  0.09195  0.11630  0.06652  0.13646  0.04481  0.07253  0.06764  0.06202  0.04606  0.03101  0.07688  0.08199  0.09133  0.06512  0.20447  0.13564  0.10416  0.00138  0.06153  0.24337  0.16816  0.24543  2.48637  0.80268  0.51562  0.10487  2.58236

  1 h-m-p  0.0000 0.0000 31113.2914 ++    69557.553166  m 0.0000    45 | 0/40
  2 h-m-p  0.0000 0.0000 178721.1458 CCYC  68059.936580  3 0.0000    93 | 0/40
  3 h-m-p  0.0001 0.0004 5289.1218 +CYC  64389.178833  2 0.0003   140 | 0/40
  4 h-m-p  0.0000 0.0002 2680.4758 +YYYCCC 63975.813648  5 0.0002   191 | 0/40
  5 h-m-p  0.0000 0.0002 1887.8957 +YYCCC 63793.926860  4 0.0001   241 | 0/40
  6 h-m-p  0.0000 0.0002 2191.5007 CCCC  63726.837294  3 0.0001   290 | 0/40
  7 h-m-p  0.0000 0.0002 1554.0785 YCCCC 63671.996093  4 0.0001   340 | 0/40
  8 h-m-p  0.0001 0.0004 1327.5812 CCC   63641.454939  2 0.0001   387 | 0/40
  9 h-m-p  0.0001 0.0005 849.1083 YCCC  63606.295128  3 0.0002   435 | 0/40
 10 h-m-p  0.0003 0.0016 683.9640 CCC   63578.144097  2 0.0003   482 | 0/40
 11 h-m-p  0.0003 0.0014 569.9821 YCC   63564.032744  2 0.0002   528 | 0/40
 12 h-m-p  0.0004 0.0059 276.2888 YCCC  63543.868151  3 0.0010   576 | 0/40
 13 h-m-p  0.0003 0.0016 802.2101 CCC   63517.653247  2 0.0005   623 | 0/40
 14 h-m-p  0.0005 0.0023 790.8049 CCCC  63486.876622  3 0.0006   672 | 0/40
 15 h-m-p  0.0004 0.0021 676.9226 +YC   63443.699514  1 0.0011   717 | 0/40
 16 h-m-p  0.0004 0.0020 932.4718 YCCC  63401.251103  3 0.0009   765 | 0/40
 17 h-m-p  0.0005 0.0024 1104.4774 YC    63332.378999  1 0.0012   809 | 0/40
 18 h-m-p  0.0007 0.0036 906.5500 CCC   63286.372808  2 0.0010   856 | 0/40
 19 h-m-p  0.0009 0.0044 205.1527 CC    63277.141355  1 0.0011   901 | 0/40
 20 h-m-p  0.0014 0.0090 155.6523 CCC   63270.156992  2 0.0013   948 | 0/40
 21 h-m-p  0.0015 0.0074 102.0476 YC    63267.955116  1 0.0008   992 | 0/40
 22 h-m-p  0.0014 0.0334  56.9080 CC    63265.118341  1 0.0020  1037 | 0/40
 23 h-m-p  0.0020 0.0129  57.0024 YC    63262.725811  1 0.0016  1081 | 0/40
 24 h-m-p  0.0015 0.0159  59.3796 YC    63257.452916  1 0.0026  1125 | 0/40
 25 h-m-p  0.0022 0.0174  67.7527 YC    63243.719581  1 0.0040  1169 | 0/40
 26 h-m-p  0.0011 0.0053 152.2151 CCCC  63225.915458  3 0.0017  1218 | 0/40
 27 h-m-p  0.0014 0.0068  98.6907 +YCCC 63166.795956  3 0.0045  1267 | 0/40
 28 h-m-p  0.0007 0.0035 194.1689 ++    62883.998673  m 0.0035  1310 | 0/40
 29 h-m-p  0.0000 0.0000 694.9138 
h-m-p:      3.73848624e-19      1.86924312e-18      6.94913759e+02 62883.998673
..  | 0/40
 30 h-m-p  0.0000 0.0000 20581.5818 +YCYCCC 62053.721323  5 0.0000  1402 | 0/40
 31 h-m-p  0.0000 0.0006 1660.2097 +CCCCC 61902.574784  4 0.0002  1454 | 0/40
 32 h-m-p  0.0001 0.0006 559.6364 +YCCCC 61849.413922  4 0.0003  1505 | 0/40
 33 h-m-p  0.0001 0.0006 1016.7287 YCCC  61802.358482  3 0.0002  1553 | 0/40
 34 h-m-p  0.0001 0.0006 814.2923 CCCC  61781.629499  3 0.0002  1602 | 0/40
 35 h-m-p  0.0003 0.0013 401.4164 CCCC  61768.135058  3 0.0003  1651 | 0/40
 36 h-m-p  0.0003 0.0014 394.8065 CCC   61757.477404  2 0.0003  1698 | 0/40
 37 h-m-p  0.0005 0.0036 249.3366 CCC   61750.945314  2 0.0004  1745 | 0/40
 38 h-m-p  0.0002 0.0009 245.6959 CCCC  61747.579046  3 0.0003  1794 | 0/40
 39 h-m-p  0.0002 0.0045 288.6176 +YCC  61739.348918  2 0.0007  1841 | 0/40
 40 h-m-p  0.0007 0.0034 278.4605 YCC   61736.137986  2 0.0003  1887 | 0/40
 41 h-m-p  0.0004 0.0031 224.7112 CYC   61733.575328  2 0.0003  1933 | 0/40
 42 h-m-p  0.0004 0.0021 211.7057 YCC   61732.266098  2 0.0002  1979 | 0/40
 43 h-m-p  0.0003 0.0092 159.1496 YC    61730.143967  1 0.0005  2023 | 0/40
 44 h-m-p  0.0007 0.0081 118.0814 YC    61728.617989  1 0.0006  2067 | 0/40
 45 h-m-p  0.0005 0.0062 144.0194 YC    61727.657171  1 0.0003  2111 | 0/40
 46 h-m-p  0.0004 0.0125 104.1644 YC    61725.958560  1 0.0008  2155 | 0/40
 47 h-m-p  0.0005 0.0057 178.9034 +YCC  61720.919033  2 0.0014  2202 | 0/40
 48 h-m-p  0.0011 0.0057 181.2487 YCC   61718.396787  2 0.0007  2248 | 0/40
 49 h-m-p  0.0006 0.0129 207.2780 CCC   61715.191639  2 0.0008  2295 | 0/40
 50 h-m-p  0.0010 0.0154 157.3431 CCC   61709.762390  2 0.0017  2342 | 0/40
 51 h-m-p  0.0007 0.0036 388.1784 YC    61706.369868  1 0.0004  2386 | 0/40
 52 h-m-p  0.0010 0.0134 166.9989 YCCC  61699.014282  3 0.0021  2434 | 0/40
 53 h-m-p  0.0006 0.0048 621.9718 CCC   61691.046942  2 0.0006  2481 | 0/40
 54 h-m-p  0.0005 0.0065 796.6547 YC    61671.162306  1 0.0012  2525 | 0/40
 55 h-m-p  0.0011 0.0070 835.7732 CCC   61641.130453  2 0.0017  2572 | 0/40
 56 h-m-p  0.0004 0.0018 2434.2438 CCC   61622.180492  2 0.0004  2619 | 0/40
 57 h-m-p  0.0010 0.0048 681.7301 CCC   61602.758939  2 0.0014  2666 | 0/40
 58 h-m-p  0.0013 0.0063 316.3626 YC    61598.876753  1 0.0006  2710 | 0/40
 59 h-m-p  0.0006 0.0040 312.3563 YCC   61595.991508  2 0.0005  2756 | 0/40
 60 h-m-p  0.0006 0.0230 268.2886 YC    61589.939523  1 0.0013  2800 | 0/40
 61 h-m-p  0.0048 0.0240  37.5342 CC    61589.267306  1 0.0016  2845 | 0/40
 62 h-m-p  0.0013 0.0362  45.2970 CC    61588.835873  1 0.0011  2890 | 0/40
 63 h-m-p  0.0028 0.0452  17.8237 YC    61588.712060  1 0.0012  2934 | 0/40
 64 h-m-p  0.0013 0.1341  17.0145 YC    61588.475850  1 0.0031  2978 | 0/40
 65 h-m-p  0.0048 0.1711  10.8998 YC    61588.350027  1 0.0030  3022 | 0/40
 66 h-m-p  0.0079 0.5546   4.1427 +YC   61587.883785  1 0.0247  3067 | 0/40
 67 h-m-p  0.0061 0.3324  16.7230 +CCC  61584.292987  2 0.0390  3115 | 0/40
 68 h-m-p  0.0037 0.0294 178.8002 CYC   61580.816091  2 0.0036  3161 | 0/40
 69 h-m-p  0.0058 0.0854 111.0421 CCC   61577.052362  2 0.0065  3208 | 0/40
 70 h-m-p  0.0990 0.4949   5.7903 -YC   61576.901150  1 0.0106  3253 | 0/40
 71 h-m-p  0.0125 4.5593   4.8975 +++YYC 61568.530736  2 0.6925  3301 | 0/40
 72 h-m-p  1.5302 8.0000   2.2163 CCC   61565.281494  2 1.2104  3348 | 0/40
 73 h-m-p  1.0452 7.8312   2.5668 YYCC  61563.980631  3 0.7443  3395 | 0/40
 74 h-m-p  0.9524 8.0000   2.0058 CYC   61562.851683  2 0.9784  3441 | 0/40
 75 h-m-p  0.8678 8.0000   2.2615 CCC   61561.910377  2 1.2542  3488 | 0/40
 76 h-m-p  1.3177 8.0000   2.1525 CCC   61561.038388  2 1.2065  3535 | 0/40
 77 h-m-p  0.6283 8.0000   4.1332 CC    61560.463712  1 0.6410  3580 | 0/40
 78 h-m-p  1.1042 8.0000   2.3995 YC    61560.013385  1 0.8112  3624 | 0/40
 79 h-m-p  0.9378 8.0000   2.0757 C     61559.826123  0 0.9378  3667 | 0/40
 80 h-m-p  1.6000 8.0000   0.5812 YC    61559.744734  1 0.7285  3711 | 0/40
 81 h-m-p  0.2767 8.0000   1.5301 +CC   61559.655146  1 1.2549  3797 | 0/40
 82 h-m-p  1.0927 8.0000   1.7572 CC    61559.532463  1 1.5974  3842 | 0/40
 83 h-m-p  1.1067 8.0000   2.5364 CC    61559.387413  1 1.4226  3887 | 0/40
 84 h-m-p  1.6000 8.0000   2.1646 YC    61559.299027  1 1.1642  3931 | 0/40
 85 h-m-p  1.0849 8.0000   2.3230 C     61559.262110  0 1.0268  3974 | 0/40
 86 h-m-p  0.9271 8.0000   2.5728 CC    61559.225903  1 1.4558  4019 | 0/40
 87 h-m-p  1.6000 8.0000   2.3153 YC    61559.201798  1 1.0963  4063 | 0/40
 88 h-m-p  0.5540 8.0000   4.5816 CC    61559.185465  1 0.7681  4108 | 0/40
 89 h-m-p  1.0885 8.0000   3.2331 C     61559.174410  0 0.9308  4151 | 0/40
 90 h-m-p  1.0054 8.0000   2.9931 C     61559.167704  0 1.1100  4194 | 0/40
 91 h-m-p  1.2412 8.0000   2.6767 C     61559.162458  0 1.2412  4237 | 0/40
 92 h-m-p  1.1731 8.0000   2.8320 C     61559.159251  0 1.3449  4280 | 0/40
 93 h-m-p  1.6000 8.0000   2.3650 Y     61559.157473  0 1.2086  4323 | 0/40
 94 h-m-p  1.5301 8.0000   1.8681 C     61559.156426  0 1.2934  4366 | 0/40
 95 h-m-p  1.6000 8.0000   1.1874 C     61559.155890  0 1.4763  4409 | 0/40
 96 h-m-p  1.6000 8.0000   0.5741 Y     61559.155674  0 1.0672  4452 | 0/40
 97 h-m-p  0.1124 8.0000   5.4508 +Y    61559.155527  0 0.3332  4536 | 0/40
 98 h-m-p  1.6000 8.0000   0.5911 Y     61559.155422  0 0.8611  4579 | 0/40
 99 h-m-p  0.7854 8.0000   0.6481 Y     61559.155253  0 1.7095  4662 | 0/40
100 h-m-p  1.0553 8.0000   1.0499 +Y    61559.154942  0 3.5591  4746 | 0/40
101 h-m-p  1.6000 8.0000   1.2574 C     61559.154849  0 0.5959  4789 | 0/40
102 h-m-p  0.2297 8.0000   3.2626 ------C 61559.154849  0 0.0000  4838 | 0/40
103 h-m-p  0.0160 8.0000   0.0646 +++Y  61559.154834  0 0.6425  4884 | 0/40
104 h-m-p  0.7708 8.0000   0.0538 C     61559.154826  0 0.7844  4967 | 0/40
105 h-m-p  1.6000 8.0000   0.0208 Y     61559.154824  0 1.1681  5050 | 0/40
106 h-m-p  1.6000 8.0000   0.0111 Y     61559.154824  0 0.7048  5133 | 0/40
107 h-m-p  1.6000 8.0000   0.0020 Y     61559.154824  0 0.7474  5216 | 0/40
108 h-m-p  1.6000 8.0000   0.0008 Y     61559.154824  0 2.6460  5299 | 0/40
109 h-m-p  1.1825 8.0000   0.0017 ++    61559.154823  m 8.0000  5382 | 0/40
110 h-m-p  0.3081 8.0000   0.0441 ++Y   61559.154816  0 3.5614  5467 | 0/40
111 h-m-p  0.8585 8.0000   0.1832 +Y    61559.154771  0 5.1499  5551 | 0/40
112 h-m-p  0.9029 8.0000   1.0447 ++    61559.154404  m 8.0000  5634 | 0/40
113 h-m-p  1.5425 8.0000   5.4185 C     61559.154376  0 0.3166  5677 | 0/40
114 h-m-p  0.0490 2.7086  35.0370 -------Y 61559.154376  0 0.0000  5727 | 0/40
115 h-m-p  0.0071 3.5252  26.9195 ------Y 61559.154376  0 0.0000  5776 | 0/40
116 h-m-p  0.0160 8.0000   0.0143 +++C  61559.154321  0 1.1640  5822 | 0/40
117 h-m-p  1.0282 8.0000   0.0162 Y     61559.154317  0 0.7003  5905 | 0/40
118 h-m-p  1.6000 8.0000   0.0022 Y     61559.154317  0 0.7415  5988 | 0/40
119 h-m-p  1.6000 8.0000   0.0003 C     61559.154317  0 0.4000  6071 | 0/40
120 h-m-p  0.9140 8.0000   0.0001 C     61559.154317  0 0.7390  6154 | 0/40
121 h-m-p  1.6000 8.0000   0.0001 -------C 61559.154317  0 0.0000  6244
Out..
lnL  = -61559.154317
6245 lfun, 24980 eigenQcodon, 655725 P(t)

BEBing (dim = 4).  This may take several minutes.
Calculating f(x_h|w): 10 categories 21 w sets.
Calculating f(X), the marginal likelihood.
	log(fX) = -61781.540560  S = -60267.269437 -1505.060783
Calculating f(w|X), posterior probabilities of site classes.

	did  10 / 2347 patterns  20:23
	did  20 / 2347 patterns  20:23
	did  30 / 2347 patterns  20:23
	did  40 / 2347 patterns  20:23
	did  50 / 2347 patterns  20:23
	did  60 / 2347 patterns  20:23
	did  70 / 2347 patterns  20:23
	did  80 / 2347 patterns  20:23
	did  90 / 2347 patterns  20:23
	did 100 / 2347 patterns  20:23
	did 110 / 2347 patterns  20:23
	did 120 / 2347 patterns  20:23
	did 130 / 2347 patterns  20:23
	did 140 / 2347 patterns  20:23
	did 150 / 2347 patterns  20:23
	did 160 / 2347 patterns  20:23
	did 170 / 2347 patterns  20:23
	did 180 / 2347 patterns  20:23
	did 190 / 2347 patterns  20:23
	did 200 / 2347 patterns  20:23
	did 210 / 2347 patterns  20:23
	did 220 / 2347 patterns  20:23
	did 230 / 2347 patterns  20:23
	did 240 / 2347 patterns  20:23
	did 250 / 2347 patterns  20:23
	did 260 / 2347 patterns  20:23
	did 270 / 2347 patterns  20:23
	did 280 / 2347 patterns  20:23
	did 290 / 2347 patterns  20:23
	did 300 / 2347 patterns  20:23
	did 310 / 2347 patterns  20:23
	did 320 / 2347 patterns  20:23
	did 330 / 2347 patterns  20:23
	did 340 / 2347 patterns  20:23
	did 350 / 2347 patterns  20:23
	did 360 / 2347 patterns  20:23
	did 370 / 2347 patterns  20:23
	did 380 / 2347 patterns  20:23
	did 390 / 2347 patterns  20:23
	did 400 / 2347 patterns  20:23
	did 410 / 2347 patterns  20:23
	did 420 / 2347 patterns  20:23
	did 430 / 2347 patterns  20:23
	did 440 / 2347 patterns  20:23
	did 450 / 2347 patterns  20:23
	did 460 / 2347 patterns  20:23
	did 470 / 2347 patterns  20:23
	did 480 / 2347 patterns  20:23
	did 490 / 2347 patterns  20:23
	did 500 / 2347 patterns  20:23
	did 510 / 2347 patterns  20:23
	did 520 / 2347 patterns  20:23
	did 530 / 2347 patterns  20:23
	did 540 / 2347 patterns  20:23
	did 550 / 2347 patterns  20:23
	did 560 / 2347 patterns  20:23
	did 570 / 2347 patterns  20:23
	did 580 / 2347 patterns  20:23
	did 590 / 2347 patterns  20:23
	did 600 / 2347 patterns  20:23
	did 610 / 2347 patterns  20:23
	did 620 / 2347 patterns  20:23
	did 630 / 2347 patterns  20:23
	did 640 / 2347 patterns  20:23
	did 650 / 2347 patterns  20:23
	did 660 / 2347 patterns  20:23
	did 670 / 2347 patterns  20:23
	did 680 / 2347 patterns  20:23
	did 690 / 2347 patterns  20:23
	did 700 / 2347 patterns  20:23
	did 710 / 2347 patterns  20:23
	did 720 / 2347 patterns  20:23
	did 730 / 2347 patterns  20:23
	did 740 / 2347 patterns  20:23
	did 750 / 2347 patterns  20:24
	did 760 / 2347 patterns  20:24
	did 770 / 2347 patterns  20:24
	did 780 / 2347 patterns  20:24
	did 790 / 2347 patterns  20:24
	did 800 / 2347 patterns  20:24
	did 810 / 2347 patterns  20:24
	did 820 / 2347 patterns  20:24
	did 830 / 2347 patterns  20:24
	did 840 / 2347 patterns  20:24
	did 850 / 2347 patterns  20:24
	did 860 / 2347 patterns  20:24
	did 870 / 2347 patterns  20:24
	did 880 / 2347 patterns  20:24
	did 890 / 2347 patterns  20:24
	did 900 / 2347 patterns  20:24
	did 910 / 2347 patterns  20:24
	did 920 / 2347 patterns  20:24
	did 930 / 2347 patterns  20:24
	did 940 / 2347 patterns  20:24
	did 950 / 2347 patterns  20:24
	did 960 / 2347 patterns  20:24
	did 970 / 2347 patterns  20:24
	did 980 / 2347 patterns  20:24
	did 990 / 2347 patterns  20:24
	did 1000 / 2347 patterns  20:24
	did 1010 / 2347 patterns  20:24
	did 1020 / 2347 patterns  20:24
	did 1030 / 2347 patterns  20:24
	did 1040 / 2347 patterns  20:24
	did 1050 / 2347 patterns  20:24
	did 1060 / 2347 patterns  20:24
	did 1070 / 2347 patterns  20:24
	did 1080 / 2347 patterns  20:24
	did 1090 / 2347 patterns  20:24
	did 1100 / 2347 patterns  20:24
	did 1110 / 2347 patterns  20:24
	did 1120 / 2347 patterns  20:24
	did 1130 / 2347 patterns  20:24
	did 1140 / 2347 patterns  20:24
	did 1150 / 2347 patterns  20:24
	did 1160 / 2347 patterns  20:24
	did 1170 / 2347 patterns  20:24
	did 1180 / 2347 patterns  20:24
	did 1190 / 2347 patterns  20:24
	did 1200 / 2347 patterns  20:24
	did 1210 / 2347 patterns  20:24
	did 1220 / 2347 patterns  20:24
	did 1230 / 2347 patterns  20:24
	did 1240 / 2347 patterns  20:24
	did 1250 / 2347 patterns  20:24
	did 1260 / 2347 patterns  20:24
	did 1270 / 2347 patterns  20:24
	did 1280 / 2347 patterns  20:24
	did 1290 / 2347 patterns  20:24
	did 1300 / 2347 patterns  20:24
	did 1310 / 2347 patterns  20:24
	did 1320 / 2347 patterns  20:24
	did 1330 / 2347 patterns  20:24
	did 1340 / 2347 patterns  20:24
	did 1350 / 2347 patterns  20:24
	did 1360 / 2347 patterns  20:24
	did 1370 / 2347 patterns  20:24
	did 1380 / 2347 patterns  20:24
	did 1390 / 2347 patterns  20:24
	did 1400 / 2347 patterns  20:24
	did 1410 / 2347 patterns  20:24
	did 1420 / 2347 patterns  20:24
	did 1430 / 2347 patterns  20:24
	did 1440 / 2347 patterns  20:24
	did 1450 / 2347 patterns  20:24
	did 1460 / 2347 patterns  20:24
	did 1470 / 2347 patterns  20:24
	did 1480 / 2347 patterns  20:24
	did 1490 / 2347 patterns  20:24
	did 1500 / 2347 patterns  20:24
	did 1510 / 2347 patterns  20:24
	did 1520 / 2347 patterns  20:24
	did 1530 / 2347 patterns  20:24
	did 1540 / 2347 patterns  20:24
	did 1550 / 2347 patterns  20:24
	did 1560 / 2347 patterns  20:24
	did 1570 / 2347 patterns  20:24
	did 1580 / 2347 patterns  20:24
	did 1590 / 2347 patterns  20:24
	did 1600 / 2347 patterns  20:24
	did 1610 / 2347 patterns  20:24
	did 1620 / 2347 patterns  20:24
	did 1630 / 2347 patterns  20:24
	did 1640 / 2347 patterns  20:24
	did 1650 / 2347 patterns  20:24
	did 1660 / 2347 patterns  20:24
	did 1670 / 2347 patterns  20:24
	did 1680 / 2347 patterns  20:24
	did 1690 / 2347 patterns  20:24
	did 1700 / 2347 patterns  20:24
	did 1710 / 2347 patterns  20:24
	did 1720 / 2347 patterns  20:24
	did 1730 / 2347 patterns  20:24
	did 1740 / 2347 patterns  20:24
	did 1750 / 2347 patterns  20:24
	did 1760 / 2347 patterns  20:24
	did 1770 / 2347 patterns  20:24
	did 1780 / 2347 patterns  20:24
	did 1790 / 2347 patterns  20:24
	did 1800 / 2347 patterns  20:24
	did 1810 / 2347 patterns  20:24
	did 1820 / 2347 patterns  20:24
	did 1830 / 2347 patterns  20:24
	did 1840 / 2347 patterns  20:24
	did 1850 / 2347 patterns  20:24
	did 1860 / 2347 patterns  20:24
	did 1870 / 2347 patterns  20:24
	did 1880 / 2347 patterns  20:24
	did 1890 / 2347 patterns  20:24
	did 1900 / 2347 patterns  20:24
	did 1910 / 2347 patterns  20:24
	did 1920 / 2347 patterns  20:24
	did 1930 / 2347 patterns  20:24
	did 1940 / 2347 patterns  20:24
	did 1950 / 2347 patterns  20:24
	did 1960 / 2347 patterns  20:24
	did 1970 / 2347 patterns  20:24
	did 1980 / 2347 patterns  20:24
	did 1990 / 2347 patterns  20:24
	did 2000 / 2347 patterns  20:24
	did 2010 / 2347 patterns  20:24
	did 2020 / 2347 patterns  20:24
	did 2030 / 2347 patterns  20:24
	did 2040 / 2347 patterns  20:24
	did 2050 / 2347 patterns  20:24
	did 2060 / 2347 patterns  20:24
	did 2070 / 2347 patterns  20:24
	did 2080 / 2347 patterns  20:24
	did 2090 / 2347 patterns  20:24
	did 2100 / 2347 patterns  20:24
	did 2110 / 2347 patterns  20:24
	did 2120 / 2347 patterns  20:24
	did 2130 / 2347 patterns  20:24
	did 2140 / 2347 patterns  20:24
	did 2150 / 2347 patterns  20:24
	did 2160 / 2347 patterns  20:24
	did 2170 / 2347 patterns  20:24
	did 2180 / 2347 patterns  20:24
	did 2190 / 2347 patterns  20:24
	did 2200 / 2347 patterns  20:24
	did 2210 / 2347 patterns  20:24
	did 2220 / 2347 patterns  20:24
	did 2230 / 2347 patterns  20:24
	did 2240 / 2347 patterns  20:24
	did 2250 / 2347 patterns  20:24
	did 2260 / 2347 patterns  20:24
	did 2270 / 2347 patterns  20:24
	did 2280 / 2347 patterns  20:24
	did 2290 / 2347 patterns  20:24
	did 2300 / 2347 patterns  20:24
	did 2310 / 2347 patterns  20:24
	did 2320 / 2347 patterns  20:24
	did 2330 / 2347 patterns  20:24
	did 2340 / 2347 patterns  20:24
	did 2347 / 2347 patterns  20:24