 23 h-m-p  0.0160 8.0000   0.0012 ---------Y 12487.748840  0 0.0000   282 | 0/3
 24 h-m-p  0.0160 8.0000   0.0007 ---C  12487.748840  0 0.0001   294 | 0/3
 25 h-m-p  0.0160 8.0000   0.0011 -------------..  | 0/3
 26 h-m-p  0.0160 8.0000   0.2922 -------------


t_NG = 2.40172	MLEs:  9.41462 1.99737 0.01231
Nucleotide-based analysis (approximate MLEs; use baseml to get proper MLEs):

dHKY (123-4):  0.26077  0.12717  1.12075  1.60722
kHKY (123-4):  2.48966  2.50358  3.96190  0.71981 (565 four-fold sites)

  12 vs.  10
  npatt=448 
Iterating by ming2
Initial: fx= 12540.403866
x=  2.27352  2.21184  0.09650

  1 h-m-p  0.0000 0.0000 2239.0046 CYCCC 12484.369291  4 0.0000    18 | 0/3
  2 h-m-p  0.0008 0.0229  50.9540 +CYCCC 12476.474981  4 0.0053    35 | 0/3
  3 h-m-p  0.0164 0.1042  16.5573 CYCCC 12472.528473  4 0.0261    51 | 0/3
  4 h-m-p  0.9695 8.0000   0.4452 +CYYCCC 12450.979192  5 5.3919    69 | 0/3
  5 h-m-p  1.6000 8.0000   0.1015 YC    12450.766513  1 0.2031    79 | 0/3
  6 h-m-p  0.1089 8.0000   0.1892 ++YCC 12450.163816  2 1.2519    93 | 0/3
  7 h-m-p  1.2596 8.0000   0.1880 +YCYC 12449.334544  3 3.4209   107 | 0/3
  8 h-m-p  1.6000 8.0000   0.3847 YYCC  12448.323787  3 2.7391   120 | 0/3
  9 h-m-p  1.1176 5.5878   0.7352 CCC   12448.107641  2 0.4394   133 | 0/3
 10 h-m-p  1.4566 8.0000   0.2218 YC    12447.799439  1 1.1684   143 | 0/3
 11 h-m-p  1.1201 8.0000   0.2313 +YC   12447.631851  1 2.9041   154 | 0/3
 12 h-m-p  1.6000 8.0000   0.2319 YC    12447.567806  1 0.6638   164 | 0/3
 13 h-m-p  0.4620 8.0000   0.3333 +YC   12447.526248  1 1.2626   175 | 0/3
 14 h-m-p  1.6000 8.0000   0.1055 C     12447.517631  0 1.6000   184 | 0/3
 15 h-m-p  1.6000 8.0000   0.0788 Y     12447.516890  0 0.9432   193 | 0/3
 16 h-m-p  1.6000 8.0000   0.0038 Y     12447.516815  0 0.7706   202 | 0/3
 17 h-m-p  0.8503 8.0000   0.0035 Y     12447.516811  0 1.6556   211 | 0/3
 18 h-m-p  1.6000 8.0000   0.0018 ----C 12447.516811  0 0.0016   224 | 0/3
 19 h-m-p  0.0160 8.0000   0.0019 --------C 12447.516811  0 0.0000   241 | 0/3
 20 h-m-p  0.0160 8.0000   0.0005 ---C  12447.516811  0 0.0001   253 | 0/3
 21 h-m-p  0.0160 8.0000   0.0001 +++C  12447.516811  0 1.3697   265 | 0/3
 22 h-m-p  1.6000 8.0000   0.0000 Y     12447.516811  0 0.2663   274 | 0/3
 23 h-m-p  0.0659 8.0000   0.0001 ++Y   12447.516811  0 0.6707   285 | 0/3
 24 h-m-p  1.6000 8.0000   0.0000 ++    12447.516811  m 8.0000   294 | 0/3
 25 h-m-p  0.3455 8.0000   0.0006 ----Y 12447.516811  0 0.0003   307


t_NG = 2.39221	MLEs:  8.63274 1.98684 0.01312
Nucleotide-based analysis (approximate MLEs; use baseml to get proper MLEs):

dHKY (123-4):  0.25157  0.12532  1.23288  1.64392
kHKY (123-4):  2.53760  2.62338  4.59588  0.50608 (567 four-fold sites)

  12 vs.  11
  npatt=385 
Iterating by ming2
Initial: fx= 11950.570874
x=  1.66084  2.08501  0.12059

  1 h-m-p  0.0000 0.0001 2292.6196 +YCYCCC 11834.226971  5 0.0000    20 | 0/3
  2 h-m-p  0.0020 0.0172  34.8543 YYY   11832.939353  2 0.0020    31 | 0/3
  3 h-m-p  0.0059 0.1440  11.6619 +CCCC 11830.805425  3 0.0300    47 | 0/3
  4 h-m-p  1.6000 8.0000   0.1875 YYCYC 11826.210864  4 2.1691    61 | 0/3
  5 h-m-p  1.6000 8.0000   0.0497 CC    11826.128993  1 0.6169    72 | 0/3
  6 h-m-p  1.6000 8.0000   0.0128 Y     11826.125911  0 1.1060    81 | 0/3
  7 h-m-p  1.6000 8.0000   0.0041 C     11826.125002  0 1.9056    90 | 0/3
  8 h-m-p  1.6000 8.0000   0.0001 Y     11826.124993  0 0.9606    99 | 0/3
  9 h-m-p  1.6000 8.0000   0.0000 Y     11826.124993  0 1.0499   108 | 0/3
 10 h-m-p  1.6000 8.0000   0.0000 ----C 11826.124993  0 0.0016   121


t_NG = 1.53561	MLEs:  2.09405 1.75293 0.03800
Nucleotide-based analysis (approximate MLEs; use baseml to get proper MLEs):

dHKY (123-4):  0.16892  0.09325  0.90233  1.16860
kHKY (123-4):  2.17649  2.27411  5.03202  1.32801 (661 four-fold sites)

  13 vs.   1
  npatt=445 
Iterating by ming2
Initial: fx= 12383.111492
x=  2.41158  2.06252  0.06184

  1 h-m-p  0.0000 0.0000 1680.7404 YCCCCC 12370.104816  5 0.0000    19 | 0/3
  2 h-m-p  0.0003 0.0433  44.9903 +++YCYC 12353.698689  3 0.0139    35 | 0/3
  3 h-m-p  0.0117 0.0584  22.6489 CCCC  12350.290394  3 0.0144    50 | 0/3
  4 h-m-p  1.0310 8.0000   0.3166 YCYC  12345.025150  3 2.1254    63 | 0/3
  5 h-m-p  0.8693 4.3467   0.3943 YYYC  12343.086478  3 0.7641    75 | 0/3
  6 h-m-p  1.6000 8.0000   0.1795 CYCCC 12342.380847  4 2.3182    91 | 0/3
  7 h-m-p  1.1428 8.0000   0.3640 YYCCC 12341.037881  4 1.8617   106 | 0/3
  8 h-m-p  0.7007 3.5223   0.9672 YYCC  12340.342858  3 0.4981   119 | 0/3
  9 h-m-p  1.6000 8.0000   0.2627 YYC   12340.189288  2 1.3466   130 | 0/3
 10 h-m-p  0.9601 8.0000   0.3684 +CYCYC 12339.436785  4 4.8090   146 | 0/3
 11 h-m-p  1.6000 8.0000   0.1503 YC    12339.311311  1 1.0068   156 | 0/3
 12 h-m-p  0.4831 8.0000   0.3132 C     12339.286364  0 0.1422   165 | 0/3
 13 h-m-p  0.3916 8.0000   0.1137 ++YC  12339.243078  1 4.6259   177 | 0/3
 14 h-m-p  1.6000 8.0000   0.1217 C     12339.228932  0 1.6000   186 | 0/3
 15 h-m-p  0.9361 8.0000   0.2081 Y     12339.226008  0 0.6164   195 | 0/3
 16 h-m-p  1.6000 8.0000   0.0730 Y     12339.225285  0 1.1754   204 | 0/3
 17 h-m-p  1.6000 8.0000   0.0020 Y     12339.225212  0 1.1471   213 | 0/3
 18 h-m-p  0.3050 8.0000   0.0074 +C    12339.225201  0 1.4083   223 | 0/3
 19 h-m-p  1.6000 8.0000   0.0029 -Y    12339.225201  0 0.1853   233 | 0/3
 20 h-m-p  0.2304 8.0000   0.0023 -C    12339.225201  0 0.0144   243 | 0/3
 21 h-m-p  0.0160 8.0000   0.0023 -----C 12339.225201  0 0.0000   257 | 0/3
 22 h-m-p  0.0160 8.0000   0.0105 +Y    12339.225201  0 0.0530   267 | 0/3
 23 h-m-p  0.8563 8.0000   0.0006 ----Y 12339.225201  0 0.0008   280 | 0/3
 24 h-m-p  0.0160 8.0000   0.0007 -----Y 12339.225201  0 0.0000   294


t_NG = 2.43609	MLEs:  8.29795 1.45263 0.01135
Nucleotide-based analysis (approximate MLEs; use baseml to get proper MLEs):

dHKY (123-4):  0.22873  0.12742  1.13378  1.52420
kHKY (123-4):  1.70149  1.68103  4.85476  1.22267 (581 four-fold sites)

  13 vs.   2
  npatt=374 
Iterating by ming2
Initial: fx= 11940.408543
x=  2.05539  1.71813  0.05921

  1 h-m-p  0.0000 0.0000 2468.4293 CYCCC 11910.448603  4 0.0000    17 | 0/3
  2 h-m-p  0.0016 0.1242  12.6242 +YC   11909.186332  1 0.0147    28 | 0/3
  3 h-m-p  0.0256 8.0000   7.2504 YCC   11908.786437  2 0.0190    40 | 0/3
  4 h-m-p  1.0117 8.0000   0.1364 YCYC  11907.824000  3 1.8974    53 | 0/3
  5 h-m-p  1.6000 8.0000   0.0349 YC    11907.790026  1 0.9070    63 | 0/3
  6 h-m-p  1.6000 8.0000   0.0090 C     11907.788524  0 1.6000    72 | 0/3
  7 h-m-p  1.6000 8.0000   0.0015 Y     11907.788462  0 1.2782    81 | 0/3
  8 h-m-p  1.6000 8.0000   0.0001 Y     11907.788462  0 1.0709    90 | 0/3
  9 h-m-p  1.6000 8.0000   0.0000 --Y   11907.788462  0 0.0250   101


t_NG = 2.30090	MLEs:  2.51876 1.95767 0.03236
Nucleotide-based analysis (approximate MLEs; use baseml to get proper MLEs):

dHKY (123-4):  0.21090  0.09649  1.10084  1.41796
kHKY (123-4):  2.56465  2.31095  6.91311  1.66791 (593 four-fold sites)

  13 vs.   3
  npatt=245 
Iterating by ming2
Initial: fx= 10899.222353
x=  1.31167  2.20915  0.04054

  1 h-m-p  0.0000 0.0000 2354.3570 YCYCCC 10873.563800  5 0.0000    18 | 0/3
  2 h-m-p  0.0017 0.0684  10.4940 +YC   10873.293130  1 0.0049    29 | 0/3
  3 h-m-p  0.0287 1.0158   1.7855 YC    10873.181802  1 0.0625    39 | 0/3
  4 h-m-p  1.6000 8.0000   0.0369 YC    10873.101493  1 0.6399    49 | 0/3
  5 h-m-p  1.6000 8.0000   0.0023 Y     10873.101078  0 1.0759    58 | 0/3
  6 h-m-p  1.6000 8.0000   0.0003 Y     10873.101077  0 0.9723    67 | 0/3
  7 h-m-p  1.6000 8.0000   0.0000 Y     10873.101077  0 0.6615    76 | 0/3
  8 h-m-p  1.6000 8.0000   0.0000 -Y    10873.101077  0 0.1000    86


t_NG = 1.53103	MLEs:  1.36513 2.09169 0.02168
Nucleotide-based analysis (approximate MLEs; use baseml to get proper MLEs):

dHKY (123-4):  0.08690  0.03086  0.85696  1.25771
kHKY (123-4):  4.03462  4.07826  6.42198  2.10362 (706 four-fold sites)

  13 vs.   4
  npatt=139 
Iterating by ming2
Initial: fx=  9160.665379
x=  0.18436  2.35652  0.09552

  1 h-m-p  0.0000 0.0001 659.5393 +YCCYC  9120.050273  4 0.0001    18 | 0/3
  2 h-m-p  0.0004 0.0018  83.5351 CC     9119.651837  1 0.0001    29 | 0/3
  3 h-m-p  0.0160 8.0000   9.6764 +CYC   9116.461961  2 0.0802    42 | 0/3
  4 h-m-p  0.3358 1.6790   0.7449 CCC    9115.340454  2 0.3671    55 | 0/3
  5 h-m-p  1.6000 8.0000   0.0815 C      9115.279937  0 1.7775    64 | 0/3
  6 h-m-p  1.6000 8.0000   0.0101 Y      9115.277883  0 1.1285    73 | 0/3
  7 h-m-p  1.6000 8.0000   0.0015 Y      9115.277842  0 0.9900    82 | 0/3
  8 h-m-p  1.6000 8.0000   0.0003 Y      9115.277842  0 1.0478    91 | 0/3
  9 h-m-p  1.6000 8.0000   0.0000 Y      9115.277842  0 1.6000   100 | 0/3
 10 h-m-p  1.6000 8.0000   0.0000 ----Y  9115.277842  0 0.0016   113


t_NG = 0.19290	MLEs:  0.19495 3.56630 0.02203
Nucleotide-based analysis (approximate MLEs; use baseml to get proper MLEs):

dHKY (123-4):  0.01790  0.00556  0.16810  0.23819
kHKY (123-4):  4.14792  6.18741 10.61214  5.25247 (788 four-fold sites)

  13 vs.   5
  npatt=371 
Iterating by ming2
Initial: fx= 12202.580840
x=  2.42749  3.05123  0.14273

  1 h-m-p  0.0000 0.0000 3580.5604 +YYYCCC 11854.311208  5 0.0000    18 | 0/3
  2 h-m-p  0.0037 0.0196  29.0171 CCC   11853.665731  2 0.0015    31 | 0/3
  3 h-m-p  0.0015 0.0937  28.4234 ++CYCCC 11840.980972  4 0.0400    49 | 0/3
  4 h-m-p  1.6000 8.0000   0.1027 YCCC  11838.702777  3 3.8647    63 | 0/3
  5 h-m-p  1.6000 8.0000   0.1003 YC    11838.055096  1 1.0105    73 | 0/3
  6 h-m-p  0.7546 8.0000   0.1344 YC    11837.828183  1 1.6061    83 | 0/3
  7 h-m-p  1.6000 8.0000   0.0661 YC    11837.788946  1 0.9506    93 | 0/3
  8 h-m-p  1.6000 8.0000   0.0117 YC    11837.782824  1 0.9909   103 | 0/3
  9 h-m-p  1.1985 8.0000   0.0097 C     11837.782369  0 1.2172   112 | 0/3
 10 h-m-p  1.6000 8.0000   0.0002 Y     11837.782369  0 1.0484   121 | 0/3
 11 h-m-p  1.6000 8.0000   0.0000 C     11837.782369  0 1.6000   130 | 0/3
 12 h-m-p  1.6000 8.0000   0.0000 -Y    11837.782369  0 0.1000   140


t_NG = 2.26909	MLEs:  2.97641 1.99631 0.02546
Nucleotide-based analysis (approximate MLEs; use baseml to get proper MLEs):

dHKY (123-4):  0.18058  0.08118  1.18100  1.80753
kHKY (123-4):  2.50091  2.49251  6.48250  1.81868 (599 four-fold sites)

  13 vs.   6
  npatt=364 
Iterating by ming2
Initial: fx= 11917.582818
x=  2.02370  2.14693  0.08622

  1 h-m-p  0.0000 0.0000 3197.1689 YCYCCC 11811.530349  5 0.0000    18 | 0/3
  2 h-m-p  0.0029 0.0463  16.1395 CCC   11811.032126  2 0.0036    31 | 0/3
  3 h-m-p  0.0209 8.0000   2.7960 +YC   11810.748744  1 0.0600    42 | 0/3
  4 h-m-p  0.8519 8.0000   0.1968 +YCCC 11807.822630  3 2.4198    57 | 0/3
  5 h-m-p  1.6000 8.0000   0.0934 YC    11807.733778  1 0.8269    67 | 0/3
  6 h-m-p  1.6000 8.0000   0.0400 YC    11807.716904  1 0.8189    77 | 0/3
  7 h-m-p  1.6000 8.0000   0.0108 C     11807.713754  0 2.3347    86 | 0/3
  8 h-m-p  1.6000 8.0000   0.0019 Y     11807.713640  0 1.0728    95 | 0/3
  9 h-m-p  1.6000 8.0000   0.0001 Y     11807.713640  0 1.1426   104 | 0/3
 10 h-m-p  1.6000 8.0000   0.0000 -C    11807.713640  0 0.1000   114 | 0/3
 11 h-m-p  0.1115 8.0000   0.0000 -----Y 11807.713640  0 0.0000   128


t_NG = 2.27498	MLEs:  2.67375 2.33891 0.02955
Nucleotide-based analysis (approximate MLEs; use baseml to get proper MLEs):

dHKY (123-4):  0.18522  0.09209  1.10034  1.62084
kHKY (123-4):  2.98266  2.99137  6.83366  1.86307 (606 four-fold sites)

  13 vs.   7
  npatt=262 
Iterating by ming2
Initial: fx= 11519.704793
x=  2.14701  2.37317  0.11802

  1 h-m-p  0.0000 0.0000 4741.4273 +YYCYCYC 11029.522151  6 0.0000    20 | 0/3
  2 h-m-p  0.0219 0.4958   4.6386 --C   11029.517635  0 0.0004    31 | 0/3
  3 h-m-p  0.0160 8.0000   0.8095 +YC   11029.477005  1 0.1047    42 | 0/3
  4 h-m-p  1.6000 8.0000   0.0398 +CY   11029.008333  1 5.8493    54 | 0/3
  5 h-m-p  1.6000 8.0000   0.0062 Y     11029.005657  0 1.1859    63 | 0/3
  6 h-m-p  1.6000 8.0000   0.0020 Y     11029.005624  0 0.9519    72 | 0/3
  7 h-m-p  1.6000 8.0000   0.0000 C     11029.005624  0 0.4611    81 | 0/3
  8 h-m-p  1.6000 8.0000   0.0000 --Y   11029.005624  0 0.0422    92 | 0/3
  9 h-m-p  0.0457 8.0000   0.0000 --C   11029.005624  0 0.0007   103


t_NG = 2.13213	MLEs:  1.94991 2.34379 0.01818
Nucleotide-based analysis (approximate MLEs; use baseml to get proper MLEs):

dHKY (123-4):  0.11360  0.04472  0.99397  1.41274
kHKY (123-4):  4.38603  3.30241  6.82841  1.66522 (675 four-fold sites)

  13 vs.   8
  npatt=277 
Iterating by ming2
Initial: fx= 11045.457631
x=  1.88261  2.37244  0.03328

  1 h-m-p  0.0000 0.0000 3517.2048 CYCCC 11017.661992  4 0.0000    17 | 0/3
  2 h-m-p  0.0005 0.0366  28.7091 ++YCCCC 11013.825757  4 0.0085    35 | 0/3
  3 h-m-p  0.0432 0.3381   5.6350 CCCC  11012.264115  3 0.0739    50 | 0/3
  4 h-m-p  1.0807 8.0000   0.3856 YYC   11008.489207  2 1.5759    61 | 0/3
  5 h-m-p  1.2442 6.2210   0.1843 YYC   11007.611100  2 0.9162    72 | 0/3
  6 h-m-p  1.6000 8.0000   0.0907 YC    11007.291528  1 3.2656    82 | 0/3
  7 h-m-p  1.6000 8.0000   0.0856 CC    11007.199236  1 1.2743    93 | 0/3
  8 h-m-p  0.9994 8.0000   0.1092 YC    11007.176471  1 0.7618   103 | 0/3
  9 h-m-p  1.6000 8.0000   0.0297 C     11007.170924  0 2.2175   112 | 0/3
 10 h-m-p  1.6000 8.0000   0.0063 Y     11007.170877  0 0.9546   121 | 0/3
 11 h-m-p  1.6000 8.0000   0.0007 Y     11007.170876  0 0.8305   130 | 0/3
 12 h-m-p  1.6000 8.0000   0.0001 ---C  11007.170876  0 0.0063   142 | 0/3
 13 h-m-p  0.0160 8.0000   0.0001 ---Y  11007.170876  0 0.0001   154


t_NG = 1.74017	MLEs:  3.20584 2.19658 0.01142
Nucleotide-based analysis (approximate MLEs; use baseml to get proper MLEs):

dHKY (123-4):  0.12090  0.04696  1.00242  1.54785
kHKY (123-4):  3.20684  2.60928  5.98639  1.55137 (705 four-fold sites)

  13 vs.   9
  npatt=244 
Iterating by ming2
Initial: fx= 10858.834245
x=  1.79665  2.17273  0.01919

  1 h-m-p  0.0000 0.0000 1484.6624 YYYC  10856.128867  3 0.0000    13 | 0/3
  2 h-m-p  0.0002 0.0817  22.5149 +++CYCCC 10851.111981  4 0.0162    32 | 0/3
  3 h-m-p  0.1569 0.8365   2.3294 CC    10850.950039  1 0.0573    43 | 0/3
  4 h-m-p  1.6000 8.0000   0.0418 CC    10850.932314  1 0.5538    54 | 0/3
  5 h-m-p  1.6000 8.0000   0.0005 C     10850.932219  0 1.3334    63 | 0/3
  6 h-m-p  1.6000 8.0000   0.0002 Y     10850.932218  0 0.9010    72 | 0/3
  7 h-m-p  1.6000 8.0000   0.0000 C     10850.932218  0 1.6000    81 | 0/3
  8 h-m-p  1.6000 8.0000   0.0000 C     10850.932218  0 0.4000    90


t_NG = 1.79316	MLEs:  1.40918 2.10384 0.02000
Nucleotide-based analysis (approximate MLEs; use baseml to get proper MLEs):

dHKY (123-4):  0.09088  0.03141  0.87805  1.29009
kHKY (123-4):  4.18058  4.50359  6.60884  2.02702 (696 four-fold sites)

  13 vs.  10
  npatt=193 
Iterating by ming2
Initial: fx= 10271.572394
x=  0.76348  2.39030  0.03667

  1 h-m-p  0.0000 0.0000 1682.8638 YCYCCC 10251.564213  5 0.0000    18 | 0/3
  2 h-m-p  0.0007 0.0304  25.8994 YC    10251.105899  1 0.0013    28 | 0/3
  3 h-m-p  0.0160 8.0000   5.3263 +CCC  10250.344700  2 0.0591    42 | 0/3
  4 h-m-p  1.6000 8.0000   0.0216 CC    10250.252318  1 0.5691    53 | 0/3
  5 h-m-p  1.6000 8.0000   0.0033 Y     10250.252178  0 1.1738    62 | 0/3
  6 h-m-p  1.6000 8.0000   0.0002 Y     10250.252177  0 0.9873    71 | 0/3
  7 h-m-p  1.6000 8.0000   0.0000 Y     10250.252177  0 1.0603    80 | 0/3
  8 h-m-p  1.6000 8.0000   0.0000 C     10250.252177  0 0.5944    89


t_NG = 0.78038	MLEs:  0.73868 2.72824 0.01909
Nucleotide-based analysis (approximate MLEs; use baseml to get proper MLEs):

dHKY (123-4):  0.05953  0.01734  0.57287  0.67902
kHKY (123-4):  9.02574  3.80053  7.97400  2.34783 (728 four-fold sites)

  13 vs.  11
  npatt=410 
Iterating by ming2
Initial: fx= 12262.470027
x=  2.04604  2.51240  0.12097

  1 h-m-p  0.0000 0.0000 2715.0842 YCYCCC 12118.810921  5 0.0000    19 | 0/3
  2 h-m-p  0.0011 0.0123  63.6359 YCCC  12113.494527  3 0.0023    33 | 0/3
  3 h-m-p  0.0034 0.0465  44.0496 +CYCYC 12090.678747  4 0.0240    50 | 0/3
  4 h-m-p  1.6000 8.0000   0.3232 CYCYC 12074.407578  4 3.3735    65 | 0/3
  5 h-m-p  1.6000 8.0000   0.0773 CCC   12073.419562  2 0.3444    78 | 0/3
  6 h-m-p  0.1838 8.0000   0.1449 ++CCCC 12071.954374  3 3.4823    95 | 0/3
  7 h-m-p  1.2144 8.0000   0.4154 YY    12070.941689  1 1.2144   105 | 0/3
  8 h-m-p  1.6000 8.0000   0.1615 CC    12070.448632  1 0.6138   116 | 0/3
  9 h-m-p  0.2705 8.0000   0.3665 +CYCCC 12069.536183  4 1.8477   133 | 0/3
 10 h-m-p  1.6000 8.0000   0.2483 +CC   12068.521813  1 6.2202   145 | 0/3
 11 h-m-p  1.6000 8.0000   0.1445 YC    12068.373548  1 0.7544   155 | 0/3
 12 h-m-p  0.0770 3.5681   1.4153 YC    12068.262228  1 0.1663   165 | 0/3
 13 h-m-p  1.2451 8.0000   0.1890 YCC   12068.196958  2 2.4861   177 | 0/3
 14 h-m-p  1.6000 8.0000   0.1975 YYC   12068.130431  2 2.2280   188 | 0/3
 15 h-m-p  1.2459 8.0000   0.3531 CC    12068.120303  1 0.5185   199 | 0/3
 16 h-m-p  1.6000 8.0000   0.0729 C     12068.117294  0 1.6000   208 | 0/3
 17 h-m-p  1.6000 8.0000   0.0199 C     12068.116530  0 1.8951   217 | 0/3
 18 h-m-p  1.1621 8.0000   0.0325 Y     12068.116432  0 0.8519   226 | 0/3
 19 h-m-p  1.6000 8.0000   0.0013 Y     12068.116427  0 1.0543   235 | 0/3
 20 h-m-p  1.6000 8.0000   0.0005 ++    12068.116425  m 8.0000   244 | 0/3
 21 h-m-p  1.1541 8.0000   0.0032 ------Y 12068.116425  0 0.0001   259 | 0/3
 22 h-m-p  0.0160 8.0000   0.0036 ----C 12068.116425  0 0.0000   272 | 0/3
 23 h-m-p  0.0160 8.0000   0.2858 ------------Y 12068.116425  0 0.0000   293 | 0/3
 24 h-m-p  0.0160 8.0000   0.6961 Y     12068.116425  0 0.0022   302 | 0/3
 25 h-m-p  0.3108 8.0000   0.0050 -----------C 12068.116425  0 0.0000   322 | 0/3
 26 h-m-p  0.0160 8.0000   0.0001 +++C  12068.116425  0 1.3130   334 | 0/3
 27 h-m-p  1.6000 8.0000   0.0000 -----C 12068.116425  0 0.0004   348


t_NG = 1.93949	MLEs:  7.94778 1.60241 0.01031
Nucleotide-based analysis (approximate MLEs; use baseml to get proper MLEs):

dHKY (123-4):  0.21000  0.11096  1.07717  1.45298
kHKY (123-4):  1.84130  2.17188  4.69677  0.79122 (616 four-fold sites)

  13 vs.  12
  npatt=434 
Iterating by ming2
Initial: fx= 12328.714007
x=  1.62444  2.04540  0.07828

  1 h-m-p  0.0000 0.0002 380.1036 YCC   12327.401551  2 0.0000    13 | 0/3
  2 h-m-p  0.0001 0.0152  91.4171 +++YYYCCCCC 12303.907152  7 0.0056    36 | 0/3
  3 h-m-p  0.0353 0.1766   8.5691 YYC   12302.353556  2 0.0304    47 | 0/3
  4 h-m-p  0.6072 8.0000   0.4288 CYC   12295.171994  2 0.6769    59 | 0/3
  5 h-m-p  1.1771 6.3021   0.2466 YCCCCC 12289.721047  5 1.6506    77 | 0/3
  6 h-m-p  1.6000 8.0000   0.1979 +CC   12284.421287  1 6.4000    89 | 0/3
  7 h-m-p  1.6000 8.0000   0.0490 YC    12284.189641  1 0.2139    99 | 0/3
  8 h-m-p  0.0535 8.0000   0.1962 ++YC  12283.496892  1 2.0912   111 | 0/3
  9 h-m-p  1.6000 8.0000   0.2430 CCCC  12283.081730  3 2.1826   126 | 0/3
 10 h-m-p  1.6000 8.0000   0.3194 YCC   12282.743154  2 0.9689   138 | 0/3
 11 h-m-p  0.7099 8.0000   0.4360 CCCC  12282.591101  3 0.8845   153 | 0/3
 12 h-m-p  1.6000 8.0000   0.1846 CCC   12282.473061  2 2.1660   166 | 0/3
 13 h-m-p  1.6000 8.0000   0.0131 YC    12282.445862  1 0.6596   176 | 0/3
 14 h-m-p  0.0387 8.0000   0.2235 ++YC  12282.408769  1 1.3439   188 | 0/3
 15 h-m-p  1.6000 8.0000   0.0920 C     12282.400896  0 1.9689   197 | 0/3
 16 h-m-p  1.6000 8.0000   0.0063 C     12282.400458  0 0.6316   206 | 0/3
 17 h-m-p  0.3012 8.0000   0.0133 +C    12282.400403  0 1.2775   216 | 0/3
 18 h-m-p  1.6000 8.0000   0.0005 Y     12282.400402  0 0.9293   225 | 0/3
 19 h-m-p  1.6000 8.0000   0.0000 C     12282.400402  0 2.2264   234 | 0/3
 20 h-m-p  1.6000 8.0000   0.0000 ----------------..  | 0/3
 21 h-m-p  0.0160 8.0000   0.0140 -------------


t_NG = 1.78732	MLEs:  6.43656 1.98907 0.01581
Nucleotide-based analysis (approximate MLEs; use baseml to get proper MLEs):

dHKY (123-4):  0.22390  0.12751  1.00211  1.41787
kHKY (123-4):  2.06986  2.55400  4.53337  1.11464 (598 four-fold sites)
