
CODONML in paml version 4.10.10, 29 Jan 2026

----------------------------------------------
Phe F TTT | Ser S TCT | Tyr Y TAT | Cys C TGT
      TTC |       TCC |       TAC |       TGC
Leu L TTA |       TCA | *** * TAA | *** * TGA
      TTG |       TCG |       TAG | Trp W TGG
----------------------------------------------
Leu L CTT | Pro P CCT | His H CAT | Arg R CGT
      CTC |       CCC |       CAC |       CGC
      CTA |       CCA | Gln Q CAA |       CGA
      CTG |       CCG |       CAG |       CGG
----------------------------------------------
Ile I ATT | Thr T ACT | Asn N AAT | Ser S AGT
      ATC |       ACC |       AAC |       AGC
      ATA |       ACA | Lys K AAA | Arg R AGA
Met M ATG |       ACG |       AAG |       AGG
----------------------------------------------
Val V GTT | Ala A GCT | Asp D GAT | Gly G GGT
      GTC |       GCC |       GAC |       GGC
      GTA |       GCA | Glu E GAA |       GGA
      GTG |       GCG |       GAG |       GGG
----------------------------------------------
Nice code, uuh?
ns = 11  	ls = 7377
Reading sequences, sequential format..
Reading seq # 1: T2_Astato_calli       
Reading seq # 2: T2_basal_Chilo       
Reading seq # 3: T2_Gallus_gallu       
Reading seq # 4: T2_Mus_muscu       
Reading seq # 5: T2_basal_Callo       
Reading seq # 6: T2_Gekko_japon       
Reading seq # 7: T2_Xenopu_tropi       
Reading seq # 8: T2_Strigo_habro       
Reading seq # 9: T2_Homo_sapie       
Reading seq #10: T2_Danio_rerio       
Reading seq #11: T2_Rattus_norve       
Sequences read..
Counting site patterns..  0:00

Compressing,   2315 patterns at   2459 /   2459 sites (100.0%),  0:00

Collecting fpatt[] & pose[],   2315 patterns at   2459 /   2459 sites (100.0%),  0:00
1 ambiguous codons are seen in the data:
 ---
Counting codons..
NG distances for seqs.:
   1   2   3   4   5   6   7   8   9  10  11

      440 bytes for distance
  2259440 bytes for conP
        0 bytes for fhK
  5000000 bytes for space

TREE #  1
((2, 5), (1, 10), ((((3, 8), (9, (4, 11))), 6), 7));   MP score: -1
 10167480 bytes for conP, adjusted

    0.348841    0.857584    0.836804    0.360548    0.930261    0.841821    0.044402    0.261429    0.025559    0.578449    0.078855    0.128148    0.334383    0.275069    0.445632    0.143486    0.047131    0.817961    1.082694    2.242448    0.445738

ntime & nrate & np:    19     2    21

Bounds (np=21):
   0.000004   0.000004   0.000004   0.000004   0.000004   0.000004   0.000004   0.000004   0.000004   0.000004   0.000004   0.000004   0.000004   0.000004   0.000004   0.000004   0.000004   0.000004   0.000004   0.000100   0.000100
  50.000000  50.000000  50.000000  50.000000  50.000000  50.000000  50.000000  50.000000  50.000000  50.000000  50.000000  50.000000  50.000000  50.000000  50.000000  50.000000  50.000000  50.000000  50.000000 999.000000 999.000000

np =    21
lnL0 = -49001.635680

Iterating by ming2
Initial: fx= 49001.635680
x=  0.34884  0.85758  0.83680  0.36055  0.93026  0.84182  0.04440  0.26143  0.02556  0.57845  0.07885  0.12815  0.33438  0.27507  0.44563  0.14349  0.04713  0.81796  1.08269  2.24245  0.44574

  1 h-m-p  0.0000 0.0000 10540.9117 +YYYCYYYYYC 43503.215101 10 0.0000    38 | 0/21
  2 h-m-p  0.0000 0.0002 1849.1309 YYCC  43460.906580  3 0.0000    66 | 0/21
  3 h-m-p  0.0000 0.0002 2935.4665 +CCCC 43315.283057  3 0.0001    97 | 0/21
  4 h-m-p  0.0001 0.0003 912.9309 +CYC  43236.528713  2 0.0002   125 | 0/21
  5 h-m-p  0.0001 0.0004 1133.4789 CCCCC 43195.914335  4 0.0001   157 | 0/21
  6 h-m-p  0.0001 0.0006 1227.1075 CCC   43160.973431  2 0.0001   185 | 0/21
  7 h-m-p  0.0001 0.0007 517.9448 CCCC  43143.230350  3 0.0002   215 | 0/21
  8 h-m-p  0.0003 0.0016 410.3015 YCCC  43137.340097  3 0.0001   244 | 0/21
  9 h-m-p  0.0001 0.0013 413.9895 YC    43134.044819  1 0.0001   269 | 0/21
 10 h-m-p  0.0002 0.0051 188.5930 YC    43129.043203  1 0.0005   294 | 0/21
 11 h-m-p  0.0007 0.0034 127.4102 YC    43127.406975  1 0.0004   319 | 0/21
 12 h-m-p  0.0003 0.0057 140.5928 CCC   43125.719125  2 0.0004   347 | 0/21
 13 h-m-p  0.0007 0.0181  87.7627 CCC   43124.166232  2 0.0008   375 | 0/21
 14 h-m-p  0.0021 0.0143  35.4646 CY    43123.941820  1 0.0005   401 | 0/21
 15 h-m-p  0.0014 0.0415  12.4305 CC    43123.744756  1 0.0019   427 | 0/21
 16 h-m-p  0.0021 0.0839  11.4426 CC    43123.565486  1 0.0017   453 | 0/21
 17 h-m-p  0.0025 0.1601   7.7757 CC    43122.995825  1 0.0039   479 | 0/21
 18 h-m-p  0.0024 0.1929  12.7660 +CYC  43115.193738  2 0.0111   507 | 0/21
 19 h-m-p  0.0036 0.0546  39.3245 +YYCC 43068.199826  3 0.0118   536 | 0/21
 20 h-m-p  0.0124 0.0620  24.4557 CC    43067.159445  1 0.0033   562 | 0/21
 21 h-m-p  0.0149 0.2807   5.4487 YC    43066.967195  1 0.0066   587 | 0/21
 22 h-m-p  0.0277 1.4097   1.2984 +CCC  43062.422268  2 0.1461   616 | 0/21
 23 h-m-p  0.0169 0.2778  11.2109 +YCCC 43026.991046  3 0.0421   646 | 0/21
 24 h-m-p  1.6000 8.0000   0.1698 YCCC  43019.834046  3 0.9671   675 | 0/21
 25 h-m-p  1.6000 8.0000   0.0716 C     43017.482885  0 1.6000   720 | 0/21
 26 h-m-p  1.6000 8.0000   0.0458 CC    43017.037993  1 1.3606   767 | 0/21
 27 h-m-p  1.6000 8.0000   0.0095 CC    43016.957599  1 1.4147   814 | 0/21
 28 h-m-p  1.6000 8.0000   0.0041 YC    43016.931684  1 2.7389   860 | 0/21
 29 h-m-p  1.5243 8.0000   0.0073 CC    43016.920719  1 2.1965   907 | 0/21
 30 h-m-p  1.6000 8.0000   0.0019 C     43016.917904  0 2.3409   952 | 0/21
 31 h-m-p  1.6000 8.0000   0.0007 C     43016.917339  0 1.8404   997 | 0/21
 32 h-m-p  1.6000 8.0000   0.0005 C     43016.917208  0 2.1138  1042 | 0/21
 33 h-m-p  1.6000 8.0000   0.0001 C     43016.917168  0 2.4130  1087 | 0/21
 34 h-m-p  1.6000 8.0000   0.0001 C     43016.917164  0 1.9991  1132 | 0/21
 35 h-m-p  1.6000 8.0000   0.0000 C     43016.917163  0 1.4903  1177 | 0/21
 36 h-m-p  1.6000 8.0000   0.0000 Y     43016.917163  0 1.2004  1222 | 0/21
 37 h-m-p  1.6000 8.0000   0.0000 C     43016.917163  0 1.6000  1267 | 0/21
 38 h-m-p  1.6000 8.0000   0.0000 Y     43016.917163  0 2.6219  1312 | 0/21
 39 h-m-p  1.6000 8.0000   0.0000 -Y    43016.917163  0 0.1000  1358 | 0/21
 40 h-m-p  0.1057 8.0000   0.0000 --------------..  | 0/21
 41 h-m-p  0.0160 8.0000   0.0187 ------------- | 0/21
 42 h-m-p  0.0160 8.0000   0.0187 -------------
Out..
lnL  = -43016.917163
1528 lfun, 1528 eigenQcodon, 29032 P(t)
