
CODONML in paml version 4.10.10, 29 Jan 2026

----------------------------------------------
Phe F TTT | Ser S TCT | Tyr Y TAT | Cys C TGT
      TTC |       TCC |       TAC |       TGC
Leu L TTA |       TCA | *** * TAA | *** * TGA
      TTG |       TCG |       TAG | Trp W TGG
----------------------------------------------
Leu L CTT | Pro P CCT | His H CAT | Arg R CGT
      CTC |       CCC |       CAC |       CGC
      CTA |       CCA | Gln Q CAA |       CGA
      CTG |       CCG |       CAG |       CGG
----------------------------------------------
Ile I ATT | Thr T ACT | Asn N AAT | Ser S AGT
      ATC |       ACC |       AAC |       AGC
      ATA |       ACA | Lys K AAA | Arg R AGA
Met M ATG |       ACG |       AAG |       AGG
----------------------------------------------
Val V GTT | Ala A GCT | Asp D GAT | Gly G GGT
      GTC |       GCC |       GAC |       GGC
      GTA |       GCA | Glu E GAA |       GGA
      GTG |       GCG |       GAG |       GGG
----------------------------------------------
Nice code, uuh?
ns = 13  	ls = 7377
Reading sequences, sequential format..
Reading seq # 1: T2_Astato_calli       
Reading seq # 2: T2_basal_Chilo       
Reading seq # 3: T2_Gallus_gallu       
Reading seq # 4: T2_Mus_muscu       
Reading seq # 5: T2_basal_Callo       
Reading seq # 6: T2_Echino_cooke       
Reading seq # 7: T2_Gekko_japon       
Reading seq # 8: T2_Xenopu_tropi       
Reading seq # 9: T2_Strigo_habro       
Reading seq #10: T2_Homo_sapie       
Reading seq #11: T2_Nibea_albif       
Reading seq #12: T2_Danio_rerio       
Reading seq #13: T2_Rattus_norve       
Sequences read..
Counting site patterns..  0:00

Compressing,   2347 patterns at   2459 /   2459 sites (100.0%),  0:00

Collecting fpatt[] & pose[],   2347 patterns at   2459 /   2459 sites (100.0%),  0:00
1 ambiguous codons are seen in the data:
 ---
Counting codons..
NG distances for seqs.:
   1   2   3   4   5   6   7   8   9  10  11  12  13

      624 bytes for distance
  2290672 bytes for conP
   187760 bytes for fhK
  5000000 bytes for space

TREE #  1
(((6, 2), 5), ((1, 11), 12), ((((3, 9), (10, (4, 13))), 7), 8));   MP score: -1
   1    3.256538
   2    3.256538
   3    3.256538
 12598696 bytes for conP, adjusted

    0.520805    0.362528    0.262864    0.351871    0.661317    0.402615    0.594745    0.295202    0.221665    0.804769    0.045457    0.260903    0.033010    0.593740    0.083703    0.123299    0.328981    0.304734    0.415966    0.166813    0.023804    0.813568    1.080292    2.439355    0.298584    1.098523

ntime & nrate & np:    23     1    26

Bounds (np=26):
   0.000004   0.000004   0.000004   0.000004   0.000004   0.000004   0.000004   0.000004   0.000004   0.000004   0.000004   0.000004   0.000004   0.000004   0.000004   0.000004   0.000004   0.000004   0.000004   0.000004   0.000004   0.000004   0.000004   0.000100   0.005000   0.005000
  50.000000  50.000000  50.000000  50.000000  50.000000  50.000000  50.000000  50.000000  50.000000  50.000000  50.000000  50.000000  50.000000  50.000000  50.000000  50.000000  50.000000  50.000000  50.000000  50.000000  50.000000  50.000000  50.000000 999.000000  99.000000  99.000000
Qfactor_NS = 10.134521

np =    26
lnL0 = -48827.277967

Iterating by ming2
Initial: fx= 48827.277967
x=  0.52081  0.36253  0.26286  0.35187  0.66132  0.40261  0.59474  0.29520  0.22167  0.80477  0.04546  0.26090  0.03301  0.59374  0.08370  0.12330  0.32898  0.30473  0.41597  0.16681  0.02380  0.81357  1.08029  2.43935  0.29858  1.09852

  1 h-m-p  0.0000 0.0001 4196.2725 +YYYYYCYCCC 48382.772067 10 0.0000    45 | 0/26
  2 h-m-p  0.0001 0.0003 1257.7225 +YCYCCC 48246.948306  5 0.0002    83 | 0/26
  3 h-m-p  0.0000 0.0001 2813.6498 +YCCC 48146.803409  3 0.0001   118 | 0/26
  4 h-m-p  0.0001 0.0005 1861.9251 CCCC  48063.930035  3 0.0001   153 | 0/26
  5 h-m-p  0.0002 0.0010 909.7430 CYC   48012.761417  2 0.0002   185 | 0/26
  6 h-m-p  0.0001 0.0005 1117.6195 CCCCC 47978.701524  4 0.0001   222 | 0/26
  7 h-m-p  0.0003 0.0016 539.0788 CCCC  47944.493605  3 0.0005   257 | 0/26
  8 h-m-p  0.0003 0.0014 529.5896 CCCC  47922.218518  3 0.0004   292 | 0/26
  9 h-m-p  0.0003 0.0015 363.9471 CCCC  47911.215878  3 0.0004   327 | 0/26
 10 h-m-p  0.0005 0.0027 199.2154 YYC   47906.425492  2 0.0004   358 | 0/26
 11 h-m-p  0.0010 0.0049  87.3305 YCC   47904.626927  2 0.0007   390 | 0/26
 12 h-m-p  0.0014 0.0107  42.6915 CYC   47903.757057  2 0.0012   422 | 0/26
 13 h-m-p  0.0009 0.0124  58.8796 YC    47903.454165  1 0.0004   452 | 0/26
 14 h-m-p  0.0008 0.0261  30.2957 C     47903.226033  0 0.0007   481 | 0/26
 15 h-m-p  0.0033 0.1787   6.7073 YC    47902.858527  1 0.0055   511 | 0/26
 16 h-m-p  0.0024 0.1044  15.4799 CYC   47902.276030  2 0.0026   543 | 0/26
 17 h-m-p  0.0021 0.0242  19.1773 CCC   47901.140138  2 0.0022   576 | 0/26
 18 h-m-p  0.0008 0.0114  53.9485 YCC   47898.462181  2 0.0013   608 | 0/26
 19 h-m-p  0.0009 0.0093  76.3486 YC    47891.108874  1 0.0019   638 | 0/26
 20 h-m-p  0.0013 0.0098 110.4310 YCCC  47877.540139  3 0.0021   672 | 0/26
 21 h-m-p  0.0016 0.0103 145.4107 CC    47861.609304  1 0.0020   703 | 0/26
 22 h-m-p  0.0027 0.0218 107.1452 CCC   47848.071317  2 0.0030   736 | 0/26
 23 h-m-p  0.0019 0.0093 159.3357 CCCC  47837.170936  3 0.0020   771 | 0/26
 24 h-m-p  0.0078 0.0390  31.0559 CC    47835.882696  1 0.0029   802 | 0/26
 25 h-m-p  0.0092 0.0462   8.9765 YC    47835.820473  1 0.0012   832 | 0/26
 26 h-m-p  0.0062 0.7494   1.7634 +CC   47835.148600  1 0.0358   864 | 0/26
 27 h-m-p  0.0117 0.8424   5.3937 ++YCCC 47816.411206  3 0.1279   900 | 0/26
 28 h-m-p  0.0094 0.0471  35.3917 YCCC  47813.192004  3 0.0041   934 | 0/26
 29 h-m-p  0.5650 8.0000   0.2538 +YC   47805.915626  1 1.8735   965 | 0/26
 30 h-m-p  1.6000 8.0000   0.1181 CCC   47804.867021  2 1.5081  1024 | 0/26
 31 h-m-p  1.6000 8.0000   0.0367 CC    47804.782246  1 1.4636  1081 | 0/26
 32 h-m-p  1.6000 8.0000   0.0069 C     47804.771208  0 1.5904  1136 | 0/26
 33 h-m-p  1.6000 8.0000   0.0024 Y     47804.769583  0 1.1435  1191 | 0/26
 34 h-m-p  1.6000 8.0000   0.0005 Y     47804.769487  0 1.2031  1246 | 0/26
 35 h-m-p  1.6000 8.0000   0.0002 C     47804.769481  0 1.4014  1301 | 0/26
 36 h-m-p  1.6000 8.0000   0.0001 C     47804.769481  0 1.3932  1356 | 0/26
 37 h-m-p  1.6000 8.0000   0.0000 C     47804.769481  0 1.6000  1411 | 0/26
 38 h-m-p  1.6000 8.0000   0.0000 Y     47804.769481  0 1.6000  1466 | 0/26
 39 h-m-p  1.6000 8.0000   0.0000 Y     47804.769481  0 0.4000  1521 | 0/26
 40 h-m-p  0.6691 8.0000   0.0000 -------------C 47804.769481  0 0.0000  1589
Out..
lnL  = -47804.769481
1590 lfun, 17490 eigenQcodon, 365700 P(t)
