| 2/116
195 h-m-p  0.0031 0.0157  89.7747 CC    189107.450672  1 0.0012 23785 | 2/116
196 h-m-p  0.0016 0.0207  68.5835 CC    189104.067326  1 0.0021 23906 | 2/116
197 h-m-p  0.0036 0.0256  40.6903 YC    189103.115377  1 0.0016 24026 | 2/116
198 h-m-p  0.0025 0.0701  26.7969 YC    189102.743211  1 0.0015 24146 | 2/116
199 h-m-p  0.0025 0.0711  16.3379 YC    189102.616563  1 0.0013 24266 | 2/116
200 h-m-p  0.0032 0.2145   6.6258 YC    189102.558302  1 0.0021 24386 | 2/116
201 h-m-p  0.0018 0.1220   7.4606 CC    189102.457053  1 0.0028 24507 | 2/116
202 h-m-p  0.0027 0.1692   7.7531 C     189102.293841  0 0.0030 24626 | 2/116
203 h-m-p  0.0020 0.1352  11.7758 YC    189101.700873  1 0.0043 24746 | 2/116
204 h-m-p  0.0034 0.1717  14.9169 YC    189099.997776  1 0.0055 24866 | 2/116
205 h-m-p  0.0022 0.0655  38.2974 YC    189095.914584  1 0.0041 24986 | 2/116
206 h-m-p  0.0017 0.0198  93.0161 CC    189091.776522  1 0.0018 25107 | 2/116
207 h-m-p  0.0069 0.0483  23.8645 CC    189091.227075  1 0.0021 25228 | 2/116
208 h-m-p  0.0037 0.1218  13.4078 YC    189091.090485  1 0.0018 25348 | 2/116
209 h-m-p  0.0042 0.2175   5.9605 YC    189091.043337  1 0.0027 25468 | 2/116
210 h-m-p  0.0064 0.1728   2.5330 C     189091.028949  0 0.0023 25587 | 2/116
211 h-m-p  0.0020 0.3882   2.8625 +YC   189090.951206  1 0.0068 25708 | 2/116
212 h-m-p  0.0035 0.3564   5.5006 YC    189090.669397  1 0.0073 25828 | 2/116
213 h-m-p  0.0038 0.1243  10.6724 +YC   189087.306990  1 0.0283 25949 | 2/116
214 h-m-p  0.0103 0.0517  10.7532 YC    189087.239098  1 0.0014 26069 | 2/116
215 h-m-p  0.0631 3.3393   0.2312 YC    189087.217921  1 0.0374 26189 | 2/116
216 h-m-p  0.0022 1.1111   5.4024 ++CC  189086.585326  1 0.0326 26426 | 2/116
217 h-m-p  0.0097 0.0869  18.1252 YC    189086.512140  1 0.0013 26546 | 2/116
218 h-m-p  0.1937 8.0000   0.1247 +CC   189086.252915  1 1.2094 26668 | 2/116
219 h-m-p  1.4376 8.0000   0.1049 CC    189086.120553  1 2.2259 26903 | 2/116
220 h-m-p  1.6000 8.0000   0.1158 +YC   189086.002907  1 4.3453 27138 | 2/116
221 h-m-p  1.6000 8.0000   0.3106 YC    189085.783770  1 3.9857 27372 | 2/116
222 h-m-p  1.6000 8.0000   0.4146 CC    189085.647695  1 2.0379 27607 | 2/116
223 h-m-p  1.6000 8.0000   0.1918 CC    189085.563050  1 2.2907 27842 | 2/116
224 h-m-p  1.6000 8.0000   0.1566 CC    189085.526530  1 2.2665 28077 | 2/116
225 h-m-p  1.6000 8.0000   0.0710 CC    189085.509935  1 2.5586 28312 | 2/116
226 h-m-p  1.2948 8.0000   0.1404 YC    189085.500261  1 2.3628 28546 | 2/116
227 h-m-p  1.6000 8.0000   0.0876 YC    189085.490405  1 3.0470 28780 | 2/116
228 h-m-p  1.1874 8.0000   0.2248 +C    189085.471015  0 5.0617 29014 | 2/116
229 h-m-p  1.6000 8.0000   0.4231 +YC   189085.422905  1 5.2735 29249 | 2/116
230 h-m-p  1.4706 8.0000   1.5172 YC    189085.355597  1 2.9500 29483 | 2/116
231 h-m-p  1.6000 8.0000   1.7596 CC    189085.304454  1 2.4363 29604 | 2/116
232 h-m-p  1.6000 8.0000   1.8325 YC    189085.275792  1 2.7258 29724 | 2/116
233 h-m-p  1.6000 8.0000   0.9762 C     189085.265485  0 2.3461 29843 | 2/116
234 h-m-p  1.6000 8.0000   0.5161 +YC   189085.255123  1 4.0012 30078 | 2/116
235 h-m-p  1.6000 8.0000   0.4473 +YC   189085.233484  1 4.7507 30313 | 2/116
236 h-m-p  1.6000 8.0000   1.3248 YC    189085.198914  1 3.9578 30547 | 2/116
237 h-m-p  1.6000 8.0000   3.2640 +YC   189085.155515  1 4.1288 30668 | 2/116
238 h-m-p  1.6000 8.0000   5.2711 YC    189085.115595  1 3.1446 30788 | 2/116
239 h-m-p  1.6000 8.0000   7.8638 CC    189085.093579  1 2.4139 30909 | 2/116
240 h-m-p  1.6000 8.0000   6.7334 YC    189085.080738  1 3.2736 31029 | 2/116
241 h-m-p  1.6000 8.0000  11.5439 YC    189085.065077  1 3.7943 31149 | 2/116
242 h-m-p  1.6000 8.0000  17.6365 YC    189085.053368  1 3.1499 31269 | 2/116
243 h-m-p  1.6000 8.0000  23.1521 YC    189085.043553  1 3.2920 31389 | 2/116
244 h-m-p  1.6000 8.0000  47.1450 Y     189085.036149  0 3.1248 31508 | 2/116
245 h-m-p  1.6000 8.0000  55.9575 Y     189085.031314  0 3.1063 31627 | 2/116
246 h-m-p  0.4574 2.2868 169.9949 +C    189085.028588  0 1.8263 31747 | 2/116
247 h-m-p  0.0411 0.2055 380.8855 ++    189085.027791  m 0.2055 31866 | 3/116
248 h-m-p  0.0001 0.0131 7112.6476 Y     189085.027544  0 0.0001 31985 | 3/116
249 h-m-p  0.1953 8.0000   4.9256 Y     189085.027457  0 0.1147 32104 | 3/116
250 h-m-p  0.1639 8.0000   3.4455 Y     189085.027432  0 0.0814 32223 | 3/116
251 h-m-p  0.0341 8.0000   8.2322 ---Y  189085.027431  0 0.0001 32345 | 3/116
252 h-m-p  0.0048 2.4096  37.9451 --------C 189085.027431  0 0.0000 32472 | 3/116
253 h-m-p  0.0160 8.0000   6.0912 C     189085.027431  0 0.0040 32591 | 3/116
254 h-m-p  0.0117 5.8748  15.5601 -------------..  | 3/116
255 h-m-p  0.0000 0.0048   9.3804 -Y    189085.027413  0 0.0000 32841 | 3/116
256 h-m-p  0.0000 0.0036   9.2748 Y     189085.027268  0 0.0000 32960 | 3/116
257 h-m-p  0.0000 0.0047   9.1243 Y     189085.027135  0 0.0000 33079 | 3/116
258 h-m-p  0.0000 0.0003  32.6467 Y     189085.027013  0 0.0000 33198 | 3/116
259 h-m-p  0.0000 0.0088   3.8874 C     189085.026923  0 0.0000 33317 | 3/116
260 h-m-p  0.0000 0.0170   8.7888 Y     189085.026775  0 0.0000 33436 | 3/116
261 h-m-p  0.0001 0.0726   3.3219 C     189085.026682  0 0.0000 33555 | 3/116
262 h-m-p  0.0002 0.1089   2.6540 C     189085.026597  0 0.0001 33674 | 3/116
263 h-m-p  0.0005 0.2507   1.2677 C     189085.026526  0 0.0002 33793 | 3/116
264 h-m-p  0.0002 0.0776   3.2531 C     189085.026340  0 0.0002 33912 | 3/116
265 h-m-p  0.0005 0.2703   2.3472 C     189085.026235  0 0.0002 34031 | 3/116
266 h-m-p  0.0003 0.1256   1.6418 Y     189085.026160  0 0.0002 34150 | 3/116
267 h-m-p  0.0001 0.0393   2.9025 C     189085.026103  0 0.0001 34269 | 3/116
268 h-m-p  0.0002 0.0923   2.4280 Y     189085.026073  0 0.0001 34388 | 3/116
269 h-m-p  0.0030 1.4978   0.8242 -C    189085.026050  0 0.0002 34508 | 3/116
270 h-m-p  0.0009 0.4525   1.0416 Y     189085.026028  0 0.0002 34740 | 3/116
271 h-m-p  0.0004 0.2056   1.0110 C     189085.026020  0 0.0001 34859 | 3/116
272 h-m-p  0.0020 1.0141   0.6008 Y     189085.026002  0 0.0003 34978 | 3/116
273 h-m-p  0.0005 0.2366   1.3123 Y     189085.025993  0 0.0001 35210 | 3/116
274 h-m-p  0.0028 1.3917   0.7960 -C    189085.025978  0 0.0002 35330 | 3/116
275 h-m-p  0.0011 0.5738   1.2930 -C    189085.025968  0 0.0001 35563 | 3/116
276 h-m-p  0.0041 2.0556   0.5223 -C    189085.025958  0 0.0003 35683 | 3/116
277 h-m-p  0.0003 0.1548   0.4961 Y     189085.025953  0 0.0002 35915 | 3/116
278 h-m-p  0.0007 0.3716   0.6606 C     189085.025947  0 0.0002 36147 | 3/116
279 h-m-p  0.0028 1.4160   0.5215 -C    189085.025943  0 0.0001 36380 | 3/116
280 h-m-p  0.0029 1.4490   0.2339 -C    189085.025941  0 0.0003 36613 | 3/116
281 h-m-p  0.0015 0.7364   0.3769 -C    189085.025939  0 0.0001 36846 | 3/116
282 h-m-p  0.0079 3.9689   0.3411 --Y   189085.025936  0 0.0002 37080 | 3/116
283 h-m-p  0.0042 2.1049   0.2357 -C    189085.025934  0 0.0003 37313 | 3/116
284 h-m-p  0.0020 0.9750   0.2987 -Y    189085.025933  0 0.0002 37546 | 3/116
285 h-m-p  0.0027 1.3643   0.3386 -C    189085.025931  0 0.0002 37779 | 3/116
286 h-m-p  0.0057 2.8274   0.3265 --Y   189085.025931  0 0.0002 38013 | 3/116
287 h-m-p  0.0059 2.9491   0.1848 -C    189085.025929  0 0.0003 38246 | 3/116
288 h-m-p  0.0073 3.6741   0.1839 -Y    189085.025928  0 0.0002 38479 | 3/116
289 h-m-p  0.0061 3.0367   0.1575 -Y    189085.025928  0 0.0003 38712 | 3/116
290 h-m-p  0.0085 4.2743   0.1409 -Y    189085.025927  0 0.0003 38945 | 3/116
291 h-m-p  0.0087 4.3457   0.1199 -Y    189085.025926  0 0.0003 39178 | 3/116
292 h-m-p  0.0160 8.0000   0.1604 --C   189085.025926  0 0.0003 39412 | 3/116
293 h-m-p  0.0160 8.0000   0.1116 -------Y 189085.025925  0 0.0000 39651 | 3/116
294 h-m-p  0.0055 2.7347   0.2947 ------------..  | 3/116
295 h-m-p  0.0000 0.0181   2.1533 ---Y  189085.025925  0 0.0000 40128 | 3/116
296 h-m-p  0.0000 0.0001 363.9883 -------C 189085.025925  0 0.0000 40254 | 3/116
297 h-m-p  0.0000 0.0060   5.5961 ---C  189085.025925  0 0.0000 40376 | 3/116
298 h-m-p  0.0000 0.0194   0.6832 -Y    189085.025924  0 0.0000 40496 | 3/116
299 h-m-p  0.0004 0.2025   0.2462 -Y    189085.025924  0 0.0000 40729 | 3/116
300 h-m-p  0.0001 0.0750   0.5885 -Y    189085.025924  0 0.0000 40962 | 3/116
301 h-m-p  0.0014 0.7047   0.1512 --C   189085.025923  0 0.0000 41196 | 3/116
302 h-m-p  0.0023 1.1612   0.1243 ---Y  189085.025923  0 0.0000 41431 | 3/116
303 h-m-p  0.0034 1.7129   0.1186 ---C  189085.025923  0 0.0000 41666 | 3/116
304 h-m-p  0.0040 1.9919   0.1266 ------------..  | 3/116
305 h-m-p  0.0000 0.0193   0.8133 --------- | 3/116
306 h-m-p  0.0000 0.0193   0.8133 ---------
Out..
lnL  = -189085.025923
42387 lfun, 211935 eigenQcodon, 18819828 P(t)

BEBing (dim = 4).  This may take many minutes.
Trying to get 0.6M memory in lfunNSsites_ACD

Calculating f(x_h|w) for 121 w's

	   10 / 121 sets.  w for branches:  0.9500 0.9500 lnfX = -321513.4076
	   20 / 121 sets.  w for branches:  0.0500 9.5000 lnfX = -191710.9924
	   30 / 121 sets.  w for branches:  0.1500 9.5000 lnfX = -204652.0417
	   40 / 121 sets.  w for branches:  0.2500 9.5000 lnfX = -222402.3514
	   50 / 121 sets.  w for branches:  0.3500 9.5000 lnfX = -239990.4034
	   60 / 121 sets.  w for branches:  0.4500 9.5000 lnfX = -256513.6255
	   70 / 121 sets.  w for branches:  0.5500 9.5000 lnfX = -271786.1561
	   80 / 121 sets.  w for branches:  0.6500 9.5000 lnfX = -285831.1857
	   90 / 121 sets.  w for branches:  0.7500 9.5000 lnfX = -298734.8227
	  100 / 121 sets.  w for branches:  0.8500 9.5000 lnfX = -310596.7807
	  110 / 121 sets.  w for branches:  0.9500 9.5000 lnfX = -321514.9530
	  120 / 121 sets.  w for branches:  1.0000 9.5000 lnfX = -326649.0340
	  121 / 121 sets.  w for branches:  1.0000 10.5000 lnfX = -326649.2097
Time: 9:45:28
Calculating the marginal likelihood f(X).
	1000 / 10000 grid points, 9:45:28
	2000 / 10000 grid points, 9:45:28
	3000 / 10000 grid points, 9:45:28
	4000 / 10000 grid points, 9:45:28
	5000 / 10000 grid points, 9:45:28
	6000 / 10000 grid points, 9:45:28
	7000 / 10000 grid points, 9:45:28
	8000 / 10000 grid points, 9:45:28
	9000 / 10000 grid points, 9:45:28
	10000 / 10000 grid points, 9:45:28
	log(fX) = -190801.103953  S = -187200.940685 -3590.976341
Calculating f(w_k|X), posterior for site classes for each site.  Slow!

	did  10 / 2442 site patterns  9:45:28
	did  20 / 2442 site patterns  9:45:28
	did  30 / 2442 site patterns  9:45:28
	did  40 / 2442 site patterns  9:45:28
	did  50 / 2442 site patterns  9:45:28
	did  60 / 2442 site patterns  9:45:28
	did  70 / 2442 site patterns  9:45:28
	did  80 / 2442 site patterns  9:45:28
	did  90 / 2442 site patterns  9:45:28
	did 100 / 2442 site patterns  9:45:28
	did 110 / 2442 site patterns  9:45:28
	did 120 / 2442 site patterns  9:45:28
	did 130 / 2442 site patterns  9:45:28
	did 140 / 2442 site patterns  9:45:28
	did 150 / 2442 site patterns  9:45:28
	did 160 / 2442 site patterns  9:45:28
	did 170 / 2442 site patterns  9:45:28
	did 180 / 2442 site patterns  9:45:28
	did 190 / 2442 site patterns  9:45:28
	did 200 / 2442 site patterns  9:45:28
	did 210 / 2442 site patterns  9:45:28
	did 220 / 2442 site patterns  9:45:28
	did 230 / 2442 site patterns  9:45:28
	did 240 / 2442 site patterns  9:45:28
	did 250 / 2442 site patterns  9:45:28
	did 260 / 2442 site patterns  9:45:28
	did 270 / 2442 site patterns  9:45:28
	did 280 / 2442 site patterns  9:45:28
	did 290 / 2442 site patterns  9:45:28
	did 300 / 2442 site patterns  9:45:28
	did 310 / 2442 site patterns  9:45:28
	did 320 / 2442 site patterns  9:45:28
	did 330 / 2442 site patterns  9:45:28
	did 340 / 2442 site patterns  9:45:28
	did 350 / 2442 site patterns  9:45:28
	did 360 / 2442 site patterns  9:45:28
	did 370 / 2442 site patterns  9:45:28
	did 380 / 2442 site patterns  9:45:28
	did 390 / 2442 site patterns  9:45:28
	did 400 / 2442 site patterns  9:45:28
	did 410 / 2442 site patterns  9:45:28
	did 420 / 2442 site patterns  9:45:28
	did 430 / 2442 site patterns  9:45:28
	did 440 / 2442 site patterns  9:45:28
	did 450 / 2442 site patterns  9:45:28
	did 460 / 2442 site patterns  9:45:28
	did 470 / 2442 site patterns  9:45:28
	did 480 / 2442 site patterns  9:45:28
	did 490 / 2442 site patterns  9:45:28
	did 500 / 2442 site patterns  9:45:28
	did 510 / 2442 site patterns  9:45:28
	did 520 / 2442 site patterns  9:45:28
	did 530 / 2442 site patterns  9:45:28
	did 540 / 2442 site patterns  9:45:28
	did 550 / 2442 site patterns  9:45:28
	did 560 / 2442 site patterns  9:45:28
	did 570 / 2442 site patterns  9:45:28
	did 580 / 2442 site patterns  9:45:28
	did 590 / 2442 site patterns  9:45:28
	did 600 / 2442 site patterns  9:45:28
	did 610 / 2442 site patterns  9:45:29
	did 620 / 2442 site patterns  9:45:29
	did 630 / 2442 site patterns  9:45:29
	did 640 / 2442 site patterns  9:45:29
	did 650 / 2442 site patterns  9:45:29
	did 660 / 2442 site patterns  9:45:29
	did 670 / 2442 site patterns  9:45:29
	did 680 / 2442 site patterns  9:45:29
	did 690 / 2442 site patterns  9:45:29
	did 700 / 2442 site patterns  9:45:29
	did 710 / 2442 site patterns  9:45:29
	did 720 / 2442 site patterns  9:45:29
	did 730 / 2442 site patterns  9:45:29
	did 740 / 2442 site patterns  9:45:29
	did 750 / 2442 site patterns  9:45:29
	did 760 / 2442 site patterns  9:45:29
	did 770 / 2442 site patterns  9:45:29
	did 780 / 2442 site patterns  9:45:29
	did 790 / 2442 site patterns  9:45:29
	did 800 / 2442 site patterns  9:45:29
	did 810 / 2442 site patterns  9:45:29
	did 820 / 2442 site patterns  9:45:29
	did 830 / 2442 site patterns  9:45:29
	did 840 / 2442 site patterns  9:45:29
	did 850 / 2442 site patterns  9:45:29
	did 860 / 2442 site patterns  9:45:29
	did 870 / 2442 site patterns  9:45:29
	did 880 / 2442 site patterns  9:45:29
	did 890 / 2442 site patterns  9:45:29
	did 900 / 2442 site patterns  9:45:29
	did 910 / 2442 site patterns  9:45:29
	did 920 / 2442 site patterns  9:45:29
	did 930 / 2442 site patterns  9:45:29
	did 940 / 2442 site patterns  9:45:29
	did 950 / 2442 site patterns  9:45:29
	did 960 / 2442 site patterns  9:45:29
	did 970 / 2442 site patterns  9:45:29
	did 980 / 2442 site patterns  9:45:29
	did 990 / 2442 site patterns  9:45:29
	did 1000 / 2442 site patterns  9:45:29
	did 1010 / 2442 site patterns  9:45:29
	did 1020 / 2442 site patterns  9:45:29
	did 1030 / 2442 site patterns  9:45:29
	did 1040 / 2442 site patterns  9:45:29
	did 1050 / 2442 site patterns  9:45:29
	did 1060 / 2442 site patterns  9:45:29
	did 1070 / 2442 site patterns  9:45:29
	did 1080 / 2442 site patterns  9:45:29
	did 1090 / 2442 site patterns  9:45:29
	did 1100 / 2442 site patterns  9:45:29
	did 1110 / 2442 site patterns  9:45:29
	did 1120 / 2442 site patterns  9:45:29
	did 1130 / 2442 site patterns  9:45:29
	did 1140 / 2442 site patterns  9:45:29
	did 1150 / 2442 site patterns  9:45:29
	did 1160 / 2442 site patterns  9:45:29
	did 1170 / 2442 site patterns  9:45:29
	did 1180 / 2442 site patterns  9:45:29
	did 1190 / 2442 site patterns  9:45:29
	did 1200 / 2442 site patterns  9:45:29
	did 1210 / 2442 site patterns  9:45:29
	did 1220 / 2442 site patterns  9:45:29
	did 1230 / 2442 site patterns  9:45:29
	did 1240 / 2442 site patterns  9:45:29
	did 1250 / 2442 site patterns  9:45:29
	did 1260 / 2442 site patterns  9:45:29
	did 1270 / 2442 site patterns  9:45:29
	did 1280 / 2442 site patterns  9:45:29
	did 1290 / 2442 site patterns  9:45:29
	did 1300 / 2442 site patterns  9:45:29
	did 1310 / 2442 site patterns  9:45:29
	did 1320 / 2442 site patterns  9:45:29
	did 1330 / 2442 site patterns  9:45:29
	did 1340 / 2442 site patterns  9:45:29
	did 1350 / 2442 site patterns  9:45:29
	did 1360 / 2442 site patterns  9:45:29
	did 1370 / 2442 site patterns  9:45:29
	did 1380 / 2442 site patterns  9:45:29
	did 1390 / 2442 site patterns  9:45:29
	did 1400 / 2442 site patterns  9:45:29
	did 1410 / 2442 site patterns  9:45:29
	did 1420 / 2442 site patterns  9:45:29
	did 1430 / 2442 site patterns  9:45:29
	did 1440 / 2442 site patterns  9:45:29
	did 1450 / 2442 site patterns  9:45:29
	did 1460 / 2442 site patterns  9:45:29
	did 1470 / 2442 site patterns  9:45:29
	did 1480 / 2442 site patterns  9:45:29
	did 1490 / 2442 site patterns  9:45:29
	did 1500 / 2442 site patterns  9:45:29
	did 1510 / 2442 site patterns  9:45:29
	did 1520 / 2442 site patterns  9:45:29
	did 1530 / 2442 site patterns  9:45:29
	did 1540 / 2442 site patterns  9:45:29
	did 1550 / 2442 site patterns  9:45:29
	did 1560 / 2442 site patterns  9:45:29
	did 1570 / 2442 site patterns  9:45:29
	did 1580 / 2442 site patterns  9:45:29
	did 1590 / 2442 site patterns  9:45:29
	did 1600 / 2442 site patterns  9:45:29
	did 1610 / 2442 site patterns  9:45:29
	did 1620 / 2442 site patterns  9:45:29
	did 1630 / 2442 site patterns  9:45:29
	did 1640 / 2442 site patterns  9:45:29
	did 1650 / 2442 site patterns  9:45:29
	did 1660 / 2442 site patterns  9:45:29
	did 1670 / 2442 site patterns  9:45:29
	did 1680 / 2442 site patterns  9:45:29
	did 1690 / 2442 site patterns  9:45:29
	did 1700 / 2442 site patterns  9:45:29
	did 1710 / 2442 site patterns  9:45:29
	did 1720 / 2442 site patterns  9:45:29
	did 1730 / 2442 site patterns  9:45:29
	did 1740 / 2442 site patterns  9:45:29
	did 1750 / 2442 site patterns  9:45:29
	did 1760 / 2442 site patterns  9:45:29
	did 1770 / 2442 site patterns  9:45:29
	did 1780 / 2442 site patterns  9:45:29
	did 1790 / 2442 site patterns  9:45:29
	did 1800 / 2442 site patterns  9:45:29
	did 1810 / 2442 site patterns  9:45:29
	did 1820 / 2442 site patterns  9:45:29
	did 1830 / 2442 site patterns  9:45:29
	did 1840 / 2442 site patterns  9:45:29
	did 1850 / 2442 site patterns  9:45:29
	did 1860 / 2442 site patterns  9:45:29
	did 1870 / 2442 site patterns  9:45:29
	did 1880 / 2442 site patterns  9:45:29
	did 1890 / 2442 site patterns  9:45:29
	did 1900 / 2442 site patterns  9:45:29
	did 1910 / 2442 site patterns  9:45:29
	did 1920 / 2442 site patterns  9:45:29
	did 1930 / 2442 site patterns  9:45:29
	did 1940 / 2442 site patterns  9:45:29
	did 1950 / 2442 site patterns  9:45:29
	did 1960 / 2442 site patterns  9:45:29
	did 1970 / 2442 site patterns  9:45:29
	did 1980 / 2442 site patterns  9:45:29
	did 1990 / 2442 site patterns  9:45:29
	did 2000 / 2442 site patterns  9:45:29
	did 2010 / 2442 site patterns  9:45:29
	did 2020 / 2442 site patterns  9:45:29
	did 2030 / 2442 site patterns  9:45:29
	did 2040 / 2442 site patterns  9:45:29
	did 2050 / 2442 site patterns  9:45:29
	did 2060 / 2442 site patterns  9:45:29
	did 2070 / 2442 site patterns  9:45:29
	did 2080 / 2442 site patterns  9:45:29
	did 2090 / 2442 site patterns  9:45:29
	did 2100 / 2442 site patterns  9:45:29
	did 2110 / 2442 site patterns  9:45:29
	did 2120 / 2442 site patterns  9:45:29
	did 2130 / 2442 site patterns  9:45:29
	did 2140 / 2442 site patterns  9:45:29
	did 2150 / 2442 site patterns  9:45:29
	did 2160 / 2442 site patterns  9:45:29
	did 2170 / 2442 site patterns  9:45:29
	did 2180 / 2442 site patterns  9:45:29
	did 2190 / 2442 site patterns  9:45:29
	did 2200 / 2442 site patterns  9:45:29
	did 2210 / 2442 site patterns  9:45:29
	did 2220 / 2442 site patterns  9:45:29
	did 2230 / 2442 site patterns  9:45:29
	did 2240 / 2442 site patterns  9:45:29
	did 2250 / 2442 site patterns  9:45:29
	did 2260 / 2442 site patterns  9:45:29
	did 2270 / 2442 site patterns  9:45:29
	did 2280 / 2442 site patterns  9:45:29
	did 2290 / 2442 site patterns  9:45:29
	did 2300 / 2442 site patterns  9:45:29
	did 2310 / 2442 site patterns  9:45:29
	did 2320 / 2442 site patterns  9:45:29
	did 2330 / 2442 site patterns  9:45:29
	did 2340 / 2442 site patterns  9:45:29
	did 2350 / 2442 site patterns  9:45:29
	did 2360 / 2442 site patterns  9:45:29
	did 2370 / 2442 site patterns  9:45:29
	did 2380 / 2442 site patterns  9:45:29
	did 2390 / 2442 site patterns  9:45:29
	did 2400 / 2442 site patterns  9:45:29
	did 2410 / 2442 site patterns  9:45:29
	did 2420 / 2442 site patterns  9:45:29
	did 2430 / 2442 site patterns  9:45:29
	did 2440 / 2442 site patterns  9:45:29
	did 2442 / 2442 site patterns  9:45:29