  66.9045 CC    189641.094174  1 0.0006 13830 | 2/116
114 h-m-p  0.0004 0.0206 101.1441 CC    189639.926684  1 0.0006 13951 | 2/116
115 h-m-p  0.0004 0.0028 153.7086 CC    189637.862758  1 0.0006 14072 | 2/116
116 h-m-p  0.0004 0.0094 224.7282 YC    189632.812129  1 0.0009 14192 | 2/116
117 h-m-p  0.0004 0.0070 502.3603 +YC   189618.954004  1 0.0011 14313 | 2/116
118 h-m-p  0.0004 0.0031 1268.0014 CCC   189596.068551  2 0.0007 14436 | 2/116
119 h-m-p  0.0003 0.0016 2303.0275 CCCC  189562.423954  3 0.0005 14561 | 2/116
120 h-m-p  0.0003 0.0017 3301.0314 CYC   189525.344172  2 0.0004 14683 | 2/116
121 h-m-p  0.0007 0.0034 1046.7230 YCC   189513.106798  2 0.0005 14805 | 2/116
122 h-m-p  0.0006 0.0030 568.6783 YC    189508.417094  1 0.0003 14925 | 2/116
123 h-m-p  0.0010 0.0097 185.6442 YC    189504.682208  1 0.0008 15045 | 2/116
124 h-m-p  0.0008 0.0105 186.9021 CC    189501.306669  1 0.0007 15166 | 2/116
125 h-m-p  0.0011 0.0081 117.3241 YC    189498.729435  1 0.0008 15286 | 2/116
126 h-m-p  0.0009 0.0078 105.1541 CC    189496.127952  1 0.0008 15407 | 2/116
127 h-m-p  0.0010 0.0126  84.7036 CC    189492.294784  1 0.0013 15528 | 2/116
128 h-m-p  0.0010 0.0085 116.0356 YC    189483.222786  1 0.0022 15648 | 2/116
129 h-m-p  0.0007 0.0102 337.7273 YC    189467.115147  1 0.0013 15768 | 2/116
130 h-m-p  0.0010 0.0054 455.2146 CCC   189447.640783  2 0.0011 15891 | 2/116
131 h-m-p  0.0005 0.0024 681.9518 YCC   189423.814048  2 0.0010 16013 | 2/116
132 h-m-p  0.0008 0.0052 780.9560 CCC   189402.576783  2 0.0008 16136 | 2/116
133 h-m-p  0.0010 0.0049 366.2725 CC    189392.345059  1 0.0008 16257 | 2/116
134 h-m-p  0.0011 0.0141 271.0370 CC    189384.662673  1 0.0009 16378 | 2/116
135 h-m-p  0.0012 0.0060 163.4665 YC    189381.418180  1 0.0008 16498 | 2/116
136 h-m-p  0.0008 0.0050 146.4045 CC    189378.750473  1 0.0008 16619 | 2/116
137 h-m-p  0.0012 0.0159  95.8976 YC    189377.746938  1 0.0006 16739 | 2/116
138 h-m-p  0.0013 0.0360  41.1542 CC    189377.064390  1 0.0011 16860 | 2/116
139 h-m-p  0.0015 0.0270  30.9262 CC    189376.527133  1 0.0013 16981 | 2/116
140 h-m-p  0.0013 0.0356  30.2592 CC    189375.716715  1 0.0018 17102 | 2/116
141 h-m-p  0.0011 0.0104  49.5315 CC    189374.414775  1 0.0015 17223 | 2/116
142 h-m-p  0.0012 0.0297  61.9832 YC    189370.626352  1 0.0027 17343 | 2/116
143 h-m-p  0.0013 0.0137 134.9971 CC    189364.751865  1 0.0017 17464 | 2/116
144 h-m-p  0.0012 0.0092 192.4215 YC    189353.367464  1 0.0021 17584 | 2/116
145 h-m-p  0.0013 0.0192 298.2151 YC    189325.212198  1 0.0032 17704 | 2/116
146 h-m-p  0.0012 0.0074 788.5403 CCC   189287.800342  2 0.0016 17827 | 2/116
147 h-m-p  0.0007 0.0034 337.2645 CC    189278.051441  1 0.0010 17948 | 2/116
148 h-m-p  0.0025 0.0164 140.4903 YC    189274.141761  1 0.0012 18068 | 2/116
149 h-m-p  0.0035 0.0230  47.8377 CC    189273.282122  1 0.0012 18189 | 2/116
150 h-m-p  0.0019 0.0706  29.6739 CC    189272.761430  1 0.0017 18310 | 2/116
151 h-m-p  0.0025 0.0826  20.2371 C     189272.361366  0 0.0024 18429 | 2/116
152 h-m-p  0.0021 0.0595  22.9949 C     189271.976225  0 0.0020 18548 | 2/116
153 h-m-p  0.0019 0.0801  23.3596 CC    189271.293972  1 0.0030 18669 | 2/116
154 h-m-p  0.0017 0.0472  39.9198 YC    189269.452113  1 0.0040 18789 | 2/116
155 h-m-p  0.0015 0.0350 103.2589 YC    189265.828219  1 0.0028 18909 | 2/116
156 h-m-p  0.0022 0.0333 133.3479 YC    189258.262240  1 0.0043 19029 | 2/116
157 h-m-p  0.0015 0.0130 384.6569 YC    189240.923646  1 0.0035 19149 | 2/116
158 h-m-p  0.0024 0.0122 491.5379 YCC   189230.506102  2 0.0016 19271 | 2/116
159 h-m-p  0.0036 0.0250 217.7624 YC    189223.585965  1 0.0025 19391 | 2/116
160 h-m-p  0.0030 0.0323 179.9966 YC    189220.090228  1 0.0016 19511 | 2/116
161 h-m-p  0.0045 0.0225  33.2338 C     189219.756789  0 0.0012 19630 | 2/116
162 h-m-p  0.0020 0.0590  19.9717 CC    189219.479792  1 0.0024 19751 | 2/116
163 h-m-p  0.0034 0.0809  13.7933 YC    189219.374129  1 0.0016 19871 | 2/116
164 h-m-p  0.0022 0.2331  10.1275 YC    189219.164595  1 0.0044 19991 | 2/116
165 h-m-p  0.0022 0.1225  20.2533 YC    189218.775555  1 0.0037 20111 | 2/116
166 h-m-p  0.0017 0.0892  42.7177 +YC   189217.692810  1 0.0045 20232 | 2/116
167 h-m-p  0.0016 0.0628 118.7819 +CC   189212.404338  1 0.0077 20354 | 2/116
168 h-m-p  0.0025 0.0256 369.6624 YC    189202.132452  1 0.0048 20474 | 2/116
169 h-m-p  0.0029 0.0143 551.2555 CC    189194.556437  1 0.0024 20595 | 2/116
170 h-m-p  0.0069 0.0345 102.4855 CC    189193.652667  1 0.0016 20716 | 2/116
171 h-m-p  0.0092 0.1237  17.7874 C     189193.480955  0 0.0023 20835 | 2/116
172 h-m-p  0.0074 0.5269   5.5165 YC    189193.392210  1 0.0050 20955 | 2/116
173 h-m-p  0.0036 0.2178   7.5588 CC    189193.249488  1 0.0050 21076 | 2/116
174 h-m-p  0.0044 0.8741   8.6574 ++CC  189189.650827  1 0.0806 21199 | 2/116
175 h-m-p  0.0023 0.0512 298.8887 CC    189183.951606  1 0.0037 21320 | 2/116
176 h-m-p  0.0052 0.0327 210.0359 YC    189179.590095  1 0.0040 21440 | 2/116
177 h-m-p  0.0067 0.0333  62.8438 YC    189179.201802  1 0.0013 21560 | 2/116
178 h-m-p  0.1394 5.1203   0.5845 ++YC  189172.084164  1 1.6193 21682 | 2/116
179 h-m-p  1.6000 8.0000   0.1522 YCCC  189165.054076  3 2.7942 21920 | 2/116
180 h-m-p  0.4895 8.0000   0.8686 +CCC  189161.105242  2 2.2131 22158 | 2/116
181 h-m-p  1.6000 8.0000   0.1247 CC    189159.756462  1 2.1368 22393 | 2/116
182 h-m-p  1.6000 8.0000   0.0351 YC    189158.974150  1 2.8123 22627 | 2/116
183 h-m-p  1.6000 8.0000   0.0421 CC    189158.443936  1 2.3519 22862 | 2/116
184 h-m-p  0.6767 8.0000   0.1462 +YC   189158.033912  1 2.1833 23097 | 2/116
185 h-m-p  1.6000 8.0000   0.0355 YC    189157.595188  1 2.6761 23331 | 2/116
186 h-m-p  1.6000 8.0000   0.0494 CY    189157.345082  1 1.5515 23566 | 2/116
187 h-m-p  1.6000 8.0000   0.0122 CC    189157.192895  1 2.1696 23801 | 2/116
188 h-m-p  0.4664 8.0000   0.0566 +CC   189157.071042  1 2.4807 24037 | 2/116
189 h-m-p  1.6000 8.0000   0.0244 C     189157.026802  0 1.7041 24270 | 2/116
190 h-m-p  1.3802 8.0000   0.0301 YC    189156.995643  1 2.3174 24504 | 2/116
191 h-m-p  1.6000 8.0000   0.0321 CC    189156.961743  1 2.5492 24739 | 2/116
192 h-m-p  1.6000 8.0000   0.0375 CC    189156.940982  1 2.4382 24974 | 2/116
193 h-m-p  1.6000 8.0000   0.0371 YC    189156.923676  1 3.3743 25208 | 2/116
194 h-m-p  1.6000 8.0000   0.0508 YC    189156.906093  1 3.5031 25442 | 2/116
195 h-m-p  1.6000 8.0000   0.0507 YC    189156.887671  1 3.3384 25676 | 2/116
196 h-m-p  1.6000 8.0000   0.0757 C     189156.878485  0 2.1806 25909 | 2/116
197 h-m-p  1.6000 8.0000   0.0259 C     189156.874294  0 2.2892 26142 | 2/116
198 h-m-p  1.6000 8.0000   0.0280 Y     189156.871925  0 2.7987 26375 | 2/116
199 h-m-p  1.6000 8.0000   0.0337 Y     189156.869524  0 3.2628 26608 | 2/116
200 h-m-p  1.6000 8.0000   0.0450 Y     189156.867037  0 3.5073 26841 | 2/116
201 h-m-p  1.6000 8.0000   0.0642 +Y    189156.863514  0 4.2548 27075 | 2/116
202 h-m-p  1.6000 8.0000   0.0927 Y     189156.860647  0 2.8957 27308 | 2/116
203 h-m-p  1.6000 8.0000   0.0814 +Y    189156.857538  0 4.0045 27542 | 2/116
204 h-m-p  1.6000 8.0000   0.1211 Y     189156.854410  0 3.1268 27775 | 2/116
205 h-m-p  1.6000 8.0000   0.1047 +C    189156.849885  0 5.6312 28009 | 2/116
206 h-m-p  1.6000 8.0000   0.2800 +C    189156.838007  0 6.2071 28243 | 2/116
207 h-m-p  1.6000 8.0000   0.7257 ++    189156.792165  m 8.0000 28476 | 2/116
208 h-m-p  1.5417 8.0000   3.7657 +CC   189156.690100  1 5.1956 28712 | 2/116
209 h-m-p  1.6000 8.0000   5.3479 YC    189156.593465  1 3.2751 28832 | 2/116
210 h-m-p  1.6000 8.0000   9.4089 YC    189156.523888  1 3.0528 28952 | 2/116
211 h-m-p  1.6000 8.0000  10.3557 YC    189156.476268  1 3.0495 29072 | 2/116
212 h-m-p  1.6000 8.0000  13.3307 YC    189156.440277  1 3.3353 29192 | 2/116
213 h-m-p  1.6000 8.0000  18.4191 YC    189156.403999  1 3.8223 29312 | 2/116
214 h-m-p  1.6000 8.0000  31.3525 YC    189156.379078  1 2.9218 29432 | 2/116
215 h-m-p  1.6000 8.0000  44.0199 YC    189156.359958  1 3.3895 29552 | 2/116
216 h-m-p  1.5251 7.6254  65.4251 YC    189156.347989  1 2.6370 29672 | 2/116
217 h-m-p  0.8148 4.0740  80.1093 +C    189156.339011  0 2.9138 29792 | 2/116
218 h-m-p  0.1609 0.8043 115.5634 ++    189156.335677  m 0.8043 29911 | 3/116
219 h-m-p  0.5514 8.0000   0.0029 Y     189156.334784  0 1.2794 30030 | 3/116
220 h-m-p  1.6000 8.0000   0.0011 Y     189156.334626  0 1.2167 30262 | 3/116
221 h-m-p  1.6000 8.0000   0.0002 C     189156.334615  0 1.3521 30494 | 3/116
222 h-m-p  1.6000 8.0000   0.0001 Y     189156.334614  0 1.0956 30726 | 3/116
223 h-m-p  1.6000 8.0000   0.0000 ----------C 189156.334613  0 0.0000 30968
Out..
lnL  = -189156.334613
30969 lfun, 154845 eigenQcodon, 13750236 P(t)

BEBing (dim = 4).  This may take many minutes.
Trying to get 0.6M memory in lfunNSsites_ACD

Calculating f(x_h|w) for 121 w's

	   10 / 121 sets.  w for branches:  0.9500 0.9500 lnfX = -324075.1381
	   20 / 121 sets.  w for branches:  0.0500 9.5000 lnfX = -190870.9909
	   30 / 121 sets.  w for branches:  0.1500 9.5000 lnfX = -204796.1779
	   40 / 121 sets.  w for branches:  0.2500 9.5000 lnfX = -223339.0385
	   50 / 121 sets.  w for branches:  0.3500 9.5000 lnfX = -241538.6949
	   60 / 121 sets.  w for branches:  0.4500 9.5000 lnfX = -258512.1166
	   70 / 121 sets.  w for branches:  0.5500 9.5000 lnfX = -274092.5340
	   80 / 121 sets.  w for branches:  0.6500 9.5000 lnfX = -288325.2799
	   90 / 121 sets.  w for branches:  0.7500 9.5000 lnfX = -301320.1665
	  100 / 121 sets.  w for branches:  0.8500 9.5000 lnfX = -313199.4659
	  110 / 121 sets.  w for branches:  0.9500 9.5000 lnfX = -324080.7268
	  120 / 121 sets.  w for branches:  1.0000 9.5000 lnfX = -329181.1266
	  121 / 121 sets.  w for branches:  1.0000 10.5000 lnfX = -329181.7322
Time: 7:09:38
Calculating the marginal likelihood f(X).
	1000 / 10000 grid points, 7:09:38
	2000 / 10000 grid points, 7:09:38
	3000 / 10000 grid points, 7:09:38
	4000 / 10000 grid points, 7:09:38
	5000 / 10000 grid points, 7:09:38
	6000 / 10000 grid points, 7:09:38
	7000 / 10000 grid points, 7:09:38
	8000 / 10000 grid points, 7:09:38
	9000 / 10000 grid points, 7:09:38
	10000 / 10000 grid points, 7:09:38
	log(fX) = -190023.846853  S = -186602.344590 -3412.700801
Calculating f(w_k|X), posterior for site classes for each site.  Slow!

	did  10 / 2442 site patterns  7:09:38
	did  20 / 2442 site patterns  7:09:38
	did  30 / 2442 site patterns  7:09:38
	did  40 / 2442 site patterns  7:09:38
	did  50 / 2442 site patterns  7:09:38
	did  60 / 2442 site patterns  7:09:38
	did  70 / 2442 site patterns  7:09:38
	did  80 / 2442 site patterns  7:09:38
	did  90 / 2442 site patterns  7:09:38
	did 100 / 2442 site patterns  7:09:38
	did 110 / 2442 site patterns  7:09:38
	did 120 / 2442 site patterns  7:09:38
	did 130 / 2442 site patterns  7:09:38
	did 140 / 2442 site patterns  7:09:38
	did 150 / 2442 site patterns  7:09:38
	did 160 / 2442 site patterns  7:09:38
	did 170 / 2442 site patterns  7:09:38
	did 180 / 2442 site patterns  7:09:38
	did 190 / 2442 site patterns  7:09:38
	did 200 / 2442 site patterns  7:09:38
	did 210 / 2442 site patterns  7:09:38
	did 220 / 2442 site patterns  7:09:38
	did 230 / 2442 site patterns  7:09:38
	did 240 / 2442 site patterns  7:09:38
	did 250 / 2442 site patterns  7:09:38
	did 260 / 2442 site patterns  7:09:38
	did 270 / 2442 site patterns  7:09:38
	did 280 / 2442 site patterns  7:09:38
	did 290 / 2442 site patterns  7:09:38
	did 300 / 2442 site patterns  7:09:38
	did 310 / 2442 site patterns  7:09:38
	did 320 / 2442 site patterns  7:09:38
	did 330 / 2442 site patterns  7:09:38
	did 340 / 2442 site patterns  7:09:38
	did 350 / 2442 site patterns  7:09:38
	did 360 / 2442 site patterns  7:09:38
	did 370 / 2442 site patterns  7:09:38
	did 380 / 2442 site patterns  7:09:38
	did 390 / 2442 site patterns  7:09:38
	did 400 / 2442 site patterns  7:09:38
	did 410 / 2442 site patterns  7:09:38
	did 420 / 2442 site patterns  7:09:38
	did 430 / 2442 site patterns  7:09:38
	did 440 / 2442 site patterns  7:09:38
	did 450 / 2442 site patterns  7:09:38
	did 460 / 2442 site patterns  7:09:38
	did 470 / 2442 site patterns  7:09:38
	did 480 / 2442 site patterns  7:09:38
	did 490 / 2442 site patterns  7:09:38
	did 500 / 2442 site patterns  7:09:38
	did 510 / 2442 site patterns  7:09:38
	did 520 / 2442 site patterns  7:09:38
	did 530 / 2442 site patterns  7:09:38
	did 540 / 2442 site patterns  7:09:38
	did 550 / 2442 site patterns  7:09:38
	did 560 / 2442 site patterns  7:09:38
	did 570 / 2442 site patterns  7:09:38
	did 580 / 2442 site patterns  7:09:38
	did 590 / 2442 site patterns  7:09:38
	did 600 / 2442 site patterns  7:09:38
	did 610 / 2442 site patterns  7:09:38
	did 620 / 2442 site patterns  7:09:38
	did 630 / 2442 site patterns  7:09:38
	did 640 / 2442 site patterns  7:09:38
	did 650 / 2442 site patterns  7:09:38
	did 660 / 2442 site patterns  7:09:38
	did 670 / 2442 site patterns  7:09:38
	did 680 / 2442 site patterns  7:09:38
	did 690 / 2442 site patterns  7:09:38
	did 700 / 2442 site patterns  7:09:38
	did 710 / 2442 site patterns  7:09:38
	did 720 / 2442 site patterns  7:09:38
	did 730 / 2442 site patterns  7:09:38
	did 740 / 2442 site patterns  7:09:38
	did 750 / 2442 site patterns  7:09:38
	did 760 / 2442 site patterns  7:09:38
	did 770 / 2442 site patterns  7:09:38
	did 780 / 2442 site patterns  7:09:38
	did 790 / 2442 site patterns  7:09:38
	did 800 / 2442 site patterns  7:09:38
	did 810 / 2442 site patterns  7:09:38
	did 820 / 2442 site patterns  7:09:38
	did 830 / 2442 site patterns  7:09:38
	did 840 / 2442 site patterns  7:09:38
	did 850 / 2442 site patterns  7:09:38
	did 860 / 2442 site patterns  7:09:38
	did 870 / 2442 site patterns  7:09:38
	did 880 / 2442 site patterns  7:09:38
	did 890 / 2442 site patterns  7:09:38
	did 900 / 2442 site patterns  7:09:38
	did 910 / 2442 site patterns  7:09:38
	did 920 / 2442 site patterns  7:09:38
	did 930 / 2442 site patterns  7:09:38
	did 940 / 2442 site patterns  7:09:38
	did 950 / 2442 site patterns  7:09:38
	did 960 / 2442 site patterns  7:09:38
	did 970 / 2442 site patterns  7:09:38
	did 980 / 2442 site patterns  7:09:38
	did 990 / 2442 site patterns  7:09:38
	did 1000 / 2442 site patterns  7:09:38
	did 1010 / 2442 site patterns  7:09:38
	did 1020 / 2442 site patterns  7:09:38
	did 1030 / 2442 site patterns  7:09:38
	did 1040 / 2442 site patterns  7:09:38
	did 1050 / 2442 site patterns  7:09:38
	did 1060 / 2442 site patterns  7:09:38
	did 1070 / 2442 site patterns  7:09:38
	did 1080 / 2442 site patterns  7:09:38
	did 1090 / 2442 site patterns  7:09:38
	did 1100 / 2442 site patterns  7:09:38
	did 1110 / 2442 site patterns  7:09:38
	did 1120 / 2442 site patterns  7:09:38
	did 1130 / 2442 site patterns  7:09:38
	did 1140 / 2442 site patterns  7:09:39
	did 1150 / 2442 site patterns  7:09:39
	did 1160 / 2442 site patterns  7:09:39
	did 1170 / 2442 site patterns  7:09:39
	did 1180 / 2442 site patterns  7:09:39
	did 1190 / 2442 site patterns  7:09:39
	did 1200 / 2442 site patterns  7:09:39
	did 1210 / 2442 site patterns  7:09:39
	did 1220 / 2442 site patterns  7:09:39
	did 1230 / 2442 site patterns  7:09:39
	did 1240 / 2442 site patterns  7:09:39
	did 1250 / 2442 site patterns  7:09:39
	did 1260 / 2442 site patterns  7:09:39
	did 1270 / 2442 site patterns  7:09:39
	did 1280 / 2442 site patterns  7:09:39
	did 1290 / 2442 site patterns  7:09:39
	did 1300 / 2442 site patterns  7:09:39
	did 1310 / 2442 site patterns  7:09:39
	did 1320 / 2442 site patterns  7:09:39
	did 1330 / 2442 site patterns  7:09:39
	did 1340 / 2442 site patterns  7:09:39
	did 1350 / 2442 site patterns  7:09:39
	did 1360 / 2442 site patterns  7:09:39
	did 1370 / 2442 site patterns  7:09:39
	did 1380 / 2442 site patterns  7:09:39
	did 1390 / 2442 site patterns  7:09:39
	did 1400 / 2442 site patterns  7:09:39
	did 1410 / 2442 site patterns  7:09:39
	did 1420 / 2442 site patterns  7:09:39
	did 1430 / 2442 site patterns  7:09:39
	did 1440 / 2442 site patterns  7:09:39
	did 1450 / 2442 site patterns  7:09:39
	did 1460 / 2442 site patterns  7:09:39
	did 1470 / 2442 site patterns  7:09:39
	did 1480 / 2442 site patterns  7:09:39
	did 1490 / 2442 site patterns  7:09:39
	did 1500 / 2442 site patterns  7:09:39
	did 1510 / 2442 site patterns  7:09:39
	did 1520 / 2442 site patterns  7:09:39
	did 1530 / 2442 site patterns  7:09:39
	did 1540 / 2442 site patterns  7:09:39
	did 1550 / 2442 site patterns  7:09:39
	did 1560 / 2442 site patterns  7:09:39
	did 1570 / 2442 site patterns  7:09:39
	did 1580 / 2442 site patterns  7:09:39
	did 1590 / 2442 site patterns  7:09:39
	did 1600 / 2442 site patterns  7:09:39
	did 1610 / 2442 site patterns  7:09:39
	did 1620 / 2442 site patterns  7:09:39
	did 1630 / 2442 site patterns  7:09:39
	did 1640 / 2442 site patterns  7:09:39
	did 1650 / 2442 site patterns  7:09:39
	did 1660 / 2442 site patterns  7:09:39
	did 1670 / 2442 site patterns  7:09:39
	did 1680 / 2442 site patterns  7:09:39
	did 1690 / 2442 site patterns  7:09:39
	did 1700 / 2442 site patterns  7:09:39
	did 1710 / 2442 site patterns  7:09:39
	did 1720 / 2442 site patterns  7:09:39
	did 1730 / 2442 site patterns  7:09:39
	did 1740 / 2442 site patterns  7:09:39
	did 1750 / 2442 site patterns  7:09:39
	did 1760 / 2442 site patterns  7:09:39
	did 1770 / 2442 site patterns  7:09:39
	did 1780 / 2442 site patterns  7:09:39
	did 1790 / 2442 site patterns  7:09:39
	did 1800 / 2442 site patterns  7:09:39
	did 1810 / 2442 site patterns  7:09:39
	did 1820 / 2442 site patterns  7:09:39
	did 1830 / 2442 site patterns  7:09:39
	did 1840 / 2442 site patterns  7:09:39
	did 1850 / 2442 site patterns  7:09:39
	did 1860 / 2442 site patterns  7:09:39
	did 1870 / 2442 site patterns  7:09:39
	did 1880 / 2442 site patterns  7:09:39
	did 1890 / 2442 site patterns  7:09:39
	did 1900 / 2442 site patterns  7:09:39
	did 1910 / 2442 site patterns  7:09:39
	did 1920 / 2442 site patterns  7:09:39
	did 1930 / 2442 site patterns  7:09:39
	did 1940 / 2442 site patterns  7:09:39
	did 1950 / 2442 site patterns  7:09:39
	did 1960 / 2442 site patterns  7:09:39
	did 1970 / 2442 site patterns  7:09:39
	did 1980 / 2442 site patterns  7:09:39
	did 1990 / 2442 site patterns  7:09:39
	did 2000 / 2442 site patterns  7:09:39
	did 2010 / 2442 site patterns  7:09:39
	did 2020 / 2442 site patterns  7:09:39
	did 2030 / 2442 site patterns  7:09:39
	did 2040 / 2442 site patterns  7:09:39
	did 2050 / 2442 site patterns  7:09:39
	did 2060 / 2442 site patterns  7:09:39
	did 2070 / 2442 site patterns  7:09:39
	did 2080 / 2442 site patterns  7:09:39
	did 2090 / 2442 site patterns  7:09:39
	did 2100 / 2442 site patterns  7:09:39
	did 2110 / 2442 site patterns  7:09:39
	did 2120 / 2442 site patterns  7:09:39
	did 2130 / 2442 site patterns  7:09:39
	did 2140 / 2442 site patterns  7:09:39
	did 2150 / 2442 site patterns  7:09:39
	did 2160 / 2442 site patterns  7:09:39
	did 2170 / 2442 site patterns  7:09:39
	did 2180 / 2442 site patterns  7:09:39
	did 2190 / 2442 site patterns  7:09:39
	did 2200 / 2442 site patterns  7:09:39
	did 2210 / 2442 site patterns  7:09:39
	did 2220 / 2442 site patterns  7:09:39
	did 2230 / 2442 site patterns  7:09:39
	did 2240 / 2442 site patterns  7:09:39
	did 2250 / 2442 site patterns  7:09:39
	did 2260 / 2442 site patterns  7:09:39
	did 2270 / 2442 site patterns  7:09:39
	did 2280 / 2442 site patterns  7:09:39
	did 2290 / 2442 site patterns  7:09:39
	did 2300 / 2442 site patterns  7:09:39
	did 2310 / 2442 site patterns  7:09:39
	did 2320 / 2442 site patterns  7:09:39
	did 2330 / 2442 site patterns  7:09:39
	did 2340 / 2442 site patterns  7:09:39
	did 2350 / 2442 site patterns  7:09:39
	did 2360 / 2442 site patterns  7:09:39
	did 2370 / 2442 site patterns  7:09:39
	did 2380 / 2442 site patterns  7:09:39
	did 2390 / 2442 site patterns  7:09:39
	did 2400 / 2442 site patterns  7:09:39
	did 2410 / 2442 site patterns  7:09:39
	did 2420 / 2442 site patterns  7:09:39
	did 2430 / 2442 site patterns  7:09:39
	did 2440 / 2442 site patterns  7:09:39
	did 2442 / 2442 site patterns  7:09:39