000   0.4112 CYC   12816.132628  2 1.3802   179 | 0/3
 15 h-m-p  1.1188 8.0000   0.5073 YC    12816.111409  1 0.6774   189 | 0/3
 16 h-m-p  1.6000 8.0000   0.1183 C     12816.104994  0 1.4974   198 | 0/3
 17 h-m-p  1.6000 8.0000   0.0503 C     12816.103476  0 1.7995   207 | 0/3
 18 h-m-p  1.6000 8.0000   0.0254 C     12816.103328  0 1.5417   216 | 0/3
 19 h-m-p  1.6000 8.0000   0.0123 -Y    12816.103328  0 0.1676   226 | 0/3
 20 h-m-p  0.2396 8.0000   0.0086 Y     12816.103328  0 0.0358   235 | 0/3
 21 h-m-p  0.0380 8.0000   0.0081 --------------..  | 0/3
 22 h-m-p  0.0158 7.8854  12.5543 --------Y 12816.103325  0 0.0000   273 | 0/3
 23 h-m-p  0.0160 8.0000   0.0078 +Y    12816.103324  0 0.0489   283 | 0/3
 24 h-m-p  0.5027 8.0000   0.0008 ------C 12816.103324  0 0.0000   298


t_NG = 2.17170	MLEs:  9.04199 1.99362 0.00379
Nucleotide-based analysis (approximate MLEs; use baseml to get proper MLEs):

dHKY (123-4):  0.18375  0.04085  1.09579  1.85940
kHKY (123-4):  4.13364  2.07831  4.77062  0.24319 (739 four-fold sites)

  19 vs.   7
  npatt=327 
Iterating by ming2
Initial: fx= 13799.631873
x=  2.71364  2.25611  0.12761

  1 h-m-p  0.0000 0.0000 5773.1722 +YYYCYCCCC 13169.962954  8 0.0000    23 | 0/3
  2 h-m-p  0.0066 0.1486  16.2024 YC    13169.594788  1 0.0029    33 | 0/3
  3 h-m-p  0.0006 0.0231  81.5465 ++YYCCCC 13162.495788  5 0.0098    52 | 0/3
  4 h-m-p  1.6000 8.0000   0.0987 YCCC  13158.790081  3 3.4221    66 | 0/3
  5 h-m-p  1.1945 7.7034   0.2828 YYYC  13155.632812  3 1.1945    78 | 0/3
  6 h-m-p  1.6000 8.0000   0.1385 CYC   13154.027602  2 1.1817    90 | 0/3
  7 h-m-p  0.7881 6.5678   0.2077 YYC   13153.624700  2 0.5908   101 | 0/3
  8 h-m-p  1.6000 8.0000   0.0156 YC    13153.615893  1 1.0195   111 | 0/3
  9 h-m-p  1.6000 8.0000   0.0042 Y     13153.614760  0 0.6469   120 | 0/3
 10 h-m-p  1.6000 8.0000   0.0008 Y     13153.614743  0 0.8976   129 | 0/3
 11 h-m-p  1.6000 8.0000   0.0000 C     13153.614743  0 0.5585   138 | 0/3
 12 h-m-p  1.2402 8.0000   0.0000 --Y   13153.614743  0 0.0194   149


t_NG = 2.48419	MLEs:  1.75159 1.42529 0.02851
Nucleotide-based analysis (approximate MLEs; use baseml to get proper MLEs):

dHKY (123-4):  0.17637  0.05685  0.87641  1.23266
kHKY (123-4):  3.51475  1.66896  5.15907  1.38816 (734 four-fold sites)

  19 vs.   8
  npatt=135 
Iterating by ming2
Initial: fx= 10887.093888
x=  0.25802  1.89559  0.10547

  1 h-m-p  0.0000 0.0001 1177.7705 ++    10770.246698  m 0.0001    10 | 0/3
  2 h-m-p  0.0015 0.0076  49.5794 YC    10769.944838  1 0.0002    20 | 0/3
  3 h-m-p  0.0143 7.1527  80.7898 YCCCC 10757.188663  4 0.0077    36 | 0/3
  4 h-m-p  0.1016 0.5082   4.0452 CCC   10754.439470  2 0.1449    49 | 0/3
  5 h-m-p  1.6000 8.0000   0.0524 +CCC  10752.526789  2 5.6237    63 | 0/3
  6 h-m-p  1.6000 8.0000   0.0458 CC    10752.443147  1 2.0316    74 | 0/3
  7 h-m-p  1.6000 8.0000   0.0247 C     10752.435544  0 1.4666    83 | 0/3
  8 h-m-p  1.6000 8.0000   0.0033 C     10752.434967  0 1.9464    92 | 0/3
  9 h-m-p  1.6000 8.0000   0.0005 Y     10752.434961  0 0.9803   101 | 0/3
 10 h-m-p  1.6000 8.0000   0.0000 C     10752.434961  0 1.6000   110 | 0/3
 11 h-m-p  1.6000 8.0000   0.0000 --C   10752.434961  0 0.0250   121


t_NG = 0.27915	MLEs:  0.27518 3.28730 0.00515
Nucleotide-based analysis (approximate MLEs; use baseml to get proper MLEs):

dHKY (123-4):  0.02593  0.00175  0.24060  0.33533
kHKY (123-4):  8.90998  2.30335  9.67819  4.47359 (863 four-fold sites)

  19 vs.   9
  npatt=362 
Iterating by ming2
Initial: fx= 13724.313692
x=  2.16620  2.96725  0.08765

  1 h-m-p  0.0000 0.0000 4060.3320 +YCYCCC 13569.146008  5 0.0000    20 | 0/3
  2 h-m-p  0.0007 0.0103  79.1230 +YYYCC 13560.313110  4 0.0025    35 | 0/3
  3 h-m-p  0.0054 0.0679  36.6727 +CYCYC 13529.292128  4 0.0383    52 | 0/3
  4 h-m-p  1.6000 8.0000   0.5135 YCYCYC 13500.512047  5 3.7353    68 | 0/3
  5 h-m-p  0.8829 4.4146   0.3358 YC    13499.009296  1 0.3576    78 | 0/3
  6 h-m-p  0.3015 3.9567   0.3983 YCC   13497.953906  2 0.6152    90 | 0/3
  7 h-m-p  1.1471 8.0000   0.2136 YCCC  13496.472800  3 2.6190   104 | 0/3
  8 h-m-p  1.2336 8.0000   0.4535 +YYC  13492.829027  2 4.4409   116 | 0/3
  9 h-m-p  1.6000 8.0000   0.1366 YC    13492.199588  1 0.6654   126 | 0/3
 10 h-m-p  0.0850 4.0823   1.0693 +YCCC 13490.548402  3 0.8334   141 | 0/3
 11 h-m-p  1.4606 8.0000   0.6101 YCCCC 13489.888395  4 1.7004   157 | 0/3
 12 h-m-p  0.9341 8.0000   1.1105 YCYC  13488.556018  3 1.7473   170 | 0/3
 13 h-m-p  0.5607 2.8035   2.2926 YYCC  13488.095502  3 0.3979   183 | 0/3
 14 h-m-p  1.6000 8.0000   0.5570 YYC   13487.703744  2 1.4596   194 | 0/3
 15 h-m-p  1.6000 8.0000   0.0922 YC    13487.567725  1 0.8401   204 | 0/3
 16 h-m-p  0.0713 8.0000   1.0869 ++CYCCC 13487.073574  4 1.9617   222 | 0/3
 17 h-m-p  1.6000 8.0000   0.7456 +CC   13486.462623  1 6.4000   234 | 0/3
 18 h-m-p  1.6000 8.0000   0.3276 YC    13486.260558  1 0.9614   244 | 0/3
 19 h-m-p  0.0454 1.2262   6.9339 +YYC  13486.088067  2 0.1359   256 | 0/3
 20 h-m-p  0.8175 8.0000   1.1531 CYC   13485.993010  2 1.3644   268 | 0/3
 21 h-m-p  1.2128 8.0000   1.2972 YCYC  13485.757876  3 2.7263   281 | 0/3
 22 h-m-p  1.6000 8.0000   0.2073 CC    13485.694766  1 0.4833   292 | 0/3
 23 h-m-p  0.0461 6.2815   2.1723 ++CYC 13485.541903  2 1.1440   306 | 0/3
 24 h-m-p  1.6000 8.0000   1.4802 YYC   13485.466516  2 1.6000   317 | 0/3
 25 h-m-p  1.0045 8.0000   2.3577 +YYCCYC 13485.227798  5 4.5126   334 | 0/3
 26 h-m-p  0.4171 2.0855   4.0053 CC    13485.203563  1 0.1637   345 | 0/3
 27 h-m-p  1.6000 8.0000   0.2067 CC    13485.104969  1 0.4711   356 | 0/3
 28 h-m-p  0.1431 8.0000   0.6805 +++   13485.059494  m 8.0000   366 | 0/3
 29 h-m-p  1.6000 8.0000   2.0116 C     13485.038227  0 0.6104   375 | 0/3
 30 h-m-p  0.6211 3.1056   1.2652 ++    13484.986679  m 3.1056   384 | 1/3
 31 h-m-p  1.4577 7.2886   0.0031 ---Y  13484.986677  0 0.0041   396 | 1/3
 32 h-m-p  0.0160 8.0000   0.0021 -----Y 13484.986677  0 0.0000   409 | 1/3
 33 h-m-p  0.0160 8.0000   0.0007 -------------..  | 1/3
 34 h-m-p  0.0008 0.4056 244.0904 -----------


t_NG = 2.28788	MLEs:  50.00000 1.90894 0.00125
Nucleotide-based analysis (approximate MLEs; use baseml to get proper MLEs):

dHKY (123-4):  0.21277  0.07550  1.40259  2.08408
kHKY (123-4):  2.88219  2.13239  6.61226  1.69472 (707 four-fold sites)

  19 vs.  10
  npatt=369 
Iterating by ming2
Initial: fx= 14042.934287
x=  2.25194  2.03616  0.14639

  1 h-m-p  0.0000 0.0000 4293.4915 +YYYYYC 13580.044284  5 0.0000    16 | 0/3
  2 h-m-p  0.0014 0.0071  54.5479 CCC   13579.101926  2 0.0006    29 | 0/3
  3 h-m-p  0.0018 0.0895  18.5843 ++YYYC 13574.155993  3 0.0265    43 | 0/3
  4 h-m-p  1.6000 8.0000   0.2479 YCYCCC 13554.555824  5 3.8063    60 | 0/3
  5 h-m-p  1.6000 8.0000   0.2461 CCC   13550.782991  2 0.5643    73 | 0/3
  6 h-m-p  0.4389 8.0000   0.3165 +CYCCC 13546.133443  4 2.8548    90 | 0/3
  7 h-m-p  1.6000 8.0000   0.3053 +CC   13541.104005  1 6.4406   102 | 0/3
  8 h-m-p  1.6000 8.0000   0.3454 YCC   13540.245511  2 1.1176   114 | 0/3
  9 h-m-p  0.2235 2.3925   1.7269 YYC   13539.887813  2 0.1810   125 | 0/3
 10 h-m-p  0.9036 8.0000   0.3459 +YCYC 13539.406468  3 2.6595   139 | 0/3
 11 h-m-p  1.6000 8.0000   0.4170 YYC   13538.870382  2 2.0707   150 | 0/3
 12 h-m-p  0.7579 5.1956   1.1394 YYC   13538.696124  2 0.5163   161 | 0/3
 13 h-m-p  1.6000 8.0000   0.3430 CCC   13538.616856  2 1.8688   174 | 0/3
 14 h-m-p  1.6000 8.0000   0.1518 YC    13538.572767  1 0.8230   184 | 0/3
 15 h-m-p  0.3915 8.0000   0.3191 +CYC  13538.520135  2 2.1723   197 | 0/3
 16 h-m-p  1.6000 8.0000   0.1350 C     13538.508122  0 1.6000   206 | 0/3
 17 h-m-p  0.8176 8.0000   0.2643 C     13538.504063  0 0.8176   215 | 0/3
 18 h-m-p  1.6000 8.0000   0.0913 C     13538.503204  0 1.3818   224 | 0/3
 19 h-m-p  1.6000 8.0000   0.0066 Y     13538.503142  0 1.0713   233 | 0/3
 20 h-m-p  0.6898 8.0000   0.0103 +Y    13538.503115  0 2.2066   243 | 0/3
 21 h-m-p  1.6000 8.0000   0.0111 -C    13538.503115  0 0.0999   253 | 0/3
 22 h-m-p  0.1117 8.0000   0.0099 -C    13538.503115  0 0.0070   263 | 0/3
 23 h-m-p  0.0160 8.0000   0.0099 ------Y 13538.503115  0 0.0000   278 | 0/3
 24 h-m-p  0.0160 8.0000   0.0241 +C    13538.503114  0 0.0721   288 | 0/3
 25 h-m-p  0.8983 8.0000   0.0019 -C    13538.503114  0 0.0632   298 | 0/3
 26 h-m-p  0.0831 8.0000   0.0015 C     13538.503114  0 0.0823   307 | 0/3
 27 h-m-p  0.1180 8.0000   0.0010 C     13538.503114  0 0.1018   316 | 0/3
 28 h-m-p  0.1750 8.0000   0.0006 C     13538.503114  0 0.1429   325 | 0/3
 29 h-m-p  0.3410 8.0000   0.0003 Y     13538.503114  0 0.2211   334 | 0/3
 30 h-m-p  0.2607 8.0000   0.0002 Y     13538.503114  0 0.4597   343 | 0/3
 31 h-m-p  0.3900 8.0000   0.0003 ++Y   13538.503114  0 3.9012   354 | 0/3
 32 h-m-p  0.6550 8.0000   0.0015 ------Y 13538.503114  0 0.0000   369 | 0/3
 33 h-m-p  0.0160 8.0000   0.0004 --Y   13538.503114  0 0.0001   380 | 0/3
 34 h-m-p  0.0160 8.0000   0.0035 -------------..  | 0/3
 35 h-m-p  0.0160 8.0000   0.1493 -------------


t_NG = 2.28559	MLEs:  11.08740 1.96833 0.00606
Nucleotide-based analysis (approximate MLEs; use baseml to get proper MLEs):

dHKY (123-4):  0.21233  0.07738  1.28823  1.88355
kHKY (123-4):  3.01602  1.98960  5.54038  0.46702 (704 four-fold sites)

  19 vs.  11
  npatt=311 
Iterating by ming2
Initial: fx= 13201.798934
x=  2.32467  2.08352  0.06131

  1 h-m-p  0.0000 0.0000 6419.3115 +YYCYCC 12993.776171  5 0.0000    18 | 0/3
  2 h-m-p  0.0016 0.0246  25.9042 CCC   12992.804009  2 0.0027    31 | 0/3
  3 h-m-p  0.0062 0.1479  11.4839 +CYCCC 12990.278012  4 0.0379    48 | 0/3
  4 h-m-p  1.6000 8.0000   0.2181 +YCCC 12983.854001  3 4.8315    63 | 0/3
  5 h-m-p  1.6000 8.0000   0.0252 CY    12983.567823  1 0.4506    74 | 0/3
  6 h-m-p  0.1208 8.0000   0.0941 +++YC 12983.189260  1 5.6638    87 | 0/3
  7 h-m-p  1.6000 8.0000   0.1059 YYC   12983.067138  2 2.2782    98 | 0/3
  8 h-m-p  0.9187 8.0000   0.2627 YYC   12983.024345  2 0.7775   109 | 0/3
  9 h-m-p  1.6000 8.0000   0.1079 CC    12983.002367  1 2.4433   120 | 0/3
 10 h-m-p  1.6000 8.0000   0.0233 YC    12982.996244  1 0.8767   130 | 0/3
 11 h-m-p  0.2414 8.0000   0.0845 +Y    12982.991275  0 1.6087   140 | 0/3
 12 h-m-p  1.6000 8.0000   0.0313 C     12982.990810  0 1.9670   149 | 0/3
 13 h-m-p  1.6000 8.0000   0.0066 Y     12982.990805  0 0.8113   158 | 0/3
 14 h-m-p  1.6000 8.0000   0.0027 ------C 12982.990805  0 0.0001   173 | 0/3
 15 h-m-p  0.0160 8.0000   0.0079 -------Y 12982.990805  0 0.0000   189 | 0/3
 16 h-m-p  0.0160 8.0000   0.0017 +C    12982.990805  0 0.0609   199 | 0/3
 17 h-m-p  0.1446 8.0000   0.0007 ---C  12982.990805  0 0.0005   211


t_NG = 2.20112	MLEs:  4.74959 1.95819 0.00890
Nucleotide-based analysis (approximate MLEs; use baseml to get proper MLEs):

dHKY (123-4):  0.18519  0.04745  1.09884  1.64183
kHKY (123-4):  4.20628  1.89469  5.30373  0.86571 (730 four-fold sites)

  19 vs.  12
  npatt=315 
Iterating by ming2
Initial: fx= 13336.337631
x=  1.96344  2.01173  0.09286

  1 h-m-p  0.0000 0.0000 5155.1973 +YYYCCC 13031.332728  5 0.0000    18 | 0/3
  2 h-m-p  0.0016 0.0091  44.6624 YCC   13030.335859  2 0.0009    30 | 0/3
  3 h-m-p  0.0039 0.1512  10.7520 +YCCC 13027.884190  3 0.0366    45 | 0/3
  4 h-m-p  1.4833 8.0000   0.2650 YCCC  13013.696273  3 3.6184    59 | 0/3
  5 h-m-p  1.6000 8.0000   0.1283 CYC   13013.116333  2 0.4578    71 | 0/3
  6 h-m-p  0.4382 8.0000   0.1341 +YC   13012.830815  1 1.3971    82 | 0/3
  7 h-m-p  1.6000 8.0000   0.0743 YC    13012.524346  1 3.7885    92 | 0/3
  8 h-m-p  1.6000 8.0000   0.0217 YC    13012.509458  1 1.0045   102 | 0/3
  9 h-m-p  0.8657 8.0000   0.0252 C     13012.506985  0 1.2569   111 | 0/3
 10 h-m-p  1.6000 8.0000   0.0029 Y     13012.506909  0 1.2489   120 | 0/3
 11 h-m-p  1.6000 8.0000   0.0001 C     13012.506909  0 1.3694   129 | 0/3
 12 h-m-p  1.6000 8.0000   0.0000 --C   13012.506909  0 0.0370   140 | 0/3
 13 h-m-p  0.0412 8.0000   0.0000 --C   13012.506909  0 0.0006   151


t_NG = 2.21051	MLEs:  3.35473 1.66952 0.01266
Nucleotide-based analysis (approximate MLEs; use baseml to get proper MLEs):

dHKY (123-4):  0.17017  0.05309  1.30809  1.72916
kHKY (123-4):  3.37945  1.73185  7.33775  1.27543 (748 four-fold sites)

  19 vs.  13
  npatt=193 
Iterating by ming2
Initial: fx= 12986.541114
x=  1.85899  1.79540  0.15587

  1 h-m-p  0.0000 0.0000 4764.5946 ++    12121.282184  m 0.0000    10 | 0/3
  2 h-m-p  0.0003 0.0033 562.9297 +
    0.000010    2.175142    0.017483
lfun2dSdN: fh = -0.000000000

    0.000010    2.175142    0.017483
lfun2dSdN: fh = -0.000000000

    0.000010    2.175142    0.017483
lfun2dSdN: fh = -0.000000000

    0.000010    2.175142    0.017483
lfun2dSdN: fh = -0.000000000

    0.000010    2.175142    0.017483
lfun2dSdN: fh = -0.000000000
YYYYC 12038.800188  4 0.0011    24 | 0/3
  3 h-m-p  0.0878 0.4389   3.4738 CCCC  12035.250536  3 0.1318    39 | 0/3
  4 h-m-p  0.1441 8.0000   3.1789 YCC   12034.235168  2 0.0582    51 | 0/3
  5 h-m-p  1.6000 8.0000   0.0326 +YC   12032.618879  1 4.8614    62 | 0/3
  6 h-m-p  1.3281 8.0000   0.1192 CC    12031.461017  1 1.8743    73 | 0/3
  7 h-m-p  1.6000 8.0000   0.0134 C     12031.409983  0 1.5028    82 | 0/3
  8 h-m-p  1.6000 8.0000   0.0020 Y     12031.409839  0 0.9213    91 | 0/3
  9 h-m-p  1.6000 8.0000   0.0001 Y     12031.409839  0 1.1112   100 | 0/3
 10 h-m-p  1.6000 8.0000   0.0000 ---Y  12031.409839  0 0.0063   112


t_NG = 1.70673	MLEs:  1.32181 1.65182 0.00874
Nucleotide-based analysis (approximate MLEs; use baseml to get proper MLEs):

dHKY (123-4):  0.09138  0.01278  0.83083  1.24874
kHKY (123-4):  5.07642  2.83744  6.30956  1.84200 (826 four-fold sites)

  19 vs.  14
  npatt=188 
Iterating by ming2
Initial: fx= 12207.277059
x=  0.85696  1.93676  0.15329

  1 h-m-p  0.0000 0.0001 2505.2717 +YCCYC 11833.322039  4 0.0001    18 | 0/3
  2 h-m-p  0.0177 0.2264   7.9886 --C   11833.310707  0 0.0004    29 | 0/3
  3 h-m-p  0.0160 8.0000  20.0440 YCC   11832.644611  2 0.0107    41 | 0/3
  4 h-m-p  1.6000 8.0000   0.0716 YC    11832.323828  1 0.8020    51 | 0/3
  5 h-m-p  1.6000 8.0000   0.0064 Y     11832.323158  0 1.1992    60 | 0/3
  6 h-m-p  1.6000 8.0000   0.0001 Y     11832.323157  0 0.9720    69 | 0/3
  7 h-m-p  1.6000 8.0000   0.0000 ----------------..  | 0/3
  8 h-m-p  0.0160 8.0000   0.0313 -------------


t_NG = 0.90407	MLEs:  0.83153 2.21507 0.01419
Nucleotide-based analysis (approximate MLEs; use baseml to get proper MLEs):

dHKY (123-4):  0.08166  0.00969  0.60438  0.84989
kHKY (123-4):  7.17762  4.05449  6.47352  2.24922 (806 four-fold sites)

  19 vs.  15
  npatt=321 
Iterating by ming2
Initial: fx= 13812.925296
x=  2.40467  2.31432  0.15460

  1 h-m-p  0.0000 0.0000 4900.7731 +YYCYYCCC 13098.363939  7 0.0000    21 | 0/3
  2 h-m-p  0.0016 0.0078  33.9488 CY    13098.155925  1 0.0004    32 | 0/3
  3 h-m-p  0.0005 0.0873  22.3852 +++YYYYY 13090.393477  4 0.0338    48 | 0/3
  4 h-m-p  1.6000 8.0000   0.1087 +YCCC 13084.423242  3 4.8573    63 | 0/3
  5 h-m-p  1.6000 8.0000   0.1813 YCC   13082.050304  2 1.0588    75 | 0/3
  6 h-m-p  0.7906 8.0000   0.2428 YCCC  13080.579483  3 2.0287    89 | 0/3
  7 h-m-p  1.6000 8.0000   0.1502 YCYC  13079.916547  3 3.2236   102 | 0/3
  8 h-m-p  1.4624 7.3122   0.3229 CCC   13079.780982  2 0.5516   115 | 0/3
  9 h-m-p  1.6000 8.0000   0.1036 C     13079.745738  0 1.5728   124 | 0/3
 10 h-m-p  1.6000 8.0000   0.0421 YC    13079.725695  1 2.4619   134 | 0/3
 11 h-m-p  1.6000 8.0000   0.0617 Y     13079.723570  0 0.7596   143 | 0/3
 12 h-m-p  1.6000 8.0000   0.0165 Y     13079.723213  0 1.1333   152 | 0/3
 13 h-m-p  1.6000 8.0000   0.0019 Y     13079.723201  0 1.2702   161 | 0/3
 14 h-m-p  1.6000 8.0000   0.0001 C     13079.723201  0 0.5734   170 | 0/3
 15 h-m-p  1.3966 8.0000   0.0000 ----------------..  | 0/3
 16 h-m-p  0.0008 0.4051   0.0233 ---Y  13079.723201  0 0.0000   205 | 0/3
 17 h-m-p  0.0160 8.0000   0.0009 Y     13079.723201  0 0.0160   214 | 0/3
 18 h-m-p  0.5991 8.0000   0.0000 ---------C 13079.723201  0 0.0000   232


t_NG = 2.21745	MLEs:  4.41541 1.73099 0.01041
Nucleotide-based analysis (approximate MLEs; use baseml to get proper MLEs):

dHKY (123-4):  0.19448  0.05540  1.19049  1.74246
kHKY (123-4):  3.61256  1.99603  6.06217  1.22376 (731 four-fold sites)

  19 vs.  16
  npatt=191 
Iterating by ming2
Initial: fx= 12516.828510
x=  1.31100  1.92684  0.12732

  1 h-m-p  0.0000 0.0000 3993.6948 +CYYCCC 11984.884649  5 0.0000    20 | 0/3
  2 h-m-p  0.0072 0.0878  16.6777 --CC  11984.862917  1 0.0002    33 | 0/3
  3 h-m-p  0.0002 0.1038  14.9034 +++YCCC 11982.421038  3 0.0292    50 | 0/3
  4 h-m-p  1.6000 8.0000   0.0248 C     11982.196860  0 1.6391    59 | 0/3
  5 h-m-p  1.6000 8.0000   0.0172 YC    11982.189198  1 0.9454    69 | 0/3
  6 h-m-p  1.6000 8.0000   0.0035 Y     11982.188991  0 0.7278    78 | 0/3
  7 h-m-p  1.6000 8.0000   0.0001 Y     11982.188988  0 0.9225    87 | 0/3
  8 h-m-p  1.6000 8.0000   0.0000 -C    11982.188988  0 0.1000    97 | 0/3
  9 h-m-p  0.1015 8.0000   0.0000 Y     11982.188988  0 0.0254   106


t_NG = 1.51894	MLEs:  1.18679 1.53061 0.00901
Nucleotide-based analysis (approximate MLEs; use baseml to get proper MLEs):

dHKY (123-4):  0.07992  0.01187  0.79632  1.33532
kHKY (123-4):  5.10566  3.34483  6.01116  2.12396 (825 four-fold sites)

  19 vs.  17
  npatt=333 
Iterating by ming2
Initial: fx= 13717.746416
x=  2.07429  1.93994  0.15193

  1 h-m-p  0.0000 0.0000 4069.3690 +YYYYCCCCC 13206.636229  8 0.0000    23 | 0/3
  2 h-m-p  0.0071 0.0934  17.7259 YC    13204.533185  1 0.0136    33 | 0/3
  3 h-m-p  0.0006 0.0034 392.2506 CYCCC 13200.687841  4 0.0010    49 | 0/3
  4 h-m-p  1.6000 8.0000   0.0512 YC    13200.126501  1 0.8543    59 | 0/3
  5 h-m-p  1.0746 8.0000   0.0407 +YCC  13199.593163  2 3.4043    72 | 0/3
  6 h-m-p  1.6000 8.0000   0.0385 YC    13199.561238  1 0.8230    82 | 0/3
  7 h-m-p  1.6000 8.0000   0.0012 Y     13199.560965  0 1.0760    91 | 0/3
  8 h-m-p  1.6000 8.0000   0.0004 Y     13199.560962  0 0.7854   100 | 0/3
  9 h-m-p  1.6000 8.0000   0.0000 -Y    13199.560962  0 0.1000   110 | 0/3
 10 h-m-p  0.1065 8.0000   0.0000 Y     13199.560962  0 0.0266   119


t_NG = 2.58915	MLEs:  1.77120 1.36799 0.02901
Nucleotide-based analysis (approximate MLEs; use baseml to get proper MLEs):

dHKY (123-4):  0.17800  0.05921  0.88604  1.23266
kHKY (123-4):  3.39663  1.50872  5.15639  1.38816 (734 four-fold sites)

  19 vs.  18
  npatt=318 
Iterating by ming2
Initial: fx= 13640.368559
x=  1.86315  1.89169  0.16133

  1 h-m-p  0.0000 0.0000 4054.4852 +YYYCYCYCC 13053.779319  8 0.0000    22 | 0/3
  2 h-m-p  0.0008 0.0040  54.5051 CCC   13053.412217  2 0.0002    35 | 0/3
  3 h-m-p  0.0019 0.2223   6.8160 ++CCC 13052.342479  2 0.0358    50 | 0/3
  4 h-m-p  1.1110 8.0000   0.2195 +YYCC 13034.515774  3 3.6704    64 | 0/3
  5 h-m-p  1.6000 8.0000   0.1584 CYC   13032.740917  2 0.5181    76 | 0/3
  6 h-m-p  0.4568 8.0000   0.1797 +CC   13031.400686  1 2.4465    88 | 0/3
  7 h-m-p  1.6000 8.0000   0.1229 YC    13030.618573  1 2.8045    98 | 0/3
  8 h-m-p  1.6000 8.0000   0.0580 CC    13030.552301  1 1.3017   109 | 0/3
  9 h-m-p  0.8196 8.0000   0.0921 C     13030.525067  0 0.9760   118 | 0/3
 10 h-m-p  1.6000 8.0000   0.0277 C     13030.521417  0 1.5092   127 | 0/3
 11 h-m-p  1.6000 8.0000   0.0028 Y     13030.521382  0 0.9065   136 | 0/3
 12 h-m-p  1.6000 8.0000   0.0002 Y     13030.521382  0 0.7076   145 | 0/3
 13 h-m-p  1.6000 8.0000   0.0000 -C    13030.521382  0 0.1000   155 | 0/3
 14 h-m-p  0.1123 8.0000   0.0000 ---------------..  | 0/3
 15 h-m-p  0.0160 8.0000   0.0100 ----------Y 13030.521382  0 0.0000   196 | 0/3
 16 h-m-p  0.0160 8.0000   0.0008 C     13030.521382  0 0.0160   205 | 0/3
 17 h-m-p  0.0878 8.0000   0.0001 ------Y 13030.521382  0 0.0000   220


t_NG = 2.21219	MLEs:  3.53434 1.71847 0.01231
Nucleotide-based analysis (approximate MLEs; use baseml to get proper MLEs):

dHKY (123-4):  0.17365  0.05215  1.35551  1.75618
kHKY (123-4):  3.39717  1.78667  7.57885  1.24843 (745 four-fold sites)
