
CODONML in paml version 4.10.10, 29 Jan 2026

----------------------------------------------
Phe F TTT | Ser S TCT | Tyr Y TAT | Cys C TGT
      TTC |       TCC |       TAC |       TGC
Leu L TTA |       TCA | *** * TAA | *** * TGA
      TTG |       TCG |       TAG | Trp W TGG
----------------------------------------------
Leu L CTT | Pro P CCT | His H CAT | Arg R CGT
      CTC |       CCC |       CAC |       CGC
      CTA |       CCA | Gln Q CAA |       CGA
      CTG |       CCG |       CAG |       CGG
----------------------------------------------
Ile I ATT | Thr T ACT | Asn N AAT | Ser S AGT
      ATC |       ACC |       AAC |       AGC
      ATA |       ACA | Lys K AAA | Arg R AGA
Met M ATG |       ACG |       AAG |       AGG
----------------------------------------------
Val V GTT | Ala A GCT | Asp D GAT | Gly G GGT
      GTC |       GCC |       GAC |       GGC
      GTA |       GCA | Glu E GAA |       GGA
      GTG |       GCG |       GAG |       GGG
----------------------------------------------
Nice code, uuh?
ns = 19  	ls = 7377
Reading sequences, sequential format..
Reading seq # 1: T1_Aptery_mante       
Reading seq # 2: T1_Bos_tauru       
Reading seq # 3: T1_Chanos_chano       
Reading seq # 4: T1_Chanos_chano2       
Reading seq # 5: T1_Danio_rerio       
Reading seq # 6: T1_Danio_rerio2       
Reading seq # 7: T1_Danio_rerio3       
Reading seq # 8: T1_Gallus_gallu       
Reading seq # 9: T1_Homo_sapie       
Reading seq #10: T1_Latime_chalu       
Reading seq #11: T1_Mus_muscu       
Reading seq #12: T1_Podarc_mural       
Reading seq #13: T1_Salari_fasci       
Reading seq #14: T1_Somnio_micro       
Reading seq #15: T1_Xenopu_tropi       
Reading seq #16: T1_basal_Callo       
Reading seq #17: T1_basal_Callo2       
Reading seq #18: T1_basal_Chilo       
Reading seq #19: T1_basal_Latim       
Sequences read..
Counting site patterns..  0:00

Compressing,   2369 patterns at   2459 /   2459 sites (100.0%),  0:00

Collecting fpatt[] & pose[],   2369 patterns at   2459 /   2459 sites (100.0%),  0:00
3 ambiguous codons are seen in the data:
 NAC --- NNN
Counting codons..
NG distances for seqs.:
   1   2   3   4   5   6   7   8   9  10  11  12  13  14  15  16  17  18  19

     1368 bytes for distance
  2312144 bytes for conP
   208472 bytes for fhK
  5000000 bytes for space

TREE #  1
(((10, 19), ((((4, (5, 7)), 13), (3, 6)), (15, ((((2, 11), 9), 12), (1, 8))))), (14, 18), (17, 16));   MP score: -1
   1  353.786547
   2  335.348356
   3  332.989709
   4  332.976483
   5  332.975159
   6  332.975103
 19653224 bytes for conP, adjusted

initial w for M8:NSbetaw>1 reset.

    0.120618    0.256347    0.072298    0.028860    0.086068    0.113983    0.100735    0.136054    0.137887    0.141232    0.023558    0.011207    0.122873    0.064455    0.184298    0.142352    0.095959    0.209144    0.089177    0.000000    0.235292    0.055164    0.052580    0.056817    0.075772    0.179418    0.134899    0.046135    0.035916    0.151401    0.126321    0.080258    0.119408    0.021152    0.048613    1.903361    0.900000    0.630280    1.980339    2.060491

ntime & nrate & np:    35     2    40

Bounds (np=40):
   0.000004   0.000004   0.000004   0.000004   0.000004   0.000004   0.000004   0.000004   0.000004   0.000004   0.000004   0.000004   0.000004   0.000004   0.000004   0.000004   0.000004   0.000004   0.000004   0.000004   0.000004   0.000004   0.000004   0.000004   0.000004   0.000004   0.000004   0.000004   0.000004   0.000004   0.000004   0.000004   0.000004   0.000004   0.000004   0.000100   0.000010   0.005000   0.005000   1.000000
  50.000000  50.000000  50.000000  50.000000  50.000000  50.000000  50.000000  50.000000  50.000000  50.000000  50.000000  50.000000  50.000000  50.000000  50.000000  50.000000  50.000000  50.000000  50.000000  50.000000  50.000000  50.000000  50.000000  50.000000  50.000000  50.000000  50.000000  50.000000  50.000000  50.000000  50.000000  50.000000  50.000000  50.000000  50.000000 999.000000   0.999990  99.000000  99.000000 999.000000
Qfactor_NS = 8.505707

np =    40
lnL0 = -66081.022712

Iterating by ming2
Initial: fx= 66081.022712
x=  0.12062  0.25635  0.07230  0.02886  0.08607  0.11398  0.10073  0.13605  0.13789  0.14123  0.02356  0.01121  0.12287  0.06446  0.18430  0.14235  0.09596  0.20914  0.08918  0.00000  0.23529  0.05516  0.05258  0.05682  0.07577  0.17942  0.13490  0.04614  0.03592  0.15140  0.12632  0.08026  0.11941  0.02115  0.04861  1.90336  0.90000  0.63028  1.98034  2.06049

  1 h-m-p  0.0000 0.0000 28023.7444 ++    62671.968370  m 0.0000    45 | 0/40
  2 h-m-p  0.0000 0.0000 25130.7959 ++    62411.226467  m 0.0000    88 | 1/40
  3 h-m-p  0.0000 0.0000 16790.6252 ++    61868.721963  m 0.0000   131 | 2/40
  4 h-m-p  0.0000 0.0000 18896.5693 ++    60221.712780  m 0.0000   174 | 2/40
  5 h-m-p  0.0000 0.0000 101448.4713 ++    59116.505445  m 0.0000   217 | 2/40
  6 h-m-p  0.0000 0.0000 899625.5584 +YYCYCCC 58272.370781  6 0.0000   270 | 2/40
  7 h-m-p  0.0000 0.0000 1727.3735 ++    58254.074454  m 0.0000   313 | 2/40
  8 h-m-p  0.0000 0.0001 2263.6781 +CCCCC 58175.485898  4 0.0001   365 | 2/40
  9 h-m-p  0.0000 0.0001 1831.4608 +YYCCC 58116.961146  4 0.0001   415 | 2/40
 10 h-m-p  0.0000 0.0000 2072.0238 ++    58077.229430  m 0.0000   458 | 2/40
 11 h-m-p  0.0000 0.0000 1703.3657 
h-m-p:      0.00000000e+00      0.00000000e+00      1.70336570e+03 58077.229430
..  | 2/40
 12 h-m-p  0.0000 0.0000 237437.3552 ---CYCCCC 58070.243757  5 0.0000   553 | 2/40
 13 h-m-p  0.0000 0.0000 6626.6408 ++    57966.234223  m 0.0000   596 | 2/40
 14 h-m-p  0.0000 0.0000 57227.4483 ++    57479.682978  m 0.0000   639 | 2/40
 15 h-m-p  0.0000 0.0000 80492.4169 +YYC  56447.068916  2 0.0000   685 | 2/40
 16 h-m-p  0.0000 0.0000 5895.3139 ++    56357.809782  m 0.0000   728 | 3/40
 17 h-m-p  0.0000 0.0000 3008.6890 +CYYYC 56305.755592  4 0.0000   777 | 3/40
 18 h-m-p  0.0000 0.0001 2190.2255 ++    56184.191009  m 0.0001   820 | 3/40
 19 h-m-p -0.0000 -0.0000 2771.8033 
h-m-p:     -3.96045240e-22     -1.98022620e-21      2.77180333e+03 56184.191009
..  | 3/40
 20 h-m-p  0.0000 0.0000 2858.6665 +CYCCC 56106.535358  4 0.0000   911 | 3/40
 21 h-m-p  0.0000 0.0000 9697.3665 +YYCCC 56082.266527  4 0.0000   961 | 3/40
 22 h-m-p  0.0000 0.0000 25001.6803 +YCYYCC 56057.644645  5 0.0000  1012 | 3/40
 23 h-m-p  0.0000 0.0001 1088.7065 CCC   56048.880454  2 0.0000  1059 | 3/40
 24 h-m-p  0.0000 0.0001 2185.2820 ++    55937.990419  m 0.0001  1102 | 3/40
 25 h-m-p -0.0000 -0.0000 2430.8588 
h-m-p:     -2.21538196e-21     -1.10769098e-20      2.43085880e+03 55937.990419
..  | 3/40
 26 h-m-p  0.0000 0.0000 3213.8562 +YCY  55924.503165  2 0.0000  1189 | 3/40
 27 h-m-p  0.0000 0.0000 1437.1175 +YYCCC 55922.161401  4 0.0000  1239 | 3/40
 28 h-m-p  0.0000 0.0000 2439.5727 YCCC  55907.164762  3 0.0000  1287 | 3/40
 29 h-m-p  0.0000 0.0000 1724.0762 YCCC  55900.023054  3 0.0000  1335 | 3/40
 30 h-m-p  0.0000 0.0000 2733.6003 ++    55889.558470  m 0.0000  1378 | 4/40
 31 h-m-p  0.0000 0.0003 584.2747 YCCC  55881.262206  3 0.0001  1426 | 4/40
 32 h-m-p  0.0000 0.0005 1757.8815 +YCCC 55829.228674  3 0.0002  1475 | 4/40
 33 h-m-p  0.0003 0.0014 582.3161 CCCC  55797.417994  3 0.0004  1524 | 4/40
 34 h-m-p  0.0005 0.0025 243.6212 YCC   55792.043772  2 0.0003  1570 | 4/40
 35 h-m-p  0.0003 0.0091 231.7861 YCC   55789.407839  2 0.0002  1616 | 4/40
 36 h-m-p  0.0002 0.0061 252.3878 +YC   55783.836933  1 0.0005  1661 | 4/40
 37 h-m-p  0.0005 0.0053 234.6363 YC    55774.020886  1 0.0011  1705 | 4/40
 38 h-m-p  0.0006 0.0032 277.0468 CCCC  55764.161814  3 0.0011  1754 | 3/40
 39 h-m-p  0.0000 0.0000 34367.2855 --C   55764.098004  0 0.0000  1799 | 3/40
 40 h-m-p  0.0000 0.0048 570.9556 +++CCC 55748.181922  2 0.0009  1849 | 3/40
 41 h-m-p  0.0009 0.0055 571.8184 CYC   55736.226234  2 0.0008  1895 | 3/40
 42 h-m-p  0.0011 0.0059 378.1957 YCC   55727.502222  2 0.0008  1941 | 3/40
 43 h-m-p  0.0006 0.0029 337.2849 CYC   55723.166590  2 0.0005  1987 | 3/40
 44 h-m-p  0.0012 0.0094 141.8554 YC    55720.769671  1 0.0008  2031 | 3/40
 45 h-m-p  0.0020 0.0131  57.5028 CC    55720.221548  1 0.0006  2076 | 3/40
 46 h-m-p  0.0022 0.0314  16.6927 YC    55719.966029  1 0.0017  2120 | 3/40
 47 h-m-p  0.0019 0.0130  15.1369 YC    55719.799140  1 0.0012  2164 | 3/40
 48 h-m-p  0.0012 0.0318  15.6212 CC    55719.543277  1 0.0014  2209 | 3/40
 49 h-m-p  0.0016 0.0636  14.0105 +CCC  55716.648754  2 0.0097  2257 | 3/40
 50 h-m-p  0.0027 0.0169  51.3456 CYC   55713.395752  2 0.0025  2303 | 3/40
 51 h-m-p  0.0022 0.0134  59.6100 CCC   55710.278393  2 0.0023  2350 | 3/40
 52 h-m-p  0.0032 0.0229  43.2642 CC    55709.561069  1 0.0011  2395 | 3/40
 53 h-m-p  0.0028 0.0499  17.2401 YC    55709.298996  1 0.0019  2439 | 3/40
 54 h-m-p  0.0055 0.1695   5.9485 CC    55709.107564  1 0.0046  2484 | 3/40
 55 h-m-p  0.0031 0.1111   8.8077 +CC   55707.903333  1 0.0125  2530 | 3/40
 56 h-m-p  0.0014 0.0144  77.9441 +CCC  55703.054416  2 0.0050  2578 | 3/40
 57 h-m-p  0.0007 0.0037 195.4336 +C    55695.851799  0 0.0029  2622 | 3/40
 58 h-m-p  0.0001 0.0006 227.1665 ++    55692.861285  m 0.0006  2665 | 4/40
 59 h-m-p  0.0032 0.0581  21.1375 YCC   55692.346633  2 0.0025  2711 | 4/40
 60 h-m-p  0.0140 0.2124   3.8266 CC    55692.274209  1 0.0044  2756 | 4/40
 61 h-m-p  0.0045 0.2871   3.8126 YC    55692.001522  1 0.0097  2800 | 4/40
 62 h-m-p  0.0051 0.5810   7.2637 ++YCCC 55685.740292  3 0.0601  2850 | 4/40
 63 h-m-p  0.0338 0.1691   7.2547 -CC   55685.667066  1 0.0028  2896 | 4/40
 64 h-m-p  0.0184 0.9209   1.0861 CC    55685.621507  1 0.0160  2941 | 4/40
 65 h-m-p  0.0045 0.7748   3.8810 +++YC 55682.654558  1 0.1820  2988 | 4/40
 66 h-m-p  1.6000 8.0000   0.2437 YCC   55680.647603  2 1.2521  3034 | 4/40
 67 h-m-p  0.7351 8.0000   0.4150 CC    55679.476982  1 1.0143  3115 | 4/40
 68 h-m-p  1.6000 8.0000   0.2150 YC    55679.085699  1 1.2427  3195 | 4/40
 69 h-m-p  1.6000 8.0000   0.0554 CC    55679.033964  1 1.3996  3276 | 4/40
 70 h-m-p  1.6000 8.0000   0.0013 +YC   55678.988774  1 4.1726  3357 | 4/40
 71 h-m-p  0.2005 8.0000   0.0281 ++YC  55678.934479  1 2.3646  3439 | 4/40
 72 h-m-p  1.6000 8.0000   0.0054 C     55678.922501  0 1.3196  3518 | 4/40
 73 h-m-p  0.7290 8.0000   0.0099 +YC   55678.915734  1 1.8738  3599 | 4/40
 74 h-m-p  1.6000 8.0000   0.0018 C     55678.914034  0 1.4033  3678 | 4/40
 75 h-m-p  1.2773 8.0000   0.0020 C     55678.913887  0 1.2027  3757 | 4/40
 76 h-m-p  1.6000 8.0000   0.0001 Y     55678.913883  0 1.0437  3836 | 4/40
 77 h-m-p  0.6205 8.0000   0.0002 C     55678.913883  0 0.6205  3915 | 4/40
 78 h-m-p  0.0562 8.0000   0.0017 --Y   55678.913882  0 0.0005  3996 | 4/40
 79 h-m-p  0.1394 8.0000   0.0000 -Y    55678.913882  0 0.0087  4076 | 4/40
 80 h-m-p  0.0160 8.0000   0.0000 -------------..  | 4/40
 81 h-m-p  0.0009 0.4697   0.0345 ----------- | 4/40
 82 h-m-p  0.0009 0.4697   0.0345 -----------
Out..
lnL  = -55678.913882
4343 lfun, 52116 eigenQcodon, 1672055 P(t)

BEBing (dim = 4).  This may take several minutes.
Calculating f(x_h|w): 10 categories 20 w sets.
Calculating f(X), the marginal likelihood.
	log(fX) = -57369.154262  S = -56572.599385  -788.091399
Calculating f(w|X), posterior probabilities of site classes.

	did  10 / 2369 patterns  54:04
	did  20 / 2369 patterns  54:04
	did  30 / 2369 patterns  54:04
	did  40 / 2369 patterns  54:04
	did  50 / 2369 patterns  54:04
	did  60 / 2369 patterns  54:04
	did  70 / 2369 patterns  54:04
	did  80 / 2369 patterns  54:05
	did  90 / 2369 patterns  54:05
	did 100 / 2369 patterns  54:05
	did 110 / 2369 patterns  54:05
	did 120 / 2369 patterns  54:05
	did 130 / 2369 patterns  54:05
	did 140 / 2369 patterns  54:05
	did 150 / 2369 patterns  54:05
	did 160 / 2369 patterns  54:05
	did 170 / 2369 patterns  54:05
	did 180 / 2369 patterns  54:05
	did 190 / 2369 patterns  54:05
	did 200 / 2369 patterns  54:05
	did 210 / 2369 patterns  54:05
	did 220 / 2369 patterns  54:05
	did 230 / 2369 patterns  54:05
	did 240 / 2369 patterns  54:05
	did 250 / 2369 patterns  54:05
	did 260 / 2369 patterns  54:05
	did 270 / 2369 patterns  54:05
	did 280 / 2369 patterns  54:05
	did 290 / 2369 patterns  54:05
	did 300 / 2369 patterns  54:05
	did 310 / 2369 patterns  54:05
	did 320 / 2369 patterns  54:05
	did 330 / 2369 patterns  54:05
	did 340 / 2369 patterns  54:05
	did 350 / 2369 patterns  54:05
	did 360 / 2369 patterns  54:05
	did 370 / 2369 patterns  54:05
	did 380 / 2369 patterns  54:05
	did 390 / 2369 patterns  54:05
	did 400 / 2369 patterns  54:06
	did 410 / 2369 patterns  54:06
	did 420 / 2369 patterns  54:06
	did 430 / 2369 patterns  54:06
	did 440 / 2369 patterns  54:06
	did 450 / 2369 patterns  54:06
	did 460 / 2369 patterns  54:06
	did 470 / 2369 patterns  54:06
	did 480 / 2369 patterns  54:06
	did 490 / 2369 patterns  54:06
	did 500 / 2369 patterns  54:06
	did 510 / 2369 patterns  54:06
	did 520 / 2369 patterns  54:06
	did 530 / 2369 patterns  54:06
	did 540 / 2369 patterns  54:06
	did 550 / 2369 patterns  54:06
	did 560 / 2369 patterns  54:06
	did 570 / 2369 patterns  54:06
	did 580 / 2369 patterns  54:06
	did 590 / 2369 patterns  54:06
	did 600 / 2369 patterns  54:06
	did 610 / 2369 patterns  54:06
	did 620 / 2369 patterns  54:06
	did 630 / 2369 patterns  54:06
	did 640 / 2369 patterns  54:06
	did 650 / 2369 patterns  54:06
	did 660 / 2369 patterns  54:06
	did 670 / 2369 patterns  54:06
	did 680 / 2369 patterns  54:06
	did 690 / 2369 patterns  54:06
	did 700 / 2369 patterns  54:06
	did 710 / 2369 patterns  54:07
	did 720 / 2369 patterns  54:07
	did 730 / 2369 patterns  54:07
	did 740 / 2369 patterns  54:07
	did 750 / 2369 patterns  54:07
	did 760 / 2369 patterns  54:07
	did 770 / 2369 patterns  54:07
	did 780 / 2369 patterns  54:07
	did 790 / 2369 patterns  54:07
	did 800 / 2369 patterns  54:07
	did 810 / 2369 patterns  54:07
	did 820 / 2369 patterns  54:07
	did 830 / 2369 patterns  54:07
	did 840 / 2369 patterns  54:07
	did 850 / 2369 patterns  54:07
	did 860 / 2369 patterns  54:07
	did 870 / 2369 patterns  54:07
	did 880 / 2369 patterns  54:07
	did 890 / 2369 patterns  54:07
	did 900 / 2369 patterns  54:07
	did 910 / 2369 patterns  54:07
	did 920 / 2369 patterns  54:07
	did 930 / 2369 patterns  54:07
	did 940 / 2369 patterns  54:07
	did 950 / 2369 patterns  54:07
	did 960 / 2369 patterns  54:07
	did 970 / 2369 patterns  54:07
	did 980 / 2369 patterns  54:07
	did 990 / 2369 patterns  54:07
	did 1000 / 2369 patterns  54:07
	did 1010 / 2369 patterns  54:08
	did 1020 / 2369 patterns  54:08
	did 1030 / 2369 patterns  54:08
	did 1040 / 2369 patterns  54:08
	did 1050 / 2369 patterns  54:08
	did 1060 / 2369 patterns  54:08
	did 1070 / 2369 patterns  54:08
	did 1080 / 2369 patterns  54:08
	did 1090 / 2369 patterns  54:08
	did 1100 / 2369 patterns  54:08
	did 1110 / 2369 patterns  54:08
	did 1120 / 2369 patterns  54:08
	did 1130 / 2369 patterns  54:08
	did 1140 / 2369 patterns  54:08
	did 1150 / 2369 patterns  54:08
	did 1160 / 2369 patterns  54:08
	did 1170 / 2369 patterns  54:08
	did 1180 / 2369 patterns  54:08
	did 1190 / 2369 patterns  54:08
	did 1200 / 2369 patterns  54:08
	did 1210 / 2369 patterns  54:08
	did 1220 / 2369 patterns  54:08
	did 1230 / 2369 patterns  54:08
	did 1240 / 2369 patterns  54:08
	did 1250 / 2369 patterns  54:08
	did 1260 / 2369 patterns  54:08
	did 1270 / 2369 patterns  54:08
	did 1280 / 2369 patterns  54:08
	did 1290 / 2369 patterns  54:08
	did 1300 / 2369 patterns  54:08
	did 1310 / 2369 patterns  54:08
	did 1320 / 2369 patterns  54:08
	did 1330 / 2369 patterns  54:08
	did 1340 / 2369 patterns  54:09
	did 1350 / 2369 patterns  54:09
	did 1360 / 2369 patterns  54:09
	did 1370 / 2369 patterns  54:09
	did 1380 / 2369 patterns  54:09
	did 1390 / 2369 patterns  54:09
	did 1400 / 2369 patterns  54:09
	did 1410 / 2369 patterns  54:09
	did 1420 / 2369 patterns  54:09
	did 1430 / 2369 patterns  54:09
	did 1440 / 2369 patterns  54:09
	did 1450 / 2369 patterns  54:09
	did 1460 / 2369 patterns  54:09
	did 1470 / 2369 patterns  54:09
	did 1480 / 2369 patterns  54:09
	did 1490 / 2369 patterns  54:09
	did 1500 / 2369 patterns  54:09
	did 1510 / 2369 patterns  54:09
	did 1520 / 2369 patterns  54:09
	did 1530 / 2369 patterns  54:09
	did 1540 / 2369 patterns  54:09
	did 1550 / 2369 patterns  54:09
	did 1560 / 2369 patterns  54:09
	did 1570 / 2369 patterns  54:09
	did 1580 / 2369 patterns  54:09
	did 1590 / 2369 patterns  54:09
	did 1600 / 2369 patterns  54:09
	did 1610 / 2369 patterns  54:09
	did 1620 / 2369 patterns  54:09
	did 1630 / 2369 patterns  54:09
	did 1640 / 2369 patterns  54:10
	did 1650 / 2369 patterns  54:10
	did 1660 / 2369 patterns  54:10
	did 1670 / 2369 patterns  54:10
	did 1680 / 2369 patterns  54:10
	did 1690 / 2369 patterns  54:10
	did 1700 / 2369 patterns  54:10
	did 1710 / 2369 patterns  54:10
	did 1720 / 2369 patterns  54:10
	did 1730 / 2369 patterns  54:10
	did 1740 / 2369 patterns  54:10
	did 1750 / 2369 patterns  54:10
	did 1760 / 2369 patterns  54:10
	did 1770 / 2369 patterns  54:10
	did 1780 / 2369 patterns  54:10
	did 1790 / 2369 patterns  54:10
	did 1800 / 2369 patterns  54:10
	did 1810 / 2369 patterns  54:10
	did 1820 / 2369 patterns  54:10
	did 1830 / 2369 patterns  54:10
	did 1840 / 2369 patterns  54:10
	did 1850 / 2369 patterns  54:10
	did 1860 / 2369 patterns  54:10
	did 1870 / 2369 patterns  54:10
	did 1880 / 2369 patterns  54:10
	did 1890 / 2369 patterns  54:10
	did 1900 / 2369 patterns  54:10
	did 1910 / 2369 patterns  54:10
	did 1920 / 2369 patterns  54:10
	did 1930 / 2369 patterns  54:10
	did 1940 / 2369 patterns  54:10
	did 1950 / 2369 patterns  54:11
	did 1960 / 2369 patterns  54:11
	did 1970 / 2369 patterns  54:11
	did 1980 / 2369 patterns  54:11
	did 1990 / 2369 patterns  54:11
	did 2000 / 2369 patterns  54:11
	did 2010 / 2369 patterns  54:11
	did 2020 / 2369 patterns  54:11
	did 2030 / 2369 patterns  54:11
	did 2040 / 2369 patterns  54:11
	did 2050 / 2369 patterns  54:11
	did 2060 / 2369 patterns  54:11
	did 2070 / 2369 patterns  54:11
	did 2080 / 2369 patterns  54:11
	did 2090 / 2369 patterns  54:11
	did 2100 / 2369 patterns  54:11
	did 2110 / 2369 patterns  54:11
	did 2120 / 2369 patterns  54:11
	did 2130 / 2369 patterns  54:11
	did 2140 / 2369 patterns  54:11
	did 2150 / 2369 patterns  54:11
	did 2160 / 2369 patterns  54:11
	did 2170 / 2369 patterns  54:11
	did 2180 / 2369 patterns  54:11
	did 2190 / 2369 patterns  54:11
	did 2200 / 2369 patterns  54:11
	did 2210 / 2369 patterns  54:11
	did 2220 / 2369 patterns  54:11
	did 2230 / 2369 patterns  54:11
	did 2240 / 2369 patterns  54:11
	did 2250 / 2369 patterns  54:11
	did 2260 / 2369 patterns  54:11
	did 2270 / 2369 patterns  54:12
	did 2280 / 2369 patterns  54:12
	did 2290 / 2369 patterns  54:12
	did 2300 / 2369 patterns  54:12
	did 2310 / 2369 patterns  54:12
	did 2320 / 2369 patterns  54:12
	did 2330 / 2369 patterns  54:12
	did 2340 / 2369 patterns  54:12
	did 2350 / 2369 patterns  54:12
	did 2360 / 2369 patterns  54:12
	did 2369 / 2369 patterns  54:12