
CODONML in paml version 4.10.10, 29 Jan 2026

----------------------------------------------
Phe F TTT | Ser S TCT | Tyr Y TAT | Cys C TGT
      TTC |       TCC |       TAC |       TGC
Leu L TTA |       TCA | *** * TAA | *** * TGA
      TTG |       TCG |       TAG | Trp W TGG
----------------------------------------------
Leu L CTT | Pro P CCT | His H CAT | Arg R CGT
      CTC |       CCC |       CAC |       CGC
      CTA |       CCA | Gln Q CAA |       CGA
      CTG |       CCG |       CAG |       CGG
----------------------------------------------
Ile I ATT | Thr T ACT | Asn N AAT | Ser S AGT
      ATC |       ACC |       AAC |       AGC
      ATA |       ACA | Lys K AAA | Arg R AGA
Met M ATG |       ACG |       AAG |       AGG
----------------------------------------------
Val V GTT | Ala A GCT | Asp D GAT | Gly G GGT
      GTC |       GCC |       GAC |       GGC
      GTA |       GCA | Glu E GAA |       GGA
      GTG |       GCG |       GAG |       GGG
----------------------------------------------
Nice code, uuh?
ns = 17  	ls = 7377
Reading sequences, sequential format..
Reading seq # 1: T1_Chanos_chano2       
Reading seq # 2: T1_Danio_rerio       
Reading seq # 3: T1_Mus_muscu       
Reading seq # 4: T1_basal_Callo2       
Reading seq # 5: T1_basal_Callo       
Reading seq # 6: T1_Podarc_mural       
Reading seq # 7: T1_basal_Chilo       
Reading seq # 8: T1_Danio_rerio2       
Reading seq # 9: T1_Danio_rerio3       
Reading seq #10: T1_Salari_fasci       
Reading seq #11: T1_Homo_sapie       
Reading seq #12: T1_Chanos_chano       
Reading seq #13: T1_Bos_tauru       
Reading seq #14: T1_Latime_chalu       
Reading seq #15: T1_Xenopu_tropi       
Reading seq #16: T1_Gallus_gallu       
Reading seq #17: T1_Aptery_mante       
Sequences read..
Counting site patterns..  0:00

Compressing,   2358 patterns at   2459 /   2459 sites (100.0%),  0:00

Collecting fpatt[] & pose[],   2358 patterns at   2459 /   2459 sites (100.0%),  0:00
2 ambiguous codons are seen in the data:
 --- NAC
Counting codons..
NG distances for seqs.:
   1   2   3   4   5   6   7   8   9  10  11  12  13  14  15  16  17

     1088 bytes for distance
  2301408 bytes for conP
        0 bytes for fhK
  5000000 bytes for space

TREE #  1
((14, ((((1, (2, 9)), 10), (12, 8)), (15, ((((13, 3), 11), 6), (17, 16))))), 7, (4, 5));   MP score: -1
   1  335.136816
   2  317.634204
   3  317.235130
   4  317.164175
   5  317.147340
   6  317.145655
   7  317.145430
   8  317.145423
 17260560 bytes for conP, adjusted

    0.101419    0.205775    0.061030    0.032754    0.089549    0.089368    0.078896    0.085800    0.065540    0.056187    0.136113    0.074367    0.123799    0.124802    0.087869    0.215418    0.085322    0.000000    0.171660    0.026194    0.050753    0.120753    0.049030    0.182571    0.073780    0.087458    0.038037    0.137154    0.135184    0.081408    0.040663    2.330302    0.445783

ntime & nrate & np:    31     2    33

Bounds (np=33):
   0.000004   0.000004   0.000004   0.000004   0.000004   0.000004   0.000004   0.000004   0.000004   0.000004   0.000004   0.000004   0.000004   0.000004   0.000004   0.000004   0.000004   0.000004   0.000004   0.000004   0.000004   0.000004   0.000004   0.000004   0.000004   0.000004   0.000004   0.000004   0.000004   0.000004   0.000004   0.000100   0.000100
  50.000000  50.000000  50.000000  50.000000  50.000000  50.000000  50.000000  50.000000  50.000000  50.000000  50.000000  50.000000  50.000000  50.000000  50.000000  50.000000  50.000000  50.000000  50.000000  50.000000  50.000000  50.000000  50.000000  50.000000  50.000000  50.000000  50.000000  50.000000  50.000000  50.000000  50.000000 999.000000 999.000000

np =    33
lnL0 = -66304.128043

Iterating by ming2
Initial: fx= 66304.128043
x=  0.10142  0.20577  0.06103  0.03275  0.08955  0.08937  0.07890  0.08580  0.06554  0.05619  0.13611  0.07437  0.12380  0.12480  0.08787  0.21542  0.08532  0.00000  0.17166  0.02619  0.05075  0.12075  0.04903  0.18257  0.07378  0.08746  0.03804  0.13715  0.13518  0.08141  0.04066  2.33030  0.44578

  1 h-m-p  0.0000 0.0000 23397.2194 ++    57842.698370  m 0.0000    38 | 0/33
  2 h-m-p  0.0000 0.0000 284499.8152 ++    57455.487878  m 0.0000    74 | 1/33
  3 h-m-p  0.0000 0.0000 66279.5188 ++    56291.672850  m 0.0000   110 | 2/33
  4 h-m-p  0.0000 0.0001 4900.6985 ++    54952.843104  m 0.0001   146 | 2/33
  5 h-m-p  0.0000 0.0000 12429.6745 ++    54914.617612  m 0.0000   182 | 2/33
  6 h-m-p -0.0000 -0.0000 3132.9147 
h-m-p:     -7.00985096e-23     -3.50492548e-22      3.13291465e+03 54914.617612
..  | 2/33
  7 h-m-p  0.0000 0.0000 12814.2814 CYCCCC 54782.227565  5 0.0000   260 | 2/33
  8 h-m-p  0.0000 0.0051 4905.2900 YCCCC 54597.659038  4 0.0000   303 | 2/33
  9 h-m-p  0.0000 0.0000 4302.2323 +CCYC 54506.468675  3 0.0000   346 | 2/33
 10 h-m-p  0.0000 0.0000 6219.2785 +YYYYCC 54362.545748  5 0.0000   389 | 2/33
 11 h-m-p  0.0000 0.0001 3916.4990 ++    54141.588705  m 0.0001   425 | 2/33
 12 h-m-p  0.0000 0.0001 2073.5955 +CYC  54044.555688  2 0.0001   465 | 2/33
 13 h-m-p  0.0000 0.0000 1039.6283 ++    54026.856363  m 0.0000   501 | 2/33
 14 h-m-p  0.0000 0.0002 2619.3185 +CCCCC 53983.083107  4 0.0001   546 | 2/33
 15 h-m-p  0.0003 0.0013 546.4634 CCCC  53938.968158  3 0.0004   588 | 2/33
 16 h-m-p  0.0004 0.0019 473.0615 CCC   53921.117322  2 0.0003   628 | 2/33
 17 h-m-p  0.0005 0.0025 289.6986 YYC   53911.381212  2 0.0004   666 | 2/33
 18 h-m-p  0.0004 0.0023 271.5916 YCC   53907.234020  2 0.0002   705 | 2/33
 19 h-m-p  0.0007 0.0117  90.1212 YC    53905.425322  1 0.0006   742 | 2/33
 20 h-m-p  0.0009 0.0043  50.3065 CC    53905.176354  1 0.0002   780 | 2/33
 21 h-m-p  0.0004 0.0143  29.8637 YC    53904.852317  1 0.0007   817 | 2/33
 22 h-m-p  0.0018 0.0474  11.5060 CC    53904.341285  1 0.0019   855 | 2/33
 23 h-m-p  0.0005 0.0114  40.2590 YC    53902.861316  1 0.0010   892 | 2/33
 24 h-m-p  0.0017 0.0107  23.6960 +YYCC 53886.140589  3 0.0056   933 | 2/33
 25 h-m-p  0.0007 0.0058 186.0318 YCCC  53854.346544  3 0.0011   974 | 2/33
 26 h-m-p  0.0008 0.0039 193.0640 YCCC  53804.430414  3 0.0013  1015 | 2/33
 27 h-m-p  0.0018 0.0089 121.2395 YYC   53792.873046  2 0.0014  1053 | 2/33
 28 h-m-p  0.0016 0.0085 100.0283 YCC   53788.771667  2 0.0011  1092 | 2/33
 29 h-m-p  0.0041 0.0203  25.0452 CCC   53788.479611  2 0.0008  1132 | 2/33
 30 h-m-p  0.0015 0.0696  13.5653 YC    53787.947247  1 0.0033  1169 | 2/33
 31 h-m-p  0.0074 0.0729   6.0102 CCC   53786.045644  2 0.0097  1209 | 2/33
 32 h-m-p  0.0023 0.0562  25.5986 +CCC  53768.735448  2 0.0088  1250 | 2/33
 33 h-m-p  0.0041 0.0203  53.0310 CCC   53749.225804  2 0.0039  1290 | 2/33
 34 h-m-p  0.0023 0.0116  74.6877 YYC   53743.123755  2 0.0019  1328 | 2/33
 35 h-m-p  0.0074 0.0427  19.4649 CC    53742.814421  1 0.0016  1366 | 2/33
 36 h-m-p  0.0035 0.1209   8.9414 YC    53742.736659  1 0.0017  1403 | 2/33
 37 h-m-p  0.0178 1.7380   0.8353 +CC   53740.973329  1 0.1003  1442 | 2/33
 38 h-m-p  0.0080 0.1193  10.4487 +YC   53726.642873  1 0.0205  1511 | 2/33
 39 h-m-p  0.0081 0.0403  20.5848 CC    53726.002286  1 0.0029  1549 | 2/33
 40 h-m-p  0.5556 6.6496   0.1059 YCC   53724.227897  2 0.9880  1588 | 2/33
 41 h-m-p  0.0059 0.0294  16.9217 C     53722.180326  0 0.0059  1655 | 2/33
 42 h-m-p  1.6000 8.0000   0.0218 CC    53721.714883  1 2.0826  1693 | 2/33
 43 h-m-p  1.6000 8.0000   0.0069 CC    53721.605402  1 2.2507  1762 | 2/33
 44 h-m-p  1.6000 8.0000   0.0064 CC    53721.569830  1 1.8400  1831 | 2/33
 45 h-m-p  1.6000 8.0000   0.0018 C     53721.565346  0 1.5178  1898 | 2/33
 46 h-m-p  1.6000 8.0000   0.0007 C     53721.565012  0 1.4032  1965 | 2/33
 47 h-m-p  1.6000 8.0000   0.0002 C     53721.564987  0 1.6000  2032 | 2/33
 48 h-m-p  1.6000 8.0000   0.0001 C     53721.564982  0 1.4504  2099 | 2/33
 49 h-m-p  1.6000 8.0000   0.0000 ----------------..  | 2/33
 50 h-m-p  0.0160 8.0000   0.3241 ------------- | 2/33
 51 h-m-p  0.0160 8.0000   0.3241 -------------
Out..
lnL  = -53721.564982
2337 lfun, 2337 eigenQcodon, 72447 P(t)
