sal_Callo2       
Reading seq #18: T1_basal_Chilo       
Reading seq #19: T1_basal_Latim       
Reading seq #20: T2_Astato_calli       
Reading seq #21: T2_Danio_rerio       
Reading seq #22: T2_Echino_cooke       
Reading seq #23: T2_Gallus_gallu       
Reading seq #24: T2_Gekko_japon       
Reading seq #25: T2_Homo_sapie       
Reading seq #26: T2_Mus_muscu       
Reading seq #27: T2_Nibea_albif       
Reading seq #28: T2_Rattus_norve       
Reading seq #29: T2_Strigo_habro       
Reading seq #30: T2_Xenopu_tropi       
Reading seq #31: T2_basal_Callo       
Reading seq #32: T2_basal_Chilo       
Reading seq #33: T3_Athene_cunic       
Reading seq #34: T3_Callor_milii       
Reading seq #35: T3_Copsyc_seche       
Reading seq #36: T3_Danio_rerio       
Reading seq #37: T3_Echino_cooke       
Reading seq #38: T3_Gallus_gallu       
Reading seq #39: T3_Homo_sapie       
Reading seq #40: T3_Hymeno_boett       
Reading seq #41: T3_Latime_chalu       
Reading seq #42: T3_Mus_muscu       
Reading seq #43: T3_Nothob_furze       
Reading seq #44: T3_Pogona_vitti       
Reading seq #45: T3_Rattus_norve       
Reading seq #46: T3_Saguin_oedip       
Reading seq #47: T3_Sousa_chine       
Reading seq #48: T3_Spheno_punct       
Reading seq #49: T3_Spizel_passe       
Reading seq #50: T3_Xenopu_tropi       
Reading seq #51: T3_basal_Chilo       
Reading seq #52: BG_basal_Myxin       
Reading seq #53: BG_basal_Myxin2       
Reading seq #54: BG_basal_Myxin3       
Reading seq #55: BG_basal_Petro       
Reading seq #56: BG_basal_Petro2       
Reading seq #57: BG_basal_Petro3       
Sequences read..
Counting site patterns..  0:00

Compressing,   2442 patterns at   2459 /   2459 sites (100.0%),  0:00

Collecting fpatt[] & pose[],   2442 patterns at   2459 /   2459 sites (100.0%),  0:00
3 ambiguous codons are seen in the data:
 NAC --- NNN
Counting codons..
NG distances for seqs.:
   1   2   3   4   5   6   7   8   9  10  11  12  13  14  15  16  17  18  19  20  21  22  23  24  25  26  27  28  29  30  31  32  33  34  35  36  37  38  39  40  41  42  43  44  45  46  47  48  49  50  51  52  53  54  55  56  57

    12768 bytes for distance
  2383392 bytes for conP
        0 bytes for fhK
  5000000 bytes for space

TREE #  1

 65543280 bytes for conP, adjusted

3 node(s) used for scaling (Yang 2000 J Mol Evol 51:423-432):
 61 75 93

ntime & nrate & np:   111     2   113

np =   113
lnL0 = -253423.025971

Iterating by ming2
Initial: fx= 253423.025971
x=  0.02895  0.04401  0.07075  0.03943  0.07691  0.01332  0.08121  0.06996  0.05776  0.01394  0.04887  0.09111  0.01978  0.01024  0.05671  0.01094  0.06554  0.10587  0.05629  0.06637  0.08145  0.03185  0.05375  0.05004  0.06901  0.09001  0.02195  0.05747  0.09518  0.07526  0.04335  0.01528  0.05402  0.07508  0.06338  0.02658  0.10663  0.01974  0.10889  0.04433  0.04182  0.03157  0.10145  0.05872  0.07447  0.09687  0.07016  0.05936  0.07397  0.05873  0.04368  0.10843  0.08972  0.10437  0.07610  0.03552  0.01609  0.09528  0.03644  0.04021  0.01383  0.06373  0.06636  0.06332  0.08029  0.07396  0.08585  0.06270  0.03550  0.02161  0.10154  0.10463  0.06639  0.01972  0.04737  0.05659  0.04629  0.09488  0.06224  0.04251  0.02190  0.09174  0.08430  0.09632  0.03495  0.05958  0.01681  0.02478  0.02070  0.06916  0.09483  0.06552  0.10050  0.08346  0.05790  0.10127  0.06053  0.08059  0.10799  0.06613  0.08406  0.10240  0.10772  0.05493  0.07918  0.07731  0.04829  0.02143  0.01945  0.04050  0.09205  1.83289  0.43356

  1 h-m-p  0.0000 0.0000 124576.7950 ++    211058.353004  m 0.0000   118 | 1/113
  2 h-m-p  0.0000 0.0000 45415.9533 +YCYCCC 208910.804541  5 0.0000   243 | 1/113
  3 h-m-p  0.0000 0.0000 22910.2144 ++    208527.252464  m 0.0000   359 | 2/113
  4 h-m-p  0.0000 0.0000 5636.7937 ++    208082.905107  m 0.0000   475 | 2/113
  5 h-m-p  0.0000 0.0000 25735.4467 ++    207931.490599  m 0.0000   591 | 2/113
  6 h-m-p  0.0000 0.0000 58877.4402 YCYC  207781.933272  3 0.0000   711 | 2/113
  7 h-m-p  0.0000 0.0002 3364.8105 CCC   207664.102629  2 0.0000   831 | 2/113
  8 h-m-p  0.0000 0.0001 2069.1191 YCCC  207597.203322  3 0.0000   952 | 2/113
  9 h-m-p  0.0000 0.0001 1393.4001 YCCC  207566.023118  3 0.0001  1073 | 2/113
 10 h-m-p  0.0000 0.0002 1344.6740 CCCC  207544.774932  3 0.0000  1195 | 2/113
 11 h-m-p  0.0001 0.0004 789.9465 YC    207537.500163  1 0.0000  1312 | 2/113
 12 h-m-p  0.0001 0.0006 421.6342 YC    207534.354694  1 0.0001  1429 | 2/113
 13 h-m-p  0.0001 0.0020 236.8689 CC    207532.475110  1 0.0001  1547 | 2/113
 14 h-m-p  0.0001 0.0026 186.9848 CC    207530.923352  1 0.0001  1665 | 2/113
 15 h-m-p  0.0001 0.0024 173.9739 CC    207527.928282  1 0.0001  1783 | 2/113
 16 h-m-p  0.0001 0.0012 216.2206 CC    207521.416877  1 0.0001  1901 | 2/113
 17 h-m-p  0.0001 0.0012 336.1994 YC    207496.967098  1 0.0002  2018 | 2/113
 18 h-m-p  0.0001 0.0006 618.3470 YCCC  207411.427184  3 0.0002  2139 | 2/113
 19 h-m-p  0.0000 0.0002 1250.8319 +YYYYC 207167.617970  4 0.0001  2260 | 2/113
 20 h-m-p  0.0000 0.0001 2812.4950 +YCCC 206732.033001  3 0.0001  2382 | 2/113
 21 h-m-p  0.0001 0.0003 2509.5277 +CCYC 203701.456170  3 0.0002  2505 | 2/113
 22 h-m-p  0.0000 0.0000 23323.3828 +YYCC 203210.870316  3 0.0000  2626 | 2/113
 23 h-m-p  0.0000 0.0000 8028.0484 ++    201997.045086  m 0.0000  2742 | 2/113
 24 h-m-p  0.0000 0.0000 358706.6031 ++    201884.746435  m 0.0000  2858 | 2/113
 25 h-m-p  0.0000 0.0001 7634.6571 +CYCCC 200682.270139  4 0.0001  2982 | 2/113
 26 h-m-p  0.0000 0.0000 5200.8920 ++    200091.678981  m 0.0000  3098 | 2/113
 27 h-m-p  0.0000 0.0001 10176.6136 +YCCC 199649.777203  3 0.0000  3220 | 2/113
 28 h-m-p  0.0000 0.0001 3533.5348 +CYCCC 199389.486234  4 0.0001  3345 | 2/113
 29 h-m-p  0.0000 0.0002 1973.7732 YCCC  199267.346820  3 0.0001  3466 | 2/113
 30 h-m-p  0.0000 0.0002 1409.7795 CCC   199237.693636  2 0.0001  3586 | 2/113
 31 h-m-p  0.0001 0.0004 649.1981 CCC   199224.207559  2 0.0001  3706 | 2/113
 32 h-m-p  0.0001 0.0004 460.8678 C     199218.095288  0 0.0001  3822 | 2/113
 33 h-m-p  0.0001 0.0009 368.6203 CC    199213.905585  1 0.0001  3940 | 2/113
 34 h-m-p  0.0002 0.0037 198.0100 YC    199212.168827  1 0.0001  4057 | 2/113
 35 h-m-p  0.0002 0.0016 148.6681 YC    199211.059638  1 0.0001  4174 | 2/113
 36 h-m-p  0.0002 0.0012 124.5506 CC    199210.173192  1 0.0001  4292 | 2/113
 37 h-m-p  0.0001 0.0032 110.6170 CC    199208.573609  1 0.0002  4410 | 2/113
 38 h-m-p  0.0002 0.0027 126.0012 CCC   199205.283480  2 0.0002  4530 | 2/113
 39 h-m-p  0.0001 0.0022 274.0327 CCC   199198.353881  2 0.0002  4650 | 2/113
 40 h-m-p  0.0001 0.0007 360.4356 YCC   199180.139531  2 0.0002  4769 | 2/113
 41 h-m-p  0.0002 0.0011 391.3958 YCCC  199125.116474  3 0.0003  4890 | 2/113
 42 h-m-p  0.0001 0.0003 794.6373 +YYCC 199006.138160  3 0.0002  5011 | 2/113
 43 h-m-p  0.0000 0.0002 1638.6071 +CC   198836.269943  1 0.0001  5130 | 2/113
 44 h-m-p  0.0001 0.0005 1735.2677 YCCC  198381.251057  3 0.0002  5251 | 2/113
 45 h-m-p  0.0001 0.0003 1854.8952 +YCCC 197883.987034  3 0.0002  5373 | 2/113
 46 h-m-p  0.0001 0.0004 1765.3595 YCCC  197525.303671  3 0.0002  5494 | 2/113
 47 h-m-p  0.0001 0.0005 2050.9429 CCC   197301.876070  2 0.0001  5614 | 2/113
 48 h-m-p  0.0001 0.0005 1425.2268 CCCC  197191.299108  3 0.0002  5736 | 2/113
 49 h-m-p  0.0001 0.0006 976.7951 CCC   197156.271787  2 0.0001  5856 | 2/113
 50 h-m-p  0.0002 0.0009 492.0272 YCC   197145.576777  2 0.0001  5975 | 2/113
 51 h-m-p  0.0002 0.0014 285.3051 YC    197141.270251  1 0.0001  6092 | 2/113
 52 h-m-p  0.0002 0.0019 211.8934 YC    197139.146712  1 0.0001  6209 | 2/113
 53 h-m-p  0.0002 0.0024 139.6165 YC    197138.138447  1 0.0001  6326 | 2/113
 54 h-m-p  0.0002 0.0095  77.0855 CC    197137.006773  1 0.0003  6444 | 2/113
 55 h-m-p  0.0003 0.0082  65.3373 CC    197134.569581  1 0.0005  6562 | 2/113
 56 h-m-p  0.0002 0.0029 137.0696 CC    197128.667943  1 0.0003  6680 | 2/113
 57 h-m-p  0.0002 0.0010 206.8261 YCC   197113.445988  2 0.0003  6799 | 2/113
 58 h-m-p  0.0002 0.0012 312.0797 YCCC  197047.921264  3 0.0005  6920 | 2/113
 59 h-m-p  0.0002 0.0008 637.6751 +YCCC 196861.127160  3 0.0004  7042 | 2/113
 60 h-m-p  0.0001 0.0005 1115.1825 +YCCC 196496.228744  3 0.0003  7164 | 2/113
 61 h-m-p  0.0001 0.0003 1444.5302 ++    195976.318688  m 0.0003  7280 | 2/113
 62 h-m-p -0.0000 -0.0000 2198.8628 
h-m-p:     -1.97388904e-20     -9.86944519e-20      2.19886279e+03 195976.318688
..  | 2/113
 63 h-m-p  0.0000 0.0000 128324.8729 -YYYCYCCC 195911.649209  7 0.0000  7520 | 2/113
 64 h-m-p  0.0000 0.0000 10654.2412 CYC   195841.095882  2 0.0000  7639 | 2/113
 65 h-m-p  0.0000 0.0000 22716.9812 ++    195542.423145  m 0.0000  7755 | 2/113
 66 h-m-p  0.0000 0.0000 86974.3389 ++    195113.955359  m 0.0000  7871 | 2/113
 67 h-m-p  0.0000 0.0000 327957.5548 +CYCCC 193967.936288  4 0.0000  7996 | 2/113
 68 h-m-p  0.0000 0.0001 13223.6884 CYCC  193618.033130  3 0.0000  8117 | 2/113
 69 h-m-p  0.0000 0.0001 4645.1999 +YYYCCC 192740.413703  5 0.0001  8241 | 2/113
 70 h-m-p  0.0000 0.0000 8564.9926 +CYYCC 192349.484871  4 0.0000  8364 | 2/113
 71 h-m-p  0.0000 0.0000 9982.0448 +YYCCC 192111.120490  4 0.0000  8487 | 2/113
 72 h-m-p  0.0000 0.0002 2261.8190 YCC   192004.488739  2 0.0001  8606 | 2/113
 73 h-m-p  0.0000 0.0001 3151.3185 +CYC  191828.508717  2 0.0001  8726 | 2/113
 74 h-m-p  0.0000 0.0002 3576.7431 YCC   191735.345225  2 0.0001  8845 | 2/113
 75 h-m-p  0.0000 0.0001 1731.9572 +YCCC 191679.075502  3 0.0001  8967 | 2/113
 76 h-m-p  0.0001 0.0005 1528.3577 CYC   191637.725522  2 0.0001  9086 | 2/113
 77 h-m-p  0.0001 0.0007 720.1937 CCCC  191617.409562  3 0.0001  9208 | 2/113
 78 h-m-p  0.0001 0.0005 1229.0535 CCC   191603.082495  2 0.0001  9328 | 2/113
 79 h-m-p  0.0002 0.0012 574.8034 CC    191592.122133  1 0.0002  9446 | 2/113
 80 h-m-p  0.0001 0.0008 685.6266 CCC   191582.463668  2 0.0001  9566 | 2/113
 81 h-m-p  0.0002 0.0012 486.0035 CC    191575.437631  1 0.0002  9684 | 2/113
 82 h-m-p  0.0001 0.0004 628.7686 YYC   191572.584410  2 0.0001  9802 | 2/113
 83 h-m-p  0.0002 0.0023 240.9205 CC    191569.270154  1 0.0002  9920 | 2/113
 84 h-m-p  0.0003 0.0034 209.4801 YC    191567.714889  1 0.0002 10037 | 2/113
 85 h-m-p  0.0001 0.0028 259.7229 CC    191566.073943  1 0.0002 10155 | 2/113
 86 h-m-p  0.0002 0.0037 211.4103 CC    191564.843242  1 0.0002 10273 | 2/113
 87 h-m-p  0.0002 0.0048 175.4926 CC    191563.849314  1 0.0002 10391 | 2/113
 88 h-m-p  0.0002 0.0037 146.7263 YC    191563.187100  1 0.0002 10508 | 2/113
 89 h-m-p  0.0002 0.0052 127.4028 C     191562.608890  0 0.0002 10624 | 2/113
 90 h-m-p  0.0002 0.0025 107.7005 YC    191562.198031  1 0.0002 10741 | 2/113
 91 h-m-p  0.0002 0.0064 102.6918 CC    191561.592021  1 0.0003 10859 | 2/113
 92 h-m-p  0.0002 0.0012  97.9631 CY    191561.124406  1 0.0002 10977 | 2/113
 93 h-m-p  0.0001 0.0069 166.7153 CC    191560.457579  1 0.0002 11095 | 2/113
 94 h-m-p  0.0002 0.0061 121.1980 CC    191559.474095  1 0.0003 11213 | 2/113
 95 h-m-p  0.0004 0.0025  86.2763 CC    191557.900919  1 0.0006 11331 | 2/113
 96 h-m-p  0.0004 0.0050 133.8780 CC    191556.337957  1 0.0003 11449 | 2/113
 97 h-m-p  0.0003 0.0031 134.3645 YC    191552.599748  1 0.0006 11566 | 2/113
 98 h-m-p  0.0005 0.0034 155.2784 CCC   191547.383720  2 0.0006 11686 | 2/113
 99 h-m-p  0.0003 0.0034 324.7868 CC    191540.209415  1 0.0003 11804 | 2/113
100 h-m-p  0.0002 0.0012 217.5856 YC    191528.439409  1 0.0006 11921 | 2/113
101 h-m-p  0.0003 0.0019 463.5696 CCC   191509.224346  2 0.0004 12041 | 2/113
102 h-m-p  0.0002 0.0008 478.5242 +YCC  191474.965900  2 0.0005 12161 | 2/113
103 h-m-p  0.0005 0.0023 491.4973 CYC   191442.185304  2 0.0004 12280 | 2/113
104 h-m-p  0.0001 0.0005 657.2121 +YCC  191405.630049  2 0.0003 12400 | 2/113
105 h-m-p  0.0002 0.0008 417.4645 +CC   191354.407874  1 0.0006 12519 | 2/113
106 h-m-p  0.0003 0.0014 476.3952 YCCC  191300.673689  3 0.0005 12640 | 2/113
107 h-m-p  0.0002 0.0012 448.5524 YCCC  191264.558838  3 0.0004 12761 | 2/113
108 h-m-p  0.0002 0.0010 806.7008 CCC   191224.826607  2 0.0003 12881 | 2/113
109 h-m-p  0.0004 0.0020 323.3789 CCC   191200.375937  2 0.0006 13001 | 2/113
110 h-m-p  0.0002 0.0011 623.3723 CC    191179.361221  1 0.0003 13119 | 2/113
111 h-m-p  0.0002 0.0010 436.3027 YCCC  191160.440380  3 0.0005 13240 | 2/113
112 h-m-p  0.0006 0.0050 329.4483 CCC   191147.401710  2 0.0006 13360 | 2/113
113 h-m-p  0.0007 0.0037 196.7036 CCC   191139.341034  2 0.0008 13480 | 2/113
114 h-m-p  0.0005 0.0023 261.9778 YCC   191134.963379  2 0.0004 13599 | 2/113
115 h-m-p  0.0006 0.0085 171.8193 CC    191131.380732  1 0.0006 13717 | 2/113
116 h-m-p  0.0005 0.0033 185.1224 CY    191128.458617  1 0.0005 13835 | 2/113
117 h-m-p  0.0004 0.0020 112.0939 CC    191126.837315  1 0.0006 13953 | 2/113
118 h-m-p  0.0006 0.0080 107.9434 YC    191125.922345  1 0.0004 14070 | 2/113
119 h-m-p  0.0005 0.0177  76.0934 CC    191124.965648  1 0.0006 14188 | 2/113
120 h-m-p  0.0010 0.0124  48.0505 C     191124.006740  0 0.0010 14304 | 2/113
121 h-m-p  0.0009 0.0102  51.8509 C     191122.892800  0 0.0009 14420 | 2/113
122 h-m-p  0.0007 0.0070  67.4952 CC    191121.315872  1 0.0009 14538 | 2/113
123 h-m-p  0.0009 0.0206  65.7138 CC    191118.418195  1 0.0012 14656 | 2/113
124 h-m-p  0.0007 0.0053 116.2710 CC    191112.511823  1 0.0010 14774 | 2/113
125 h-m-p  0.0011 0.0109 114.8583 C     191103.646737  0 0.0011 14890 | 2/113
126 h-m-p  0.0007 0.0075 164.2981 CCC   191085.510361  2 0.0011 15010 | 2/113
127 h-m-p  0.0005 0.0024 248.9678 YC    191043.660083  1 0.0012 15127 | 2/113
128 h-m-p  0.0010 0.0058 303.8174 CCC   190949.606890  2 0.0016 15247 | 2/113
129 h-m-p  0.0003 0.0016 463.8709 YC    190867.874294  1 0.0008 15364 | 2/113
130 h-m-p  0.0002 0.0009 518.0777 +YC   190789.942470  1 0.0007 15482 | 2/113
131 h-m-p  0.0004 0.0020 360.2150 CCCC  190756.354955  3 0.0007 15604 | 2/113
132 h-m-p  0.0003 0.0015 306.9787 YC    190734.406959  1 0.0007 15721 | 2/113
133 h-m-p  0.0014 0.0077 160.3464 YCC   190724.003957  2 0.0011 15840 | 2/113
134 h-m-p  0.0006 0.0031 131.0259 CCC   190720.288252  2 0.0007 15960 | 2/113
135 h-m-p  0.0007 0.0034  98.9291 CC    190718.121494  1 0.0008 16078 | 2/113
136 h-m-p  0.0016 0.0260  49.5187 CC    190716.888770  1 0.0013 16196 | 2/113
137 h-m-p  0.0013 0.0106  48.9508 CC    190715.686618  1 0.0015 16314 | 2/113
138 h-m-p  0.0015 0.0214  49.5126 YC    190714.844706  1 0.0011 16431 | 2/113
139 h-m-p  0.0010 0.0053  54.2060 CC    190714.069619  1 0.0009 16549 | 2/113
140 h-m-p  0.0011 0.0422  42.7324 CC    190712.822803  1 0.0015 16667 | 2/113
141 h-m-p  0.0016 0.0205  40.5719 CC    190711.023835  1 0.0017 16785 | 2/113
142 h-m-p  0.0015 0.0274  46.8749 YC    190706.103453  1 0.0026 16902 | 2/113
143 h-m-p  0.0018 0.0224  66.6648 CCC   190696.001242  2 0.0024 17022 | 2/113
144 h-m-p  0.0015 0.0138 103.5581 CC    190672.246950  1 0.0024 17140 | 2/113
145 h-m-p  0.0016 0.0080 119.4717 CCC   190639.270649  2 0.0023 17260 | 2/113
146 h-m-p  0.0014 0.0068 182.5063 CYC   190611.201001  2 0.0014 17379 | 2/113
147 h-m-p  0.0016 0.0107 168.0062 CCC   190592.399058  2 0.0015 17499 | 2/113
148 h-m-p  0.0023 0.0119 109.9522 YC    190585.886691  1 0.0014 17616 | 2/113
149 h-m-p  0.0019 0.0158  80.6875 YC    190583.334367  1 0.0012 17733 | 2/113
150 h-m-p  0.0028 0.0418  34.2511 YC    190582.584226  1 0.0016 17850 | 2/113
151 h-m-p  0.0020 0.0718  26.4828 YC    190582.262160  1 0.0013 17967 | 2/113
152 h-m-p  0.0026 0.1657  12.7281 CC    190582.054310  1 0.0021 18085 | 2/113
153 h-m-p  0.0024 0.1162  11.0395 CC    190581.716797  1 0.0032 18203 | 2/113
154 h-m-p  0.0026 0.0813  13.4062 CC    190580.925056  1 0.0038 18321 | 2/113
155 h-m-p  0.0022 0.0373  23.4570 CC    190578.810860  1 0.0033 18439 | 2/113
156 h-m-p  0.0020 0.0539  39.4031 YC    190571.630074  1 0.0039 18556 | 2/113
157 h-m-p  0.0020 0.0225  76.1900 YC    190553.893733  1 0.0036 18673 | 2/113
158 h-m-p  0.0014 0.0072 155.8440 CCC   190538.148400  2 0.0016 18793 | 2/113
159 h-m-p  0.0022 0.0175 116.6794 YCC   190531.233437  2 0.0014 18912 | 2/113
160 h-m-p  0.0040 0.0241  41.2984 CC    190530.329571  1 0.0012 19030 | 2/113
161 h-m-p  0.0024 0.0792  20.3253 YC    190529.994222  1 0.0017 19147 | 2/113
162 h-m-p  0.0040 0.0517   8.4855 YC    190529.811981  1 0.0026 19264 | 2/113
163 h-m-p  0.0024 0.1449   9.1153 YC    190529.094630  1 0.0058 19381 | 2/113
164 h-m-p  0.0031 0.0621  16.8735 YC    190526.824132  1 0.0055 19498 | 2/113
165 h-m-p  0.0035 0.0554  26.0045 CCC   190521.329365  2 0.0049 19618 | 2/113
166 h-m-p  0.0025 0.0243  50.8174 CCC   190514.832244  2 0.0026 19738 | 2/113
167 h-m-p  0.0021 0.0312  61.6046 CCC   190509.598876  2 0.0025 19858 | 2/113
168 h-m-p  0.0043 0.0341  35.5976 CC    190508.655485  1 0.0016 19976 | 2/113
169 h-m-p  0.0029 0.0443  19.8504 YC    190508.331536  1 0.0019 20093 | 2/113
170 h-m-p  0.0030 0.0922  12.4112 YC    190508.192358  1 0.0019 20210 | 2/113
171 h-m-p  0.0045 0.2735   5.0518 YC    190507.921444  1 0.0075 20327 | 2/113
172 h-m-p  0.0078 0.3910   4.8665 +CC   190505.473968  1 0.0273 20446 | 2/113
173 h-m-p  0.0065 0.0873  20.3924 CC    190498.855482  1 0.0095 20564 | 2/113
174 h-m-p  0.0037 0.0565  52.0801 YC    190483.682248  1 0.0074 20681 | 2/113
175 h-m-p  0.0072 0.0362  47.4722 YC    190480.541297  1 0.0030 20798 | 2/113
176 h-m-p  0.0058 0.0487  24.2505 CC    190480.023114  1 0.0020 20916 | 2/113
177 h-m-p  0.0110 0.1976   4.4908 CC    190479.931033  1 0.0042 21034 | 2/113
178 h-m-p  0.0053 0.4712   3.5534 +C    190479.260140  0 0.0204 21151 | 2/113
179 h-m-p  0.0142 0.3485   5.0972 +CCC  190470.533632  2 0.0546 21272 | 2/113
180 h-m-p  0.0055 0.0277  24.6900 +YCCC 190440.887397  3 0.0160 21394 | 2/113
181 h-m-p  0.1320 0.6601   0.2878 +CYYCCC 190415.380197  5 0.6005 21519 | 2/113
182 h-m-p  0.4812 8.0000   0.3591 YCC   190399.754186  2 0.7886 21749 | 2/113
183 h-m-p  0.1501 0.7507   0.2067 +YYYYC 190393.183831  4 0.5856 21981 | 2/113
184 h-m-p  0.5187 8.0000   0.2334 +YC   190388.166197  1 1.3132 22210 | 2/113
185 h-m-p  0.3791 1.8955   0.1202 +YYCC 190383.779046  3 1.3452 22442 | 2/113
186 h-m-p  1.2899 8.0000   0.1253 CCC   190379.711151  2 1.2289 22673 | 2/113
187 h-m-p  1.1143 5.5717   0.0497 YC    190375.898399  1 2.0489 22901 | 2/113
188 h-m-p  1.6000 8.0000   0.0354 YCC   190372.700792  2 2.9824 23131 | 2/113
189 h-m-p  1.6000 8.0000   0.0460 YCCC  190367.435951  3 3.6728 23363 | 2/113
190 h-m-p  1.4839 7.4193   0.0441 CCC   190364.400442  2 1.9653 23594 | 2/113
191 h-m-p  1.6000 8.0000   0.0266 YC    190364.094873  1 1.0882 23822 | 2/113
192 h-m-p  1.4482 7.3867   0.0200 YC    190363.982316  1 0.7417 24050 | 2/113
193 h-m-p  1.2860 8.0000   0.0115 CC    190363.922326  1 1.8632 24279 | 2/113
194 h-m-p  1.6000 8.0000   0.0053 C     190363.896190  0 2.0210 24506 | 2/113
195 h-m-p  1.6000 8.0000   0.0032 C     190363.880452  0 2.0754 24733 | 2/113
196 h-m-p  1.6000 8.0000   0.0024 C     190363.875081  0 1.7874 24960 | 2/113
197 h-m-p  1.6000 8.0000   0.0018 C     190363.872885  0 2.0918 25187 | 2/113
198 h-m-p  1.6000 8.0000   0.0011 C     190363.871777  0 2.4001 25414 | 2/113
199 h-m-p  1.6000 8.0000   0.0007 Y     190363.870949  0 3.1422 25641 | 2/113
200 h-m-p  1.6000 8.0000   0.0005 Y     190363.870124  0 3.3702 25868 | 2/113
201 h-m-p  1.6000 8.0000   0.0005 Y     190363.869404  0 3.4058 26095 | 2/113
202 h-m-p  1.6000 8.0000   0.0006 C     190363.869044  0 2.1840 26322 | 2/113
203 h-m-p  1.6000 8.0000   0.0004 C     190363.868978  0 1.5327 26549 | 2/113
204 h-m-p  1.6000 8.0000   0.0002 C     190363.868965  0 2.0134 26776 | 2/113
205 h-m-p  1.6000 8.0000   0.0001 C     190363.868960  0 2.0387 27003 | 2/113
206 h-m-p  1.6000 8.0000   0.0000 C     190363.868958  0 2.2566 27230 | 2/113
207 h-m-p  1.6000 8.0000   0.0000 C     190363.868958  0 1.9304 27457 | 2/113
208 h-m-p  1.6000 8.0000   0.0000 Y     190363.868958  0 0.4000 27684 | 2/113
209 h-m-p  0.2775 8.0000   0.0000 -------------Y 190363.868957  0 0.0000 27924
Out..
lnL  = -190363.868957
27925 lfun, 27925 eigenQcodon, 3099675 P(t)
