117714    0.084535    0.070182    0.098340    0.067985    0.077462    0.045759    0.099241    0.093455    0.034219    0.137570    0.110693    0.000000    0.093296    0.060337    0.091006    0.108672    0.105759    0.113155    0.094833    0.102632    0.085090    0.120595    0.110993    0.092260    0.048036    0.028762    0.017811    1.709918    1.120557    0.378824    0.186694    2.981792

ntime & nrate & np:    35     3    40

Bounds (np=40):
   0.000004   0.000004   0.000004   0.000004   0.000004   0.000004   0.000004   0.000004   0.000004   0.000004   0.000004   0.000004   0.000004   0.000004   0.000004   0.000004   0.000004   0.000004   0.000004   0.000004   0.000004   0.000004   0.000004   0.000004   0.000004   0.000004   0.000004   0.000004   0.000004   0.000004   0.000004   0.000004   0.000004   0.000004   0.000004   0.000100 -99.000000 -99.000000   0.000001   1.000000
  50.000000  50.000000  50.000000  50.000000  50.000000  50.000000  50.000000  50.000000  50.000000  50.000000  50.000000  50.000000  50.000000  50.000000  50.000000  50.000000  50.000000  50.000000  50.000000  50.000000  50.000000  50.000000  50.000000  50.000000  50.000000  50.000000  50.000000  50.000000  50.000000  50.000000  50.000000  50.000000  50.000000  50.000000  50.000000 999.000000  99.000000  99.000000   1.000000 999.000000
Qfactor_NS = 5.429857

np =    40
lnL0 = -74720.391351

Iterating by ming2
Initial: fx= 74720.391351
x=  0.08556  0.09433  0.02762  0.07696  0.02783  0.08005  0.10917  0.11771  0.08454  0.07018  0.09834  0.06798  0.07746  0.04576  0.09924  0.09346  0.03422  0.13757  0.11069  0.00000  0.09330  0.06034  0.09101  0.10867  0.10576  0.11315  0.09483  0.10263  0.08509  0.12059  0.11099  0.09226  0.04804  0.02876  0.01781  1.70992  1.12056  0.37882  0.18669  2.98179

  1 h-m-p  0.0000 0.0000 32264.0494 ++    65718.250135  m 0.0000    45 | 0/40
  2 h-m-p  0.0000 0.0000 11275.1784 +YYYYC 65247.847543  4 0.0000    93 | 0/40
  3 h-m-p  0.0000 0.0000 29985.8252 ++    64025.933759  m 0.0000   136 | 1/40
  4 h-m-p  0.0000 0.0000 14987.3318 ++    63036.937768  m 0.0000   179 | 2/40
  5 h-m-p  0.0000 0.0000 7522.5421 ++    61842.643410  m 0.0000   222 | 2/40
  6 h-m-p  0.0000 0.0001 7526.6464 ++    60694.800102  m 0.0001   265 | 2/40
  7 h-m-p  0.0000 0.0000 101393.4298 ++    60157.578012  m 0.0000   308 | 2/40
  8 h-m-p  0.0000 0.0001 16988.3997 YCCC  59448.251284  3 0.0000   356 | 2/40
  9 h-m-p  0.0000 0.0002 6282.9590 YCCCC 58993.997964  4 0.0001   406 | 2/40
 10 h-m-p  0.0000 0.0001 2731.7028 +CYCYCCC 58744.110971  6 0.0001   460 | 2/40
 11 h-m-p  0.0001 0.0003 1872.1940 CYC   58692.046081  2 0.0001   506 | 2/40
 12 h-m-p  0.0001 0.0004 1482.4843 YCCC  58606.494591  3 0.0002   554 | 2/40
 13 h-m-p  0.0002 0.0009 914.5574 CYC   58571.665950  2 0.0002   600 | 2/40
 14 h-m-p  0.0002 0.0018 560.8964 YC    58555.544447  1 0.0002   644 | 2/40
 15 h-m-p  0.0002 0.0022 432.8037 CCC   58543.489185  2 0.0002   691 | 2/40
 16 h-m-p  0.0002 0.0036 583.5761 YCC   58523.013396  2 0.0004   737 | 2/40
 17 h-m-p  0.0003 0.0017 814.3897 CCC   58493.317652  2 0.0004   784 | 2/40
 18 h-m-p  0.0002 0.0019 1668.7372 CCC   58449.657557  2 0.0003   831 | 2/40
 19 h-m-p  0.0002 0.0016 2869.3493 YCCC  58360.762630  3 0.0004   879 | 2/40
 20 h-m-p  0.0003 0.0017 1759.3297 CCC   58299.012906  2 0.0005   926 | 2/40
 21 h-m-p  0.0005 0.0027 776.2080 CCC   58266.514106  2 0.0006   973 | 2/40
 22 h-m-p  0.0005 0.0042 962.7731 +YYCC 58145.669141  3 0.0018  1021 | 2/40
 23 h-m-p  0.0001 0.0004 7256.7852 ++    57896.268811  m 0.0004  1064 | 2/40
 24 h-m-p  0.0000 0.0000 3996.7166 
h-m-p:      1.10979303e-20      5.54896513e-20      3.99671656e+03 57896.268811
..  | 2/40
 25 h-m-p  0.0000 0.0000 16497.5808 YCYCCCC 57619.927622  6 0.0000  1157 | 2/40
 26 h-m-p  0.0000 0.0000 3895.4311 ++    57551.171036  m 0.0000  1200 | 2/40
 27 h-m-p  0.0000 0.0000 16638.5472 +YCYYYYCCCC 57357.955444  9 0.0000  1257 | 2/40
 28 h-m-p  0.0000 0.0000 9430.3367 ++    57142.410320  m 0.0000  1300 | 2/40
 29 h-m-p  0.0000 0.0001 6704.2057 +CCCC 56915.464327  3 0.0001  1350 | 2/40
 30 h-m-p  0.0000 0.0001 2291.8962 ++    56740.018124  m 0.0001  1393 | 2/40
 31 h-m-p  0.0001 0.0003 1004.5069 +YCCC 56662.489732  3 0.0002  1442 | 2/40
 32 h-m-p  0.0000 0.0000 1373.8041 ++    56648.096760  m 0.0000  1485 | 2/40
 33 h-m-p  0.0000 0.0006 947.4796 +CCCC 56620.433240  3 0.0002  1535 | 2/40
 34 h-m-p  0.0001 0.0007 455.9922 YCCC  56598.399303  3 0.0003  1583 | 2/40
 35 h-m-p  0.0003 0.0017 263.5282 YYC   56591.899832  2 0.0003  1628 | 2/40
 36 h-m-p  0.0002 0.0017 428.7770 CCC   56587.147639  2 0.0002  1675 | 2/40
 37 h-m-p  0.0006 0.0066 122.2480 YCC   56584.832028  2 0.0005  1721 | 2/40
 38 h-m-p  0.0008 0.0056  73.2481 CCC   56583.157752  2 0.0008  1768 | 2/40
 39 h-m-p  0.0012 0.0239  52.0058 YC    56580.812981  1 0.0021  1812 | 2/40
 40 h-m-p  0.0004 0.0067 256.3887 YC    56575.431669  1 0.0010  1856 | 2/40
 41 h-m-p  0.0005 0.0062 492.1747 YCCC  56565.621204  3 0.0009  1904 | 2/40
 42 h-m-p  0.0004 0.0022 869.2805 YCCC  56551.275273  3 0.0008  1952 | 2/40
 43 h-m-p  0.0006 0.0048 1020.1468 YCCC  56516.232281  3 0.0015  2000 | 2/40
 44 h-m-p  0.0003 0.0016 3962.5120 YCCCCC 56477.081092  5 0.0004  2052 | 2/40
 45 h-m-p  0.0005 0.0023 1823.8274 YYYC  56459.468776  3 0.0004  2098 | 2/40
 46 h-m-p  0.0010 0.0050 376.5880 YCCC  56454.777807  3 0.0006  2146 | 2/40
 47 h-m-p  0.0008 0.0039  75.6694 YCC   56453.826594  2 0.0006  2192 | 2/40
 48 h-m-p  0.0016 0.0154  25.8087 CC    56451.695996  1 0.0023  2237 | 2/40
 49 h-m-p  0.0010 0.0158  61.2515 +CCCC 56436.232911  3 0.0042  2287 | 2/40
 50 h-m-p  0.0019 0.0093 106.2142 CCCC  56411.460903  3 0.0028  2336 | 2/40
 51 h-m-p  0.0025 0.0125 119.9439 CCC   56389.595164  2 0.0021  2383 | 2/40
 52 h-m-p  0.0020 0.0120 124.8858 YCCC  56377.771699  3 0.0013  2431 | 2/40
 53 h-m-p  0.0012 0.0161 135.2124 CCC   56365.686073  2 0.0016  2478 | 2/40
 54 h-m-p  0.0029 0.0170  76.5368 YCC   56361.328843  2 0.0018  2524 | 2/40
 55 h-m-p  0.0046 0.0284  29.9059 CC    56360.651390  1 0.0015  2569 | 2/40
 56 h-m-p  0.0026 0.0390  17.4698 YC    56360.357229  1 0.0017  2613 | 2/40
 57 h-m-p  0.0040 0.0949   7.3402 CC    56359.786675  1 0.0054  2658 | 2/40
 58 h-m-p  0.0026 0.0470  15.2308 +CYC  56355.580837  2 0.0094  2705 | 2/40
 59 h-m-p  0.0024 0.0147  59.1459 CC    56347.360758  1 0.0036  2750 | 2/40
 60 h-m-p  0.0013 0.0066 122.7746 CC    56339.090422  1 0.0019  2795 | 2/40
 61 h-m-p  0.0159 0.0896  14.7166 YC    56338.800659  1 0.0022  2839 | 2/40
 62 h-m-p  0.0117 0.3288   2.7861 YC    56337.844250  1 0.0229  2883 | 2/40
 63 h-m-p  0.0029 0.0250  21.8212 ++    56325.805063  m 0.0250  2926 | 2/40
 64 h-m-p  0.0000 0.0000  22.3851 
h-m-p:      1.64879466e-18      8.24397329e-18      2.23850861e+01 56325.805063
..  | 2/40
 65 h-m-p  0.0000 0.0000 27767.4103 --CYYYC 56319.650452  4 0.0000  3016 | 2/40
 66 h-m-p  0.0000 0.0000 2774.9229 YYCCC 56314.863799  4 0.0000  3065 | 2/40
 67 h-m-p  0.0000 0.0000 609.5878 CC    56314.643148  1 0.0000  3110 | 2/40
 68 h-m-p  0.0000 0.0000 1412.7101 YYC   56313.899493  2 0.0000  3155 | 2/40
 69 h-m-p  0.0000 0.0002  99.7848 ++    56312.958590  m 0.0002  3198 | 2/40
 70 h-m-p  0.0000 0.0000 397.1058 
h-m-p:      5.15817081e-22      2.57908540e-21      3.97105820e+02 56312.958590
..  | 2/40
 71 h-m-p  0.0000 0.0000 277.6169 CC    56312.911983  1 0.0000  3283 | 2/40
 72 h-m-p  0.0000 0.0000 574.5638 YY    56312.792832  1 0.0000  3327 | 2/40
 73 h-m-p  0.0000 0.0000 910.3188 YC    56312.535641  1 0.0000  3371 | 2/40
 74 h-m-p  0.0000 0.0006 181.1901 YC    56312.448700  1 0.0000  3415 | 2/40
 75 h-m-p  0.0000 0.0005 185.5142 +YC   56311.884720  1 0.0001  3460 | 2/40
 76 h-m-p  0.0001 0.0006 190.5047 CYC   56311.750114  2 0.0000  3506 | 2/40
 77 h-m-p  0.0000 0.0020 524.3022 ++CCC 56309.299483  2 0.0002  3555 | 2/40
 78 h-m-p  0.0000 0.0002 331.6804 +CY   56308.058763  1 0.0001  3601 | 2/40
 79 h-m-p  0.0008 0.0055  49.5464 YCC   56307.536003  2 0.0006  3647 | 2/40
 80 h-m-p  0.0004 0.0049  77.8512 CC    56307.393568  1 0.0001  3692 | 2/40
 81 h-m-p  0.0003 0.0033  40.6836 +YC   56307.139070  1 0.0007  3737 | 2/40
 82 h-m-p  0.0009 0.0132  28.8067 YC    56307.035641  1 0.0005  3781 | 2/40
 83 h-m-p  0.0004 0.0203  34.7729 YC    56306.852401  1 0.0009  3825 | 2/40
 84 h-m-p  0.0010 0.0387  30.7126 YC    56306.769104  1 0.0006  3869 | 2/40
 85 h-m-p  0.0006 0.0083  28.0435 CC    56306.665436  1 0.0009  3914 | 2/40
 86 h-m-p  0.0016 0.0460  16.0385 YC    56306.625799  1 0.0008  3958 | 2/40
 87 h-m-p  0.0004 0.0295  29.4430 YC    56306.544228  1 0.0010  4002 | 2/40
 88 h-m-p  0.0011 0.0104  26.9386 CC    56306.452360  1 0.0013  4047 | 2/40
 89 h-m-p  0.0010 0.0412  36.5188 YC    56306.414558  1 0.0004  4091 | 2/40
 90 h-m-p  0.0010 0.0528  16.2770 C     56306.381457  0 0.0010  4134 | 2/40
 91 h-m-p  0.0009 0.0272  17.3242 YC    56306.320673  1 0.0019  4178 | 2/40
 92 h-m-p  0.0007 0.0157  47.7435 CC    56306.269636  1 0.0006  4223 | 2/40
 93 h-m-p  0.0007 0.0449  42.0994 +YC   56306.118326  1 0.0021  4268 | 2/40
 94 h-m-p  0.0010 0.0070  91.9811 +CC   56305.586100  1 0.0035  4314 | 2/40
 95 h-m-p  0.0009 0.0304 348.9731 CCC   56304.823182  2 0.0013  4361 | 2/40
 96 h-m-p  0.0012 0.0058 173.9655 CC    56304.463029  1 0.0013  4406 | 2/40
 97 h-m-p  0.0034 0.0437  63.6229 YC    56304.289452  1 0.0017  4450 | 2/40
 98 h-m-p  0.0145 0.1087   7.3839 -C    56304.278945  0 0.0011  4494 | 2/40
 99 h-m-p  0.0029 0.2079   2.7698 YC    56304.275179  1 0.0014  4538 | 2/40
100 h-m-p  0.0034 1.3548   1.1128 YC    56304.267830  1 0.0063  4582 | 2/40
101 h-m-p  0.0030 0.5512   2.3598 +YC   56304.235758  1 0.0080  4627 | 2/40
102 h-m-p  0.0018 0.4489  10.2353 +CC   56304.032169  1 0.0102  4673 | 2/40
103 h-m-p  0.0035 0.3768  29.5982 +YC   56303.456693  1 0.0098  4718 | 2/40
104 h-m-p  0.0060 0.0474  48.6098 CC    56303.328337  1 0.0014  4763 | 2/40
105 h-m-p  0.0060 0.1543  11.0444 CC    56303.297327  1 0.0017  4808 | 2/40
106 h-m-p  0.0076 0.2954   2.5460 Y     56303.293996  0 0.0015  4851 | 2/40
107 h-m-p  0.0160 8.0000   0.7608 +++YCC 56302.874070  2 0.8729  4900 | 2/40
108 h-m-p  0.0036 0.0414 187.0555 C     56302.467754  0 0.0036  4981 | 2/40
109 h-m-p  0.0497 0.2487  11.1385 -YC   56302.452656  1 0.0023  5026 | 2/40
110 h-m-p  0.0575 8.0000   0.4485 ++YC  56302.061457  1 2.2373  5072 | 2/40
111 h-m-p  1.3623 8.0000   0.7365 CC    56301.865356  1 1.5833  5155 | 2/40
112 h-m-p  1.6000 8.0000   0.5439 C     56301.774504  0 1.6000  5236 | 2/40
113 h-m-p  1.1506 8.0000   0.7563 YC    56301.701909  1 2.4781  5318 | 2/40
114 h-m-p  1.6000 8.0000   0.5477 CC    56301.678764  1 1.9887  5401 | 2/40
115 h-m-p  1.6000 8.0000   0.6006 YC    56301.667178  1 2.9839  5483 | 2/40
116 h-m-p  1.6000 8.0000   0.5927 C     56301.663162  0 1.9716  5564 | 2/40
117 h-m-p  1.6000 8.0000   0.5569 Y     56301.661348  0 2.6148  5645 | 2/40
118 h-m-p  1.6000 8.0000   0.6099 C     56301.660494  0 2.0189  5726 | 2/40
119 h-m-p  1.6000 8.0000   0.6048 C     56301.660133  0 2.3708  5807 | 2/40
120 h-m-p  1.6000 8.0000   0.5459 C     56301.659975  0 2.1503  5888 | 2/40
121 h-m-p  1.6000 8.0000   0.6781 Y     56301.659881  0 3.1540  5969 | 2/40
122 h-m-p  1.6000 8.0000   0.5753 C     56301.659854  0 1.6876  6050 | 2/40
123 h-m-p  1.6000 8.0000   0.4192 Y     56301.659847  0 2.8246  6131 | 2/40
124 h-m-p  0.4368 8.0000   2.7105 C     56301.659844  0 0.4368  6212 | 2/40
125 h-m-p  1.1024 8.0000   1.0740 Y     56301.659842  0 0.5395  6255 | 2/40
126 h-m-p  1.6000 8.0000   0.0207 -Y    56301.659842  0 0.1000  6299 | 2/40
127 h-m-p  0.1057 8.0000   0.0196 -Y    56301.659842  0 0.0113  6381 | 2/40
128 h-m-p  0.0160 8.0000   0.0476 C     56301.659842  0 0.0206  6462 | 2/40
129 h-m-p  1.1454 8.0000   0.0009 C     56301.659841  0 1.1454  6543 | 2/40
130 h-m-p  1.6000 8.0000   0.0002 C     56301.659841  0 2.4162  6624 | 2/40
131 h-m-p  1.6000 8.0000   0.0000 ----C 56301.659841  0 0.0016  6709
Out..
lnL  = -56301.659841
6710 lfun, 26840 eigenQcodon, 704550 P(t)

BEBing (dim = 4).  This may take several minutes.
Calculating f(x_h|w): 10 categories 21 w sets.
Calculating f(X), the marginal likelihood.
	log(fX) = -57108.753130  S = -56341.936704  -757.890544
Calculating f(w|X), posterior probabilities of site classes.

	did  10 / 2369 patterns  20:17
	did  20 / 2369 patterns  20:17
	did  30 / 2369 patterns  20:17
	did  40 / 2369 patterns  20:17
	did  50 / 2369 patterns  20:17
	did  60 / 2369 patterns  20:17
	did  70 / 2369 patterns  20:17
	did  80 / 2369 patterns  20:17
	did  90 / 2369 patterns  20:17
	did 100 / 2369 patterns  20:17
	did 110 / 2369 patterns  20:17
	did 120 / 2369 patterns  20:17
	did 130 / 2369 patterns  20:17
	did 140 / 2369 patterns  20:17
	did 150 / 2369 patterns  20:17
	did 160 / 2369 patterns  20:17
	did 170 / 2369 patterns  20:17
	did 180 / 2369 patterns  20:17
	did 190 / 2369 patterns  20:17
	did 200 / 2369 patterns  20:17
	did 210 / 2369 patterns  20:17
	did 220 / 2369 patterns  20:17
	did 230 / 2369 patterns  20:17
	did 240 / 2369 patterns  20:17
	did 250 / 2369 patterns  20:17
	did 260 / 2369 patterns  20:17
	did 270 / 2369 patterns  20:17
	did 280 / 2369 patterns  20:17
	did 290 / 2369 patterns  20:17
	did 300 / 2369 patterns  20:17
	did 310 / 2369 patterns  20:17
	did 320 / 2369 patterns  20:17
	did 330 / 2369 patterns  20:17
	did 340 / 2369 patterns  20:17
	did 350 / 2369 patterns  20:17
	did 360 / 2369 patterns  20:17
	did 370 / 2369 patterns  20:17
	did 380 / 2369 patterns  20:17
	did 390 / 2369 patterns  20:17
	did 400 / 2369 patterns  20:17
	did 410 / 2369 patterns  20:17
	did 420 / 2369 patterns  20:17
	did 430 / 2369 patterns  20:17
	did 440 / 2369 patterns  20:17
	did 450 / 2369 patterns  20:17
	did 460 / 2369 patterns  20:17
	did 470 / 2369 patterns  20:17
	did 480 / 2369 patterns  20:17
	did 490 / 2369 patterns  20:17
	did 500 / 2369 patterns  20:17
	did 510 / 2369 patterns  20:17
	did 520 / 2369 patterns  20:17
	did 530 / 2369 patterns  20:17
	did 540 / 2369 patterns  20:17
	did 550 / 2369 patterns  20:17
	did 560 / 2369 patterns  20:17
	did 570 / 2369 patterns  20:17
	did 580 / 2369 patterns  20:17
	did 590 / 2369 patterns  20:17
	did 600 / 2369 patterns  20:17
	did 610 / 2369 patterns  20:17
	did 620 / 2369 patterns  20:17
	did 630 / 2369 patterns  20:17
	did 640 / 2369 patterns  20:17
	did 650 / 2369 patterns  20:17
	did 660 / 2369 patterns  20:17
	did 670 / 2369 patterns  20:17
	did 680 / 2369 patterns  20:17
	did 690 / 2369 patterns  20:17
	did 700 / 2369 patterns  20:17
	did 710 / 2369 patterns  20:17
	did 720 / 2369 patterns  20:17
	did 730 / 2369 patterns  20:17
	did 740 / 2369 patterns  20:17
	did 750 / 2369 patterns  20:17
	did 760 / 2369 patterns  20:17
	did 770 / 2369 patterns  20:17
	did 780 / 2369 patterns  20:17
	did 790 / 2369 patterns  20:17
	did 800 / 2369 patterns  20:17
	did 810 / 2369 patterns  20:17
	did 820 / 2369 patterns  20:17
	did 830 / 2369 patterns  20:17
	did 840 / 2369 patterns  20:17
	did 850 / 2369 patterns  20:17
	did 860 / 2369 patterns  20:17
	did 870 / 2369 patterns  20:17
	did 880 / 2369 patterns  20:17
	did 890 / 2369 patterns  20:17
	did 900 / 2369 patterns  20:17
	did 910 / 2369 patterns  20:17
	did 920 / 2369 patterns  20:17
	did 930 / 2369 patterns  20:17
	did 940 / 2369 patterns  20:17
	did 950 / 2369 patterns  20:17
	did 960 / 2369 patterns  20:17
	did 970 / 2369 patterns  20:17
	did 980 / 2369 patterns  20:17
	did 990 / 2369 patterns  20:17
	did 1000 / 2369 patterns  20:17
	did 1010 / 2369 patterns  20:17
	did 1020 / 2369 patterns  20:17
	did 1030 / 2369 patterns  20:17
	did 1040 / 2369 patterns  20:17
	did 1050 / 2369 patterns  20:17
	did 1060 / 2369 patterns  20:17
	did 1070 / 2369 patterns  20:17
	did 1080 / 2369 patterns  20:17
	did 1090 / 2369 patterns  20:17
	did 1100 / 2369 patterns  20:17
	did 1110 / 2369 patterns  20:17
	did 1120 / 2369 patterns  20:17
	did 1130 / 2369 patterns  20:17
	did 1140 / 2369 patterns  20:17
	did 1150 / 2369 patterns  20:17
	did 1160 / 2369 patterns  20:17
	did 1170 / 2369 patterns  20:17
	did 1180 / 2369 patterns  20:17
	did 1190 / 2369 patterns  20:17
	did 1200 / 2369 patterns  20:17
	did 1210 / 2369 patterns  20:17
	did 1220 / 2369 patterns  20:17
	did 1230 / 2369 patterns  20:17
	did 1240 / 2369 patterns  20:18
	did 1250 / 2369 patterns  20:18
	did 1260 / 2369 patterns  20:18
	did 1270 / 2369 patterns  20:18
	did 1280 / 2369 patterns  20:18
	did 1290 / 2369 patterns  20:18
	did 1300 / 2369 patterns  20:18
	did 1310 / 2369 patterns  20:18
	did 1320 / 2369 patterns  20:18
	did 1330 / 2369 patterns  20:18
	did 1340 / 2369 patterns  20:18
	did 1350 / 2369 patterns  20:18
	did 1360 / 2369 patterns  20:18
	did 1370 / 2369 patterns  20:18
	did 1380 / 2369 patterns  20:18
	did 1390 / 2369 patterns  20:18
	did 1400 / 2369 patterns  20:18
	did 1410 / 2369 patterns  20:18
	did 1420 / 2369 patterns  20:18
	did 1430 / 2369 patterns  20:18
	did 1440 / 2369 patterns  20:18
	did 1450 / 2369 patterns  20:18
	did 1460 / 2369 patterns  20:18
	did 1470 / 2369 patterns  20:18
	did 1480 / 2369 patterns  20:18
	did 1490 / 2369 patterns  20:18
	did 1500 / 2369 patterns  20:18
	did 1510 / 2369 patterns  20:18
	did 1520 / 2369 patterns  20:18
	did 1530 / 2369 patterns  20:18
	did 1540 / 2369 patterns  20:18
	did 1550 / 2369 patterns  20:18
	did 1560 / 2369 patterns  20:18
	did 1570 / 2369 patterns  20:18
	did 1580 / 2369 patterns  20:18
	did 1590 / 2369 patterns  20:18
	did 1600 / 2369 patterns  20:18
	did 1610 / 2369 patterns  20:18
	did 1620 / 2369 patterns  20:18
	did 1630 / 2369 patterns  20:18
	did 1640 / 2369 patterns  20:18
	did 1650 / 2369 patterns  20:18
	did 1660 / 2369 patterns  20:18
	did 1670 / 2369 patterns  20:18
	did 1680 / 2369 patterns  20:18
	did 1690 / 2369 patterns  20:18
	did 1700 / 2369 patterns  20:18
	did 1710 / 2369 patterns  20:18
	did 1720 / 2369 patterns  20:18
	did 1730 / 2369 patterns  20:18
	did 1740 / 2369 patterns  20:18
	did 1750 / 2369 patterns  20:18
	did 1760 / 2369 patterns  20:18
	did 1770 / 2369 patterns  20:18
	did 1780 / 2369 patterns  20:18
	did 1790 / 2369 patterns  20:18
	did 1800 / 2369 patterns  20:18
	did 1810 / 2369 patterns  20:18
	did 1820 / 2369 patterns  20:18
	did 1830 / 2369 patterns  20:18
	did 1840 / 2369 patterns  20:18
	did 1850 / 2369 patterns  20:18
	did 1860 / 2369 patterns  20:18
	did 1870 / 2369 patterns  20:18
	did 1880 / 2369 patterns  20:18
	did 1890 / 2369 patterns  20:18
	did 1900 / 2369 patterns  20:18
	did 1910 / 2369 patterns  20:18
	did 1920 / 2369 patterns  20:18
	did 1930 / 2369 patterns  20:18
	did 1940 / 2369 patterns  20:18
	did 1950 / 2369 patterns  20:18
	did 1960 / 2369 patterns  20:18
	did 1970 / 2369 patterns  20:18
	did 1980 / 2369 patterns  20:18
	did 1990 / 2369 patterns  20:18
	did 2000 / 2369 patterns  20:18
	did 2010 / 2369 patterns  20:18
	did 2020 / 2369 patterns  20:18
	did 2030 / 2369 patterns  20:18
	did 2040 / 2369 patterns  20:18
	did 2050 / 2369 patterns  20:18
	did 2060 / 2369 patterns  20:18
	did 2070 / 2369 patterns  20:18
	did 2080 / 2369 patterns  20:18
	did 2090 / 2369 patterns  20:18
	did 2100 / 2369 patterns  20:18
	did 2110 / 2369 patterns  20:18
	did 2120 / 2369 patterns  20:18
	did 2130 / 2369 patterns  20:18
	did 2140 / 2369 patterns  20:18
	did 2150 / 2369 patterns  20:18
	did 2160 / 2369 patterns  20:18
	did 2170 / 2369 patterns  20:18
	did 2180 / 2369 patterns  20:18
	did 2190 / 2369 patterns  20:18
	did 2200 / 2369 patterns  20:18
	did 2210 / 2369 patterns  20:18
	did 2220 / 2369 patterns  20:18
	did 2230 / 2369 patterns  20:18
	did 2240 / 2369 patterns  20:18
	did 2250 / 2369 patterns  20:18
	did 2260 / 2369 patterns  20:18
	did 2270 / 2369 patterns  20:18
	did 2280 / 2369 patterns  20:18
	did 2290 / 2369 patterns  20:18
	did 2300 / 2369 patterns  20:18
	did 2310 / 2369 patterns  20:18
	did 2320 / 2369 patterns  20:18
	did 2330 / 2369 patterns  20:18
	did 2340 / 2369 patterns  20:18
	did 2350 / 2369 patterns  20:18
	did 2360 / 2369 patterns  20:18
	did 2369 / 2369 patterns  20:18