al_Myxin, BG_basal_Petro), (BG_basal_Myxin2, BG_basal_Petro2));

TREE #  1

 65543280 bytes for conP, adjusted

3 node(s) used for scaling (Yang 2000 J Mol Evol 51:423-432):
 61 75 93

ntime & nrate & np:   111     3   114

np =   114
lnL0 = -275614.446811

Iterating by ming2
Initial: fx= 275614.446811
x=  0.05987  0.03159  0.02721  0.01021  0.01650  0.05015  0.07007  0.04744  0.03858  0.03206  0.09110  0.03149  0.07968  0.06739  0.10688  0.05233  0.02931  0.02479  0.01896  0.05378  0.01813  0.10218  0.02999  0.05391  0.10544  0.02903  0.08506  0.02552  0.05374  0.08085  0.03057  0.03507  0.06997  0.04219  0.05774  0.01363  0.06807  0.02883  0.07302  0.10808  0.08274  0.05521  0.01247  0.03619  0.03882  0.10798  0.09247  0.04399  0.05626  0.06174  0.06374  0.03873  0.04511  0.04764  0.01101  0.04598  0.02042  0.06112  0.01556  0.01438  0.04156  0.06942  0.07258  0.06626  0.05585  0.05501  0.03088  0.06776  0.10098  0.10576  0.09676  0.06685  0.09607  0.03784  0.01963  0.02257  0.02595  0.01225  0.05117  0.02410  0.09841  0.08099  0.04557  0.07295  0.02908  0.07367  0.04272  0.07686  0.08365  0.01071  0.05187  0.07862  0.08204  0.10379  0.02756  0.01854  0.04440  0.07981  0.10545  0.10374  0.03331  0.03894  0.03978  0.03284  0.02226  0.03308  0.06006  0.09951  0.09472  0.02531  0.03887  0.39000  0.41041  0.36500

  1 h-m-p  0.0000 0.0000 165440.9730 +YYYCYYCCC 207688.673441  8 0.0000   132 | 0/114
  2 h-m-p  0.0000 0.0000 58205.5642 YYCYCCC 206826.493106  6 0.0000   258 | 0/114
  3 h-m-p  0.0000 0.0000 24172.9151 ++    203602.087486  m 0.0000   375 | 1/114
  4 h-m-p  0.0000 0.0000 14726.9413 ++    202780.753571  m 0.0000   492 | 2/114
  5 h-m-p  0.0000 0.0000 15992.1566 ++    202411.723541  m 0.0000   609 | 2/114
  6 h-m-p  0.0000 0.0001 33214.3654 YCCCC 200779.413644  4 0.0000   733 | 2/114
  7 h-m-p  0.0000 0.0001 2485.6652 +CC   200454.152875  1 0.0001   853 | 2/114
  8 h-m-p  0.0000 0.0000 3108.7302 +YYCYCCC 200405.151833  6 0.0000   980 | 2/114
  9 h-m-p  0.0000 0.0002 1369.9741 CCC   200374.672492  2 0.0001  1101 | 2/114
 10 h-m-p  0.0001 0.0003 987.5946 CCC   200360.640166  2 0.0000  1222 | 2/114
 11 h-m-p  0.0000 0.0002 748.6016 CCC   200350.180554  2 0.0001  1343 | 2/114
 12 h-m-p  0.0001 0.0003 487.8039 YYC   200346.352677  2 0.0000  1462 | 2/114
 13 h-m-p  0.0001 0.0010 260.9604 CC    200343.474725  1 0.0001  1581 | 2/114
 14 h-m-p  0.0001 0.0019 231.5358 CC    200338.534410  1 0.0002  1700 | 2/114
 15 h-m-p  0.0001 0.0012 271.9992 CCC   200329.770190  2 0.0002  1821 | 2/114
 16 h-m-p  0.0001 0.0015 322.3105 CC    200309.370249  1 0.0002  1940 | 2/114
 17 h-m-p  0.0002 0.0013 431.9824 YC    200219.599060  1 0.0004  2058 | 2/114
 18 h-m-p  0.0001 0.0004 1274.3756 +YYCCC 199955.891210  4 0.0002  2182 | 2/114
 19 h-m-p  0.0000 0.0002 2479.7862 +YYCCC 199423.920009  4 0.0002  2306 | 2/114
 20 h-m-p  0.0000 0.0000 4171.2398 ++    199156.799672  m 0.0000  2423 | 2/114
 21 h-m-p  0.0001 0.0003 2056.1829 +YCCC 198614.329830  3 0.0002  2546 | 2/114
 22 h-m-p  0.0000 0.0001 2548.1602 ++    198271.960675  m 0.0001  2663 | 2/114
 23 h-m-p  0.0000 0.0002 2323.1563 +YYCC 197997.888117  3 0.0001  2785 | 2/114
 24 h-m-p  0.0000 0.0001 3154.7024 YCCC  197889.312113  3 0.0000  2907 | 2/114
 25 h-m-p  0.0000 0.0001 2003.7679 ++    197822.153824  m 0.0001  3024 | 2/114
 26 h-m-p  0.0001 0.0003 1113.3465 CCCC  197785.555731  3 0.0001  3147 | 2/114
 27 h-m-p  0.0001 0.0007 717.4031 YCC   197769.765815  2 0.0001  3267 | 2/114
 28 h-m-p  0.0000 0.0002 503.7975 YC    197762.463754  1 0.0001  3385 | 2/114
 29 h-m-p  0.0002 0.0018 301.6413 YC    197758.568039  1 0.0001  3503 | 2/114
 30 h-m-p  0.0001 0.0012 272.4132 YC    197756.083361  1 0.0001  3621 | 2/114
 31 h-m-p  0.0001 0.0006 251.2515 CC    197753.996967  1 0.0001  3740 | 2/114
 32 h-m-p  0.0001 0.0051 186.1503 CC    197750.594120  1 0.0002  3859 | 2/114
 33 h-m-p  0.0002 0.0015 196.2322 CCC   197744.751332  2 0.0003  3980 | 2/114
 34 h-m-p  0.0002 0.0014 300.4401 CC    197735.665649  1 0.0002  4099 | 2/114
 35 h-m-p  0.0002 0.0019 292.9167 CCC   197720.969434  2 0.0003  4220 | 2/114
 36 h-m-p  0.0002 0.0010 407.5473 CC    197692.748945  1 0.0002  4339 | 2/114
 37 h-m-p  0.0002 0.0011 599.1812 CCCC  197640.262830  3 0.0002  4462 | 2/114
 38 h-m-p  0.0002 0.0008 650.8118 YCCC  197531.100631  3 0.0003  4584 | 2/114
 39 h-m-p  0.0001 0.0004 1146.4209 YCCC  197363.200888  3 0.0002  4706 | 2/114
 40 h-m-p  0.0001 0.0004 1527.4942 YCCC  197237.802790  3 0.0001  4828 | 2/114
 41 h-m-p  0.0000 0.0002 1307.3439 +YCCC 197139.448179  3 0.0001  4951 | 2/114
 42 h-m-p  0.0001 0.0003 1382.5347 CCCC  197087.722558  3 0.0001  5074 | 2/114
 43 h-m-p  0.0001 0.0006 793.9259 CYC   197063.976362  2 0.0001  5194 | 2/114
 44 h-m-p  0.0001 0.0003 654.6465 CCC   197056.581967  2 0.0001  5315 | 2/114
 45 h-m-p  0.0001 0.0011 316.6896 CC    197051.622698  1 0.0001  5434 | 2/114
 46 h-m-p  0.0002 0.0013 179.3639 YC    197049.633594  1 0.0001  5552 | 2/114
 47 h-m-p  0.0001 0.0024 196.8892 CC    197046.678751  1 0.0002  5671 | 2/114
 48 h-m-p  0.0004 0.0039  99.5162 CC    197040.256383  1 0.0005  5790 | 2/114
 49 h-m-p  0.0004 0.0050 127.6808 CCC   197020.032075  2 0.0007  5911 | 2/114
 50 h-m-p  0.0003 0.0017 311.3426 YC    196941.864974  1 0.0006  6029 | 2/114
 51 h-m-p  0.0003 0.0013 612.9311 CCC   196820.189237  2 0.0003  6150 | 2/114
 52 h-m-p  0.0001 0.0005 728.8725 +YYCCC 196605.468326  4 0.0003  6274 | 2/114
 53 h-m-p  0.0001 0.0003 1234.3010 YCCC  196503.226392  3 0.0001  6396 | 2/114
 54 h-m-p  0.0001 0.0007 951.5438 CCC   196428.547162  2 0.0002  6517 | 2/114
 55 h-m-p  0.0001 0.0006 700.8589 YCCC  196382.164838  3 0.0002  6639 | 2/114
 56 h-m-p  0.0002 0.0010 530.0400 YCC   196367.808889  2 0.0002  6759 | 2/114
 57 h-m-p  0.0003 0.0013 333.0713 YCC   196361.001631  2 0.0002  6879 | 2/114
 58 h-m-p  0.0004 0.0029 163.6868 YC    196358.435305  1 0.0002  6997 | 2/114
 59 h-m-p  0.0004 0.0041  83.8187 YC    196356.948778  1 0.0003  7115 | 2/114
 60 h-m-p  0.0003 0.0069  78.0512 CC    196354.668071  1 0.0004  7234 | 2/114
 61 h-m-p  0.0003 0.0056  98.6734 CC    196349.119332  1 0.0005  7353 | 2/114
 62 h-m-p  0.0004 0.0026 110.7899 YC    196316.911765  1 0.0010  7471 | 2/114
 63 h-m-p  0.0004 0.0022 264.3886 YCCC  196192.726018  3 0.0008  7593 | 2/114
 64 h-m-p  0.0003 0.0013 541.6477 YC    195922.700541  1 0.0006  7711 | 2/114
 65 h-m-p  0.0001 0.0004 821.1597 +YCC  195795.731590  2 0.0003  7832 | 2/114
 66 h-m-p  0.0002 0.0008 484.6848 CCC   195777.325787  2 0.0002  7953 | 2/114
 67 h-m-p  0.0004 0.0028 202.2413 YC    195773.488010  1 0.0002  8071 | 2/114
 68 h-m-p  0.0004 0.0026 106.3497 YC    195772.526805  1 0.0002  8189 | 2/114
 69 h-m-p  0.0004 0.0117  55.5854 C     195771.837475  0 0.0004  8306 | 2/114
 70 h-m-p  0.0005 0.0032  37.3668 C     195770.941994  0 0.0005  8423 | 2/114
 71 h-m-p  0.0004 0.0157  47.2143 YC    195767.628620  1 0.0009  8541 | 2/114
 72 h-m-p  0.0004 0.0021  92.7344 YC    195752.886161  1 0.0009  8659 | 2/114
 73 h-m-p  0.0003 0.0035 235.4667 YC    195696.731710  1 0.0007  8777 | 2/114
 74 h-m-p  0.0003 0.0016 378.1230 +YC   195502.264294  1 0.0008  8896 | 2/114
 75 h-m-p  0.0002 0.0009 771.4668 YC    195261.316522  1 0.0004  9014 | 2/114
 76 h-m-p  0.0001 0.0004 913.0717 +YCC  195135.509295  2 0.0003  9135 | 2/114
 77 h-m-p  0.0003 0.0013 574.2825 CCC   195099.567552  2 0.0003  9256 | 2/114
 78 h-m-p  0.0004 0.0019 231.2796 YC    195093.137962  1 0.0003  9374 | 2/114
 79 h-m-p  0.0006 0.0045 110.7654 YC    195091.472286  1 0.0003  9492 | 2/114
 80 h-m-p  0.0006 0.0158  57.7400 YC    195090.656379  1 0.0004  9610 | 2/114
 81 h-m-p  0.0006 0.0298  34.7390 CC    195088.870895  1 0.0010  9729 | 2/114
 82 h-m-p  0.0005 0.0108  65.4579 YC    195082.405407  1 0.0010  9847 | 2/114
 83 h-m-p  0.0008 0.0043  88.9455 YCCC  195046.887523  3 0.0017  9969 | 2/114
 84 h-m-p  0.0006 0.0028 206.8744 +YCCC 194861.577223  3 0.0017 10092 | 2/114
 85 h-m-p  0.0004 0.0018 628.8487 YCC   194463.990286  2 0.0008 10212 | 2/114
 86 h-m-p  0.0001 0.0006 734.9676 ++    194248.906405  m 0.0006 10329 | 2/114
 87 h-m-p  0.0001 0.0007 729.9953 YCCC  194171.703550  3 0.0003 10451 | 2/114
 88 h-m-p  0.0004 0.0022 300.9622 CCC   194157.679209  2 0.0004 10572 | 2/114
 89 h-m-p  0.0007 0.0036 124.5802 YC    194155.309676  1 0.0003 10690 | 2/114
 90 h-m-p  0.0007 0.0056  56.6881 YC    194154.006149  1 0.0006 10808 | 2/114
 91 h-m-p  0.0008 0.0229  40.1385 YC    194150.678942  1 0.0014 10926 | 2/114
 92 h-m-p  0.0007 0.0062  77.2909 CCC   194142.230866  2 0.0010 11047 | 2/114
 93 h-m-p  0.0006 0.0054 121.4025 +YC   194096.853590  1 0.0016 11166 | 2/114
 94 h-m-p  0.0006 0.0032 234.8445 +YCCC 193893.288586  3 0.0017 11289 | 2/114
 95 h-m-p  0.0004 0.0018 415.9743 +YC   193269.537129  1 0.0016 11408 | 2/114
 96 h-m-p  0.0002 0.0011 813.0726 YCCC  193015.523897  3 0.0005 11530 | 2/114
 97 h-m-p  0.0002 0.0009 738.9934 +YC   192906.483238  1 0.0005 11649 | 2/114
 98 h-m-p  0.0007 0.0034 325.3052 YCC   192884.054223  2 0.0005 11769 | 2/114
 99 h-m-p  0.0016 0.0100 100.2185 YC    192880.586941  1 0.0007 11887 | 2/114
100 h-m-p  0.0011 0.0163  63.2455 YC    192879.197584  1 0.0007 12005 | 2/114
101 h-m-p  0.0012 0.0273  34.0444 CC    192877.787506  1 0.0011 12124 | 2/114
102 h-m-p  0.0015 0.0456  25.2337 +YC   192867.825983  1 0.0043 12243 | 2/114
103 h-m-p  0.0018 0.0094  61.7607 +YCCC 192779.350415  3 0.0049 12366 | 2/114
104 h-m-p  0.0005 0.0027 379.9252 +YCCC 192456.612181  3 0.0017 12489 | 2/114
105 h-m-p  0.0001 0.0005 605.8834 ++    192122.524066  m 0.0005 12606 | 2/114
106 h-m-p -0.0000 -0.0000 144.0064 
h-m-p:     -2.79197160e-19     -1.39598580e-18      1.44006444e+02 192122.524066
..  | 2/114
107 h-m-p  0.0000 0.0000 39585.0818 YCCC  192081.200247  3 0.0000 12842 | 2/114
108 h-m-p  0.0000 0.0000 5123.0522 CCC   192073.863317  2 0.0000 12963 | 2/114
109 h-m-p  0.0000 0.0000 3745.6135 +YCCC 192043.759358  3 0.0000 13086 | 2/114
110 h-m-p  0.0000 0.0000 9938.4673 +CYCCC 192013.813392  4 0.0000 13211 | 2/114
111 h-m-p  0.0000 0.0000 15829.2045 +YYCCC 191826.051470  4 0.0000 13335 | 2/114
112 h-m-p  0.0000 0.0000 6768.6053 YC    191796.171648  1 0.0000 13453 | 2/114
113 h-m-p  0.0000 0.0000 6547.0212 ++    191572.570166  m 0.0000 13570 | 2/114
114 h-m-p  0.0000 0.0001 8293.1811 +YCC  191309.767324  2 0.0001 13691 | 2/114
115 h-m-p  0.0000 0.0001 6147.1768 +YCCC 191174.728860  3 0.0000 13814 | 2/114
116 h-m-p  0.0000 0.0001 3757.7091 +YYCCC 191008.031957  4 0.0001 13938 | 2/114
117 h-m-p  0.0000 0.0001 5529.2934 YC    190930.272788  1 0.0000 14056 | 2/114
118 h-m-p  0.0001 0.0004 2475.2744 CYC   190861.772115  2 0.0001 14176 | 2/114
119 h-m-p  0.0001 0.0003 1391.9532 YC    190797.943032  1 0.0002 14294 | 2/114
120 h-m-p  0.0001 0.0004 1284.4857 CCC   190756.648197  2 0.0001 14415 | 2/114
121 h-m-p  0.0002 0.0010 1037.2914 YCC   190730.209583  2 0.0001 14535 | 2/114
122 h-m-p  0.0000 0.0002 1059.0714 YCCC  190711.353907  3 0.0001 14657 | 2/114
123 h-m-p  0.0001 0.0017 771.6546 CCC   190699.736272  2 0.0001 14778 | 2/114
124 h-m-p  0.0002 0.0013 564.5155 YC    190683.964108  1 0.0003 14896 | 2/114
125 h-m-p  0.0001 0.0007 834.8128 YYYC  190673.669425  3 0.0001 15016 | 2/114
126 h-m-p  0.0002 0.0017 680.7737 CCC   190662.612412  2 0.0002 15137 | 2/114
127 h-m-p  0.0003 0.0019 479.6659 YC    190658.042930  1 0.0001 15255 | 2/114
128 h-m-p  0.0002 0.0022 301.9308 CY    190654.464666  1 0.0002 15374 | 2/114
129 h-m-p  0.0002 0.0020 275.8719 CC    190651.092217  1 0.0003 15493 | 2/114
130 h-m-p  0.0003 0.0035 238.4032 YC    190649.750809  1 0.0001 15611 | 2/114
131 h-m-p  0.0002 0.0071 169.5365 CC    190648.001015  1 0.0003 15730 | 2/114
132 h-m-p  0.0004 0.0034 140.1351 YC    190647.206706  1 0.0002 15848 | 2/114
133 h-m-p  0.0002 0.0068 154.2224 CC    190646.151187  1 0.0003 15967 | 2/114
134 h-m-p  0.0004 0.0058 132.5188 YC    190645.401957  1 0.0003 16085 | 2/114
135 h-m-p  0.0003 0.0074 147.7977 CC    190644.778314  1 0.0002 16204 | 2/114
136 h-m-p  0.0004 0.0101  94.2601 CC    190644.279461  1 0.0003 16323 | 2/114
137 h-m-p  0.0003 0.0081 107.3112 YC    190644.019690  1 0.0002 16441 | 2/114
138 h-m-p  0.0002 0.0095  87.0029 CC    190643.645050  1 0.0003 16560 | 2/114
139 h-m-p  0.0004 0.0118  57.9092 C     190643.248538  0 0.0005 16677 | 2/114
140 h-m-p  0.0003 0.0147  82.6510 CC    190642.645079  1 0.0005 16796 | 2/114
141 h-m-p  0.0006 0.0067  70.3542 YC    190642.249835  1 0.0003 16914 | 2/114
142 h-m-p  0.0004 0.0171  66.1265 CC    190641.700267  1 0.0004 17033 | 2/114
143 h-m-p  0.0003 0.0040 109.4350 CC    190640.973096  1 0.0003 17152 | 2/114
144 h-m-p  0.0003 0.0043 130.0263 CC    190639.892944  1 0.0003 17271 | 2/114
145 h-m-p  0.0004 0.0058 122.1587 CC    190638.145981  1 0.0005 17390 | 2/114
146 h-m-p  0.0006 0.0101 106.3621 C     190635.935692  0 0.0006 17507 | 2/114
147 h-m-p  0.0005 0.0048 127.7393 CC    190633.546300  1 0.0004 17626 | 2/114
148 h-m-p  0.0005 0.0066 113.9327 YC    190627.469011  1 0.0009 17744 | 2/114
149 h-m-p  0.0004 0.0035 248.7672 CCC   190618.452792  2 0.0005 17865 | 2/114
150 h-m-p  0.0004 0.0049 272.0252 CC    190603.685651  1 0.0006 17984 | 2/114
151 h-m-p  0.0004 0.0018 310.8724 YC    190578.625730  1 0.0007 18102 | 2/114
152 h-m-p  0.0004 0.0021 409.9166 CCC   190546.321604  2 0.0006 18223 | 2/114
153 h-m-p  0.0004 0.0022 374.4484 CCCC  190516.592095  3 0.0006 18346 | 2/114
154 h-m-p  0.0001 0.0006 499.6944 +CYC  190484.860637  2 0.0005 18467 | 2/114
155 h-m-p  0.0002 0.0012 430.6999 CCC   190468.477210  2 0.0004 18588 | 2/114
156 h-m-p  0.0001 0.0005 436.0070 +YCC  190453.780658  2 0.0003 18709 | 2/114
157 h-m-p  0.0005 0.0025 203.0971 CYC   190447.598430  2 0.0005 18829 | 2/114
158 h-m-p  0.0006 0.0030 129.4267 C     190444.175101  0 0.0006 18946 | 2/114
159 h-m-p  0.0007 0.0042 111.6496 YC    190442.397696  1 0.0005 19064 | 2/114
160 h-m-p  0.0005 0.0031 111.5521 CC    190440.614854  1 0.0006 19183 | 2/114
161 h-m-p  0.0008 0.0039  61.9665 CC    190439.755946  1 0.0007 19302 | 2/114
162 h-m-p  0.0006 0.0110  72.7437 CC    190438.574750  1 0.0010 19421 | 2/114
163 h-m-p  0.0008 0.0160  85.4002 CC    190437.669364  1 0.0007 19540 | 2/114
164 h-m-p  0.0008 0.0041  62.8916 CC    190437.022749  1 0.0007 19659 | 2/114
165 h-m-p  0.0008 0.0202  53.2587 CC    190436.429853  1 0.0007 19778 | 2/114
166 h-m-p  0.0007 0.0098  52.2310 CC    190435.387862  1 0.0011 19897 | 2/114
167 h-m-p  0.0007 0.0037  61.5211 CC    190434.020581  1 0.0010 20016 | 2/114
168 h-m-p  0.0013 0.0199  49.1286 CC    190431.408606  1 0.0019 20135 | 2/114
169 h-m-p  0.0009 0.0142  96.8533 CC    190428.452001  1 0.0009 20254 | 2/114
170 h-m-p  0.0012 0.0062  65.6706 CCC   190424.390173  2 0.0013 20375 | 2/114
171 h-m-p  0.0011 0.0097  78.3783 CC    190417.077317  1 0.0016 20494 | 2/114
172 h-m-p  0.0007 0.0065 174.5343 CC    190407.550064  1 0.0009 20613 | 2/114
173 h-m-p  0.0007 0.0037 130.7326 CC    190400.951586  1 0.0009 20732 | 2/114
174 h-m-p  0.0012 0.0069 100.2031 YCC   190396.871311  2 0.0010 20852 | 2/114
175 h-m-p  0.0009 0.0056 108.5751 CC    190393.283961  1 0.0010 20971 | 2/114
176 h-m-p  0.0014 0.0111  78.7752 YC    190391.539311  1 0.0010 21089 | 2/114
177 h-m-p  0.0010 0.0063  73.7226 YC    190390.677243  1 0.0007 21207 | 2/114
178 h-m-p  0.0008 0.0132  56.6424 C     190390.036687  0 0.0008 21324 | 2/114
179 h-m-p  0.0016 0.0249  27.9716 C     190389.590254  0 0.0015 21441 | 2/114
180 h-m-p  0.0012 0.0133  35.3293 CC    190389.226049  1 0.0011 21560 | 2/114
181 h-m-p  0.0019 0.0564  20.9038 CC    190388.943638  1 0.0015 21679 | 2/114
182 h-m-p  0.0015 0.0709  20.9117 CC    190388.494038  1 0.0021 21798 | 2/114
183 h-m-p  0.0021 0.0428  21.2126 CC    190387.833049  1 0.0023 21917 | 2/114
184 h-m-p  0.0013 0.0357  38.4162 CC    190386.698031  1 0.0018 22036 | 2/114
185 h-m-p  0.0020 0.0578  33.6358 CC    190384.362375  1 0.0029 22155 | 2/114
186 h-m-p  0.0018 0.0413  54.7072 CC    190379.532573  1 0.0028 22274 | 2/114
187 h-m-p  0.0022 0.0323  70.8604 CYC   190373.594084  2 0.0023 22394 | 2/114
188 h-m-p  0.0019 0.0198  86.1646 CY    190367.858238  1 0.0018 22513 | 2/114
189 h-m-p  0.0018 0.0162  86.3062 CC    190362.059958  1 0.0022 22632 | 2/114
190 h-m-p  0.0025 0.0238  76.2916 YC    190360.113460  1 0.0011 22750 | 2/114
191 h-m-p  0.0022 0.0541  40.0569 YC    190359.474072  1 0.0012 22868 | 2/114
192 h-m-p  0.0025 0.0760  19.2363 YC    190359.245115  1 0.0015 22986 | 2/114
193 h-m-p  0.0020 0.0691  14.4448 CC    190359.035116  1 0.0025 23105 | 2/114
194 h-m-p  0.0036 0.1783  10.0386 YC    190358.893295  1 0.0025 23223 | 2/114
195 h-m-p  0.0020 0.1364  12.7909 CC    190358.643257  1 0.0030 23342 | 2/114
196 h-m-p  0.0035 0.0977  11.0673 YC    190357.926675  1 0.0069 23460 | 2/114
197 h-m-p  0.0030 0.0468  25.3226 CC    190356.844108  1 0.0035 23579 | 2/114
198 h-m-p  0.0021 0.0524  42.1237 CC    190355.050584  1 0.0029 23698 | 2/114
199 h-m-p  0.0045 0.0498  27.0117 CC    190352.085564  1 0.0053 23817 | 2/114
200 h-m-p  0.0029 0.0208  50.1021 CC    190349.228133  1 0.0024 23936 | 2/114
201 h-m-p  0.0018 0.0157  68.2747 YC    190342.838505  1 0.0040 24054 | 2/114
202 h-m-p  0.0033 0.0163  45.3363 YC    190340.740868  1 0.0026 24172 | 2/114
203 h-m-p  0.0029 0.0452  40.3280 YC    190339.856780  1 0.0017 24290 | 2/114
204 h-m-p  0.0028 0.0576  24.8760 YC    190339.527769  1 0.0016 24408 | 2/114
205 h-m-p  0.0034 0.1322  11.4792 YC    190339.420649  1 0.0020 24526 | 2/114
206 h-m-p  0.0022 0.1199  10.5043 CC    190339.354465  1 0.0018 24645 | 2/114
207 h-m-p  0.0066 0.4786   2.8734 YC    190339.316031  1 0.0044 24763 | 2/114
208 h-m-p  0.0022 0.2615   5.6489 YC    190339.231901  1 0.0038 24881 | 2/114
209 h-m-p  0.0026 0.2716   8.4124 YC    190339.049060  1 0.0041 24999 | 2/114
210 h-m-p  0.0030 0.2847  11.4328 YC    190338.570075  1 0.0056 25117 | 2/114
211 h-m-p  0.0056 0.2088  11.4374 CC    190337.456001  1 0.0085 25236 | 2/114
212 h-m-p  0.0059 0.0676  16.4984 YC    190336.644736  1 0.0043 25354 | 2/114
213 h-m-p  0.0038 0.1057  18.4218 CC    190335.914457  1 0.0044 25473 | 2/114
214 h-m-p  0.0057 0.1690  14.2314 YC    190335.593611  1 0.0040 25591 | 2/114
215 h-m-p  0.0073 0.4013   7.7635 YC    190335.490561  1 0.0042 25709 | 2/114
216 h-m-p  0.0159 0.9594   2.0391 C     190335.474687  0 0.0044 25826 | 2/114
217 h-m-p  0.0045 1.3561   2.0018 +YC   190335.416254  1 0.0119 25945 | 2/114
218 h-m-p  0.0093 0.5685   2.5683 CC    190335.265495  1 0.0119 26064 | 2/114
219 h-m-p  0.0053 0.2647   5.7529 +CC   190333.833589  1 0.0264 26184 | 2/114
220 h-m-p  0.0079 0.0707  19.2362 CC    190332.552451  1 0.0070 26303 | 2/114
221 h-m-p  0.0132 0.1504  10.2023 CC    190332.350407  1 0.0042 26422 | 2/114
222 h-m-p  0.0383 2.1639   1.1096 YC    190332.314478  1 0.0176 26540 | 2/114
223 h-m-p  0.0421 1.6826   0.4655 +C    190331.481886  0 0.1739 26658 | 2/114
224 h-m-p  0.0097 0.0487   6.3486 YCCC  190328.544393  3 0.0195 26892 | 2/114
225 h-m-p  0.0125 0.0763   9.8977 CC    190328.265524  1 0.0050 27011 | 2/114
226 h-m-p  0.4152 2.0759   0.0652 +YCYC 190325.776244  3 1.2146 27133 | 2/114
227 h-m-p  0.3781 8.0000   0.2093 YC    190324.785938  1 0.7736 27363 | 2/114
228 h-m-p  0.6472 3.2362   0.0440 CCC   190324.386448  2 1.0212 27596 | 2/114
229 h-m-p  1.6000 8.0000   0.0158 YC    190324.256675  1 1.1921 27826 | 2/114
230 h-m-p  1.6000 8.0000   0.0044 C     190324.228531  0 1.3276 28055 | 2/114
231 h-m-p  1.4363 8.0000   0.0041 C     190324.220048  0 1.4185 28284 | 2/114
232 h-m-p  1.6000 8.0000   0.0026 Y     190324.217010  0 1.0398 28513 | 2/114
233 h-m-p  1.6000 8.0000   0.0011 Y     190324.216417  0 1.1231 28742 | 2/114
234 h-m-p  1.6000 8.0000   0.0004 Y     190324.216361  0 1.1598 28971 | 2/114
235 h-m-p  1.6000 8.0000   0.0001 Y     190324.216356  0 1.1031 29200 | 2/114
236 h-m-p  1.6000 8.0000   0.0001 C     190324.216353  0 1.7817 29429 | 2/114
237 h-m-p  1.6000 8.0000   0.0000 -----C 190324.216353  0 0.0004 29663
Out..
lnL  = -190324.216353
29664 lfun, 59328 eigenQcodon, 3292704 P(t)
