
CODONML in paml version 4.10.10, 29 Jan 2026

----------------------------------------------
Phe F TTT | Ser S TCT | Tyr Y TAT | Cys C TGT
      TTC |       TCC |       TAC |       TGC
Leu L TTA |       TCA | *** * TAA | *** * TGA
      TTG |       TCG |       TAG | Trp W TGG
----------------------------------------------
Leu L CTT | Pro P CCT | His H CAT | Arg R CGT
      CTC |       CCC |       CAC |       CGC
      CTA |       CCA | Gln Q CAA |       CGA
      CTG |       CCG |       CAG |       CGG
----------------------------------------------
Ile I ATT | Thr T ACT | Asn N AAT | Ser S AGT
      ATC |       ACC |       AAC |       AGC
      ATA |       ACA | Lys K AAA | Arg R AGA
Met M ATG |       ACG |       AAG |       AGG
----------------------------------------------
Val V GTT | Ala A GCT | Asp D GAT | Gly G GGT
      GTC |       GCC |       GAC |       GGC
      GTA |       GCA | Glu E GAA |       GGA
      GTG |       GCG |       GAG |       GGG
----------------------------------------------
Nice code, uuh?
ns = 19  	ls = 7377
Reading sequences, sequential format..
Reading seq # 1: T1_Danio_rerio       
Reading seq # 2: T1_basal_Chilo       
Reading seq # 3: T1_Danio_rerio2       
Reading seq # 4: T1_Bos_tauru       
Reading seq # 5: T1_Somnio_micro       
Reading seq # 6: T1_Xenopu_tropi       
Reading seq # 7: T1_Latime_chalu       
Reading seq # 8: T1_Gallus_gallu       
Reading seq # 9: T1_Chanos_chano2       
Reading seq #10: T1_Danio_rerio3       
Reading seq #11: T1_Chanos_chano       
Reading seq #12: T1_basal_Callo       
Reading seq #13: T1_Mus_muscu       
Reading seq #14: T1_Podarc_mural       
Reading seq #15: T1_Salari_fasci       
Reading seq #16: T1_Homo_sapie       
Reading seq #17: T1_basal_Latim       
Reading seq #18: T1_basal_Callo2       
Reading seq #19: T1_Aptery_mante       
Sequences read..
Counting site patterns..  0:00

Compressing,   2369 patterns at   2459 /   2459 sites (100.0%),  0:00

Collecting fpatt[] & pose[],   2369 patterns at   2459 /   2459 sites (100.0%),  0:00
3 ambiguous codons are seen in the data:
 --- NAC NNN
Counting codons..
NG distances for seqs.:
   1   2   3   4   5   6   7   8   9  10  11  12  13  14  15  16  17  18  19

     1368 bytes for distance
  2312144 bytes for conP
        0 bytes for fhK
  5000000 bytes for space

TREE #  1
(((7, 17), ((((9, (1, 10)), 15), (11, 3)), (6, ((((4, 13), 16), 14), (19, 8))))), (5, 2), (18, 12));   MP score: -1
   1  450.831768
   2  440.813620
   3  440.074437
   4  439.899266
   5  439.843859
   6  439.841519
   7  439.841103
   8  439.841095
 19653224 bytes for conP, adjusted

    0.042160    0.173604    0.027218    0.067794    0.050431    0.100689    0.105628    0.051450    0.071660    0.081137    0.023571    0.052956    0.075071    0.105087    0.111387    0.061121    0.072529    0.075273    0.093826    0.000000    0.150737    0.091180    0.025006    0.053550    0.077805    0.136069    0.063966    0.043654    0.075681    0.039751    0.070392    0.087941    0.098764    0.078131    0.020260    1.743104    0.403920

ntime & nrate & np:    35     2    37

Bounds (np=37):
   0.000004   0.000004   0.000004   0.000004   0.000004   0.000004   0.000004   0.000004   0.000004   0.000004   0.000004   0.000004   0.000004   0.000004   0.000004   0.000004   0.000004   0.000004   0.000004   0.000004   0.000004   0.000004   0.000004   0.000004   0.000004   0.000004   0.000004   0.000004   0.000004   0.000004   0.000004   0.000004   0.000004   0.000004   0.000004   0.000100   0.000100
  50.000000  50.000000  50.000000  50.000000  50.000000  50.000000  50.000000  50.000000  50.000000  50.000000  50.000000  50.000000  50.000000  50.000000  50.000000  50.000000  50.000000  50.000000  50.000000  50.000000  50.000000  50.000000  50.000000  50.000000  50.000000  50.000000  50.000000  50.000000  50.000000  50.000000  50.000000  50.000000  50.000000  50.000000  50.000000 999.000000 999.000000

np =    37
lnL0 = -71514.242315

Iterating by ming2
Initial: fx= 71514.242315
x=  0.04216  0.17360  0.02722  0.06779  0.05043  0.10069  0.10563  0.05145  0.07166  0.08114  0.02357  0.05296  0.07507  0.10509  0.11139  0.06112  0.07253  0.07527  0.09383  0.00000  0.15074  0.09118  0.02501  0.05355  0.07781  0.13607  0.06397  0.04365  0.07568  0.03975  0.07039  0.08794  0.09876  0.07813  0.02026  1.74310  0.40392

  1 h-m-p  0.0000 0.0000 33738.9180 ++    64553.379635  m 0.0000    42 | 1/37
  2 h-m-p  0.0000 0.0000 31406.3473 ++    62842.065633  m 0.0000    82 | 1/37
  3 h-m-p -0.0000 -0.0000 37095266.2681 
h-m-p:     -8.83093254e-27     -4.41546627e-26      3.70952663e+07 62842.065633
..  | 1/37
  4 h-m-p  0.0000 0.0000 22519.9141 ++    60210.230814  m 0.0000   159 | 2/37
  5 h-m-p  0.0000 0.0000 10792.1082 ++    59148.411214  m 0.0000   199 | 2/37
  6 h-m-p  0.0000 0.0000 139336.6751 +YYYYCCCC 58504.067146  7 0.0000   250 | 2/37
  7 h-m-p  0.0000 0.0001 14502.8019 ++    57441.956249  m 0.0001   290 | 2/37
  8 h-m-p  0.0000 0.0000 8677.3604 -YCYCCC 57440.046692  5 0.0000   340 | 2/37
  9 h-m-p  0.0000 0.0000 1785.1189 +YYCYCCC 57401.539459  6 0.0000   390 | 2/37
 10 h-m-p  0.0000 0.0001 2016.4419 ++    57323.153250  m 0.0001   430 | 2/37
 11 h-m-p  0.0000 0.0001 1587.0429 YCC   57293.478404  2 0.0001   473 | 2/37
 12 h-m-p  0.0000 0.0001 1294.9156 +CCC  57260.255399  2 0.0001   518 | 2/37
 13 h-m-p  0.0001 0.0007 588.8177 YCCC  57228.099413  3 0.0003   563 | 2/37
 14 h-m-p  0.0001 0.0003 291.9560 +YCCC 57221.964815  3 0.0002   609 | 2/37
 15 h-m-p  0.0004 0.0075 167.1476 CCC   57218.743897  2 0.0003   653 | 2/37
 16 h-m-p  0.0006 0.0028  82.8738 YC    57217.892808  1 0.0003   694 | 2/37
 17 h-m-p  0.0006 0.0069  44.9802 YC    57217.596979  1 0.0004   735 | 2/37
 18 h-m-p  0.0010 0.0132  16.5700 YC    57217.483896  1 0.0005   776 | 2/37
 19 h-m-p  0.0004 0.0246  19.9086 CC    57217.265617  1 0.0007   818 | 2/37
 20 h-m-p  0.0011 0.0174  13.1130 +YC   57216.039873  1 0.0027   860 | 2/37
 21 h-m-p  0.0005 0.0068  78.7680 CC    57213.270815  1 0.0007   902 | 2/37
 22 h-m-p  0.0011 0.0122  50.6237 CCC   57204.706720  2 0.0016   946 | 2/37
 23 h-m-p  0.0005 0.0027 174.8351 YC    57180.367180  1 0.0009   987 | 2/37
 24 h-m-p  0.0003 0.0013 245.4145 YCCC  57155.907169  3 0.0006  1032 | 2/37
 25 h-m-p  0.0004 0.0018 148.5077 CC    57149.581637  1 0.0005  1074 | 2/37
 26 h-m-p  0.0011 0.0161  69.0251 YCC   57147.730936  2 0.0008  1117 | 2/37
 27 h-m-p  0.0004 0.0019  53.5060 CCC   57146.936573  2 0.0006  1161 | 2/37
 28 h-m-p  0.0013 0.0361  23.1379 CC    57145.967706  1 0.0015  1203 | 2/37
 29 h-m-p  0.0014 0.0171  24.7029 YC    57141.435494  1 0.0030  1244 | 2/37
 30 h-m-p  0.0013 0.0065  42.5494 +YYCC 57104.016178  3 0.0046  1289 | 2/37
 31 h-m-p  0.0000 0.0002 158.4982 ++    57081.135507  m 0.0002  1329 | 2/37
 32 h-m-p -0.0000 -0.0000 216.4121 
h-m-p:     -1.11050317e-20     -5.55251585e-20      2.16412111e+02 57081.135507
..  | 2/37
 33 h-m-p  0.0000 0.0000 17726.1227 -YYCCC 57037.876357  4 0.0000  1413 | 2/37
 34 h-m-p  0.0000 0.0000 2377.0211 ++    56994.866639  m 0.0000  1453 | 2/37
 35 h-m-p  0.0000 0.0000 286353.9785 +YYCYCC 56972.256659  5 0.0000  1501 | 2/37
 36 h-m-p  0.0000 0.0000 5290.3115 YCCCC 56952.632051  4 0.0000  1548 | 2/37
 37 h-m-p  0.0000 0.0000 20273.4840 +YYYYYCCCCC 56761.349629  9 0.0000  1602 | 2/37
 38 h-m-p  0.0002 0.0008 649.2954 +YCCC 56686.971616  3 0.0005  1648 | 2/37
 39 h-m-p  0.0000 0.0001 421.4425 ++    56676.957273  m 0.0001  1688 | 2/37
 40 h-m-p  0.0001 0.0005 988.1910 CCC   56668.657021  2 0.0001  1732 | 2/37
 41 h-m-p  0.0001 0.0004 501.1352 CCCC  56662.532020  3 0.0001  1778 | 2/37
 42 h-m-p  0.0002 0.0009 340.8103 CCC   56656.351260  2 0.0002  1822 | 2/37
 43 h-m-p  0.0004 0.0021 142.2582 CC    56653.582833  1 0.0004  1864 | 2/37
 44 h-m-p  0.0004 0.0048 157.6369 CCC   56652.913081  2 0.0001  1908 | 2/37
 45 h-m-p  0.0002 0.0074  99.0347 CC    56652.172389  1 0.0003  1950 | 2/37
 46 h-m-p  0.0006 0.0065  50.0836 CC    56651.596342  1 0.0007  1992 | 2/37
 47 h-m-p  0.0010 0.0144  35.4622 YC    56651.261525  1 0.0008  2033 | 2/37
 48 h-m-p  0.0008 0.0142  35.2600 CC    56651.013053  1 0.0006  2075 | 2/37
 49 h-m-p  0.0007 0.0335  33.4719 CC    56650.740914  1 0.0008  2117 | 2/37
 50 h-m-p  0.0013 0.0160  19.7699 YC    56650.493609  1 0.0009  2158 | 2/37
 51 h-m-p  0.0007 0.0191  26.8749 CC    56650.027303  1 0.0009  2200 | 2/37
 52 h-m-p  0.0009 0.0352  26.7279 YC    56648.203528  1 0.0022  2241 | 2/37
 53 h-m-p  0.0014 0.0143  40.3997 CC    56643.485417  1 0.0020  2283 | 2/37
 54 h-m-p  0.0004 0.0020  77.9489 CC    56640.167885  1 0.0005  2325 | 2/37
 55 h-m-p  0.0006 0.0076  72.0688 YC    56631.707888  1 0.0013  2366 | 2/37
 56 h-m-p  0.0018 0.0110  55.1984 YC    56629.963536  1 0.0010  2407 | 2/37
 57 h-m-p  0.0024 0.0569  24.0822 YC    56629.650402  1 0.0012  2448 | 2/37
 58 h-m-p  0.0015 0.0453  18.6847 YC    56629.537213  1 0.0009  2489 | 2/37
 59 h-m-p  0.0018 0.1473   9.1295 YC    56629.477900  1 0.0013  2530 | 2/37
 60 h-m-p  0.0024 0.1992   4.9462 YC    56629.333693  1 0.0051  2571 | 2/37
 61 h-m-p  0.0033 0.1732   7.6672 CC    56628.980662  1 0.0048  2613 | 2/37
 62 h-m-p  0.0067 0.1897   5.5058 YC    56626.950095  1 0.0136  2654 | 2/37
 63 h-m-p  0.0045 0.0503  16.6929 CC    56624.527774  1 0.0050  2696 | 2/37
 64 h-m-p  0.0033 0.0620  25.2795 CC    56624.199655  1 0.0011  2738 | 2/37
 65 h-m-p  0.0042 0.1662   6.5665 YC    56624.135904  1 0.0025  2779 | 2/37
 66 h-m-p  0.0191 0.6794   0.8507 YC    56623.862517  1 0.0327  2820 | 2/37
 67 h-m-p  0.0046 0.2172   6.0424 YCC   56622.512943  2 0.0080  2898 | 2/37
 68 h-m-p  0.0030 0.0594  16.1459 CC    56621.076959  1 0.0038  2940 | 2/37
 69 h-m-p  0.0124 0.1485   4.9201 YC    56621.049583  1 0.0021  2981 | 2/37
 70 h-m-p  0.1572 8.0000   0.0671 +C    56620.682913  0 0.6287  3022 | 2/37
 71 h-m-p  0.0053 0.1844   7.9838 CY    56620.212327  1 0.0058  3099 | 2/37
 72 h-m-p  1.6000 8.0000   0.0107 CC    56620.105607  1 1.7505  3141 | 2/37
 73 h-m-p  1.6000 8.0000   0.0026 YC    56620.031038  1 3.9176  3217 | 2/37
 74 h-m-p  1.6000 8.0000   0.0027 CC    56619.997096  1 1.9814  3294 | 2/37
 75 h-m-p  1.6000 8.0000   0.0023 CC    56619.980027  1 2.4988  3371 | 2/37
 76 h-m-p  1.6000 8.0000   0.0015 Y     56619.978685  0 1.1646  3446 | 2/37
 77 h-m-p  1.6000 8.0000   0.0002 C     56619.978570  0 1.7634  3521 | 2/37
 78 h-m-p  1.6000 8.0000   0.0001 C     56619.978506  0 2.1945  3596 | 2/37
 79 h-m-p  1.6000 8.0000   0.0001 Y     56619.978501  0 1.2179  3671 | 2/37
 80 h-m-p  1.6000 8.0000   0.0000 Y     56619.978501  0 1.6000  3746 | 2/37
 81 h-m-p  1.6000 8.0000   0.0000 C     56619.978501  0 1.6000  3821 | 2/37
 82 h-m-p  1.6000 8.0000   0.0000 Y     56619.978500  0 1.6000  3896 | 2/37
 83 h-m-p  1.1712 8.0000   0.0000 --C   56619.978500  0 0.0183  3973 | 2/37
 84 h-m-p  0.0292 8.0000   0.0000 Y     56619.978500  0 0.0292  4048 | 2/37
 85 h-m-p  0.0191 8.0000   0.0000 Y     56619.978500  0 0.0048  4123
Out..
lnL  = -56619.978500
4124 lfun, 4124 eigenQcodon, 144340 P(t)
