
CODONML in paml version 4.10.10, 29 Jan 2026

----------------------------------------------
Phe F TTT | Ser S TCT | Tyr Y TAT | Cys C TGT
      TTC |       TCC |       TAC |       TGC
Leu L TTA |       TCA | *** * TAA | *** * TGA
      TTG |       TCG |       TAG | Trp W TGG
----------------------------------------------
Leu L CTT | Pro P CCT | His H CAT | Arg R CGT
      CTC |       CCC |       CAC |       CGC
      CTA |       CCA | Gln Q CAA |       CGA
      CTG |       CCG |       CAG |       CGG
----------------------------------------------
Ile I ATT | Thr T ACT | Asn N AAT | Ser S AGT
      ATC |       ACC |       AAC |       AGC
      ATA |       ACA | Lys K AAA | Arg R AGA
Met M ATG |       ACG |       AAG |       AGG
----------------------------------------------
Val V GTT | Ala A GCT | Asp D GAT | Gly G GGT
      GTC |       GCC |       GAC |       GGC
      GTA |       GCA | Glu E GAA |       GGA
      GTG |       GCG |       GAG |       GGG
----------------------------------------------
Nice code, uuh?
ns = 19  	ls = 7377
Reading sequences, sequential format..
Reading seq # 1: T1_Aptery_mante       
Reading seq # 2: T1_Bos_tauru       
Reading seq # 3: T1_Chanos_chano       
Reading seq # 4: T1_Chanos_chano2       
Reading seq # 5: T1_Danio_rerio       
Reading seq # 6: T1_Danio_rerio2       
Reading seq # 7: T1_Danio_rerio3       
Reading seq # 8: T1_Gallus_gallu       
Reading seq # 9: T1_Homo_sapie       
Reading seq #10: T1_Latime_chalu       
Reading seq #11: T1_Mus_muscu       
Reading seq #12: T1_Podarc_mural       
Reading seq #13: T1_Salari_fasci       
Reading seq #14: T1_Somnio_micro       
Reading seq #15: T1_Xenopu_tropi       
Reading seq #16: T1_basal_Callo       
Reading seq #17: T1_basal_Callo2       
Reading seq #18: T1_basal_Chilo       
Reading seq #19: T1_basal_Latim       
Sequences read..
Counting site patterns..  0:00

Compressing,   2369 patterns at   2459 /   2459 sites (100.0%),  0:00

Collecting fpatt[] & pose[],   2369 patterns at   2459 /   2459 sites (100.0%),  0:00
3 ambiguous codons are seen in the data:
 NAC --- NNN
Counting codons..
NG distances for seqs.:
   1   2   3   4   5   6   7   8   9  10  11  12  13  14  15  16  17  18  19

     1368 bytes for distance
  2312144 bytes for conP
   189520 bytes for fhK
  5000000 bytes for space

TREE #  1
(((10, 19), ((((4, (5, 7)), 13), (3, 6)), (15, ((((2, 11), 9), 12), (1, 8))))), (14, 18), (17, 16));   MP score: -1
   1  398.611209
   2  377.806354
   3  373.081569
   4  371.602329
   5  371.519283
   6  371.516653
   7  371.516029
   8  371.515945
 19653224 bytes for conP, adjusted

    0.078493    0.256113    0.057527    0.048104    0.071609    0.113252    0.033288    0.121803    0.140318    0.120446    0.083563    0.066643    0.175271    0.128180    0.130940    0.140699    0.044140    0.235864    0.070510    0.000000    0.164386    0.025692    0.056075    0.064166    0.106036    0.206331    0.120019    0.086031    0.054835    0.080416    0.098394    0.074035    0.163396    0.047463    0.094452    1.805844    0.345467    1.248071

ntime & nrate & np:    35     1    38

Bounds (np=38):
   0.000004   0.000004   0.000004   0.000004   0.000004   0.000004   0.000004   0.000004   0.000004   0.000004   0.000004   0.000004   0.000004   0.000004   0.000004   0.000004   0.000004   0.000004   0.000004   0.000004   0.000004   0.000004   0.000004   0.000004   0.000004   0.000004   0.000004   0.000004   0.000004   0.000004   0.000004   0.000004   0.000004   0.000004   0.000004   0.000100   0.005000   0.005000
  50.000000  50.000000  50.000000  50.000000  50.000000  50.000000  50.000000  50.000000  50.000000  50.000000  50.000000  50.000000  50.000000  50.000000  50.000000  50.000000  50.000000  50.000000  50.000000  50.000000  50.000000  50.000000  50.000000  50.000000  50.000000  50.000000  50.000000  50.000000  50.000000  50.000000  50.000000  50.000000  50.000000  50.000000  50.000000 999.000000  99.000000  99.000000
Qfactor_NS = 12.093805

np =    38
lnL0 = -63835.262108

Iterating by ming2
Initial: fx= 63835.262108
x=  0.07849  0.25611  0.05753  0.04810  0.07161  0.11325  0.03329  0.12180  0.14032  0.12045  0.08356  0.06664  0.17527  0.12818  0.13094  0.14070  0.04414  0.23586  0.07051  0.00000  0.16439  0.02569  0.05607  0.06417  0.10604  0.20633  0.12002  0.08603  0.05483  0.08042  0.09839  0.07404  0.16340  0.04746  0.09445  1.80584  0.34547  1.24807

  1 h-m-p  0.0000 0.0000 18520.0002 ++    57756.993572  m 0.0000    43 | 0/38
  2 h-m-p  0.0000 0.0000 613715.9188 +YYCCC 57728.940779  4 0.0000    91 | 0/38
  3 h-m-p  0.0000 0.0000 382470.3254 ++    57553.660706  m 0.0000   132 | 1/38
  4 h-m-p  0.0000 0.0000 5721.6209 ++    57402.952388  m 0.0000   173 | 2/38
  5 h-m-p  0.0000 0.0000 6816.0336 ++    57247.618812  m 0.0000   214 | 2/38
  6 h-m-p  0.0000 0.0000 14742.7000 ++    56841.408195  m 0.0000   255 | 2/38
  7 h-m-p  0.0000 0.0001 2797.7749 ++    56710.613221  m 0.0001   296 | 2/38
  8 h-m-p -0.0000 -0.0000 1289.0894 
h-m-p:     -2.21381147e-22     -1.10690573e-21      1.28908940e+03 56710.613221
..  | 2/38
  9 h-m-p  0.0000 0.0001 4602.6324 CYCCC 56660.279600  4 0.0000   383 | 2/38
 10 h-m-p  0.0000 0.0000 2976.3784 ++    56638.698964  m 0.0000   424 | 2/38
 11 h-m-p  0.0000 0.0000 77377.3303 ++    56491.186605  m 0.0000   465 | 2/38
 12 h-m-p  0.0000 0.0000 84254.8545 +YYCYCCC 56376.221251  6 0.0000   516 | 2/38
 13 h-m-p  0.0000 0.0000 58423.5729 +CCCC 56242.636575  3 0.0000   564 | 2/38
 14 h-m-p  0.0000 0.0001 1801.8273 +YYCYCC 56185.625784  5 0.0000   613 | 2/38
 15 h-m-p  0.0000 0.0001 3161.0281 +YYCCC 56047.661132  4 0.0001   661 | 2/38
 16 h-m-p  0.0000 0.0001 1824.5212 ++    55977.341782  m 0.0001   702 | 2/38
 17 h-m-p  0.0003 0.0014 390.6565 CCCC  55948.929090  3 0.0005   749 | 2/38
 18 h-m-p  0.0002 0.0009 442.4011 CCC   55935.156513  2 0.0003   794 | 2/38
 19 h-m-p  0.0001 0.0003 655.7590 +YCCC 55923.170464  3 0.0002   841 | 2/38
 20 h-m-p  0.0002 0.0012 347.8764 +YC   55908.639098  1 0.0006   884 | 2/38
 21 h-m-p  0.0006 0.0029 353.8517 CCCC  55891.332678  3 0.0008   931 | 2/38
 22 h-m-p  0.0003 0.0013 664.0694 +YCCC 55865.604922  3 0.0007   978 | 2/38
 23 h-m-p  0.0002 0.0012 451.0723 YC    55855.792802  1 0.0005  1020 | 2/38
 24 h-m-p  0.0001 0.0004 445.9372 +CC   55849.403586  1 0.0003  1064 | 2/38
 25 h-m-p  0.0016 0.0089  93.0366 YC    55847.426691  1 0.0007  1106 | 2/38
 26 h-m-p  0.0012 0.0083  58.9980 CC    55847.058271  1 0.0003  1149 | 2/38
 27 h-m-p  0.0007 0.0157  28.8552 CC    55846.859110  1 0.0005  1192 | 2/38
 28 h-m-p  0.0011 0.0233  13.8935 CC    55846.598807  1 0.0014  1235 | 2/38
 29 h-m-p  0.0008 0.0049  24.1324 CC    55846.289088  1 0.0007  1278 | 2/38
 30 h-m-p  0.0010 0.0486  16.0644 +CCC  55842.078045  2 0.0058  1324 | 2/38
 31 h-m-p  0.0018 0.0090  52.0113 +YCCC 55817.590791  3 0.0049  1371 | 2/38
 32 h-m-p  0.0002 0.0009 198.0300 ++    55783.138884  m 0.0009  1412 | 2/38
 33 h-m-p  0.0000 0.0000 166.1887 
h-m-p:      4.03867521e-19      2.01933761e-18      1.66188690e+02 55783.138884
..  | 2/38
 34 h-m-p  0.0000 0.0000 1007.6052 +YCYC 55781.918704  3 0.0000  1496 | 2/38
 35 h-m-p  0.0000 0.0000 1107.7002 CCC   55780.054335  2 0.0000  1541 | 2/38
 36 h-m-p  0.0000 0.0001 888.6141 +YCCC 55774.583638  3 0.0000  1588 | 2/38
 37 h-m-p  0.0000 0.0013 2025.4838 YCCC  55771.873893  3 0.0000  1634 | 2/38
 38 h-m-p  0.0000 0.0003 702.9678 YCCC  55767.132815  3 0.0000  1680 | 2/38
 39 h-m-p  0.0000 0.0003 738.5870 YCCC  55759.657229  3 0.0001  1726 | 2/38
 40 h-m-p  0.0000 0.0001 1403.9186 ++    55745.588747  m 0.0001  1767 | 3/38
 41 h-m-p  0.0004 0.0031 302.8325 CYC   55736.720821  2 0.0004  1811 | 3/38
 42 h-m-p  0.0001 0.0004 506.5775 CCC   55732.498629  2 0.0001  1856 | 3/38
 43 h-m-p  0.0003 0.0017 207.7520 CC    55728.599599  1 0.0004  1899 | 3/38
 44 h-m-p  0.0005 0.0027 146.6060 CCC   55725.382058  2 0.0006  1944 | 3/38
 45 h-m-p  0.0008 0.0127 122.0935 YC    55723.920920  1 0.0005  1986 | 3/38
 46 h-m-p  0.0007 0.0171  86.1999 YC    55721.890814  1 0.0012  2028 | 3/38
 47 h-m-p  0.0004 0.0022 166.7668 YC    55719.687073  1 0.0008  2070 | 3/38
 48 h-m-p  0.0007 0.0048 178.1471 YC    55716.278714  1 0.0012  2112 | 3/38
 49 h-m-p  0.0008 0.0114 276.5306 YCC   55711.386423  2 0.0012  2156 | 3/38
 50 h-m-p  0.0012 0.0060 208.6944 CYC   55707.975740  2 0.0012  2200 | 3/38
 51 h-m-p  0.0004 0.0050 596.9099 +YCC  55697.261534  2 0.0013  2245 | 3/38
 52 h-m-p  0.0013 0.0066 157.3999 YCC   55695.574953  2 0.0009  2289 | 3/38
 53 h-m-p  0.0018 0.0161  75.8620 YC    55694.797820  1 0.0010  2331 | 3/38
 54 h-m-p  0.0007 0.0036  49.4693 YC    55694.603537  1 0.0005  2373 | 3/38
 55 h-m-p  0.0007 0.0477  30.3246 C     55694.447745  0 0.0008  2414 | 3/38
 56 h-m-p  0.0025 0.0270   9.4488 YC    55694.408801  1 0.0010  2456 | 3/38
 57 h-m-p  0.0021 0.1482   4.6595 CC    55694.373965  1 0.0027  2499 | 3/38
 58 h-m-p  0.0050 0.5403   2.4882 CC    55694.320091  1 0.0063  2542 | 3/38
 59 h-m-p  0.0020 0.0710   8.0733 CC    55694.213980  1 0.0028  2585 | 3/38
 60 h-m-p  0.0025 0.2544   8.9691 +CC   55693.601223  1 0.0095  2629 | 3/38
 61 h-m-p  0.0021 0.0902  41.6043 +YC   55691.748593  1 0.0056  2672 | 3/38
 62 h-m-p  0.0027 0.0473  86.2779 CCC   55690.022899  2 0.0026  2717 | 3/38
 63 h-m-p  0.0044 0.0355  51.8073 YC    55689.407472  1 0.0017  2759 | 3/38
 64 h-m-p  0.0122 0.1276   7.4121 -CC   55689.386045  1 0.0009  2803 | 3/38
 65 h-m-p  0.0027 0.2980   2.6001 C     55689.377508  0 0.0022  2844 | 3/38
 66 h-m-p  0.0091 0.9980   0.6404 YC    55689.374059  1 0.0056  2886 | 3/38
 67 h-m-p  0.0038 1.8976   0.9785 +CC   55689.333912  1 0.0234  2965 | 3/38
 68 h-m-p  0.0025 0.4996   9.0069 ++YC  55688.838244  1 0.0278  3044 | 3/38
 69 h-m-p  0.0295 0.1606   8.4917 -CC   55688.797038  1 0.0028  3088 | 3/38
 70 h-m-p  0.0980 4.6037   0.2401 Y     55688.793848  0 0.0173  3129 | 3/38
 71 h-m-p  0.0155 4.5277   0.2671 +YC   55688.668983  1 0.1224  3207 | 3/38
 72 h-m-p  0.0132 0.4349   2.4684 C     55688.658273  0 0.0031  3283 | 3/38
 73 h-m-p  0.1024 8.0000   0.0744 ++YC  55688.603368  1 1.1696  3327 | 3/38
 74 h-m-p  1.6000 8.0000   0.0173 C     55688.592073  0 1.4963  3403 | 3/38
 75 h-m-p  1.6000 8.0000   0.0114 C     55688.590443  0 1.4027  3479 | 3/38
 76 h-m-p  1.6000 8.0000   0.0011 C     55688.590258  0 1.3498  3555 | 3/38
 77 h-m-p  1.6000 8.0000   0.0002 Y     55688.590254  0 1.1153  3631 | 3/38
 78 h-m-p  1.0396 8.0000   0.0002 C     55688.590253  0 1.0396  3707 | 3/38
 79 h-m-p  1.6000 8.0000   0.0000 --C   55688.590253  0 0.0250  3785 | 3/38
 80 h-m-p  0.0160 8.0000   0.0001 -----C 55688.590253  0 0.0000  3866
Out..
lnL  = -55688.590253
3867 lfun, 42537 eigenQcodon, 1353450 P(t)
