001 1352.5932 +CYCC 204991.194378  3 0.0001  2204 | 2/115
 19 h-m-p  0.0000 0.0000 2737.5888 ++    204890.887727  m 0.0000  2322 | 2/115
 20 h-m-p  0.0000 0.0001 4682.4913 YCC   204741.228507  2 0.0000  2443 | 2/115
 21 h-m-p  0.0000 0.0000 1428.3345 +YCCC 204716.212221  3 0.0000  2567 | 2/115
 22 h-m-p  0.0000 0.0001 1007.5994 CCC   204710.101088  2 0.0000  2689 | 2/115
 23 h-m-p  0.0000 0.0001 563.2564 CC    204706.015466  1 0.0000  2809 | 2/115
 24 h-m-p  0.0001 0.0007 324.0821 CY    204703.324893  1 0.0000  2929 | 2/115
 25 h-m-p  0.0001 0.0004 274.1187 CC    204701.210808  1 0.0001  3049 | 2/115
 26 h-m-p  0.0000 0.0009 289.4919 CC    204697.927378  1 0.0001  3169 | 2/115
 27 h-m-p  0.0001 0.0005 249.3889 CCCCYC 204687.867656  5 0.0001  3296 | 2/115
 28 h-m-p  0.0000 0.0005 588.5423 CCC   204668.698070  2 0.0001  3418 | 2/115
 29 h-m-p  0.0000 0.0002 504.3938 CCCC  204649.068478  3 0.0001  3542 | 2/115
 30 h-m-p  0.0000 0.0001 845.9315 CCCC  204633.673869  3 0.0000  3666 | 2/115
 31 h-m-p  0.0000 0.0003 908.0226 CCC   204617.504038  2 0.0000  3788 | 2/115
 32 h-m-p  0.0000 0.0004 1137.6478 YC    204583.365480  1 0.0001  3907 | 2/115
 33 h-m-p  0.0000 0.0005 2316.5941 +CYC  204453.376803  2 0.0002  4029 | 2/115
 34 h-m-p  0.0001 0.0003 7201.4000 YCC   204192.123642  2 0.0001  4150 | 2/115
 35 h-m-p  0.0000 0.0002 12810.4367 CCC   203884.759694  2 0.0001  4272 | 2/115
 36 h-m-p  0.0000 0.0001 7853.4401 YCCCC 203765.895760  4 0.0000  4397 | 2/115
 37 h-m-p  0.0001 0.0003 3078.1404 YCCC  203732.476843  3 0.0000  4520 | 2/115
 38 h-m-p  0.0001 0.0003 1414.5352 YCC   203713.810003  2 0.0000  4641 | 2/115
 39 h-m-p  0.0001 0.0003 769.0164 CYC   203698.698050  2 0.0001  4762 | 2/115
 40 h-m-p  0.0001 0.0003 567.1692 CCCC  203674.861194  3 0.0001  4886 | 2/115
 41 h-m-p  0.0000 0.0002 712.2369 YCCCC 203629.585094  4 0.0001  5011 | 2/115
 42 h-m-p  0.0000 0.0001 1531.3769 +YCCC 203517.321290  3 0.0001  5135 | 2/115
 43 h-m-p  0.0001 0.0003 1539.5861 +YCCC 202892.178779  3 0.0002  5259 | 2/115
 44 h-m-p  0.0000 0.0002 3031.4219 ++    201566.914945  m 0.0002  5377 | 2/115
 45 h-m-p  0.0000 0.0000 20191.7152 +CC   201153.481181  1 0.0000  5498 | 2/115
 46 h-m-p  0.0000 0.0001 10098.8416 +YCCC 200647.932498  3 0.0000  5622 | 2/115
 47 h-m-p  0.0000 0.0001 4522.0954 ++    199717.061042  m 0.0001  5740 | 2/115
 48 h-m-p  0.0000 0.0000 10098.4949 ++    199471.326291  m 0.0000  5858 | 2/115
 49 h-m-p  0.0000 0.0001 4216.1795 +CCYC 199144.599776  3 0.0001  5982 | 2/115
 50 h-m-p  0.0000 0.0001 3422.6486 +YCCC 198938.512290  3 0.0001  6106 | 2/115
 51 h-m-p  0.0000 0.0002 1558.7383 YCCC  198885.226719  3 0.0001  6229 | 2/115
 52 h-m-p  0.0000 0.0002 795.9739 CC    198871.854522  1 0.0001  6349 | 2/115
 53 h-m-p  0.0001 0.0005 394.0237 YC    198868.163670  1 0.0001  6468 | 2/115
 54 h-m-p  0.0001 0.0004 267.9205 CC    198865.821540  1 0.0001  6588 | 2/115
 55 h-m-p  0.0001 0.0009 218.9419 C     198863.830902  0 0.0001  6706 | 2/115
 56 h-m-p  0.0001 0.0011 175.0886 YC    198862.219901  1 0.0001  6825 | 2/115
 57 h-m-p  0.0001 0.0012 144.5242 YC    198857.954312  1 0.0002  6944 | 2/115
 58 h-m-p  0.0001 0.0012 274.5981 YCC   198845.331216  2 0.0002  7065 | 2/115
 59 h-m-p  0.0001 0.0006 787.4046 YCC   198817.340196  2 0.0001  7186 | 2/115
 60 h-m-p  0.0001 0.0008 1511.5547 +CYC  198686.460481  2 0.0003  7308 | 2/115
 61 h-m-p  0.0001 0.0004 5167.6822 +YYCCC 198222.572038  4 0.0003  7433 | 2/115
 62 h-m-p  0.0000 0.0002 18154.9559 +YCCC 197531.126723  3 0.0001  7557 | 2/115
 63 h-m-p  0.0000 0.0001 23414.2002 +YYCCC 197168.908414  4 0.0000  7682 | 2/115
 64 h-m-p  0.0000 0.0001 23479.8977 YCCC  196894.820789  3 0.0000  7805 | 2/115
 65 h-m-p  0.0000 0.0002 9548.1370 YCCC  196719.425547  3 0.0001  7928 | 2/115
 66 h-m-p  0.0000 0.0002 3977.1800 YCCC  196648.115830  3 0.0001  8051 | 2/115
 67 h-m-p  0.0001 0.0003 1649.9724 CYC   196626.943015  2 0.0001  8172 | 2/115
 68 h-m-p  0.0001 0.0003 811.2883 CCC   196616.024524  2 0.0001  8294 | 2/115
 69 h-m-p  0.0001 0.0008 496.4601 YC    196611.157905  1 0.0001  8413 | 2/115
 70 h-m-p  0.0002 0.0022 189.5317 YC    196609.510847  1 0.0001  8532 | 2/115
 71 h-m-p  0.0001 0.0022 145.3990 YC    196608.583670  1 0.0001  8651 | 2/115
 72 h-m-p  0.0001 0.0013 127.1704 CC    196607.339973  1 0.0001  8771 | 2/115
 73 h-m-p  0.0001 0.0035 119.8800 CC    196604.998565  1 0.0002  8891 | 2/115
 74 h-m-p  0.0001 0.0010 220.5419 YC    196598.166481  1 0.0002  9010 | 2/115
 75 h-m-p  0.0001 0.0016 683.8292 +CCC  196564.669593  2 0.0003  9133 | 2/115
 76 h-m-p  0.0001 0.0007 2314.1676 +CCC  196391.698593  2 0.0004  9256 | 2/115
 77 h-m-p  0.0001 0.0007 10255.4713 +YCCC 195918.838316  3 0.0003  9380 | 2/115
 78 h-m-p  0.0001 0.0003 17790.4174 YCCC  195455.594193  3 0.0002  9503 | 2/115
 79 h-m-p  0.0001 0.0003 8331.7029 YCCC  195289.293986  3 0.0001  9626 | 2/115
 80 h-m-p  0.0001 0.0006 2237.6552 CYC   195249.513109  2 0.0001  9747 | 2/115
 81 h-m-p  0.0002 0.0010 566.1787 YCC   195240.462048  2 0.0001  9868 | 2/115
 82 h-m-p  0.0003 0.0019 248.1238 YC    195237.645021  1 0.0001  9987 | 2/115
 83 h-m-p  0.0003 0.0061 103.4368 YC    195236.841014  1 0.0002 10106 | 2/115
 84 h-m-p  0.0002 0.0059  66.3597 CC    195236.073612  1 0.0003 10226 | 2/115
 85 h-m-p  0.0003 0.0067  53.9788 CC    195234.764139  1 0.0004 10346 | 2/115
 86 h-m-p  0.0003 0.0110  70.3825 YC    195230.607649  1 0.0005 10465 | 2/115
 87 h-m-p  0.0003 0.0030 118.1977 +YCC  195202.834932  2 0.0009 10587 | 2/115
 88 h-m-p  0.0003 0.0018 385.7566 YC    195088.575857  1 0.0007 10706 | 2/115
 89 h-m-p  0.0002 0.0010 1181.1086 +YCCC 194620.127908  3 0.0007 10830 | 2/115
 90 h-m-p  0.0001 0.0007 3442.3939 +YCCC 193877.123540  3 0.0004 10954 | 2/115
 91 h-m-p  0.0000 0.0002 2103.2106 +CYC  193697.282799  2 0.0002 11076 | 2/115
 92 h-m-p  0.0002 0.0008 1258.1260 CYC   193627.914723  2 0.0002 11197 | 2/115
 93 h-m-p  0.0002 0.0009 715.7255 CC    193587.882638  1 0.0002 11317 | 2/115
 94 h-m-p  0.0003 0.0017 317.0796 YC    193579.252383  1 0.0002 11436 | 2/115
 95 h-m-p  0.0006 0.0043 122.0172 CC    193577.928855  1 0.0002 11556 | 2/115
 96 h-m-p  0.0004 0.0079  57.1884 CC    193577.131935  1 0.0004 11676 | 2/115
 97 h-m-p  0.0006 0.0245  31.2275 YC    193574.830681  1 0.0012 11795 | 2/115
 98 h-m-p  0.0004 0.0040  85.2199 YC    193565.109030  1 0.0010 11914 | 2/115
 99 h-m-p  0.0009 0.0085  92.5270 YC    193513.052543  1 0.0018 12033 | 2/115
100 h-m-p  0.0005 0.0029 348.4133 +YYC  193114.866555  2 0.0017 12154 | 2/115
101 h-m-p  0.0001 0.0007 1538.8579 +CYCC 192488.678942  3 0.0005 12278 | 2/115
102 h-m-p  0.0001 0.0005 1148.8784 +YCCC 192335.550288  3 0.0003 12402 | 2/115
103 h-m-p  0.0003 0.0017 550.3602 CCC   192301.543190  2 0.0003 12524 | 2/115
104 h-m-p  0.0002 0.0011 231.1077 CCC   192295.380486  2 0.0003 12646 | 2/115
105 h-m-p  0.0006 0.0030 102.8789 CC    192294.299512  1 0.0002 12766 | 2/115
106 h-m-p  0.0005 0.0085  45.6210 CC    192293.321974  1 0.0006 12886 | 2/115
107 h-m-p  0.0010 0.0227  27.9983 YC    192290.151717  1 0.0018 13005 | 2/115
108 h-m-p  0.0011 0.0166  46.1225 +YCC  192265.778311  2 0.0029 13127 | 2/115
109 h-m-p  0.0005 0.0024 154.7379 ++    192085.907903  m 0.0024 13245 | 2/115
110 h-m-p  0.0002 0.0009 788.0475 +CYC  191853.325924  2 0.0007 13367 | 2/115
111 h-m-p  0.0002 0.0011 810.2491 YCC   191771.720688  2 0.0003 13488 | 2/115
112 h-m-p  0.0002 0.0008 498.9128 YC    191739.180187  1 0.0004 13607 | 2/115
113 h-m-p  0.0011 0.0054 133.9106 CC    191736.535355  1 0.0003 13727 | 2/115
114 h-m-p  0.0014 0.0260  30.3122 YC    191735.994102  1 0.0006 13846 | 2/115
115 h-m-p  0.0023 0.0736   8.4768 +CC   191724.381973  1 0.0139 13967 | 2/115
116 h-m-p  0.0006 0.0030  72.1318 ++    191644.087249  m 0.0030 14085 | 2/115
117 h-m-p  0.0005 0.0039 428.4428 +CYC  191320.241221  2 0.0019 14207 | 2/115
118 h-m-p  0.0002 0.0012 757.7319 +YCCC 191136.001943  3 0.0007 14331 | 2/115
119 h-m-p  0.0005 0.0025 416.3347 CCC   191103.213557  2 0.0005 14453 | 2/115
120 h-m-p  0.0008 0.0040 148.5367 YCC   191097.510374  2 0.0006 14574 | 2/115
121 h-m-p  0.0061 0.0432  14.0820 CC    191096.952530  1 0.0017 14694 | 2/115
122 h-m-p  0.0036 0.0720   6.5583 +CYC  191085.688465  2 0.0141 14816 | 2/115
123 h-m-p  0.0009 0.0080 107.9529 ++    190725.741743  m 0.0080 14934 | 3/115
124 h-m-p  0.4403 2.2013   0.6035 +CCC  190341.250433  2 1.8297 15057 | 2/115
125 h-m-p  0.0547 0.3507  20.1711 ----YC 190341.239459  1 0.0000 15292 | 2/115
126 h-m-p  0.0051 2.5322   0.5157 ++++YCC 190145.068500  2 1.0702 15417 | 2/115
127 h-m-p  1.2470 6.7961   0.4426 YCCC  189953.641085  3 2.6092 15653 | 2/115
128 h-m-p  0.6048 3.0241   0.3718 +CYC  189837.592267  2 2.2367 15888 | 2/115
129 h-m-p  1.5393 7.6966   0.2933 YCCC  189754.624107  3 2.5594 16124 | 2/115
130 h-m-p  1.6000 8.0000   0.1914 CCC   189681.574163  2 2.5858 16359 | 2/115
131 h-m-p  1.6000 8.0000   0.1624 CCCC  189623.911482  3 2.2332 16596 | 2/115
132 h-m-p  0.9727 4.8637   0.1884 YC    189575.077608  1 1.8504 16828 | 2/115
133 h-m-p  1.6000 8.0000   0.1506 YCCC  189540.492674  3 2.6895 17064 | 2/115
134 h-m-p  1.6000 8.0000   0.1812 YC    189498.610174  1 3.9190 17296 | 2/115
135 h-m-p  1.6000 8.0000   0.3860 YCCC  189436.989364  3 3.7580 17532 | 2/115
136 h-m-p  1.6000 8.0000   0.4322 CCCC  189375.753611  3 2.8502 17769 | 2/115
137 h-m-p  1.4771 7.3856   0.1414 CCC   189330.443255  2 2.1016 18004 | 2/115
138 h-m-p  0.3616 7.3941   0.8217 +YCCC 189302.201809  3 1.0381 18241 | 2/115
139 h-m-p  1.4092 7.0459   0.2448 CCC   189275.552157  2 1.3694 18476 | 2/115
140 h-m-p  1.3038 8.0000   0.2571 CCCC  189259.849800  3 1.9700 18713 | 2/115
141 h-m-p  1.6000 8.0000   0.2163 CCC   189247.542167  2 1.2973 18948 | 2/115
142 h-m-p  1.5170 7.5850   0.1496 CCCC  189237.406145  3 2.1632 19185 | 2/115
143 h-m-p  1.6000 8.0000   0.1241 CCC   189233.412174  2 2.1791 19420 | 2/115
144 h-m-p  1.6000 8.0000   0.0569 YC    189229.647566  1 2.7012 19652 | 2/115
145 h-m-p  1.6000 8.0000   0.0819 YC    189227.285182  1 2.8347 19884 | 2/115
146 h-m-p  1.6000 8.0000   0.0402 YC    189225.397148  1 3.0924 20116 | 2/115
147 h-m-p  1.6000 8.0000   0.0471 YC    189224.046384  1 2.7700 20348 | 2/115
148 h-m-p  1.6000 8.0000   0.0334 YC    189223.085145  1 3.7189 20580 | 2/115
149 h-m-p  1.6000 8.0000   0.0313 YC    189222.369661  1 3.1024 20812 | 2/115
150 h-m-p  1.6000 8.0000   0.0171 YC    189221.764293  1 3.5620 21044 | 2/115
151 h-m-p  1.6000 8.0000   0.0220 YC    189221.083312  1 3.7794 21276 | 2/115
152 h-m-p  1.6000 8.0000   0.0269 +YC   189220.150808  1 4.6755 21509 | 2/115
153 h-m-p  1.6000 8.0000   0.0339 YC    189219.397683  1 3.3573 21741 | 2/115
154 h-m-p  1.6000 8.0000   0.0241 YC    189218.860997  1 3.0216 21973 | 2/115
155 h-m-p  1.6000 8.0000   0.0237 CC    189218.444093  1 2.1969 22206 | 2/115
156 h-m-p  1.6000 8.0000   0.0204 YC    189217.849296  1 3.1940 22438 | 2/115
157 h-m-p  1.6000 8.0000   0.0233 YC    189217.275797  1 2.9252 22670 | 2/115
158 h-m-p  1.6000 8.0000   0.0192 YC    189216.762626  1 3.7602 22902 | 2/115
159 h-m-p  1.6000 8.0000   0.0262 YC    189216.321862  1 3.3193 23134 | 2/115
160 h-m-p  1.6000 8.0000   0.0114 YC    189215.970921  1 3.4313 23366 | 2/115
161 h-m-p  1.6000 8.0000   0.0189 YC    189215.679613  1 3.8960 23598 | 2/115
162 h-m-p  1.6000 8.0000   0.0098 YC    189215.409087  1 3.5369 23830 | 2/115
163 h-m-p  1.6000 8.0000   0.0136 +YC   189215.083228  1 4.2744 24063 | 2/115
164 h-m-p  1.6000 8.0000   0.0115 +YC   189214.712336  1 4.2968 24296 | 2/115
165 h-m-p  1.6000 8.0000   0.0138 YC    189214.391689  1 3.4248 24528 | 2/115
166 h-m-p  1.6000 8.0000   0.0160 +YC   189213.987298  1 4.1654 24761 | 2/115
167 h-m-p  1.6000 8.0000   0.0214 +YC   189213.518306  1 4.7228 24994 | 2/115
168 h-m-p  1.6000 8.0000   0.0257 +YC   189212.742739  1 4.7956 25227 | 2/115
169 h-m-p  1.6000 8.0000   0.0279 YC    189211.917438  1 3.4218 25459 | 2/115
170 h-m-p  1.6000 8.0000   0.0354 YC    189211.444008  1 2.9177 25691 | 2/115
171 h-m-p  1.6000 8.0000   0.0277 YC    189211.202836  1 2.8706 25923 | 2/115
172 h-m-p  1.6000 8.0000   0.0134 YC    189210.956823  1 3.9853 26155 | 2/115
173 h-m-p  1.6000 8.0000   0.0151 YC    189210.713566  1 3.9851 26387 | 2/115
174 h-m-p  1.6000 8.0000   0.0084 YC    189210.476316  1 3.6305 26619 | 2/115
175 h-m-p  1.4709 8.0000   0.0207 YC    189210.264547  1 3.6539 26851 | 2/115
176 h-m-p  1.6000 8.0000   0.0084 YC    189210.099710  1 3.3039 27083 | 2/115
177 h-m-p  1.6000 8.0000   0.0146 +YC   189209.909375  1 4.0711 27316 | 2/115
178 h-m-p  1.6000 8.0000   0.0122 YC    189209.772021  1 3.3002 27548 | 2/115
179 h-m-p  1.6000 8.0000   0.0082 YC    189209.618277  1 3.9416 27780 | 2/115
180 h-m-p  1.6000 8.0000   0.0087 +YC   189209.487548  1 4.0474 28013 | 2/115
181 h-m-p  1.6000 8.0000   0.0113 +YC   189209.299203  1 4.3181 28246 | 2/115
182 h-m-p  1.6000 8.0000   0.0078 +YC   189209.082281  1 4.9069 28479 | 2/115
183 h-m-p  1.6000 8.0000   0.0119 YC    189208.818403  1 3.6556 28711 | 2/115
184 h-m-p  1.6000 8.0000   0.0095 +CC   189208.411664  1 5.6914 28945 | 2/115
185 h-m-p  1.6000 8.0000   0.0179 YC    189208.063754  1 2.9188 29177 | 2/115
186 h-m-p  1.6000 8.0000   0.0093 +YC   189207.760979  1 4.0966 29410 | 2/115
187 h-m-p  1.6000 8.0000   0.0146 +YC   189207.339532  1 4.8222 29643 | 2/115
188 h-m-p  1.6000 8.0000   0.0207 YC    189206.955800  1 3.1396 29875 | 2/115
189 h-m-p  1.6000 8.0000   0.0151 YC    189206.587009  1 3.7946 30107 | 2/115
190 h-m-p  1.6000 8.0000   0.0196 YC    189206.323246  1 3.5584 30339 | 2/115
191 h-m-p  1.6000 8.0000   0.0308 +YC   189205.950604  1 4.1921 30572 | 2/115
192 h-m-p  1.6000 8.0000   0.0124 YC    189205.678824  1 3.1535 30804 | 2/115
193 h-m-p  1.6000 8.0000   0.0198 YC    189205.432912  1 3.8366 31036 | 2/115
194 h-m-p  1.6000 8.0000   0.0099 YC    189205.200814  1 3.4511 31268 | 2/115
195 h-m-p  1.6000 8.0000   0.0101 +YC   189204.915185  1 4.0552 31501 | 2/115
196 h-m-p  1.6000 8.0000   0.0200 +YC   189204.619330  1 4.2799 31734 | 2/115
197 h-m-p  1.6000 8.0000   0.0355 YC    189204.383230  1 2.7137 31966 | 2/115
198 h-m-p  1.6000 8.0000   0.0075 +YC   189204.166496  1 4.5475 32199 | 2/115
199 h-m-p  1.6000 8.0000   0.0168 YC    189203.917735  1 3.8869 32431 | 2/115
200 h-m-p  1.6000 8.0000   0.0259 YC    189203.643178  1 3.3783 32663 | 2/115
201 h-m-p  1.6000 8.0000   0.0064 +YC   189203.392599  1 4.2383 32896 | 2/115
202 h-m-p  1.6000 8.0000   0.0122 YC    189203.084356  1 3.8652 33128 | 2/115
203 h-m-p  1.6000 8.0000   0.0112 YC    189202.840990  1 2.9598 33360 | 2/115
204 h-m-p  1.6000 8.0000   0.0119 YC    189202.642017  1 3.5598 33592 | 2/115
205 h-m-p  1.6000 8.0000   0.0096 YC    189202.523158  1 2.8444 33824 | 2/115
206 h-m-p  1.6000 8.0000   0.0071 YC    189202.449355  1 2.6516 34056 | 2/115
207 h-m-p  1.6000 8.0000   0.0046 YC    189202.390255  1 3.9344 34288 | 2/115
208 h-m-p  1.6000 8.0000   0.0057 YC    189202.347312  1 2.7927 34520 | 2/115
209 h-m-p  1.6000 8.0000   0.0041 YC    189202.307629  1 3.7410 34752 | 2/115
210 h-m-p  1.6000 8.0000   0.0067 YC    189202.272117  1 3.4409 34984 | 2/115
211 h-m-p  1.6000 8.0000   0.0044 YC    189202.243474  1 3.1655 35216 | 2/115
212 h-m-p  1.6000 8.0000   0.0060 YC    189202.221955  1 3.7856 35448 | 2/115
213 h-m-p  1.6000 8.0000   0.0042 YC    189202.203549  1 2.9902 35680 | 2/115
214 h-m-p  1.6000 8.0000   0.0030 YC    189202.187219  1 3.8625 35912 | 2/115
215 h-m-p  1.6000 8.0000   0.0018 YC    189202.174209  1 3.6559 36144 | 2/115
216 h-m-p  1.6000 8.0000   0.0023 Y     189202.165490  0 2.7939 36375 | 2/115
217 h-m-p  1.6000 8.0000   0.0017 Y     189202.158471  0 3.2693 36606 | 2/115
218 h-m-p  1.6000 8.0000   0.0016 Y     189202.154414  0 3.0172 36837 | 2/115
219 h-m-p  1.6000 8.0000   0.0024 Y     189202.149953  0 3.6040 37068 | 2/115
220 h-m-p  1.6000 8.0000   0.0018 +Y    189202.145650  0 4.7420 37300 | 2/115
221 h-m-p  1.6000 8.0000   0.0017 C     189202.143020  0 2.3012 37531 | 2/115
222 h-m-p  1.6000 8.0000   0.0010 +Y    189202.140269  0 5.0989 37763 | 2/115
223 h-m-p  1.6000 8.0000   0.0015 Y     189202.138848  0 2.9024 37994 | 2/115
224 h-m-p  1.6000 8.0000   0.0009 Y     189202.137923  0 3.0060 38225 | 2/115
225 h-m-p  1.6000 8.0000   0.0007 Y     189202.137484  0 3.0776 38456 | 2/115
226 h-m-p  1.6000 8.0000   0.0006 Y     189202.137005  0 3.3159 38687 | 2/115
227 h-m-p  1.6000 8.0000   0.0003 +C    189202.136606  0 6.5511 38919 | 2/115
228 h-m-p  1.6000 8.0000   0.0005 Y     189202.136288  0 3.1391 39150 | 2/115
229 h-m-p  1.6000 8.0000   0.0004 Y     189202.135960  0 3.5389 39381 | 2/115
230 h-m-p  1.6000 8.0000   0.0003 +Y    189202.135612  0 4.2623 39613 | 2/115
231 h-m-p  1.6000 8.0000   0.0006 Y     189202.135352  0 3.9913 39844 | 2/115
232 h-m-p  1.6000 8.0000   0.0004 Y     189202.135050  0 3.3840 40075 | 2/115
233 h-m-p  1.6000 8.0000   0.0002 +Y    189202.134768  0 5.3877 40307 | 2/115
234 h-m-p  1.6000 8.0000   0.0003 +Y    189202.134461  0 4.0315 40539 | 2/115
235 h-m-p  1.6000 8.0000   0.0004 Y     189202.133991  0 3.9650 40770 | 2/115
236 h-m-p  1.6000 8.0000   0.0003 +Y    189202.133625  0 5.4242 41002 | 2/115
237 h-m-p  1.6000 8.0000   0.0005 Y     189202.133195  0 3.2564 41233 | 2/115
238 h-m-p  1.6000 8.0000   0.0002 ++    189202.132375  m 8.0000 41464 | 2/115
239 h-m-p  1.6000 8.0000   0.0005 Y     189202.131877  0 2.7222 41695 | 2/115
240 h-m-p  1.6000 8.0000   0.0003 Y     189202.131232  0 3.9303 41926 | 2/115
241 h-m-p  1.6000 8.0000   0.0004 +C    189202.130808  0 5.4687 42158 | 2/115
242 h-m-p  1.6000 8.0000   0.0005 Y     189202.130539  0 2.7446 42389 | 2/115
243 h-m-p  1.6000 8.0000   0.0004 +Y    189202.130080  0 5.0518 42621 | 2/115
244 h-m-p  1.6000 8.0000   0.0003 +Y    189202.129702  0 5.0946 42853 | 2/115
245 h-m-p  1.5567 8.0000   0.0008 Y     189202.129384  0 2.5778 43084 | 2/115
246 h-m-p  1.6000 8.0000   0.0002 ++    189202.128955  m 8.0000 43315 | 2/115
247 h-m-p  1.6000 8.0000   0.0008 Y     189202.128724  0 3.4811 43546 | 2/115
248 h-m-p  1.6000 8.0000   0.0005 +Y    189202.128282  0 4.0825 43778 | 2/115
249 h-m-p  1.6000 8.0000   0.0002 ++    189202.127902  m 8.0000 44009 | 2/115
250 h-m-p  1.2732 8.0000   0.0010 C     189202.127793  0 1.8004 44240 | 2/115
251 h-m-p  1.6000 8.0000   0.0001 +C    189202.127616  0 6.4000 44472 | 2/115
252 h-m-p  1.6000 8.0000   0.0001 +Y    189202.127525  0 4.6291 44704 | 2/115
253 h-m-p  1.5823 8.0000   0.0004 C     189202.127472  0 2.2883 44935 | 2/115
254 h-m-p  1.6000 8.0000   0.0001 +Y    189202.127375  0 6.7235 45167 | 2/115
255 h-m-p  1.6000 8.0000   0.0001 +Y    189202.127341  0 4.6178 45399 | 2/115
256 h-m-p  1.4130 8.0000   0.0002 C     189202.127332  0 1.7973 45630 | 2/115
257 h-m-p  1.6000 8.0000   0.0000 +Y    189202.127313  0 6.8609 45862 | 2/115
258 h-m-p  1.6000 8.0000   0.0000 Y     189202.127308  0 3.4178 46093 | 2/115
259 h-m-p  1.5568 8.0000   0.0001 Y     189202.127301  0 3.4036 46324 | 2/115
260 h-m-p  1.6000 8.0000   0.0000 ++    189202.127296  m 8.0000 46555 | 2/115
261 h-m-p  1.5628 8.0000   0.0001 C     189202.127293  0 1.4475 46786 | 2/115
262 h-m-p  1.6000 8.0000   0.0000 +C    189202.127290  0 6.4000 47018 | 2/115
263 h-m-p  1.6000 8.0000   0.0000 C     189202.127288  0 2.0302 47249 | 2/115
264 h-m-p  1.6000 8.0000   0.0000 +Y    189202.127286  0 6.4000 47481 | 2/115
265 h-m-p  1.6000 8.0000   0.0001 Y     189202.127284  0 1.6000 47712 | 2/115
266 h-m-p  1.4953 8.0000   0.0001 C     189202.127284  0 1.4953 47943 | 2/115
267 h-m-p  1.6000 8.0000   0.0000 Y     189202.127283  0 0.7501 48174 | 2/115
268 h-m-p  0.1042 8.0000   0.0001 +Y    189202.127283  0 0.4170 48406 | 2/115
269 h-m-p  0.4535 8.0000   0.0001 Y     189202.127282  0 0.4535 48637 | 2/115
270 h-m-p  0.6642 8.0000   0.0000 --Y   189202.127282  0 0.0104 48870 | 2/115
271 h-m-p  0.0160 8.0000   0.0003 Y     189202.127282  0 0.0160 49101 | 2/115
272 h-m-p  0.1312 8.0000   0.0000 -------------C 189202.127282  0 0.0000 49345
Out..
lnL  = -189202.127282
49346 lfun, 246730 eigenQcodon, 21909624 P(t)
