
CODONML in paml version 4.10.10, 29 Jan 2026

----------------------------------------------
Phe F TTT | Ser S TCT | Tyr Y TAT | Cys C TGT
      TTC |       TCC |       TAC |       TGC
Leu L TTA |       TCA | *** * TAA | *** * TGA
      TTG |       TCG |       TAG | Trp W TGG
----------------------------------------------
Leu L CTT | Pro P CCT | His H CAT | Arg R CGT
      CTC |       CCC |       CAC |       CGC
      CTA |       CCA | Gln Q CAA |       CGA
      CTG |       CCG |       CAG |       CGG
----------------------------------------------
Ile I ATT | Thr T ACT | Asn N AAT | Ser S AGT
      ATC |       ACC |       AAC |       AGC
      ATA |       ACA | Lys K AAA | Arg R AGA
Met M ATG |       ACG |       AAG |       AGG
----------------------------------------------
Val V GTT | Ala A GCT | Asp D GAT | Gly G GGT
      GTC |       GCC |       GAC |       GGC
      GTA |       GCA | Glu E GAA |       GGA
      GTG |       GCG |       GAG |       GGG
----------------------------------------------
Nice code, uuh?
ns = 19  	ls = 7377
Reading sequences, sequential format..
Reading seq # 1: T3_Athene_cunic       
Reading seq # 2: T3_Callor_milii       
Reading seq # 3: T3_Copsyc_seche       
Reading seq # 4: T3_Danio_rerio       
Reading seq # 5: T3_Echino_cooke       
Reading seq # 6: T3_Gallus_gallu       
Reading seq # 7: T3_Homo_sapie       
Reading seq # 8: T3_Hymeno_boett       
Reading seq # 9: T3_Latime_chalu       
Reading seq #10: T3_Mus_muscu       
Reading seq #11: T3_Nothob_furze       
Reading seq #12: T3_Pogona_vitti       
Reading seq #13: T3_Rattus_norve       
Reading seq #14: T3_Saguin_oedip       
Reading seq #15: T3_Sousa_chine       
Reading seq #16: T3_Spheno_punct       
Reading seq #17: T3_Spizel_passe       
Reading seq #18: T3_Xenopu_tropi       
Reading seq #19: T3_basal_Chilo       
Sequences read..
Counting site patterns..  0:00

Compressing,   2347 patterns at   2459 /   2459 sites (100.0%),  0:00

Collecting fpatt[] & pose[],   2347 patterns at   2459 /   2459 sites (100.0%),  0:00
2 ambiguous codons are seen in the data:
 --- NNN
Counting codons..
NG distances for seqs.:
   1   2   3   4   5   6   7   8   9  10  11  12  13  14  15  16  17  18  19

     1368 bytes for distance
  2290672 bytes for conP
   187760 bytes for fhK
  5000000 bytes for space

TREE #  1
((2, (5, 19)), (((((1, (3, 17)), 6), (12, 16)), (((7, 14), 15), (10, 13))), (8, 18)), ((4, 11), 9));   MP score: -1
   1  241.321800
   2  228.972240
   3  227.786876
   4  227.668699
   5  227.666594
   6  227.666094
   7  227.665976
 19470712 bytes for conP, adjusted

    0.240884    0.101922    0.131852    0.077269    0.105458    0.001932    0.170773    0.071808    0.055111    0.089517    0.060205    0.018608    0.069074    0.019084    0.109554    0.050308    0.208370    0.069529    0.091494    0.089730    0.024225    0.097209    0.058529    0.084846    0.102183    0.057576    0.040048    0.215193    0.137105    0.147371    0.000000    0.056145    0.241939    0.154788    0.207700    1.925242    0.747876    1.243934

ntime & nrate & np:    35     1    38

Bounds (np=38):
   0.000004   0.000004   0.000004   0.000004   0.000004   0.000004   0.000004   0.000004   0.000004   0.000004   0.000004   0.000004   0.000004   0.000004   0.000004   0.000004   0.000004   0.000004   0.000004   0.000004   0.000004   0.000004   0.000004   0.000004   0.000004   0.000004   0.000004   0.000004   0.000004   0.000004   0.000004   0.000004   0.000004   0.000004   0.000004   0.000100   0.005000   0.005000
  50.000000  50.000000  50.000000  50.000000  50.000000  50.000000  50.000000  50.000000  50.000000  50.000000  50.000000  50.000000  50.000000  50.000000  50.000000  50.000000  50.000000  50.000000  50.000000  50.000000  50.000000  50.000000  50.000000  50.000000  50.000000  50.000000  50.000000  50.000000  50.000000  50.000000  50.000000  50.000000  50.000000  50.000000  50.000000 999.000000  99.000000  99.000000
Qfactor_NS = 8.865884

np =    38
lnL0 = -69620.198511

Iterating by ming2
Initial: fx= 69620.198511
x=  0.24088  0.10192  0.13185  0.07727  0.10546  0.00193  0.17077  0.07181  0.05511  0.08952  0.06021  0.01861  0.06907  0.01908  0.10955  0.05031  0.20837  0.06953  0.09149  0.08973  0.02422  0.09721  0.05853  0.08485  0.10218  0.05758  0.04005  0.21519  0.13711  0.14737  0.00000  0.05614  0.24194  0.15479  0.20770  1.92524  0.74788  1.24393

  1 h-m-p  0.0000 0.0002 34440.2375 +CCYCC 62782.016439  4 0.0001    52 | 0/38
  2 h-m-p  0.0000 0.0001 3125.2229 ++    62409.813088  m 0.0001    93 | 0/38
  3 h-m-p -0.0000 -0.0000 3899.3051 
h-m-p:     -7.96452064e-22     -3.98226032e-21      3.89930513e+03 62409.813088
..  | 0/38
  4 h-m-p  0.0000 0.0000 2598.5292 ++    62282.835173  m 0.0000   172 | 0/38
  5 h-m-p  0.0000 0.0001 4677.6675 +YCYCCC 61768.318581  5 0.0001   222 | 0/38
  6 h-m-p  0.0000 0.0001 2353.0090 +CYC  61670.728410  2 0.0001   268 | 0/38
  7 h-m-p  0.0000 0.0001 6452.5781 YCCCC 61506.758403  4 0.0000   316 | 0/38
  8 h-m-p  0.0000 0.0002 3447.5463 YCYCCC 61333.109303  5 0.0001   365 | 0/38
  9 h-m-p  0.0000 0.0001 2242.5433 YCCCCC 61275.069571  5 0.0001   415 | 0/38
 10 h-m-p  0.0001 0.0004 972.3968 +YCYCC 61179.818573  4 0.0003   463 | 0/38
 11 h-m-p  0.0000 0.0001 6326.2915 +YCCC 61123.805695  3 0.0000   510 | 0/38
 12 h-m-p  0.0002 0.0008 1173.6063 YCCCC 61106.062736  4 0.0001   558 | 0/38
 13 h-m-p  0.0001 0.0006 697.0084 YCCC  61082.942157  3 0.0002   604 | 0/38
 14 h-m-p  0.0002 0.0014 831.8904 CCCC  61055.636706  3 0.0003   651 | 0/38
 15 h-m-p  0.0002 0.0008 1050.2363 CCCC  61023.277446  3 0.0003   698 | 0/38
 16 h-m-p  0.0003 0.0014 1084.8916 CCCC  60979.693504  3 0.0004   745 | 0/38
 17 h-m-p  0.0001 0.0005 2304.5189 +YCCC 60922.898944  3 0.0002   792 | 0/38
 18 h-m-p  0.0001 0.0004 1286.8242 +YCYC 60868.199960  3 0.0004   838 | 0/38
 19 h-m-p  0.0001 0.0003 889.9062 ++    60841.806276  m 0.0003   879 | 0/38
 20 h-m-p  0.0001 0.0006 2475.5848 +CCCC 60760.096902  3 0.0004   927 | 0/38
 21 h-m-p  0.0000 0.0002 2886.6383 +YCCC 60737.719416  3 0.0001   974 | 0/38
 22 h-m-p  0.0001 0.0007 296.1730 YCCC  60733.339571  3 0.0002  1020 | 0/38
 23 h-m-p  0.0001 0.0006 262.1858 +YCCC 60729.378830  3 0.0003  1067 | 0/38
 24 h-m-p  0.0003 0.0017 123.0376 CCC   60728.224656  2 0.0003  1112 | 0/38
 25 h-m-p  0.0002 0.0049 149.2796 YC    60726.329008  1 0.0005  1154 | 0/38
 26 h-m-p  0.0003 0.0095 206.5653 +YC   60722.029827  1 0.0009  1197 | 0/38
 27 h-m-p  0.0008 0.0041 220.9098 CC    60720.910107  1 0.0002  1240 | 0/38
 28 h-m-p  0.0003 0.0058 196.2435 YC    60719.058087  1 0.0005  1282 | 0/38
 29 h-m-p  0.0008 0.0110 112.5353 CCC   60716.675703  2 0.0012  1327 | 0/38
 30 h-m-p  0.0009 0.0085 149.3196 YCC   60712.999345  2 0.0015  1371 | 0/38
 31 h-m-p  0.0013 0.0063  62.3473 CC    60712.603357  1 0.0005  1414 | 0/38
 32 h-m-p  0.0009 0.0711  30.9021 +C    60711.246545  0 0.0038  1456 | 0/38
 33 h-m-p  0.0018 0.0120  65.8323 CC    60710.782772  1 0.0006  1499 | 0/38
 34 h-m-p  0.0011 0.0218  35.5221 CC    60710.064620  1 0.0017  1542 | 0/38
 35 h-m-p  0.0007 0.0131  81.4579 CC    60709.422618  1 0.0006  1585 | 0/38
 36 h-m-p  0.0009 0.0141  58.7154 YC    60709.002570  1 0.0005  1627 | 0/38
 37 h-m-p  0.0007 0.0228  41.8680 +YC   60707.638395  1 0.0018  1670 | 0/38
 38 h-m-p  0.0054 0.1688  14.1121 +CC   60693.673147  1 0.0226  1714 | 0/38
 39 h-m-p  0.0034 0.0172  70.8533 CYC   60681.423249  2 0.0031  1758 | 0/38
 40 h-m-p  0.0027 0.0259  83.0728 CCC   60668.049665  2 0.0030  1803 | 0/38
 41 h-m-p  0.0049 0.0308  51.0383 CCCC  60653.676801  3 0.0082  1850 | 0/38
 42 h-m-p  0.1010 0.5048   3.8467 YC    60653.344592  1 0.0182  1892 | 0/38
 43 h-m-p  0.1613 3.7226   0.4340 +YCC  60639.985852  2 0.5019  1937 | 0/38
 44 h-m-p  1.6000 8.0000   0.1051 YCC   60636.284056  2 1.0722  2019 | 0/38
 45 h-m-p  0.9112 8.0000   0.1236 CC    60635.583584  1 1.1866  2100 | 0/38
 46 h-m-p  1.6000 8.0000   0.0687 YC    60635.354976  1 1.1139  2180 | 0/38
 47 h-m-p  1.6000 8.0000   0.0265 C     60635.262463  0 1.5986  2259 | 0/38
 48 h-m-p  1.6000 8.0000   0.0135 YC    60635.250850  1 0.9124  2339 | 0/38
 49 h-m-p  1.6000 8.0000   0.0070 YC    60635.248133  1 1.0324  2419 | 0/38
 50 h-m-p  1.6000 8.0000   0.0017 C     60635.247208  0 1.4165  2498 | 0/38
 51 h-m-p  1.6000 8.0000   0.0011 C     60635.246838  0 1.5369  2577 | 0/38
 52 h-m-p  1.6000 8.0000   0.0008 C     60635.246747  0 1.3610  2656 | 0/38
 53 h-m-p  1.6000 8.0000   0.0006 Y     60635.246733  0 1.0760  2735 | 0/38
 54 h-m-p  1.6000 8.0000   0.0001 Y     60635.246731  0 1.0785  2814 | 0/38
 55 h-m-p  1.6000 8.0000   0.0000 Y     60635.246731  0 1.1203  2893 | 0/38
 56 h-m-p  1.6000 8.0000   0.0000 Y     60635.246731  0 1.1561  2972 | 0/38
 57 h-m-p  1.6000 8.0000   0.0000 C     60635.246731  0 1.6000  3051 | 0/38
 58 h-m-p  1.6000 8.0000   0.0000 ---------------Y 60635.246731  0 0.0000  3145
Out..
lnL  = -60635.246731
3146 lfun, 34606 eigenQcodon, 1101100 P(t)
