
CODONML in paml version 4.10.10, 29 Jan 2026

----------------------------------------------
Phe F TTT | Ser S TCT | Tyr Y TAT | Cys C TGT
      TTC |       TCC |       TAC |       TGC
Leu L TTA |       TCA | *** * TAA | *** * TGA
      TTG |       TCG |       TAG | Trp W TGG
----------------------------------------------
Leu L CTT | Pro P CCT | His H CAT | Arg R CGT
      CTC |       CCC |       CAC |       CGC
      CTA |       CCA | Gln Q CAA |       CGA
      CTG |       CCG |       CAG |       CGG
----------------------------------------------
Ile I ATT | Thr T ACT | Asn N AAT | Ser S AGT
      ATC |       ACC |       AAC |       AGC
      ATA |       ACA | Lys K AAA | Arg R AGA
Met M ATG |       ACG |       AAG |       AGG
----------------------------------------------
Val V GTT | Ala A GCT | Asp D GAT | Gly G GGT
      GTC |       GCC |       GAC |       GGC
      GTA |       GCA | Glu E GAA |       GGA
      GTG |       GCG |       GAG |       GGG
----------------------------------------------
Nice code, uuh?
ns = 13  	ls = 7377
Reading sequences, sequential format..
Reading seq # 1: T2_Astato_calli       
Reading seq # 2: T2_basal_Chilo       
Reading seq # 3: T2_Gallus_gallu       
Reading seq # 4: T2_Mus_muscu       
Reading seq # 5: T2_basal_Callo       
Reading seq # 6: T2_Echino_cooke       
Reading seq # 7: T2_Gekko_japon       
Reading seq # 8: T2_Xenopu_tropi       
Reading seq # 9: T2_Strigo_habro       
Reading seq #10: T2_Homo_sapie       
Reading seq #11: T2_Nibea_albif       
Reading seq #12: T2_Danio_rerio       
Reading seq #13: T2_Rattus_norve       
Sequences read..
Counting site patterns..  0:00

Compressing,   2347 patterns at   2459 /   2459 sites (100.0%),  0:00

Collecting fpatt[] & pose[],   2347 patterns at   2459 /   2459 sites (100.0%),  0:00
1 ambiguous codons are seen in the data:
 ---
Counting codons..
NG distances for seqs.:
   1   2   3   4   5   6   7   8   9  10  11  12  13

      624 bytes for distance
  2290672 bytes for conP
        0 bytes for fhK
  5000000 bytes for space

TREE #  1
(((6, 2), 5), ((1, 11), 12), ((((3, 9), (10, (4, 13))), 7), 8));   MP score: -1
   1    3.256538
   2    3.256538
   3    3.256538
 12598696 bytes for conP, adjusted

    0.520805    0.362528    0.262864    0.351871    0.661317    0.402615    0.594745    0.295202    0.221665    0.804769    0.045457    0.260903    0.033010    0.593740    0.083703    0.123299    0.328981    0.304734    0.415966    0.166813    0.023804    0.813568    1.080292    2.042941    0.390164

ntime & nrate & np:    23     2    25

Bounds (np=25):
   0.000004   0.000004   0.000004   0.000004   0.000004   0.000004   0.000004   0.000004   0.000004   0.000004   0.000004   0.000004   0.000004   0.000004   0.000004   0.000004   0.000004   0.000004   0.000004   0.000004   0.000004   0.000004   0.000004   0.000100   0.000100
  50.000000  50.000000  50.000000  50.000000  50.000000  50.000000  50.000000  50.000000  50.000000  50.000000  50.000000  50.000000  50.000000  50.000000  50.000000  50.000000  50.000000  50.000000  50.000000  50.000000  50.000000  50.000000  50.000000 999.000000 999.000000

np =    25
lnL0 = -54587.519084

Iterating by ming2
Initial: fx= 54587.519084
x=  0.52081  0.36253  0.26286  0.35187  0.66132  0.40261  0.59474  0.29520  0.22167  0.80477  0.04546  0.26090  0.03301  0.59374  0.08370  0.12330  0.32898  0.30473  0.41597  0.16681  0.02380  0.81357  1.08029  2.04294  0.39016

  1 h-m-p  0.0000 0.0000 12787.9420 +YYYYCYYCCC 49363.695770 10 0.0000    45 | 0/25
  2 h-m-p  0.0001 0.0003 1547.3628 CCCCC 49267.749948  4 0.0001    81 | 0/25
  3 h-m-p  0.0000 0.0001 6084.1450 +YCCC 49134.474623  3 0.0000   115 | 0/25
  4 h-m-p  0.0002 0.0009 1134.2248 CCCC  49083.978090  3 0.0001   149 | 0/25
  5 h-m-p  0.0001 0.0004 1042.3059 YCCCC 49024.421820  4 0.0002   184 | 0/25
  6 h-m-p  0.0002 0.0008 843.8286 CCC   48990.349724  2 0.0002   216 | 0/25
  7 h-m-p  0.0001 0.0006 643.1116 YYYC  48979.831192  3 0.0001   247 | 0/25
  8 h-m-p  0.0002 0.0017 419.0155 CC    48968.662120  1 0.0003   277 | 0/25
  9 h-m-p  0.0005 0.0024 152.7270 YCC   48965.865938  2 0.0003   308 | 0/25
 10 h-m-p  0.0003 0.0043 171.7747 CC    48963.246350  1 0.0004   338 | 0/25
 11 h-m-p  0.0009 0.0069  72.0569 YC    48962.277505  1 0.0006   367 | 0/25
 12 h-m-p  0.0009 0.0114  46.3049 YC    48961.991008  1 0.0004   396 | 0/25
 13 h-m-p  0.0008 0.0413  22.6790 YC    48961.869769  1 0.0006   425 | 0/25
 14 h-m-p  0.0012 0.0662  12.1645 CC    48961.842181  1 0.0004   455 | 0/25
 15 h-m-p  0.0006 0.1070   8.7754 YC    48961.799820  1 0.0010   484 | 0/25
 16 h-m-p  0.0010 0.1280   8.8770 YC    48961.710009  1 0.0018   513 | 0/25
 17 h-m-p  0.0021 0.1088   7.8560 YC    48961.631963  1 0.0011   542 | 0/25
 18 h-m-p  0.0010 0.0841   9.1029 +CC   48960.955863  1 0.0038   573 | 0/25
 19 h-m-p  0.0020 0.0993  17.4641 YC    48957.712454  1 0.0045   602 | 0/25
 20 h-m-p  0.0019 0.0141  41.8693 CC    48952.846161  1 0.0016   632 | 0/25
 21 h-m-p  0.0008 0.0129  80.6044 CCC   48949.757923  2 0.0010   664 | 0/25
 22 h-m-p  0.0026 0.0354  30.8354 YC    48949.128913  1 0.0013   693 | 0/25
 23 h-m-p  0.0029 0.0774  14.5729 CC    48949.034916  1 0.0010   723 | 0/25
 24 h-m-p  0.0035 0.1580   4.3351 YC    48949.009367  1 0.0023   752 | 0/25
 25 h-m-p  0.0104 0.6748   0.9444 YC    48948.978354  1 0.0074   781 | 0/25
 26 h-m-p  0.0023 1.1501   3.5729 +YC   48948.086784  1 0.0215   836 | 0/25
 27 h-m-p  0.0150 0.5518   5.1427 YCCC  48941.517098  3 0.0306   869 | 0/25
 28 h-m-p  1.6000 8.0000   0.0150 YC    48941.127799  1 1.1963   898 | 0/25
 29 h-m-p  1.6000 8.0000   0.0069 YC    48941.110042  1 1.1656   952 | 0/25
 30 h-m-p  1.6000 8.0000   0.0008 Y     48941.109711  0 1.1933  1005 | 0/25
 31 h-m-p  1.6000 8.0000   0.0001 C     48941.109701  0 1.6627  1058 | 0/25
 32 h-m-p  1.6000 8.0000   0.0000 C     48941.109700  0 1.2989  1111 | 0/25
 33 h-m-p  1.6000 8.0000   0.0000 Y     48941.109700  0 1.2113  1164 | 0/25
 34 h-m-p  1.6000 8.0000   0.0000 Y     48941.109700  0 1.1044  1217 | 0/25
 35 h-m-p  1.6000 8.0000   0.0000 -C    48941.109700  0 0.1000  1271
Out..
lnL  = -48941.109700
1272 lfun, 1272 eigenQcodon, 29256 P(t)
