003 0.0018 307.5541 YCC   189122.158243  2 0.0002 13939 | 2/116
115 h-m-p  0.0003 0.0043 231.5734 C     189120.646225  0 0.0003 14058 | 2/116
116 h-m-p  0.0002 0.0018 357.9626 CC    189119.386976  1 0.0002 14179 | 2/116
117 h-m-p  0.0002 0.0027 336.7746 CC    189118.013879  1 0.0002 14300 | 2/116
118 h-m-p  0.0003 0.0030 224.2931 CC    189116.803423  1 0.0003 14421 | 2/116
119 h-m-p  0.0003 0.0052 196.2670 C     189115.713203  0 0.0003 14540 | 2/116
120 h-m-p  0.0003 0.0056 213.5914 CC    189114.637183  1 0.0003 14661 | 2/116
121 h-m-p  0.0004 0.0033 173.2086 YC    189113.870531  1 0.0003 14781 | 2/116
122 h-m-p  0.0004 0.0076 130.7028 CC    189113.200119  1 0.0003 14902 | 2/116
123 h-m-p  0.0003 0.0013  77.5710 CC    189112.857059  1 0.0003 15023 | 2/116
124 h-m-p  0.0003 0.0194 100.9095 CC    189112.495079  1 0.0003 15144 | 2/116
125 h-m-p  0.0003 0.0036  91.8280 YC    189111.900570  1 0.0005 15264 | 2/116
126 h-m-p  0.0004 0.0140 140.9675 C     189111.346191  0 0.0003 15383 | 2/116
127 h-m-p  0.0004 0.0033 106.4200 YC    189110.964414  1 0.0003 15503 | 2/116
128 h-m-p  0.0003 0.0152 114.1304 YC    189110.230366  1 0.0006 15623 | 2/116
129 h-m-p  0.0007 0.0081  90.1592 YC    189109.822287  1 0.0004 15743 | 2/116
130 h-m-p  0.0003 0.0104 123.4396 YC    189109.160037  1 0.0005 15863 | 2/116
131 h-m-p  0.0005 0.0141 108.3074 CC    189108.542674  1 0.0005 15984 | 2/116
132 h-m-p  0.0005 0.0260 105.3983 C     189107.885264  0 0.0005 16103 | 2/116
133 h-m-p  0.0005 0.0092 116.9321 CC    189106.987469  1 0.0006 16224 | 2/116
134 h-m-p  0.0007 0.0127 108.3465 CC    189106.120220  1 0.0006 16345 | 2/116
135 h-m-p  0.0006 0.0077 116.2306 CC    189105.362507  1 0.0005 16466 | 2/116
136 h-m-p  0.0004 0.0056 144.3365 CC    189104.652162  1 0.0003 16587 | 2/116
137 h-m-p  0.0005 0.0078 104.8123 CC    189103.556026  1 0.0007 16708 | 2/116
138 h-m-p  0.0006 0.0059 121.7889 YC    189102.607468  1 0.0005 16828 | 2/116
139 h-m-p  0.0006 0.0081  87.9397 CC    189100.975798  1 0.0010 16949 | 2/116
140 h-m-p  0.0007 0.0108 126.9162 YC    189099.740910  1 0.0005 17069 | 2/116
141 h-m-p  0.0008 0.0065  79.7620 C     189098.336937  0 0.0007 17188 | 2/116
142 h-m-p  0.0005 0.0109 120.0292 CC    189096.290417  1 0.0006 17309 | 2/116
143 h-m-p  0.0011 0.0136  72.3566 C     189093.819720  0 0.0011 17428 | 2/116
144 h-m-p  0.0005 0.0027 101.0846 CCC   189091.027711  2 0.0007 17551 | 2/116
145 h-m-p  0.0004 0.0039 182.2591 CYC   189087.537857  2 0.0005 17673 | 2/116
146 h-m-p  0.0005 0.0047 183.3710 YC    189080.695249  1 0.0009 17793 | 2/116
147 h-m-p  0.0009 0.0050 181.6720 YC    189075.433531  1 0.0007 17913 | 2/116
148 h-m-p  0.0006 0.0057 215.4142 CC    189069.145444  1 0.0008 18034 | 2/116
149 h-m-p  0.0008 0.0046 200.8444 CC    189064.296176  1 0.0007 18155 | 2/116
150 h-m-p  0.0010 0.0078 137.7503 CC    189061.024659  1 0.0008 18276 | 2/116
151 h-m-p  0.0010 0.0129 114.0318 YC    189058.958109  1 0.0008 18396 | 2/116
152 h-m-p  0.0009 0.0113  95.9303 CC    189057.554565  1 0.0008 18517 | 2/116
153 h-m-p  0.0015 0.0150  47.8256 CC    189057.194748  1 0.0006 18638 | 2/116
154 h-m-p  0.0006 0.0295  44.0861 C     189056.919357  0 0.0006 18757 | 2/116
155 h-m-p  0.0009 0.0094  29.6597 C     189056.705522  0 0.0009 18876 | 2/116
156 h-m-p  0.0009 0.0299  29.8567 CC    189056.544526  1 0.0008 18997 | 2/116
157 h-m-p  0.0012 0.0581  20.1938 CC    189056.420636  1 0.0010 19118 | 2/116
158 h-m-p  0.0011 0.0141  17.9620 C     189056.284309  0 0.0012 19237 | 2/116
159 h-m-p  0.0010 0.0685  21.7290 CC    189056.072643  1 0.0015 19358 | 2/116
160 h-m-p  0.0014 0.0070  23.0425 CC    189055.856863  1 0.0012 19479 | 2/116
161 h-m-p  0.0011 0.0397  24.7764 CC    189055.431731  1 0.0018 19600 | 2/116
162 h-m-p  0.0010 0.0053  43.9417 CC    189054.863919  1 0.0011 19721 | 2/116
163 h-m-p  0.0012 0.0262  42.4384 CC    189054.104250  1 0.0013 19842 | 2/116
164 h-m-p  0.0012 0.0459  45.1400 YC    189052.154587  1 0.0024 19962 | 2/116
165 h-m-p  0.0013 0.0230  81.5728 YC    189048.694874  1 0.0021 20082 | 2/116
166 h-m-p  0.0016 0.0246 110.5765 CC    189044.227256  1 0.0020 20203 | 2/116
167 h-m-p  0.0020 0.0152 108.0626 YC    189040.909097  1 0.0016 20323 | 2/116
168 h-m-p  0.0019 0.0133  88.2658 YC    189038.668072  1 0.0014 20443 | 2/116
169 h-m-p  0.0017 0.0083  61.4757 YC    189037.833047  1 0.0010 20563 | 2/116
170 h-m-p  0.0016 0.0644  36.4998 CC    189036.911666  1 0.0024 20684 | 2/116
171 h-m-p  0.0018 0.0154  49.7221 YC    189036.349624  1 0.0013 20804 | 2/116
172 h-m-p  0.0017 0.0384  38.3206 CC    189035.951592  1 0.0014 20925 | 2/116
173 h-m-p  0.0018 0.0813  30.8610 CC    189035.665596  1 0.0016 21046 | 2/116
174 h-m-p  0.0033 0.0757  14.5479 CC    189035.583029  1 0.0013 21167 | 2/116
175 h-m-p  0.0035 0.0917   5.5274 YC    189035.547704  1 0.0020 21287 | 2/116
176 h-m-p  0.0019 0.2939   5.8035 YC    189035.486360  1 0.0032 21407 | 2/116
177 h-m-p  0.0023 0.1887   7.9092 CC    189035.395574  1 0.0028 21528 | 2/116
178 h-m-p  0.0019 0.2235  11.9722 +YC   189035.055189  1 0.0055 21649 | 2/116
179 h-m-p  0.0024 0.1148  27.5457 CC    189034.628420  1 0.0026 21770 | 2/116
180 h-m-p  0.0017 0.1178  42.6641 YC    189033.703806  1 0.0034 21890 | 2/116
181 h-m-p  0.0021 0.0589  68.7574 CC    189032.633918  1 0.0023 22011 | 2/116
182 h-m-p  0.0024 0.0684  66.3390 CY    189031.510996  1 0.0026 22132 | 2/116
183 h-m-p  0.0019 0.0512  88.7231 CC    189030.278107  1 0.0021 22253 | 2/116
184 h-m-p  0.0036 0.0812  53.3831 YC    189029.487438  1 0.0025 22373 | 2/116
185 h-m-p  0.0038 0.0811  34.3057 YC    189029.189643  1 0.0017 22493 | 2/116
186 h-m-p  0.0023 0.0988  24.9409 YC    189029.009347  1 0.0017 22613 | 2/116
187 h-m-p  0.0048 0.2673   8.9705 YC    189028.956540  1 0.0022 22733 | 2/116
188 h-m-p  0.0053 0.3478   3.7467 C     189028.946994  0 0.0017 22852 | 2/116
189 h-m-p  0.0022 0.3888   2.9916 Y     189028.941880  0 0.0016 22971 | 2/116
190 h-m-p  0.0031 1.3555   1.5132 YC    189028.932500  1 0.0060 23091 | 2/116
191 h-m-p  0.0027 0.5279   3.3050 YC    189028.914684  1 0.0045 23211 | 2/116
192 h-m-p  0.0018 0.4163   8.1850 YC    189028.873694  1 0.0039 23331 | 2/116
193 h-m-p  0.0017 0.2328  18.6905 +CC   189028.664257  1 0.0084 23453 | 2/116
194 h-m-p  0.0018 0.0449  87.0194 YC    189028.303730  1 0.0031 23573 | 2/116
195 h-m-p  0.0070 0.1094  38.1246 C     189028.215410  0 0.0018 23692 | 2/116
196 h-m-p  0.0039 0.0807  17.5332 C     189028.192249  0 0.0011 23811 | 2/116
197 h-m-p  0.0067 0.6522   2.8980 C     189028.188410  0 0.0018 23930 | 2/116
198 h-m-p  0.0048 2.3951   1.1365 C     189028.186644  0 0.0039 24049 | 2/116
199 h-m-p  0.0139 6.9490   0.5446 C     189028.184859  0 0.0116 24168 | 2/116
200 h-m-p  0.0050 2.4986   4.0445 +YC   189028.170245  1 0.0128 24403 | 2/116
201 h-m-p  0.0019 0.8933  27.6105 +YC   189028.070981  1 0.0128 24524 | 2/116
202 h-m-p  0.0026 0.2191 137.4941 CC    189027.985463  1 0.0022 24645 | 2/116
203 h-m-p  0.3273 5.0984   0.9304 --Y   189027.984040  0 0.0087 24766 | 2/116
204 h-m-p  0.0160 8.0000   0.9845 ++CC  189027.936779  1 0.3254 25003 | 2/116
205 h-m-p  0.0056 1.0818  56.7164 +YC   189027.560779  1 0.0463 25238 | 2/116
206 h-m-p  1.6000 8.0000   1.6019 CC    189027.076908  1 2.3978 25359 | 2/116
207 h-m-p  1.6000 8.0000   1.7798 YC    189026.562017  1 3.6422 25479 | 2/116
208 h-m-p  1.6000 8.0000   3.3509 YC    189025.962557  1 3.1377 25599 | 2/116
209 h-m-p  1.6000 8.0000   4.9179 CC    189025.628758  1 2.3806 25720 | 2/116
210 h-m-p  1.6000 8.0000   6.6328 CC    189025.392380  1 2.4230 25841 | 2/116
211 h-m-p  1.6000 8.0000   7.8445 YC    189025.225241  1 2.7908 25961 | 2/116
212 h-m-p  1.6000 8.0000  11.2274 YC    189025.056792  1 3.5025 26081 | 2/116
213 h-m-p  1.6000 8.0000  17.4526 YC    189024.946115  1 2.7617 26201 | 2/116
214 h-m-p  1.6000 8.0000  23.5452 YC    189024.870416  1 3.2405 26321 | 2/116
215 h-m-p  1.6000 8.0000  34.6838 YC    189024.815629  1 2.9836 26441 | 2/116
216 h-m-p  1.6000 8.0000  50.4286 YC    189024.779041  1 2.7611 26561 | 2/116
217 h-m-p  1.4692 7.3462  68.8768 YC    189024.753917  1 2.8084 26681 | 2/116
218 h-m-p  0.6328 3.1640  98.7841 +Y    189024.734355  0 2.8054 26801 | 2/116
219 h-m-p  0.0485 0.2424 146.1097 ++    189024.731851  m 0.2424 26920 | 3/116
220 h-m-p  0.1557 8.0000   0.0045 +C    189024.728828  0 0.9245 27040 | 3/116
221 h-m-p  1.6000 8.0000   0.0006 Y     189024.728704  0 1.1855 27272 | 3/116
222 h-m-p  1.6000 8.0000   0.0001 Y     189024.728697  0 1.2158 27504 | 3/116
223 h-m-p  1.6000 8.0000   0.0000 C     189024.728697  0 1.5029 27736 | 3/116
224 h-m-p  1.6000 8.0000   0.0000 C     189024.728697  0 1.6000 27968
Out..
lnL  = -189024.728697
27969 lfun, 139845 eigenQcodon, 12418236 P(t)

BEBing (dim = 4).  This may take many minutes.
Trying to get 0.6M memory in lfunNSsites_ACD

Calculating f(x_h|w) for 121 w's

	   10 / 121 sets.  w for branches:  0.9500 0.9500 lnfX = -321149.1255
	   20 / 121 sets.  w for branches:  0.0500 9.5000 lnfX = -191366.3222
	   30 / 121 sets.  w for branches:  0.1500 9.5000 lnfX = -204463.3137
	   40 / 121 sets.  w for branches:  0.2500 9.5000 lnfX = -222197.3569
	   50 / 121 sets.  w for branches:  0.3500 9.5000 lnfX = -239743.3443
	   60 / 121 sets.  w for branches:  0.4500 9.5000 lnfX = -256227.0439
	   70 / 121 sets.  w for branches:  0.5500 9.5000 lnfX = -271468.5770
	   80 / 121 sets.  w for branches:  0.6500 9.5000 lnfX = -285491.9321
	   90 / 121 sets.  w for branches:  0.7500 9.5000 lnfX = -298382.5246
	  100 / 121 sets.  w for branches:  0.8500 9.5000 lnfX = -310238.8188
	  110 / 121 sets.  w for branches:  0.9500 9.5000 lnfX = -321157.2607
	  120 / 121 sets.  w for branches:  1.0000 9.5000 lnfX = -326293.2517
	  121 / 121 sets.  w for branches:  1.0000 10.5000 lnfX = -326294.1810
Time: 6:27:17
Calculating the marginal likelihood f(X).
	1000 / 10000 grid points, 6:27:17
	2000 / 10000 grid points, 6:27:17
	3000 / 10000 grid points, 6:27:17
	4000 / 10000 grid points, 6:27:17
	5000 / 10000 grid points, 6:27:17
	6000 / 10000 grid points, 6:27:18
	7000 / 10000 grid points, 6:27:18
	8000 / 10000 grid points, 6:27:18
	9000 / 10000 grid points, 6:27:18
	10000 / 10000 grid points, 6:27:18
	log(fX) = -190513.778798  S = -186927.067802 -3577.503429
Calculating f(w_k|X), posterior for site classes for each site.  Slow!

	did  10 / 2442 site patterns  6:27:18
	did  20 / 2442 site patterns  6:27:18
	did  30 / 2442 site patterns  6:27:18
	did  40 / 2442 site patterns  6:27:18
	did  50 / 2442 site patterns  6:27:18
	did  60 / 2442 site patterns  6:27:18
	did  70 / 2442 site patterns  6:27:18
	did  80 / 2442 site patterns  6:27:18
	did  90 / 2442 site patterns  6:27:18
	did 100 / 2442 site patterns  6:27:18
	did 110 / 2442 site patterns  6:27:18
	did 120 / 2442 site patterns  6:27:18
	did 130 / 2442 site patterns  6:27:18
	did 140 / 2442 site patterns  6:27:18
	did 150 / 2442 site patterns  6:27:18
	did 160 / 2442 site patterns  6:27:18
	did 170 / 2442 site patterns  6:27:18
	did 180 / 2442 site patterns  6:27:18
	did 190 / 2442 site patterns  6:27:18
	did 200 / 2442 site patterns  6:27:18
	did 210 / 2442 site patterns  6:27:18
	did 220 / 2442 site patterns  6:27:18
	did 230 / 2442 site patterns  6:27:18
	did 240 / 2442 site patterns  6:27:18
	did 250 / 2442 site patterns  6:27:18
	did 260 / 2442 site patterns  6:27:18
	did 270 / 2442 site patterns  6:27:18
	did 280 / 2442 site patterns  6:27:18
	did 290 / 2442 site patterns  6:27:18
	did 300 / 2442 site patterns  6:27:18
	did 310 / 2442 site patterns  6:27:18
	did 320 / 2442 site patterns  6:27:18
	did 330 / 2442 site patterns  6:27:18
	did 340 / 2442 site patterns  6:27:18
	did 350 / 2442 site patterns  6:27:18
	did 360 / 2442 site patterns  6:27:18
	did 370 / 2442 site patterns  6:27:18
	did 380 / 2442 site patterns  6:27:18
	did 390 / 2442 site patterns  6:27:18
	did 400 / 2442 site patterns  6:27:18
	did 410 / 2442 site patterns  6:27:18
	did 420 / 2442 site patterns  6:27:18
	did 430 / 2442 site patterns  6:27:18
	did 440 / 2442 site patterns  6:27:18
	did 450 / 2442 site patterns  6:27:18
	did 460 / 2442 site patterns  6:27:18
	did 470 / 2442 site patterns  6:27:18
	did 480 / 2442 site patterns  6:27:18
	did 490 / 2442 site patterns  6:27:18
	did 500 / 2442 site patterns  6:27:18
	did 510 / 2442 site patterns  6:27:18
	did 520 / 2442 site patterns  6:27:18
	did 530 / 2442 site patterns  6:27:18
	did 540 / 2442 site patterns  6:27:18
	did 550 / 2442 site patterns  6:27:18
	did 560 / 2442 site patterns  6:27:18
	did 570 / 2442 site patterns  6:27:18
	did 580 / 2442 site patterns  6:27:18
	did 590 / 2442 site patterns  6:27:18
	did 600 / 2442 site patterns  6:27:18
	did 610 / 2442 site patterns  6:27:18
	did 620 / 2442 site patterns  6:27:18
	did 630 / 2442 site patterns  6:27:18
	did 640 / 2442 site patterns  6:27:18
	did 650 / 2442 site patterns  6:27:18
	did 660 / 2442 site patterns  6:27:18
	did 670 / 2442 site patterns  6:27:18
	did 680 / 2442 site patterns  6:27:18
	did 690 / 2442 site patterns  6:27:18
	did 700 / 2442 site patterns  6:27:18
	did 710 / 2442 site patterns  6:27:18
	did 720 / 2442 site patterns  6:27:18
	did 730 / 2442 site patterns  6:27:18
	did 740 / 2442 site patterns  6:27:18
	did 750 / 2442 site patterns  6:27:18
	did 760 / 2442 site patterns  6:27:18
	did 770 / 2442 site patterns  6:27:18
	did 780 / 2442 site patterns  6:27:18
	did 790 / 2442 site patterns  6:27:18
	did 800 / 2442 site patterns  6:27:18
	did 810 / 2442 site patterns  6:27:18
	did 820 / 2442 site patterns  6:27:18
	did 830 / 2442 site patterns  6:27:18
	did 840 / 2442 site patterns  6:27:18
	did 850 / 2442 site patterns  6:27:18
	did 860 / 2442 site patterns  6:27:18
	did 870 / 2442 site patterns  6:27:18
	did 880 / 2442 site patterns  6:27:18
	did 890 / 2442 site patterns  6:27:18
	did 900 / 2442 site patterns  6:27:18
	did 910 / 2442 site patterns  6:27:18
	did 920 / 2442 site patterns  6:27:18
	did 930 / 2442 site patterns  6:27:18
	did 940 / 2442 site patterns  6:27:18
	did 950 / 2442 site patterns  6:27:18
	did 960 / 2442 site patterns  6:27:18
	did 970 / 2442 site patterns  6:27:18
	did 980 / 2442 site patterns  6:27:18
	did 990 / 2442 site patterns  6:27:18
	did 1000 / 2442 site patterns  6:27:18
	did 1010 / 2442 site patterns  6:27:18
	did 1020 / 2442 site patterns  6:27:18
	did 1030 / 2442 site patterns  6:27:18
	did 1040 / 2442 site patterns  6:27:18
	did 1050 / 2442 site patterns  6:27:18
	did 1060 / 2442 site patterns  6:27:18
	did 1070 / 2442 site patterns  6:27:18
	did 1080 / 2442 site patterns  6:27:18
	did 1090 / 2442 site patterns  6:27:18
	did 1100 / 2442 site patterns  6:27:18
	did 1110 / 2442 site patterns  6:27:18
	did 1120 / 2442 site patterns  6:27:18
	did 1130 / 2442 site patterns  6:27:18
	did 1140 / 2442 site patterns  6:27:18
	did 1150 / 2442 site patterns  6:27:18
	did 1160 / 2442 site patterns  6:27:18
	did 1170 / 2442 site patterns  6:27:18
	did 1180 / 2442 site patterns  6:27:18
	did 1190 / 2442 site patterns  6:27:18
	did 1200 / 2442 site patterns  6:27:18
	did 1210 / 2442 site patterns  6:27:18
	did 1220 / 2442 site patterns  6:27:18
	did 1230 / 2442 site patterns  6:27:18
	did 1240 / 2442 site patterns  6:27:18
	did 1250 / 2442 site patterns  6:27:18
	did 1260 / 2442 site patterns  6:27:18
	did 1270 / 2442 site patterns  6:27:18
	did 1280 / 2442 site patterns  6:27:18
	did 1290 / 2442 site patterns  6:27:18
	did 1300 / 2442 site patterns  6:27:18
	did 1310 / 2442 site patterns  6:27:18
	did 1320 / 2442 site patterns  6:27:18
	did 1330 / 2442 site patterns  6:27:18
	did 1340 / 2442 site patterns  6:27:18
	did 1350 / 2442 site patterns  6:27:18
	did 1360 / 2442 site patterns  6:27:18
	did 1370 / 2442 site patterns  6:27:18
	did 1380 / 2442 site patterns  6:27:18
	did 1390 / 2442 site patterns  6:27:18
	did 1400 / 2442 site patterns  6:27:18
	did 1410 / 2442 site patterns  6:27:18
	did 1420 / 2442 site patterns  6:27:18
	did 1430 / 2442 site patterns  6:27:18
	did 1440 / 2442 site patterns  6:27:18
	did 1450 / 2442 site patterns  6:27:18
	did 1460 / 2442 site patterns  6:27:18
	did 1470 / 2442 site patterns  6:27:18
	did 1480 / 2442 site patterns  6:27:18
	did 1490 / 2442 site patterns  6:27:18
	did 1500 / 2442 site patterns  6:27:18
	did 1510 / 2442 site patterns  6:27:18
	did 1520 / 2442 site patterns  6:27:18
	did 1530 / 2442 site patterns  6:27:18
	did 1540 / 2442 site patterns  6:27:18
	did 1550 / 2442 site patterns  6:27:18
	did 1560 / 2442 site patterns  6:27:18
	did 1570 / 2442 site patterns  6:27:18
	did 1580 / 2442 site patterns  6:27:18
	did 1590 / 2442 site patterns  6:27:18
	did 1600 / 2442 site patterns  6:27:18
	did 1610 / 2442 site patterns  6:27:18
	did 1620 / 2442 site patterns  6:27:18
	did 1630 / 2442 site patterns  6:27:18
	did 1640 / 2442 site patterns  6:27:18
	did 1650 / 2442 site patterns  6:27:18
	did 1660 / 2442 site patterns  6:27:18
	did 1670 / 2442 site patterns  6:27:18
	did 1680 / 2442 site patterns  6:27:18
	did 1690 / 2442 site patterns  6:27:18
	did 1700 / 2442 site patterns  6:27:18
	did 1710 / 2442 site patterns  6:27:18
	did 1720 / 2442 site patterns  6:27:18
	did 1730 / 2442 site patterns  6:27:18
	did 1740 / 2442 site patterns  6:27:18
	did 1750 / 2442 site patterns  6:27:18
	did 1760 / 2442 site patterns  6:27:18
	did 1770 / 2442 site patterns  6:27:18
	did 1780 / 2442 site patterns  6:27:18
	did 1790 / 2442 site patterns  6:27:18
	did 1800 / 2442 site patterns  6:27:18
	did 1810 / 2442 site patterns  6:27:18
	did 1820 / 2442 site patterns  6:27:18
	did 1830 / 2442 site patterns  6:27:18
	did 1840 / 2442 site patterns  6:27:18
	did 1850 / 2442 site patterns  6:27:18
	did 1860 / 2442 site patterns  6:27:18
	did 1870 / 2442 site patterns  6:27:18
	did 1880 / 2442 site patterns  6:27:18
	did 1890 / 2442 site patterns  6:27:18
	did 1900 / 2442 site patterns  6:27:18
	did 1910 / 2442 site patterns  6:27:18
	did 1920 / 2442 site patterns  6:27:18
	did 1930 / 2442 site patterns  6:27:18
	did 1940 / 2442 site patterns  6:27:18
	did 1950 / 2442 site patterns  6:27:18
	did 1960 / 2442 site patterns  6:27:18
	did 1970 / 2442 site patterns  6:27:18
	did 1980 / 2442 site patterns  6:27:18
	did 1990 / 2442 site patterns  6:27:18
	did 2000 / 2442 site patterns  6:27:18
	did 2010 / 2442 site patterns  6:27:18
	did 2020 / 2442 site patterns  6:27:18
	did 2030 / 2442 site patterns  6:27:18
	did 2040 / 2442 site patterns  6:27:18
	did 2050 / 2442 site patterns  6:27:18
	did 2060 / 2442 site patterns  6:27:18
	did 2070 / 2442 site patterns  6:27:18
	did 2080 / 2442 site patterns  6:27:18
	did 2090 / 2442 site patterns  6:27:18
	did 2100 / 2442 site patterns  6:27:18
	did 2110 / 2442 site patterns  6:27:18
	did 2120 / 2442 site patterns  6:27:18
	did 2130 / 2442 site patterns  6:27:18
	did 2140 / 2442 site patterns  6:27:18
	did 2150 / 2442 site patterns  6:27:18
	did 2160 / 2442 site patterns  6:27:18
	did 2170 / 2442 site patterns  6:27:18
	did 2180 / 2442 site patterns  6:27:18
	did 2190 / 2442 site patterns  6:27:18
	did 2200 / 2442 site patterns  6:27:18
	did 2210 / 2442 site patterns  6:27:18
	did 2220 / 2442 site patterns  6:27:18
	did 2230 / 2442 site patterns  6:27:18
	did 2240 / 2442 site patterns  6:27:18
	did 2250 / 2442 site patterns  6:27:18
	did 2260 / 2442 site patterns  6:27:18
	did 2270 / 2442 site patterns  6:27:18
	did 2280 / 2442 site patterns  6:27:18
	did 2290 / 2442 site patterns  6:27:18
	did 2300 / 2442 site patterns  6:27:18
	did 2310 / 2442 site patterns  6:27:18
	did 2320 / 2442 site patterns  6:27:18
	did 2330 / 2442 site patterns  6:27:18
	did 2340 / 2442 site patterns  6:27:18
	did 2350 / 2442 site patterns  6:27:18
	did 2360 / 2442 site patterns  6:27:18
	did 2370 / 2442 site patterns  6:27:18
	did 2380 / 2442 site patterns  6:27:18
	did 2390 / 2442 site patterns  6:27:18
	did 2400 / 2442 site patterns  6:27:18
	did 2410 / 2442 site patterns  6:27:18
	did 2420 / 2442 site patterns  6:27:18
	did 2430 / 2442 site patterns  6:27:18
	did 2440 / 2442 site patterns  6:27:18
	did 2442 / 2442 site patterns  6:27:18