, T3_Nothob_furze), T3_Latime_chalu)), (T3_Callor_milii, (T3_Echino_cooke, T3_basal_Chilo))) #1), (BG_basal_Myxin3, BG_basal_Petro3)), (((T1_Somnio_micro, T1_basal_Chilo), (T1_basal_Callo2, T1_basal_Callo)), ((T1_Latime_chalu, T1_basal_Latim), ((((T1_Chanos_chano2, (T1_Danio_rerio, T1_Danio_rerio3)), T1_Salari_fasci), (T1_Chanos_chano, T1_Danio_rerio2)), (T1_Xenopu_tropi, ((((T1_Bos_tauru, T1_Mus_muscu), T1_Homo_sapie), T1_Podarc_mural), (T1_Aptery_mante, T1_Gallus_gallu))))))), (BG_basal_Myxin, BG_basal_Petro), (BG_basal_Myxin2, BG_basal_Petro2));

TREE #  1

 65543280 bytes for conP, adjusted

3 node(s) used for scaling (Yang 2000 J Mol Evol 51:423-432):
 61 75 93

ntime & nrate & np:   111     2   115
branch=0  freq=0.786978 w0 = 0.260496
branch=0  freq=0.213022 w1 = 1.000000
			Qfactor for branch 0 = 7.783957
branch=1  freq=0.666291 w0 = 0.260496
branch=1  freq=0.180354 w1 = 1.000000
branch=1  freq=0.153355 w2 = 1.000000
			Qfactor for branch 1 = 6.945679
w[0] = 0.260496
w[1] = 1.000000
w[2] = 1.000000

np =   115
lnL0 = -246988.750801

Iterating by ming2
Initial: fx= 246988.750801
x=  0.09253  0.08700  0.09111  0.04656  0.06908  0.09105  0.03299  0.02910  0.06795  0.08799  0.05259  0.08311  0.06972  0.10891  0.01780  0.04942  0.06219  0.02775  0.10437  0.05733  0.01123  0.06511  0.10260  0.02307  0.06392  0.09360  0.09934  0.05840  0.08868  0.10558  0.02748  0.08773  0.03213  0.07915  0.05007  0.04710  0.04737  0.05353  0.02139  0.01357  0.02322  0.09963  0.04191  0.08845  0.01939  0.04670  0.09965  0.03270  0.08693  0.10116  0.06481  0.02809  0.02892  0.06841  0.08013  0.01243  0.03096  0.06363  0.06392  0.01239  0.06618  0.07242  0.01821  0.07227  0.05440  0.09739  0.10892  0.05230  0.03027  0.10142  0.06052  0.04466  0.04987  0.03369  0.08211  0.03099  0.04067  0.09938  0.01735  0.07946  0.07439  0.10886  0.08522  0.05520  0.01750  0.01757  0.05391  0.09221  0.08907  0.04221  0.06504  0.05039  0.03058  0.01441  0.10028  0.05609  0.06748  0.10773  0.05773  0.09954  0.01714  0.04896  0.08010  0.03770  0.07282  0.09956  0.05191  0.02585  0.06844  0.06831  0.05803  2.23221  1.46897  0.16216  0.26050

  1 h-m-p  0.0000 0.0000 129559.0279 +CYYCYCCCC 213191.155248  8 0.0000   134 | 0/115
  2 h-m-p  0.0000 0.0000 57231.8287 +CYCCC 211948.490189  4 0.0000   260 | 0/115
  3 h-m-p  0.0000 0.0000 29287.8473 ++    210956.386317  m 0.0000   378 | 0/115
  4 h-m-p  0.0000 0.0000 2330668.4351 ++    206880.289098  m 0.0000   496 | 0/115
  5 h-m-p  0.0000 0.0000 807090.9124 ++    205903.265023  m 0.0000   614 | 1/115
  6 h-m-p  0.0000 0.0000 7505.2674 ++    205318.932989  m 0.0000   732 | 2/115
  7 h-m-p  0.0000 0.0001 7343.1990 +CYCCC 204500.223629  4 0.0001   859 | 2/115
  8 h-m-p  0.0000 0.0001 12392.6759 CYCCC 204345.443608  4 0.0000   984 | 2/115
  9 h-m-p  0.0000 0.0001 5179.3826 YCC   204134.167556  2 0.0000  1105 | 2/115
 10 h-m-p  0.0000 0.0001 2808.5963 +YCCC 204052.634616  3 0.0000  1229 | 2/115
 11 h-m-p  0.0000 0.0001 2569.3856 CCC   204025.399263  2 0.0000  1351 | 2/115
 12 h-m-p  0.0000 0.0003 1636.0016 YCC   203981.037051  2 0.0001  1472 | 2/115
 13 h-m-p  0.0000 0.0002 1674.3690 CCCC  203942.547287  3 0.0001  1596 | 2/115
 14 h-m-p  0.0000 0.0002 1642.2701 CC    203920.595200  1 0.0000  1716 | 2/115
 15 h-m-p  0.0001 0.0003 1278.4164 CCC   203896.764315  2 0.0001  1838 | 2/115
 16 h-m-p  0.0001 0.0004 757.9185 CYC   203879.399524  2 0.0001  1959 | 2/115
 17 h-m-p  0.0001 0.0007 411.4355 CCC   203845.636825  2 0.0001  2081 | 2/115
 18 h-m-p  0.0001 0.0005 777.1309 YCCC  203710.207158  3 0.0002  2204 | 2/115
 19 h-m-p  0.0000 0.0002 2175.4013 +YYCCC 203309.326775  4 0.0001  2329 | 2/115
 20 h-m-p  0.0000 0.0001 4962.7149 +YCCC 202971.575997  3 0.0000  2453 | 2/115
 21 h-m-p  0.0000 0.0001 3247.5362 CCC   202840.888754  2 0.0000  2575 | 2/115
 22 h-m-p  0.0000 0.0001 1365.1760 CCCC  202801.843410  3 0.0000  2699 | 2/115
 23 h-m-p  0.0001 0.0003 621.4695 YC    202793.654114  1 0.0001  2818 | 2/115
 24 h-m-p  0.0001 0.0007 413.5955 CC    202789.393674  1 0.0001  2938 | 2/115
 25 h-m-p  0.0001 0.0009 259.8007 YC    202787.179483  1 0.0001  3057 | 2/115
 26 h-m-p  0.0001 0.0016 158.2099 CC    202785.235967  1 0.0001  3177 | 2/115
 27 h-m-p  0.0001 0.0006 218.4593 CCC   202782.135798  2 0.0001  3299 | 2/115
 28 h-m-p  0.0000 0.0009 593.6427 YC    202774.058281  1 0.0001  3418 | 2/115
 29 h-m-p  0.0001 0.0012 1041.2887 +CYC  202740.134108  2 0.0002  3540 | 2/115
 30 h-m-p  0.0001 0.0007 3682.7779 +CCC  202594.616343  2 0.0003  3663 | 2/115
 31 h-m-p  0.0000 0.0002 16116.1302 +YYCCC 202221.990951  4 0.0002  3788 | 2/115
 32 h-m-p  0.0000 0.0001 58472.8531 +YCYYCC 201532.757456  5 0.0001  3915 | 2/115
 33 h-m-p  0.0000 0.0000 193475.6016 ++    201178.553305  m 0.0000  4033 | 2/115
 34 h-m-p  0.0000 0.0000 5152048.1335 ++    200386.351683  m 0.0000  4151 | 2/115
 35 h-m-p  0.0000 0.0000 234863.2576 ++    199726.031555  m 0.0000  4269 | 2/115
 36 h-m-p  0.0000 0.0000 430165.1524 
h-m-p:      1.01906419e-22      5.09532093e-22      4.30165152e+05 199726.031555
..  | 2/115
 37 h-m-p  0.0000 0.0000 28109.6383 YYYC  199187.260143  3 0.0000  4505 | 2/115
 38 h-m-p  0.0000 0.0000 35784.0586 CYCCCC 198552.989454  5 0.0000  4632 | 2/115
 39 h-m-p  0.0000 0.0000 20163.8725 ++    197624.574623  m 0.0000  4750 | 2/115
 40 h-m-p  0.0000 0.0000 249445.4530 +YCCCC 197287.962969  4 0.0000  4877 | 2/115
 41 h-m-p  0.0000 0.0000 676445.2011 ++    194970.078504  m 0.0000  4995 | 2/115
 42 h-m-p  0.0000 0.0000 1771787.6199 +CYYC 193735.431592  3 0.0000  5119 | 2/115
 43 h-m-p  0.0000 0.0000 99804.3552 ++    193367.287081  m 0.0000  5237 | 2/115
 44 h-m-p  0.0000 0.0000 8232.2629 +YYYCCC 192990.359302  5 0.0000  5363 | 2/115
 45 h-m-p  0.0000 0.0000 9570.7973 ++    192373.445793  m 0.0000  5481 | 2/115
 46 h-m-p  0.0000 0.0000 6254.8299 ++    192125.419768  m 0.0000  5599 | 2/115
 47 h-m-p  0.0000 0.0001 4466.0363 +YYCCC 191868.834086  4 0.0001  5724 | 2/115
 48 h-m-p  0.0000 0.0001 3122.2935 +YCCC 191792.003899  3 0.0000  5848 | 2/115
 49 h-m-p  0.0000 0.0002 1864.7482 YCCC  191743.195420  3 0.0001  5971 | 2/115
 50 h-m-p  0.0000 0.0002 1495.2431 CCCC  191707.609592  3 0.0001  6095 | 2/115
 51 h-m-p  0.0000 0.0001 1485.9109 YCCC  191683.058567  3 0.0001  6218 | 2/115
 52 h-m-p  0.0001 0.0005 879.4558 YCCC  191675.060413  3 0.0000  6341 | 2/115
 53 h-m-p  0.0001 0.0003 754.9639 CCC   191666.748823  2 0.0001  6463 | 2/115
 54 h-m-p  0.0001 0.0010 607.0706 CCC   191659.183924  2 0.0001  6585 | 2/115
 55 h-m-p  0.0001 0.0009 476.2599 YC    191655.868040  1 0.0001  6704 | 2/115
 56 h-m-p  0.0001 0.0020 401.3594 CC    191651.669302  1 0.0001  6824 | 2/115
 57 h-m-p  0.0002 0.0011 328.5746 CCC   191648.751438  2 0.0001  6946 | 2/115
 58 h-m-p  0.0002 0.0012 234.1937 YC    191647.651364  1 0.0001  7065 | 2/115
 59 h-m-p  0.0001 0.0018 242.6337 CC    191646.507044  1 0.0001  7185 | 2/115
 60 h-m-p  0.0001 0.0013 168.3479 CC    191645.617297  1 0.0001  7305 | 2/115
 61 h-m-p  0.0002 0.0044 133.4129 C     191644.741051  0 0.0002  7423 | 2/115
 62 h-m-p  0.0001 0.0018 169.2802 YC    191644.226569  1 0.0001  7542 | 2/115
 63 h-m-p  0.0001 0.0021 120.3973 YC    191643.227022  1 0.0002  7661 | 2/115
 64 h-m-p  0.0002 0.0051  97.2282 CC    191641.599017  1 0.0003  7781 | 2/115
 65 h-m-p  0.0002 0.0061 136.4790 CC    191639.094133  1 0.0002  7901 | 2/115
 66 h-m-p  0.0002 0.0019 180.3139 YC    191630.210177  1 0.0004  8020 | 2/115
 67 h-m-p  0.0001 0.0006 329.7905 YC    191614.456808  1 0.0003  8139 | 2/115
 68 h-m-p  0.0002 0.0015 417.1039 YC    191570.359387  1 0.0004  8258 | 2/115
 69 h-m-p  0.0001 0.0006 801.5940 YCCC  191506.581775  3 0.0002  8381 | 2/115
 70 h-m-p  0.0001 0.0005 1138.5124 +YCCC 191379.739319  3 0.0002  8505 | 2/115
 71 h-m-p  0.0001 0.0005 1489.2232 +YC   191172.517355  1 0.0003  8625 | 2/115
 72 h-m-p  0.0001 0.0005 1544.4510 YCCC  190945.148346  3 0.0002  8748 | 2/115
 73 h-m-p  0.0000 0.0001 1546.6539 ++    190748.470040  m 0.0001  8866 | 2/115
 74 h-m-p  0.0000 0.0001 2106.7024 ++    190625.063197  m 0.0001  8984 | 2/115
 75 h-m-p  0.0000 0.0001 2119.4566 ++    190477.807489  m 0.0001  9102 | 2/115
 76 h-m-p  0.0000 0.0000 1412.0004 
h-m-p:      2.80832966e-20      1.40416483e-19      1.41200041e+03 190477.807489
..  | 2/115
 77 h-m-p  0.0000 0.0000 21877.0283 YYCC  190362.957060  3 0.0000  9339 | 2/115
 78 h-m-p  0.0000 0.0000 8581.1769 ++    190252.453269  m 0.0000  9457 | 2/115
 79 h-m-p  0.0000 0.0000 23381.4326 CYC   190241.497075  2 0.0000  9579 | 2/115
 80 h-m-p  0.0000 0.0000 4212.6732 +YCYCCC 190189.105221  5 0.0000  9706 | 2/115
 81 h-m-p  0.0000 0.0000 7039.7389 YC    190165.699505  1 0.0000  9825 | 2/115
 82 h-m-p  0.0000 0.0000 7391.3598 YCC   190146.809131  2 0.0000  9946 | 2/115
 83 h-m-p  0.0000 0.0001 1996.3181 ++    189943.952036  m 0.0001 10064 | 2/115
 84 h-m-p  0.0000 0.0002 5072.9463 YYCCC 189846.206702  4 0.0001 10188 | 2/115
 85 h-m-p  0.0000 0.0001 3473.6420 +YYYCC 189718.525762  4 0.0001 10312 | 2/115
 86 h-m-p  0.0000 0.0000 6228.5670 ++    189645.688895  m 0.0000 10430 | 2/115
 87 h-m-p  0.0000 0.0001 4173.8483 YCC   189574.995592  2 0.0000 10551 | 2/115
 88 h-m-p  0.0000 0.0001 1697.7792 +CYCC 189516.861926  3 0.0001 10675 | 2/115
 89 h-m-p  0.0000 0.0001 1522.0330 +YYCCC 189481.605895  4 0.0001 10800 | 2/115
 90 h-m-p  0.0000 0.0002 2751.8604 YCC   189448.260114  2 0.0001 10921 | 2/115
 91 h-m-p  0.0001 0.0005 1144.0167 CCC   189421.843455  2 0.0001 11043 | 2/115
 92 h-m-p  0.0001 0.0004 1483.9158 CCC   189393.533904  2 0.0001 11165 | 2/115
 93 h-m-p  0.0001 0.0003 1155.6651 YYYC  189382.026493  3 0.0001 11286 | 2/115
 94 h-m-p  0.0001 0.0010 810.8681 CCC   189367.098475  2 0.0002 11408 | 2/115
 95 h-m-p  0.0001 0.0013 902.1947 CCC   189355.272111  2 0.0001 11530 | 2/115
 96 h-m-p  0.0001 0.0009 758.4393 YCC   189348.267337  2 0.0001 11651 | 2/115
 97 h-m-p  0.0002 0.0020 351.0651 CC    189343.928246  1 0.0002 11771 | 2/115
 98 h-m-p  0.0002 0.0045 262.6645 CY    189340.464415  1 0.0002 11891 | 2/115
 99 h-m-p  0.0002 0.0014 370.1050 CC    189337.425381  1 0.0002 12011 | 2/115
100 h-m-p  0.0001 0.0019 461.5851 YC    189335.643993  1 0.0001 12130 | 2/115
101 h-m-p  0.0002 0.0023 265.5121 CC    189333.479878  1 0.0002 12250 | 2/115
102 h-m-p  0.0002 0.0039 275.0413 YC    189332.040104  1 0.0002 12369 | 2/115
103 h-m-p  0.0002 0.0020 236.1444 YC    189331.214965  1 0.0001 12488 | 2/115
104 h-m-p  0.0001 0.0021 228.6743 CC    189330.282029  1 0.0002 12608 | 2/115
105 h-m-p  0.0002 0.0053 166.4996 CC    189329.548585  1 0.0002 12728 | 2/115
106 h-m-p  0.0002 0.0060 146.3897 CC    189328.785494  1 0.0003 12848 | 2/115
107 h-m-p  0.0003 0.0030 117.9523 YC    189328.347571  1 0.0002 12967 | 2/115
108 h-m-p  0.0003 0.0056  93.5453 YC    189328.091679  1 0.0002 13086 | 2/115
109 h-m-p  0.0002 0.0079  69.1354 CC    189327.906309  1 0.0002 13206 | 2/115
110 h-m-p  0.0002 0.0099  60.0776 CC    189327.700565  1 0.0003 13326 | 2/115
111 h-m-p  0.0003 0.0032  53.9162 C     189327.480055  0 0.0003 13444 | 2/115
112 h-m-p  0.0002 0.0202  66.1988 CC    189327.121539  1 0.0004 13564 | 2/115
113 h-m-p  0.0003 0.0105  79.4596 CC    189326.805501  1 0.0003 13684 | 2/115
114 h-m-p  0.0003 0.0043  78.8342 CC    189326.324456  1 0.0004 13804 | 2/115
115 h-m-p  0.0003 0.0058  82.0278 C     189325.740718  0 0.0004 13922 | 2/115
116 h-m-p  0.0002 0.0055 119.2550 CC    189324.871142  1 0.0003 14042 | 2/115
117 h-m-p  0.0003 0.0049 121.4423 YC    189323.040355  1 0.0006 14161 | 2/115
118 h-m-p  0.0005 0.0057 134.2524 YC    189321.296146  1 0.0004 14280 | 2/115
119 h-m-p  0.0003 0.0031 175.9966 CC    189318.748906  1 0.0004 14400 | 2/115
120 h-m-p  0.0004 0.0029 207.8653 C     189315.727242  0 0.0004 14518 | 2/115
121 h-m-p  0.0002 0.0028 392.5560 YC    189310.329853  1 0.0003 14637 | 2/115
122 h-m-p  0.0006 0.0037 191.3543 YC    189305.209710  1 0.0005 14756 | 2/115
123 h-m-p  0.0005 0.0048 196.9819 CC    189296.396774  1 0.0007 14876 | 2/115
124 h-m-p  0.0006 0.0031 233.1956 CCC   189286.336995  2 0.0006 14998 | 2/115
125 h-m-p  0.0007 0.0046 190.5749 CYC   189273.031915  2 0.0008 15119 | 2/115
126 h-m-p  0.0005 0.0024 335.0218 CCC   189257.016701  2 0.0005 15241 | 2/115
127 h-m-p  0.0003 0.0016 366.4699 YCC   189238.340530  2 0.0005 15362 | 2/115
128 h-m-p  0.0006 0.0035 313.4324 CCC   189222.804703  2 0.0005 15484 | 2/115
129 h-m-p  0.0003 0.0017 277.0544 YC    189204.821867  1 0.0007 15603 | 2/115
130 h-m-p  0.0005 0.0026 401.6990 CCC   189185.031083  2 0.0006 15725 | 2/115
131 h-m-p  0.0006 0.0041 447.1746 CC    189168.096866  1 0.0005 15845 | 2/115
132 h-m-p  0.0002 0.0009 314.0791 +YC   189159.934292  1 0.0004 15965 | 2/115
133 h-m-p  0.0004 0.0019 259.9330 CCC   189155.843231  2 0.0003 16087 | 2/115
134 h-m-p  0.0006 0.0030 153.0397 C     189152.845686  0 0.0005 16205 | 2/115
135 h-m-p  0.0008 0.0182 100.1757 YC    189151.160309  1 0.0007 16324 | 2/115
136 h-m-p  0.0008 0.0096  79.9911 YC    189150.562127  1 0.0004 16443 | 2/115
137 h-m-p  0.0006 0.0184  49.5089 CC    189150.069017  1 0.0007 16563 | 2/115
138 h-m-p  0.0008 0.0134  43.5556 C     189149.684915  0 0.0008 16681 | 2/115
139 h-m-p  0.0008 0.0400  42.0145 CC    189149.407720  1 0.0007 16801 | 2/115
140 h-m-p  0.0009 0.0534  31.0976 CC    189149.206350  1 0.0008 16921 | 2/115
141 h-m-p  0.0012 0.0214  19.1731 CC    189149.037521  1 0.0010 17041 | 2/115
142 h-m-p  0.0007 0.0263  26.7458 C     189148.864860  0 0.0007 17159 | 2/115
143 h-m-p  0.0008 0.0326  21.3891 YC    189148.457061  1 0.0015 17278 | 2/115
144 h-m-p  0.0009 0.0237  34.8023 CC    189147.805214  1 0.0011 17398 | 2/115
145 h-m-p  0.0007 0.0054  57.3547 CC    189146.664451  1 0.0010 17518 | 2/115
146 h-m-p  0.0009 0.0217  62.2463 YC    189144.178853  1 0.0015 17637 | 2/115
147 h-m-p  0.0012 0.0095  76.9276 CC    189140.618485  1 0.0013 17757 | 2/115
148 h-m-p  0.0010 0.0049  84.6674 CC    189136.665341  1 0.0011 17877 | 2/115
149 h-m-p  0.0007 0.0091 123.8275 CC    189131.575853  1 0.0008 17997 | 2/115
150 h-m-p  0.0008 0.0039 106.1838 YC    189124.650799  1 0.0013 18116 | 2/115
151 h-m-p  0.0011 0.0111 128.5219 CC    189118.819113  1 0.0010 18236 | 2/115
152 h-m-p  0.0004 0.0020 127.2759 YC    189114.233393  1 0.0010 18355 | 2/115
153 h-m-p  0.0018 0.0310  70.8644 YC    189112.243137  1 0.0012 18474 | 2/115
154 h-m-p  0.0003 0.0016  69.6969 YC    189111.390909  1 0.0007 18593 | 2/115
155 h-m-p  0.0010 0.0217  46.6940 CC    189110.840583  1 0.0009 18713 | 2/115
156 h-m-p  0.0010 0.0293  41.6581 YC    189110.057519  1 0.0019 18832 | 2/115
157 h-m-p  0.0026 0.0330  30.6242 YC    189109.762282  1 0.0013 18951 | 2/115
158 h-m-p  0.0021 0.0628  18.3464 YC    189109.612760  1 0.0014 19070 | 2/115
159 h-m-p  0.0016 0.0298  15.6145 C     189109.498312  0 0.0015 19188 | 2/115
160 h-m-p  0.0014 0.1593  16.9156 CC    189109.349681  1 0.0019 19308 | 2/115
161 h-m-p  0.0024 0.1152  13.2135 C     189109.204083  0 0.0022 19426 | 2/115
162 h-m-p  0.0020 0.1047  14.7869 C     189109.020930  0 0.0022 19544 | 2/115
163 h-m-p  0.0019 0.1026  17.0657 C     189108.779071  0 0.0021 19662 | 2/115
164 h-m-p  0.0021 0.0679  16.4322 CC    189108.412033  1 0.0024 19782 | 2/115
165 h-m-p  0.0018 0.0865  21.8450 CC    189107.610050  1 0.0028 19902 | 2/115
166 h-m-p  0.0016 0.0512  37.9635 YC    189105.918511  1 0.0027 20021 | 2/115
167 h-m-p  0.0021 0.0645  49.3799 YC    189102.694828  1 0.0033 20140 | 2/115
168 h-m-p  0.0018 0.0323  92.4885 CC    189098.750188  1 0.0021 20260 | 2/115
169 h-m-p  0.0019 0.0343  98.6619 CCC   189095.367555  2 0.0018 20382 | 2/115
170 h-m-p  0.0042 0.0346  43.3563 CC    189094.659959  1 0.0012 20502 | 2/115
171 h-m-p  0.0028 0.0774  19.3480 YC    189094.478479  1 0.0013 20621 | 2/115
172 h-m-p  0.0021 0.2096  11.8303 CC    189094.350842  1 0.0026 20741 | 2/115
173 h-m-p  0.0025 0.1415  12.0405 YC    189094.303459  1 0.0013 20860 | 2/115
174 h-m-p  0.0031 0.3486   4.8452 YC    189094.284860  1 0.0019 20979 | 2/115
175 h-m-p  0.0022 0.5179   4.0305 YC    189094.252035  1 0.0047 21098 | 2/115
176 h-m-p  0.0071 0.3759   2.6378 YC    189094.235621  1 0.0032 21217 | 2/115
177 h-m-p  0.0015 0.3465   5.4871 YC    189094.188834  1 0.0036 21336 | 2/115
178 h-m-p  0.0044 0.3570   4.5089 C     189094.124673  0 0.0041 21454 | 2/115
179 h-m-p  0.0029 0.2161   6.3609 YC    189093.933380  1 0.0057 21573 | 2/115
180 h-m-p  0.0021 0.0585  17.4745 C     189093.696600  0 0.0021 21691 | 2/115
181 h-m-p  0.0025 0.0942  14.8817 YC    189093.251189  1 0.0040 21810 | 2/115
182 h-m-p  0.0021 0.0595  28.8018 CC    189092.588364  1 0.0031 21930 | 2/115
183 h-m-p  0.0054 0.0597  16.5265 YC    189092.503732  1 0.0010 22049 | 2/115
184 h-m-p  0.0022 0.1448   7.3768 C     189092.450220  0 0.0026 22167 | 2/115
185 h-m-p  0.0105 0.8332   1.7923 C     189092.442955  0 0.0039 22285 | 2/115
186 h-m-p  0.0088 1.5279   0.8046 Y     189092.439965  0 0.0040 22403 | 2/115
187 h-m-p  0.0036 1.6145   0.8895 +Y    189092.423187  0 0.0112 22635 | 2/115
188 h-m-p  0.0042 0.6170   2.3659 C     189092.390164  0 0.0048 22866 | 2/115
189 h-m-p  0.0047 0.8290   2.4227 +CC   189092.142299  1 0.0169 22987 | 2/115
190 h-m-p  0.0080 0.1653   5.1124 CC    189092.098990  1 0.0028 23107 | 2/115
191 h-m-p  0.0043 0.3606   3.3736 Y     189092.090502  0 0.0018 23225 | 2/115
192 h-m-p  0.0082 2.6131   0.7323 Y     189092.089268  0 0.0037 23343 | 2/115
193 h-m-p  0.0097 3.2783   0.2806 Y     189092.088472  0 0.0055 23574 | 2/115
194 h-m-p  0.0166 8.0000   0.0939 ++CC  189091.928881  1 0.3733 23809 | 2/115
195 h-m-p  1.6000 8.0000   0.0044 C     189091.901793  0 1.6000 24040 | 2/115
196 h-m-p  1.6000 8.0000   0.0026 C     189091.896890  0 1.5121 24271 | 2/115
197 h-m-p  1.6000 8.0000   0.0017 C     189091.895956  0 1.4562 24502 | 2/115
198 h-m-p  1.6000 8.0000   0.0006 C     189091.895868  0 1.4523 24733 | 2/115
199 h-m-p  1.6000 8.0000   0.0004 C     189091.895853  0 1.4995 24964 | 2/115
200 h-m-p  1.2920 8.0000   0.0005 Y     189091.895848  0 2.1394 25195 | 2/115
201 h-m-p  1.5108 8.0000   0.0007 C     189091.895846  0 1.4626 25426 | 2/115
202 h-m-p  1.3485 8.0000   0.0007 Y     189091.895846  0 1.3485 25657 | 2/115
203 h-m-p  1.5363 8.0000   0.0006 C     189091.895845  0 1.5363 25888 | 2/115
204 h-m-p  0.6579 8.0000   0.0014 C     189091.895845  0 0.6579 26119 | 2/115
205 h-m-p  0.3926 8.0000   0.0024 +C    189091.895845  0 1.4638 26351 | 2/115
206 h-m-p  1.4875 8.0000   0.0024 +C    189091.895843  0 5.9499 26583 | 2/115
207 h-m-p  1.6000 8.0000   0.0088 ++    189091.895831  m 8.0000 26814 | 2/115
208 h-m-p  1.6000 8.0000   0.0399 ++    189091.895735  m 8.0000 27045 | 2/115
209 h-m-p  0.0666 8.0000   4.7973 ++YYYYY 189091.877240  4 1.0652 27282 | 2/115
210 h-m-p  0.9778 8.0000   5.2263 ---------Y 189091.877240  0 0.0000 27409 | 2/115
211 h-m-p  0.0057 2.8542  52.7990 ++YYYCCYYCC 189079.629574  8 0.1921 27541 | 2/115
212 h-m-p  0.0006 0.0079 17743.5124 ------Y 189079.629569  0 0.0000 27665 | 2/115
213 h-m-p  0.8829 8.0000   0.0013 --------C 189079.629569  0 0.0000 27791 | 2/115
214 h-m-p  0.0001 0.0379  23.7793 +++YC 189078.741480  1 0.0031 28026 | 2/115
215 h-m-p  1.5391 8.0000   0.0485 ++    189076.014457  m 8.0000 28144 | 2/115
216 h-m-p  1.3194 8.0000   0.2944 CCC   189071.249952  2 2.2524 28379 | 2/115
217 h-m-p  1.6000 8.0000   0.2041 CYC   189066.467636  2 1.6770 28613 | 2/115
218 h-m-p  0.9681 8.0000   0.3535 YCCC  189062.114256  3 1.7420 28849 | 2/115
219 h-m-p  1.6000 8.0000   0.0340 C     189061.510891  0 1.6000 29080 | 2/115
220 h-m-p  0.9306 8.0000   0.0584 C     189061.461486  0 1.0618 29311 | 2/115
221 h-m-p  1.6000 8.0000   0.0114 YC    189061.455612  1 1.0054 29543 | 2/115
222 h-m-p  1.6000 8.0000   0.0030 C     189061.454995  0 1.4010 29774 | 2/115
223 h-m-p  1.6000 8.0000   0.0004 C     189061.454951  0 1.3814 30005 | 2/115
224 h-m-p  1.6000 8.0000   0.0001 C     189061.454947  0 1.6000 30236 | 2/115
225 h-m-p  1.6000 8.0000   0.0000 -----C 189061.454947  0 0.0004 30472
Out..
lnL  = -189061.454947
30473 lfun, 152365 eigenQcodon, 13530012 P(t)
