
CODONML in paml version 4.10.10, 29 Jan 2026

----------------------------------------------
Phe F TTT | Ser S TCT | Tyr Y TAT | Cys C TGT
      TTC |       TCC |       TAC |       TGC
Leu L TTA |       TCA | *** * TAA | *** * TGA
      TTG |       TCG |       TAG | Trp W TGG
----------------------------------------------
Leu L CTT | Pro P CCT | His H CAT | Arg R CGT
      CTC |       CCC |       CAC |       CGC
      CTA |       CCA | Gln Q CAA |       CGA
      CTG |       CCG |       CAG |       CGG
----------------------------------------------
Ile I ATT | Thr T ACT | Asn N AAT | Ser S AGT
      ATC |       ACC |       AAC |       AGC
      ATA |       ACA | Lys K AAA | Arg R AGA
Met M ATG |       ACG |       AAG |       AGG
----------------------------------------------
Val V GTT | Ala A GCT | Asp D GAT | Gly G GGT
      GTC |       GCC |       GAC |       GGC
      GTA |       GCA | Glu E GAA |       GGA
      GTG |       GCG |       GAG |       GGG
----------------------------------------------
Nice code, uuh?
ns = 19  	ls = 7377
Reading sequences, sequential format..
Reading seq # 1: T3_Athene_cunic       
Reading seq # 2: T3_Callor_milii       
Reading seq # 3: T3_Copsyc_seche       
Reading seq # 4: T3_Danio_rerio       
Reading seq # 5: T3_Echino_cooke       
Reading seq # 6: T3_Gallus_gallu       
Reading seq # 7: T3_Homo_sapie       
Reading seq # 8: T3_Hymeno_boett       
Reading seq # 9: T3_Latime_chalu       
Reading seq #10: T3_Mus_muscu       
Reading seq #11: T3_Nothob_furze       
Reading seq #12: T3_Pogona_vitti       
Reading seq #13: T3_Rattus_norve       
Reading seq #14: T3_Saguin_oedip       
Reading seq #15: T3_Sousa_chine       
Reading seq #16: T3_Spheno_punct       
Reading seq #17: T3_Spizel_passe       
Reading seq #18: T3_Xenopu_tropi       
Reading seq #19: T3_basal_Chilo       
Sequences read..
Counting site patterns..  0:00

Compressing,   2347 patterns at   2459 /   2459 sites (100.0%),  0:00

Collecting fpatt[] & pose[],   2347 patterns at   2459 /   2459 sites (100.0%),  0:00
2 ambiguous codons are seen in the data:
 --- NNN
Counting codons..
NG distances for seqs.:
   1   2   3   4   5   6   7   8   9  10  11  12  13  14  15  16  17  18  19

     1368 bytes for distance
  2290672 bytes for conP
   206536 bytes for fhK
  5000000 bytes for space

TREE #  1
((2, (5, 19)), (((((1, (3, 17)), 6), (12, 16)), (((7, 14), 15), (10, 13))), (8, 18)), ((4, 11), 9));   MP score: -1
   1  275.595440
   2  261.436291
   3  258.220747
   4  258.041423
   5  258.009526
   6  258.001957
   7  258.000947
   8  258.000707
   9  258.000683
 19470712 bytes for conP, adjusted

initial w for M8:NSbetaw>1 reset.

    0.236862    0.135960    0.102863    0.070334    0.039004    0.000000    0.110687    0.035497    0.060283    0.038121    0.077112    0.022705    0.059049    0.088936    0.058702    0.039949    0.130587    0.108070    0.106838    0.097019    0.036012    0.049708    0.026759    0.035751    0.077001    0.029182    0.077376    0.215238    0.077304    0.103341    0.054483    0.066305    0.247488    0.169144    0.200481    2.235241    0.900000    0.913473    1.858635    2.077617

ntime & nrate & np:    35     2    40

Bounds (np=40):
   0.000004   0.000004   0.000004   0.000004   0.000004   0.000004   0.000004   0.000004   0.000004   0.000004   0.000004   0.000004   0.000004   0.000004   0.000004   0.000004   0.000004   0.000004   0.000004   0.000004   0.000004   0.000004   0.000004   0.000004   0.000004   0.000004   0.000004   0.000004   0.000004   0.000004   0.000004   0.000004   0.000004   0.000004   0.000004   0.000100   0.000010   0.005000   0.005000   1.000000
  50.000000  50.000000  50.000000  50.000000  50.000000  50.000000  50.000000  50.000000  50.000000  50.000000  50.000000  50.000000  50.000000  50.000000  50.000000  50.000000  50.000000  50.000000  50.000000  50.000000  50.000000  50.000000  50.000000  50.000000  50.000000  50.000000  50.000000  50.000000  50.000000  50.000000  50.000000  50.000000  50.000000  50.000000  50.000000 999.000000   0.999990  99.000000  99.000000 999.000000
Qfactor_NS = 6.843102

np =    40
lnL0 = -71225.007215

Iterating by ming2
Initial: fx= 71225.007215
x=  0.23686  0.13596  0.10286  0.07033  0.03900  0.00000  0.11069  0.03550  0.06028  0.03812  0.07711  0.02270  0.05905  0.08894  0.05870  0.03995  0.13059  0.10807  0.10684  0.09702  0.03601  0.04971  0.02676  0.03575  0.07700  0.02918  0.07738  0.21524  0.07730  0.10334  0.05448  0.06630  0.24749  0.16914  0.20048  2.23524  0.90000  0.91347  1.85864  2.07762

  1 h-m-p  0.0000 0.0000 28217.9017 ++    67881.064609  m 0.0000    45 | 0/40
  2 h-m-p  0.0000 0.0000 48685.4498 +YCYCCC 64051.882088  5 0.0000    97 | 0/40
  3 h-m-p  0.0000 0.0002 9535.2548 +
QuantileBeta(0.15, 0.00500, 2.13666) = 1.238991e-160	2000 rounds
YCYCCC 63089.465556  5 0.0001   149 | 0/40
  4 h-m-p  0.0000 0.0002 2462.7261 YCYCCCC 62776.814686  6 0.0001   202 | 0/40
  5 h-m-p  0.0000 0.0001 4012.5983 ++    62276.951018  m 0.0001   245 | 0/40
  6 h-m-p  0.0000 0.0001 6390.5224 +YCCCC 61995.122036  4 0.0001   296 | 0/40
  7 h-m-p  0.0000 0.0002 4499.5009 YCCCC 61795.357770  4 0.0001   346 | 0/40
  8 h-m-p  0.0001 0.0006 1543.0107 CYCC  61696.501119  3 0.0002   394 | 0/40
  9 h-m-p  0.0002 0.0010 1092.4995 YCCC  61600.526939  3 0.0003   442 | 0/40
 10 h-m-p  0.0005 0.0024 405.7450 CCC   61563.753602  2 0.0006   489 | 0/40
 11 h-m-p  0.0006 0.0032 370.9916 CCCC  61530.927082  3 0.0009   538 | 0/40
 12 h-m-p  0.0006 0.0029 433.3717 YCC   61498.634059  2 0.0010   584 | 0/40
 13 h-m-p  0.0002 0.0011 816.2476 +CYC  61449.466673  2 0.0008   631 | 0/40
 14 h-m-p  0.0008 0.0040 416.1072 CCCC  61417.866251  3 0.0012   680 | 0/40
 15 h-m-p  0.0005 0.0034 943.9557 CCC   61390.621064  2 0.0005   727 | 0/40
 16 h-m-p  0.0012 0.0062 383.1518 YCCC  61375.456696  3 0.0008   775 | 0/40
 17 h-m-p  0.0008 0.0048 396.4336 CCCC  61354.918902  3 0.0012   824 | 0/40
 18 h-m-p  0.0009 0.0062 492.1228 CCC   61331.251938  2 0.0012   871 | 0/40
 19 h-m-p  0.0021 0.0154 276.6052 YC    61317.886629  1 0.0014   915 | 0/40
 20 h-m-p  0.0013 0.0063 238.4105 YCC   61312.152031  2 0.0008   961 | 0/40
 21 h-m-p  0.0020 0.0183  91.4097 YC    61309.692140  1 0.0011  1005 | 0/40
 22 h-m-p  0.0014 0.0081  74.8759 YC    61308.610876  1 0.0007  1049 | 0/40
 23 h-m-p  0.0007 0.0191  81.1066 +YC   61306.113310  1 0.0017  1094 | 0/40
 24 h-m-p  0.0017 0.0185  84.1723 YCC   61302.043960  2 0.0028  1140 | 0/40
 25 h-m-p  0.0009 0.0108 263.5579 YCC   61294.639380  2 0.0017  1186 | 0/40
 26 h-m-p  0.0013 0.0124 347.1898 CCC   61283.403993  2 0.0019  1233 | 0/40
 27 h-m-p  0.0013 0.0075 520.5905 YCCC  61254.454948  3 0.0030  1281 | 0/40
 28 h-m-p  0.0002 0.0008 2815.7981 ++    61163.117431  m 0.0008  1324 | 0/40
 29 h-m-p -0.0000 -0.0000 1021.9504 
h-m-p:     -0.00000000e+00     -0.00000000e+00      1.02195039e+03 61163.117431
..  | 0/40
 30 h-m-p  0.0000 0.0001 1712.6915 ++    61036.511312  m 0.0001  1407 | 0/40
 31 h-m-p  0.0000 0.0000 7597.3775 YCCCC 60989.089809  4 0.0000  1457 | 0/40
 32 h-m-p  0.0000 0.0000 3232.4213 +YYCC 60951.142804  3 0.0000  1505 | 0/40
 33 h-m-p  0.0000 0.0001 1279.9534 ++    60921.905830  m 0.0001  1548 | 1/40
 34 h-m-p  0.0001 0.0006 953.8855 CCCC  60895.882159  3 0.0001  1597 | 1/40
 35 h-m-p  0.0001 0.0004 748.9304 CCCC  60875.982370  3 0.0001  1646 | 1/40
 36 h-m-p  0.0000 0.0002 1860.4183 CCCC  60856.344759  3 0.0001  1695 | 1/40
 37 h-m-p  0.0000 0.0001 1603.2176 +YCYCC 60838.638580  4 0.0001  1745 | 1/40
 38 h-m-p  0.0001 0.0004 1117.3492 YCCC  60814.535869  3 0.0001  1793 | 1/40
 39 h-m-p  0.0001 0.0005 531.6888 CCC   60806.559560  2 0.0001  1840 | 1/40
 40 h-m-p  0.0001 0.0009 584.9532 YCCC  60794.239851  3 0.0002  1888 | 1/40
 41 h-m-p  0.0002 0.0010 491.0234 YC    60787.713519  1 0.0001  1932 | 1/40
 42 h-m-p  0.0001 0.0006 361.1698 CC    60784.693154  1 0.0001  1977 | 1/40
 43 h-m-p  0.0001 0.0014 295.5999 YC    60779.885808  1 0.0003  2021 | 1/40
 44 h-m-p  0.0002 0.0010 213.8955 YCC   60778.704319  2 0.0001  2067 | 1/40
 45 h-m-p  0.0003 0.0063 101.0192 YC    60777.157263  1 0.0005  2111 | 1/40
 46 h-m-p  0.0003 0.0043 180.1452 CC    60775.663854  1 0.0003  2156 | 1/40
 47 h-m-p  0.0003 0.0019 212.4111 CCC   60773.425902  2 0.0004  2203 | 1/40
 48 h-m-p  0.0007 0.0053 135.2622 YC    60772.576054  1 0.0003  2247 | 1/40
 49 h-m-p  0.0002 0.0114 182.3146 YC    60770.869964  1 0.0005  2291 | 1/40
 50 h-m-p  0.0009 0.0152  95.6437 YC    60770.176878  1 0.0004  2335 | 1/40
 51 h-m-p  0.0002 0.0060 179.5533 CC    60769.441913  1 0.0002  2380 | 1/40
 52 h-m-p  0.0011 0.0237  39.0886 CC    60768.704113  1 0.0013  2425 | 1/40
 53 h-m-p  0.0002 0.0031 281.3303 YC    60767.340337  1 0.0003  2469 | 1/40
 54 h-m-p  0.0004 0.0037 242.8731 YC    60765.127016  1 0.0006  2513 | 1/40
 55 h-m-p  0.0005 0.0025 129.1503 YC    60764.613215  1 0.0003  2557 | 1/40
 56 h-m-p  0.0002 0.0138 194.9386 ++YC  60759.071630  1 0.0020  2603 | 1/40
 57 h-m-p  0.0008 0.0053 496.5077 CCC   60754.052695  2 0.0007  2650 | 1/40
 58 h-m-p  0.0013 0.0122 264.1893 YC    60742.250189  1 0.0031  2694 | 1/40
 59 h-m-p  0.0010 0.0050 375.0574 CCC   60736.078750  2 0.0012  2741 | 1/40
 60 h-m-p  0.0006 0.0040 705.5263 +YCCC 60719.080851  3 0.0016  2790 | 1/40
 61 h-m-p  0.0005 0.0027 1230.9540 CYC   60710.110731  2 0.0005  2836 | 1/40
 62 h-m-p  0.0010 0.0049 350.5144 YCCC  60700.310494  3 0.0020  2884 | 1/40
 63 h-m-p  0.0020 0.0098 145.6294 +YCCC 60687.193838  3 0.0060  2933 | 1/40
 64 h-m-p  0.0037 0.0183  51.0970 YC    60685.932644  1 0.0018  2977 | 1/40
 65 h-m-p  0.0020 0.0098  22.8816 YCCC  60684.592659  3 0.0040  3025 | 1/40
 66 h-m-p  0.0030 0.0374  30.7951 CC    60683.319178  1 0.0027  3070 | 1/40
 67 h-m-p  0.0023 0.0389  35.0693 YC    60679.692077  1 0.0057  3114 | 1/40
 68 h-m-p  0.0043 0.0918  46.5927 +YYCC 60665.440471  3 0.0159  3162 | 1/40
 69 h-m-p  0.0200 0.1000  18.7677 CCC   60664.446209  2 0.0058  3209 | 1/40
 70 h-m-p  0.0490 0.8185   2.2210 C     60663.511129  0 0.0490  3252 | 1/40
 71 h-m-p  0.0630 1.1667   1.7251 YCC   60650.580931  2 0.1140  3298 | 1/40
 72 h-m-p  0.4027 2.6387   0.4885 CCC   60643.160477  2 0.5682  3345 | 1/40
 73 h-m-p  1.5243 7.6216   0.0716 CC    60632.955175  1 2.0742  3429 | 1/40
 74 h-m-p  1.1754 8.0000   0.1263 CYC   60628.031126  2 1.3051  3514 | 1/40
 75 h-m-p  1.5234 8.0000   0.1082 CY    60626.011738  1 1.4797  3598 | 1/40
 76 h-m-p  1.6000 8.0000   0.0313 YC    60625.580744  1 1.1667  3681 | 1/40
 77 h-m-p  1.6000 8.0000   0.0198 YC    60625.542059  1 1.0020  3764 | 1/40
 78 h-m-p  1.6000 8.0000   0.0080 YC    60625.532596  1 1.1947  3847 | 1/40
 79 h-m-p  1.6000 8.0000   0.0034 Y     60625.529747  0 1.1981  3929 | 1/40
 80 h-m-p  0.7381 8.0000   0.0056 C     60625.529315  0 0.8634  4011 | 1/40
 81 h-m-p  1.6000 8.0000   0.0010 Y     60625.529273  0 1.0686  4093 | 1/40
 82 h-m-p  1.6000 8.0000   0.0001 C     60625.529270  0 1.2860  4175 | 1/40
 83 h-m-p  1.6000 8.0000   0.0000 C     60625.529270  0 1.3338  4257 | 1/40
 84 h-m-p  1.6000 8.0000   0.0000 Y     60625.529270  0 0.9001  4339 | 1/40
 85 h-m-p  1.6000 8.0000   0.0000 ----C 60625.529270  0 0.0016  4425
Out..
lnL  = -60625.529270
4426 lfun, 53112 eigenQcodon, 1704010 P(t)

BEBing (dim = 4).  This may take several minutes.
Calculating f(x_h|w): 10 categories 20 w sets.
Calculating f(X), the marginal likelihood.
	log(fX) = -61818.218636  S = -60658.781879 -1150.226638
Calculating f(w|X), posterior probabilities of site classes.

	did  10 / 2347 patterns  54:36
	did  20 / 2347 patterns  54:36
	did  30 / 2347 patterns  54:36
	did  40 / 2347 patterns  54:36
	did  50 / 2347 patterns  54:36
	did  60 / 2347 patterns  54:36
	did  70 / 2347 patterns  54:36
	did  80 / 2347 patterns  54:36
	did  90 / 2347 patterns  54:36
	did 100 / 2347 patterns  54:36
	did 110 / 2347 patterns  54:36
	did 120 / 2347 patterns  54:36
	did 130 / 2347 patterns  54:36
	did 140 / 2347 patterns  54:36
	did 150 / 2347 patterns  54:36
	did 160 / 2347 patterns  54:36
	did 170 / 2347 patterns  54:36
	did 180 / 2347 patterns  54:36
	did 190 / 2347 patterns  54:36
	did 200 / 2347 patterns  54:36
	did 210 / 2347 patterns  54:36
	did 220 / 2347 patterns  54:36
	did 230 / 2347 patterns  54:36
	did 240 / 2347 patterns  54:36
	did 250 / 2347 patterns  54:36
	did 260 / 2347 patterns  54:36
	did 270 / 2347 patterns  54:36
	did 280 / 2347 patterns  54:36
	did 290 / 2347 patterns  54:36
	did 300 / 2347 patterns  54:36
	did 310 / 2347 patterns  54:36
	did 320 / 2347 patterns  54:37
	did 330 / 2347 patterns  54:37
	did 340 / 2347 patterns  54:37
	did 350 / 2347 patterns  54:37
	did 360 / 2347 patterns  54:37
	did 370 / 2347 patterns  54:37
	did 380 / 2347 patterns  54:37
	did 390 / 2347 patterns  54:37
	did 400 / 2347 patterns  54:37
	did 410 / 2347 patterns  54:37
	did 420 / 2347 patterns  54:37
	did 430 / 2347 patterns  54:37
	did 440 / 2347 patterns  54:37
	did 450 / 2347 patterns  54:37
	did 460 / 2347 patterns  54:37
	did 470 / 2347 patterns  54:37
	did 480 / 2347 patterns  54:37
	did 490 / 2347 patterns  54:37
	did 500 / 2347 patterns  54:37
	did 510 / 2347 patterns  54:37
	did 520 / 2347 patterns  54:37
	did 530 / 2347 patterns  54:37
	did 540 / 2347 patterns  54:37
	did 550 / 2347 patterns  54:37
	did 560 / 2347 patterns  54:37
	did 570 / 2347 patterns  54:37
	did 580 / 2347 patterns  54:37
	did 590 / 2347 patterns  54:37
	did 600 / 2347 patterns  54:37
	did 610 / 2347 patterns  54:37
	did 620 / 2347 patterns  54:37
	did 630 / 2347 patterns  54:37
	did 640 / 2347 patterns  54:38
	did 650 / 2347 patterns  54:38
	did 660 / 2347 patterns  54:38
	did 670 / 2347 patterns  54:38
	did 680 / 2347 patterns  54:38
	did 690 / 2347 patterns  54:38
	did 700 / 2347 patterns  54:38
	did 710 / 2347 patterns  54:38
	did 720 / 2347 patterns  54:38
	did 730 / 2347 patterns  54:38
	did 740 / 2347 patterns  54:38
	did 750 / 2347 patterns  54:38
	did 760 / 2347 patterns  54:38
	did 770 / 2347 patterns  54:38
	did 780 / 2347 patterns  54:38
	did 790 / 2347 patterns  54:38
	did 800 / 2347 patterns  54:38
	did 810 / 2347 patterns  54:38
	did 820 / 2347 patterns  54:38
	did 830 / 2347 patterns  54:38
	did 840 / 2347 patterns  54:38
	did 850 / 2347 patterns  54:38
	did 860 / 2347 patterns  54:38
	did 870 / 2347 patterns  54:38
	did 880 / 2347 patterns  54:38
	did 890 / 2347 patterns  54:38
	did 900 / 2347 patterns  54:38
	did 910 / 2347 patterns  54:38
	did 920 / 2347 patterns  54:38
	did 930 / 2347 patterns  54:38
	did 940 / 2347 patterns  54:39
	did 950 / 2347 patterns  54:39
	did 960 / 2347 patterns  54:39
	did 970 / 2347 patterns  54:39
	did 980 / 2347 patterns  54:39
	did 990 / 2347 patterns  54:39
	did 1000 / 2347 patterns  54:39
	did 1010 / 2347 patterns  54:39
	did 1020 / 2347 patterns  54:39
	did 1030 / 2347 patterns  54:39
	did 1040 / 2347 patterns  54:39
	did 1050 / 2347 patterns  54:39
	did 1060 / 2347 patterns  54:39
	did 1070 / 2347 patterns  54:39
	did 1080 / 2347 patterns  54:39
	did 1090 / 2347 patterns  54:39
	did 1100 / 2347 patterns  54:39
	did 1110 / 2347 patterns  54:39
	did 1120 / 2347 patterns  54:39
	did 1130 / 2347 patterns  54:39
	did 1140 / 2347 patterns  54:39
	did 1150 / 2347 patterns  54:39
	did 1160 / 2347 patterns  54:39
	did 1170 / 2347 patterns  54:39
	did 1180 / 2347 patterns  54:39
	did 1190 / 2347 patterns  54:39
	did 1200 / 2347 patterns  54:39
	did 1210 / 2347 patterns  54:39
	did 1220 / 2347 patterns  54:39
	did 1230 / 2347 patterns  54:39
	did 1240 / 2347 patterns  54:39
	did 1250 / 2347 patterns  54:40
	did 1260 / 2347 patterns  54:40
	did 1270 / 2347 patterns  54:40
	did 1280 / 2347 patterns  54:40
	did 1290 / 2347 patterns  54:40
	did 1300 / 2347 patterns  54:40
	did 1310 / 2347 patterns  54:40
	did 1320 / 2347 patterns  54:40
	did 1330 / 2347 patterns  54:40
	did 1340 / 2347 patterns  54:40
	did 1350 / 2347 patterns  54:40
	did 1360 / 2347 patterns  54:40
	did 1370 / 2347 patterns  54:40
	did 1380 / 2347 patterns  54:40
	did 1390 / 2347 patterns  54:40
	did 1400 / 2347 patterns  54:40
	did 1410 / 2347 patterns  54:40
	did 1420 / 2347 patterns  54:40
	did 1430 / 2347 patterns  54:40
	did 1440 / 2347 patterns  54:40
	did 1450 / 2347 patterns  54:40
	did 1460 / 2347 patterns  54:40
	did 1470 / 2347 patterns  54:40
	did 1480 / 2347 patterns  54:40
	did 1490 / 2347 patterns  54:40
	did 1500 / 2347 patterns  54:40
	did 1510 / 2347 patterns  54:40
	did 1520 / 2347 patterns  54:40
	did 1530 / 2347 patterns  54:40
	did 1540 / 2347 patterns  54:40
	did 1550 / 2347 patterns  54:40
	did 1560 / 2347 patterns  54:40
	did 1570 / 2347 patterns  54:41
	did 1580 / 2347 patterns  54:41
	did 1590 / 2347 patterns  54:41
	did 1600 / 2347 patterns  54:41
	did 1610 / 2347 patterns  54:41
	did 1620 / 2347 patterns  54:41
	did 1630 / 2347 patterns  54:41
	did 1640 / 2347 patterns  54:41
	did 1650 / 2347 patterns  54:41
	did 1660 / 2347 patterns  54:41
	did 1670 / 2347 patterns  54:41
	did 1680 / 2347 patterns  54:41
	did 1690 / 2347 patterns  54:41
	did 1700 / 2347 patterns  54:41
	did 1710 / 2347 patterns  54:41
	did 1720 / 2347 patterns  54:41
	did 1730 / 2347 patterns  54:41
	did 1740 / 2347 patterns  54:41
	did 1750 / 2347 patterns  54:41
	did 1760 / 2347 patterns  54:41
	did 1770 / 2347 patterns  54:41
	did 1780 / 2347 patterns  54:41
	did 1790 / 2347 patterns  54:41
	did 1800 / 2347 patterns  54:41
	did 1810 / 2347 patterns  54:41
	did 1820 / 2347 patterns  54:41
	did 1830 / 2347 patterns  54:41
	did 1840 / 2347 patterns  54:41
	did 1850 / 2347 patterns  54:41
	did 1860 / 2347 patterns  54:41
	did 1870 / 2347 patterns  54:42
	did 1880 / 2347 patterns  54:42
	did 1890 / 2347 patterns  54:42
	did 1900 / 2347 patterns  54:42
	did 1910 / 2347 patterns  54:42
	did 1920 / 2347 patterns  54:42
	did 1930 / 2347 patterns  54:42
	did 1940 / 2347 patterns  54:42
	did 1950 / 2347 patterns  54:42
	did 1960 / 2347 patterns  54:42
	did 1970 / 2347 patterns  54:42
	did 1980 / 2347 patterns  54:42
	did 1990 / 2347 patterns  54:42
	did 2000 / 2347 patterns  54:42
	did 2010 / 2347 patterns  54:42
	did 2020 / 2347 patterns  54:42
	did 2030 / 2347 patterns  54:42
	did 2040 / 2347 patterns  54:42
	did 2050 / 2347 patterns  54:42
	did 2060 / 2347 patterns  54:42
	did 2070 / 2347 patterns  54:42
	did 2080 / 2347 patterns  54:42
	did 2090 / 2347 patterns  54:42
	did 2100 / 2347 patterns  54:42
	did 2110 / 2347 patterns  54:42
	did 2120 / 2347 patterns  54:42
	did 2130 / 2347 patterns  54:42
	did 2140 / 2347 patterns  54:42
	did 2150 / 2347 patterns  54:42
	did 2160 / 2347 patterns  54:42
	did 2170 / 2347 patterns  54:42
	did 2180 / 2347 patterns  54:42
	did 2190 / 2347 patterns  54:43
	did 2200 / 2347 patterns  54:43
	did 2210 / 2347 patterns  54:43
	did 2220 / 2347 patterns  54:43
	did 2230 / 2347 patterns  54:43
	did 2240 / 2347 patterns  54:43
	did 2250 / 2347 patterns  54:43
	did 2260 / 2347 patterns  54:43
	did 2270 / 2347 patterns  54:43
	did 2280 / 2347 patterns  54:43
	did 2290 / 2347 patterns  54:43
	did 2300 / 2347 patterns  54:43
	did 2310 / 2347 patterns  54:43
	did 2320 / 2347 patterns  54:43
	did 2330 / 2347 patterns  54:43
	did 2340 / 2347 patterns  54:43
	did 2347 / 2347 patterns  54:43