
CODONML in paml version 4.10.10, 29 Jan 2026

----------------------------------------------
Phe F TTT | Ser S TCT | Tyr Y TAT | Cys C TGT
      TTC |       TCC |       TAC |       TGC
Leu L TTA |       TCA | *** * TAA | *** * TGA
      TTG |       TCG |       TAG | Trp W TGG
----------------------------------------------
Leu L CTT | Pro P CCT | His H CAT | Arg R CGT
      CTC |       CCC |       CAC |       CGC
      CTA |       CCA | Gln Q CAA |       CGA
      CTG |       CCG |       CAG |       CGG
----------------------------------------------
Ile I ATT | Thr T ACT | Asn N AAT | Ser S AGT
      ATC |       ACC |       AAC |       AGC
      ATA |       ACA | Lys K AAA | Arg R AGA
Met M ATG |       ACG |       AAG |       AGG
----------------------------------------------
Val V GTT | Ala A GCT | Asp D GAT | Gly G GGT
      GTC |       GCC |       GAC |       GGC
      GTA |       GCA | Glu E GAA |       GGA
      GTG |       GCG |       GAG |       GGG
----------------------------------------------
Nice code, uuh?
ns = 19  	ls = 7377
Reading sequences, sequential format..
Reading seq # 1: T3_Athene_cunic       
Reading seq # 2: T3_Callor_milii       
Reading seq # 3: T3_Copsyc_seche       
Reading seq # 4: T3_Danio_rerio       
Reading seq # 5: T3_Echino_cooke       
Reading seq # 6: T3_Gallus_gallu       
Reading seq # 7: T3_Homo_sapie       
Reading seq # 8: T3_Hymeno_boett       
Reading seq # 9: T3_Latime_chalu       
Reading seq #10: T3_Mus_muscu       
Reading seq #11: T3_Nothob_furze       
Reading seq #12: T3_Pogona_vitti       
Reading seq #13: T3_Rattus_norve       
Reading seq #14: T3_Saguin_oedip       
Reading seq #15: T3_Sousa_chine       
Reading seq #16: T3_Spheno_punct       
Reading seq #17: T3_Spizel_passe       
Reading seq #18: T3_Xenopu_tropi       
Reading seq #19: T3_basal_Chilo       
Sequences read..
Counting site patterns..  0:00

Compressing,   2347 patterns at   2459 /   2459 sites (100.0%),  0:00

Collecting fpatt[] & pose[],   2347 patterns at   2459 /   2459 sites (100.0%),  0:00
2 ambiguous codons are seen in the data:
 --- NNN
Counting codons..
NG distances for seqs.:
   1   2   3   4   5   6   7   8   9  10  11  12  13  14  15  16  17  18  19

     1368 bytes for distance
  2290672 bytes for conP
    37552 bytes for fhK
  5000000 bytes for space

TREE #  1
((2, (5, 19)), (((((1, (3, 17)), 6), (12, 16)), (((7, 14), 15), (10, 13))), (8, 18)), ((4, 11), 9));   MP score: -1
   1  218.734610
   2  203.925854
   3  200.612671
   4  200.030912
   5  199.927619
   6  199.913837
   7  199.910567
   8  199.910130
   9  199.909992
 19470712 bytes for conP, adjusted

    0.345068    0.104196    0.138661    0.057739    0.109002    0.000000    0.146432    0.048871    0.052057    0.023322    0.113973    0.023543    0.035743    0.073256    0.107306    0.112542    0.218520    0.059581    0.089895    0.028939    0.047246    0.069224    0.089395    0.088473    0.112888    0.099973    0.051258    0.278229    0.154374    0.165309    0.015845    0.112541    0.333256    0.199300    0.249709    2.336776    0.845265    0.443298

ntime & nrate & np:    35     2    38

Bounds (np=38):
   0.000004   0.000004   0.000004   0.000004   0.000004   0.000004   0.000004   0.000004   0.000004   0.000004   0.000004   0.000004   0.000004   0.000004   0.000004   0.000004   0.000004   0.000004   0.000004   0.000004   0.000004   0.000004   0.000004   0.000004   0.000004   0.000004   0.000004   0.000004   0.000004   0.000004   0.000004   0.000004   0.000004   0.000004   0.000004   0.000100   0.000010   0.000001
  50.000000  50.000000  50.000000  50.000000  50.000000  50.000000  50.000000  50.000000  50.000000  50.000000  50.000000  50.000000  50.000000  50.000000  50.000000  50.000000  50.000000  50.000000  50.000000  50.000000  50.000000  50.000000  50.000000  50.000000  50.000000  50.000000  50.000000  50.000000  50.000000  50.000000  50.000000  50.000000  50.000000  50.000000  50.000000 999.000000   0.999990   1.000000
Qfactor_NS = 6.459806

np =    38
lnL0 = -70878.477784

Iterating by ming2
Initial: fx= 70878.477784
x=  0.34507  0.10420  0.13866  0.05774  0.10900  0.00000  0.14643  0.04887  0.05206  0.02332  0.11397  0.02354  0.03574  0.07326  0.10731  0.11254  0.21852  0.05958  0.08990  0.02894  0.04725  0.06922  0.08940  0.08847  0.11289  0.09997  0.05126  0.27823  0.15437  0.16531  0.01584  0.11254  0.33326  0.19930  0.24971  2.33678  0.84526  0.44330

  1 h-m-p  0.0000 0.0000 19929.2073 +YYCYYCCC 62886.874711  7 0.0000    55 | 0/38
  2 h-m-p  0.0000 0.0000 13014.6266 CYC   62808.108422  2 0.0000    99 | 0/38
  3 h-m-p  0.0000 0.0001 4609.5522 CYCCC 62737.827873  4 0.0000   147 | 0/38
  4 h-m-p  0.0000 0.0000 8101.2751 ++    62292.915448  m 0.0000   188 | 0/38
  5 h-m-p  0.0000 0.0000 16592.1902 YCCCC 62086.558058  4 0.0000   236 | 0/38
  6 h-m-p  0.0000 0.0001 6607.4198 CYCCC 61966.192984  4 0.0000   284 | 0/38
  7 h-m-p  0.0000 0.0002 3652.1828 YCCC  61792.588744  3 0.0001   330 | 0/38
  8 h-m-p  0.0001 0.0004 869.2267 CCC   61763.978155  2 0.0001   375 | 0/38
  9 h-m-p  0.0001 0.0012 797.4152 CYC   61749.713196  2 0.0001   419 | 0/38
 10 h-m-p  0.0001 0.0010 765.6186 CCCC  61731.333440  3 0.0001   466 | 0/38
 11 h-m-p  0.0002 0.0011 292.8147 YCCC  61726.985557  3 0.0001   512 | 0/38
 12 h-m-p  0.0001 0.0029 403.8625 YC    61719.821597  1 0.0002   554 | 0/38
 13 h-m-p  0.0004 0.0024 262.6764 YC    61717.179983  1 0.0002   596 | 0/38
 14 h-m-p  0.0002 0.0018 224.7498 YCC   61715.736211  2 0.0001   640 | 0/38
 15 h-m-p  0.0002 0.0049 163.4406 CC    61714.579003  1 0.0002   683 | 0/38
 16 h-m-p  0.0003 0.0021 110.4218 CC    61714.286552  1 0.0001   726 | 0/38
 17 h-m-p  0.0002 0.0036  65.8675 CC    61714.105101  1 0.0002   769 | 0/38
 18 h-m-p  0.0002 0.0170  56.3374 CC    61713.896932  1 0.0003   812 | 0/38
 19 h-m-p  0.0003 0.0198  46.3864 C     61713.734746  0 0.0003   853 | 0/38
 20 h-m-p  0.0002 0.0101  72.0204 YC    61713.653928  1 0.0001   895 | 0/38
 21 h-m-p  0.0002 0.0136  34.8317 YC    61713.597264  1 0.0002   937 | 0/38
 22 h-m-p  0.0003 0.0341  22.9878 YC    61713.491297  1 0.0005   979 | 0/38
 23 h-m-p  0.0010 0.0365  11.5038 YC    61713.396530  1 0.0006  1021 | 0/38
 24 h-m-p  0.0002 0.0206  32.9599 YC    61713.136981  1 0.0005  1063 | 0/38
 25 h-m-p  0.0004 0.0189  37.0827 YC    61712.222029  1 0.0010  1105 | 0/38
 26 h-m-p  0.0010 0.0203  37.3615 CC    61709.608109  1 0.0016  1148 | 0/38
 27 h-m-p  0.0004 0.0025 140.9436 YYC   61706.781601  2 0.0003  1191 | 0/38
 28 h-m-p  0.0003 0.0034 171.2143 CCC   61701.245386  2 0.0004  1236 | 0/38
 29 h-m-p  0.0008 0.0042  76.4735 YCCC  61675.255643  3 0.0020  1282 | 0/38
 30 h-m-p  0.0002 0.0010 443.9565 CCCCC 61651.810964  4 0.0003  1331 | 0/38
 31 h-m-p  0.0003 0.0017 321.7589 CCC   61627.357938  2 0.0005  1376 | 0/38
 32 h-m-p  0.0004 0.0021 209.0299 CCC   61621.029998  2 0.0003  1421 | 0/38
 33 h-m-p  0.0005 0.0029 131.5962 CCC   61616.619775  2 0.0006  1466 | 0/38
 34 h-m-p  0.0009 0.0069  90.7399 CC    61615.655463  1 0.0003  1509 | 0/38
 35 h-m-p  0.0005 0.0205  66.5308 YC    61614.646349  1 0.0007  1551 | 0/38
 36 h-m-p  0.0032 0.0230  15.4116 -CC   61614.612984  1 0.0003  1595 | 0/38
 37 h-m-p  0.0009 0.2774   4.6632 +YC   61614.307757  1 0.0079  1638 | 0/38
 38 h-m-p  0.0199 0.3302   1.8636 +YC   61608.814518  1 0.0511  1681 | 0/38
 39 h-m-p  0.0019 0.0247  50.6834 CCC   61592.399358  2 0.0028  1726 | 0/38
 40 h-m-p  0.0031 0.0322  46.3518 YCC   61588.890679  2 0.0024  1770 | 0/38
 41 h-m-p  1.6000 8.0000   0.0657 CYCC  61574.538469  3 2.0872  1816 | 0/38
 42 h-m-p  1.4829 8.0000   0.0925 CYC   61564.537665  2 1.6688  1898 | 0/38
 43 h-m-p  1.6000 8.0000   0.0652 CYC   61560.223413  2 1.4211  1980 | 0/38
 44 h-m-p  1.6000 8.0000   0.0155 CC    61559.587555  1 1.3251  2061 | 0/38
 45 h-m-p  1.6000 8.0000   0.0066 CC    61559.344434  1 2.2759  2142 | 0/38
 46 h-m-p  1.6000 8.0000   0.0075 CC    61559.244121  1 1.9594  2223 | 0/38
 47 h-m-p  1.6000 8.0000   0.0017 YC    61559.197085  1 2.6129  2303 | 0/38
 48 h-m-p  0.9587 8.0000   0.0047 +YC   61559.161602  1 2.4937  2384 | 0/38
 49 h-m-p  1.6000 8.0000   0.0025 C     61559.154795  0 1.5948  2463 | 0/38
 50 h-m-p  1.6000 8.0000   0.0008 C     61559.154086  0 1.6102  2542 | 0/38
 51 h-m-p  1.6000 8.0000   0.0002 C     61559.154042  0 1.5609  2621 | 0/38
 52 h-m-p  1.6000 8.0000   0.0001 C     61559.154037  0 1.5905  2700 | 0/38
 53 h-m-p  1.6000 8.0000   0.0000 C     61559.154036  0 2.4224  2779 | 0/38
 54 h-m-p  1.6000 8.0000   0.0000 Y     61559.154035  0 3.5936  2858 | 0/38
 55 h-m-p  1.6000 8.0000   0.0000 C     61559.154035  0 1.8190  2937 | 0/38
 56 h-m-p  1.6000 8.0000   0.0000 C     61559.154035  0 1.6000  3016 | 0/38
 57 h-m-p  1.6000 8.0000   0.0000 ---C  61559.154035  0 0.0063  3098
Out..
lnL  = -61559.154035
3099 lfun, 9297 eigenQcodon, 216930 P(t)
