 0.0003 19775 | 2/116
163 h-m-p  0.0002 0.0009 303.6279 YCCC  189469.373565  3 0.0004 19899 | 2/116
164 h-m-p  0.0000 0.0000 287.9942 ++    189467.378789  m 0.0000 20018 | 2/116
165 h-m-p  0.0001 0.0007 244.3021 +CCC  189462.601783  2 0.0003 20142 | 2/116
166 h-m-p  0.0001 0.0005 136.2998 +CC   189459.843934  1 0.0004 20264 | 2/116
167 h-m-p  0.0005 0.0058 124.0498 YC    189458.136441  1 0.0004 20384 | 2/116
168 h-m-p  0.0001 0.0003  82.8919 ++    189457.015021  m 0.0003 20503 | 2/116
169 h-m-p  0.0002 0.0102 118.6450 +YC   189454.830516  1 0.0006 20624 | 2/116
170 h-m-p  0.0003 0.0014 114.6558 +YC   189452.153031  1 0.0007 20745 | 2/116
171 h-m-p  0.0008 0.0048 107.8607 CC    189448.594140  1 0.0009 20866 | 2/116
172 h-m-p  0.0007 0.0125 137.4239 CCC   189445.101311  2 0.0006 20989 | 2/116
173 h-m-p  0.0002 0.0012 113.1454 +YC   189440.210332  1 0.0008 21110 | 2/116
174 h-m-p  0.0006 0.0097 143.7112 CC    189431.454481  1 0.0008 21231 | 2/116
175 h-m-p  0.0007 0.0039 164.3441 CCC   189416.654828  2 0.0009 21354 | 2/116
176 h-m-p  0.0008 0.0053 186.8123 CYC   189398.895402  2 0.0008 21476 | 2/116
177 h-m-p  0.0003 0.0016 292.7679 YC    189372.747040  1 0.0007 21596 | 2/116
178 h-m-p  0.0006 0.0032 305.7523 CCC   189347.097994  2 0.0007 21719 | 2/116
179 h-m-p  0.0001 0.0007 342.8686 +YC   189333.507697  1 0.0004 21840 | 2/116
180 h-m-p  0.0004 0.0020 276.8648 CCC   189320.203669  2 0.0006 21963 | 2/116
181 h-m-p  0.0006 0.0028 246.5490 YCC   189313.580064  2 0.0004 22085 | 2/116
182 h-m-p  0.0005 0.0025 195.7260 CC    189309.116046  1 0.0005 22206 | 2/116
183 h-m-p  0.0009 0.0178 109.4083 CC    189306.480277  1 0.0007 22327 | 2/116
184 h-m-p  0.0007 0.0035 115.9448 YC    189305.086921  1 0.0005 22447 | 2/116
185 h-m-p  0.0006 0.0144  98.5373 C     189303.962917  0 0.0006 22566 | 2/116
186 h-m-p  0.0011 0.0189  51.0523 YC    189303.449376  1 0.0007 22686 | 2/116
187 h-m-p  0.0007 0.0292  47.7975 C     189303.012237  0 0.0007 22805 | 2/116
188 h-m-p  0.0012 0.0512  28.3568 C     189302.643466  0 0.0012 22924 | 2/116
189 h-m-p  0.0012 0.0319  29.4894 CC    189302.214594  1 0.0014 23045 | 2/116
190 h-m-p  0.0017 0.0683  23.7616 CC    189301.679226  1 0.0018 23166 | 2/116
191 h-m-p  0.0014 0.0494  30.8402 CC    189300.949579  1 0.0015 23287 | 2/116
192 h-m-p  0.0019 0.0385  24.4866 CC    189299.201651  1 0.0027 23408 | 2/116
193 h-m-p  0.0010 0.0291  64.1872 +YC   189292.674234  1 0.0027 23529 | 2/116
194 h-m-p  0.0013 0.0131 136.1368 CC    189285.270413  1 0.0012 23650 | 2/116
195 h-m-p  0.0016 0.0087 100.0974 CC    189274.051936  1 0.0019 23771 | 2/116
196 h-m-p  0.0012 0.0062 161.1433 CCC   189259.945741  2 0.0014 23894 | 2/116
197 h-m-p  0.0017 0.0198 136.3691 CC    189247.605731  1 0.0017 24015 | 2/116
198 h-m-p  0.0018 0.0101 125.0264 YCC   189239.732902  2 0.0015 24137 | 2/116
199 h-m-p  0.0015 0.0177 120.9357 CC    189234.111896  1 0.0014 24258 | 2/116
200 h-m-p  0.0023 0.0245  73.5008 YC    189231.938270  1 0.0013 24378 | 2/116
201 h-m-p  0.0021 0.0363  46.5756 YC    189230.957715  1 0.0014 24498 | 2/116
202 h-m-p  0.0019 0.0274  34.9969 YC    189230.422173  1 0.0014 24618 | 2/116
203 h-m-p  0.0023 0.0787  21.7546 YC    189230.182315  1 0.0014 24738 | 2/116
204 h-m-p  0.0023 0.1190  13.3754 CC    189229.993603  1 0.0021 24859 | 2/116
205 h-m-p  0.0024 0.0538  11.3517 C     189229.778021  0 0.0024 24978 | 2/116
206 h-m-p  0.0020 0.1368  13.2722 YC    189229.269070  1 0.0033 25098 | 2/116
207 h-m-p  0.0022 0.0738  19.5068 CC    189228.033051  1 0.0034 25219 | 2/116
208 h-m-p  0.0019 0.0335  35.0735 YC    189223.664932  1 0.0043 25339 | 2/116
209 h-m-p  0.0024 0.0347  61.6204 YCC   189214.262418  2 0.0041 25461 | 2/116
210 h-m-p  0.0024 0.0226 106.9289 CCC   189206.488786  2 0.0020 25584 | 2/116
211 h-m-p  0.0022 0.0275  96.0511 CC    189200.675104  1 0.0018 25705 | 2/116
212 h-m-p  0.0028 0.0422  63.3855 YCC   189197.645766  2 0.0020 25827 | 2/116
213 h-m-p  0.0025 0.0487  51.0751 YC    189196.491448  1 0.0014 25947 | 2/116
214 h-m-p  0.0019 0.0386  37.4345 CC    189195.834837  1 0.0016 26068 | 2/116
215 h-m-p  0.0023 0.0821  25.8067 C     189195.381938  0 0.0023 26187 | 2/116
216 h-m-p  0.0031 0.1041  19.4363 YC    189195.218160  1 0.0015 26307 | 2/116
217 h-m-p  0.0021 0.1332  14.2969 CC    189195.077011  1 0.0023 26428 | 2/116
218 h-m-p  0.0028 0.1211  11.7083 YC    189194.991665  1 0.0021 26548 | 2/116
219 h-m-p  0.0066 0.3416   3.6396 YC    189194.937008  1 0.0041 26668 | 2/116
220 h-m-p  0.0025 0.2113   5.8435 YC    189194.802806  1 0.0042 26788 | 2/116
221 h-m-p  0.0022 0.1834  10.9878 YC    189194.420771  1 0.0043 26908 | 2/116
222 h-m-p  0.0043 0.1538  10.9026 +YC   189192.609993  1 0.0113 27029 | 2/116
223 h-m-p  0.0035 0.0431  35.4238 C     189190.624725  0 0.0034 27148 | 2/116
224 h-m-p  0.0031 0.0506  38.7297 CC    189188.968327  1 0.0030 27269 | 2/116
225 h-m-p  0.0076 0.0629  15.0557 C     189188.783281  0 0.0018 27388 | 2/116
226 h-m-p  0.0045 0.3023   6.0273 YC    189188.726141  1 0.0031 27508 | 2/116
227 h-m-p  0.0047 0.1893   3.9472 CC    189188.708733  1 0.0019 27629 | 2/116
228 h-m-p  0.0069 3.4330   1.3525 +CC   189188.496325  1 0.0351 27751 | 2/116
229 h-m-p  0.0128 0.4783   3.7172 CC    189187.994363  1 0.0141 27872 | 2/116
230 h-m-p  0.0030 0.1158  17.7085 CC    189187.161313  1 0.0042 27993 | 2/116
231 h-m-p  0.0067 0.2729  11.1325 YC    189186.233449  1 0.0118 28113 | 2/116
232 h-m-p  0.0205 0.4930   6.3990 C     189186.122827  0 0.0059 28232 | 2/116
233 h-m-p  0.9086 8.0000   0.0415 YC    189184.913053  1 2.0969 28352 | 2/116
234 h-m-p  1.6000 8.0000   0.0272 CC    189184.182223  1 2.5613 28587 | 2/116
235 h-m-p  1.6000 8.0000   0.0298 CC    189183.776916  1 2.4891 28822 | 2/116
236 h-m-p  1.6000 8.0000   0.0184 +YC   189183.233731  1 4.0590 29057 | 2/116
237 h-m-p  1.6000 8.0000   0.0223 YC    189182.482613  1 3.9915 29291 | 2/116
238 h-m-p  1.6000 8.0000   0.0401 YC    189181.850685  1 2.7517 29525 | 2/116
239 h-m-p  1.6000 8.0000   0.0382 CC    189181.550826  1 2.0383 29760 | 2/116
240 h-m-p  1.6000 8.0000   0.0234 CC    189181.446897  1 1.8588 29995 | 2/116
241 h-m-p  1.6000 8.0000   0.0116 CC    189181.402012  1 2.1121 30230 | 2/116
242 h-m-p  1.6000 8.0000   0.0079 YC    189181.369194  1 2.9798 30464 | 2/116
243 h-m-p  1.6000 8.0000   0.0121 C     189181.354184  0 2.0164 30697 | 2/116
244 h-m-p  1.6000 8.0000   0.0090 C     189181.349674  0 1.9607 30930 | 2/116
245 h-m-p  1.6000 8.0000   0.0052 C     189181.348581  0 1.8876 31163 | 2/116
246 h-m-p  1.6000 8.0000   0.0049 C     189181.348318  0 1.7740 31396 | 2/116
247 h-m-p  1.6000 8.0000   0.0049 C     189181.348242  0 2.2677 31629 | 2/116
248 h-m-p  1.6000 8.0000   0.0062 Y     189181.348180  0 3.5414 31862 | 2/116
249 h-m-p  1.6000 8.0000   0.0134 ++    189181.347981  m 8.0000 32095 | 2/116
250 h-m-p  1.6000 8.0000   0.0546 ++    189181.346960  m 8.0000 32328 | 2/116
251 h-m-p  1.2769 8.0000   0.3420 +Y    189181.343617  0 5.8791 32562 | 2/116
252 h-m-p  1.6000 8.0000   0.6116 +Y    189181.337184  0 5.2141 32796 | 2/116
253 h-m-p  1.6000 8.0000   1.4923 +C    189181.324759  0 5.6172 33030 | 2/116
254 h-m-p  1.6000 8.0000   4.0107 YC    189181.309678  1 3.3067 33150 | 2/116
255 h-m-p  1.6000 8.0000   5.5339 YC    189181.298355  1 3.2677 33270 | 2/116
256 h-m-p  1.6000 8.0000   7.9738 Y     189181.290088  0 3.1508 33389 | 2/116
257 h-m-p  1.6000 8.0000  10.9209 Y     189181.284451  0 3.1753 33508 | 2/116
258 h-m-p  1.6000 8.0000  11.9985 Y     189181.281430  0 2.7954 33627 | 2/116
259 h-m-p  1.6000 8.0000  13.4268 Y     189181.278864  0 3.4933 33746 | 2/116
260 h-m-p  1.4828 8.0000  31.6318 Y     189181.276813  0 2.8417 33865 | 2/116
261 h-m-p  1.6000 8.0000  12.8646 C     189181.275518  0 1.8381 33984 | 2/116
262 h-m-p  0.8027 8.0000  29.4576 +C    189181.274236  0 3.8500 34104 | 2/116
263 h-m-p  1.6000 8.0000  48.3843 Y     189181.273317  0 2.8295 34223 | 2/116
264 h-m-p  1.2647 6.3235  67.7490 Y     189181.272760  0 2.9407 34342 | 2/116
265 h-m-p  1.6000 8.0000  34.9529 C     189181.272402  0 1.4908 34461 | 2/116
266 h-m-p  1.1160 6.0244  46.6913 +Y    189181.271957  0 5.0855 34581 | 2/116
267 h-m-p  1.6000 8.0000  17.5794 Y     189181.271856  0 1.2538 34700 | 2/116
268 h-m-p  0.1567 6.6288 140.6176 ---------------..  | 2/116
269 h-m-p  0.0000 0.0117   1.5991 -------- | 2/116
270 h-m-p  0.0002 0.0794   1.3513 -----C 189181.271856  0 0.0000 35195 | 2/116
271 h-m-p  0.0001 0.0424   1.7329 ---------..  | 2/116
272 h-m-p  0.0002 0.0794   1.2198 ----C 189181.271856  0 0.0000 35672 | 2/116
273 h-m-p  0.0001 0.0365   1.9562 ---------..  | 2/116
274 h-m-p  0.0002 0.0795   0.9217 ----------
Out..
lnL  = -189181.271856
36154 lfun, 180770 eigenQcodon, 16052376 P(t)

BEBing (dim = 4).  This may take many minutes.
Trying to get 0.6M memory in lfunNSsites_ACD

Calculating f(x_h|w) for 121 w's

	   10 / 121 sets.  w for branches:  0.9500 0.9500 lnfX = -324211.5259
	   20 / 121 sets.  w for branches:  0.0500 9.5000 lnfX = -190963.5231
	   30 / 121 sets.  w for branches:  0.1500 9.5000 lnfX = -204839.3299
	   40 / 121 sets.  w for branches:  0.2500 9.5000 lnfX = -223402.4790
	   50 / 121 sets.  w for branches:  0.3500 9.5000 lnfX = -241625.1088
	   60 / 121 sets.  w for branches:  0.4500 9.5000 lnfX = -258617.1219
	   70 / 121 sets.  w for branches:  0.5500 9.5000 lnfX = -274210.8267
	   80 / 121 sets.  w for branches:  0.6500 9.5000 lnfX = -288452.0236
	   90 / 121 sets.  w for branches:  0.7500 9.5000 lnfX = -301451.3447
	  100 / 121 sets.  w for branches:  0.8500 9.5000 lnfX = -313331.9245
	  110 / 121 sets.  w for branches:  0.9500 9.5000 lnfX = -324212.1072
	  120 / 121 sets.  w for branches:  1.0000 9.5000 lnfX = -329311.3002
	  121 / 121 sets.  w for branches:  1.0000 10.5000 lnfX = -329311.3632
Time: 8:35:09
Calculating the marginal likelihood f(X).
	1000 / 10000 grid points, 8:35:09
	2000 / 10000 grid points, 8:35:09
	3000 / 10000 grid points, 8:35:09
	4000 / 10000 grid points, 8:35:09
	5000 / 10000 grid points, 8:35:09
	6000 / 10000 grid points, 8:35:09
	7000 / 10000 grid points, 8:35:09
	8000 / 10000 grid points, 8:35:09
	9000 / 10000 grid points, 8:35:09
	10000 / 10000 grid points, 8:35:09
	log(fX) = -190067.224651  S = -186676.044578 -3393.535101
Calculating f(w_k|X), posterior for site classes for each site.  Slow!

	did  10 / 2442 site patterns  8:35:09
	did  20 / 2442 site patterns  8:35:09
	did  30 / 2442 site patterns  8:35:09
	did  40 / 2442 site patterns  8:35:09
	did  50 / 2442 site patterns  8:35:09
	did  60 / 2442 site patterns  8:35:09
	did  70 / 2442 site patterns  8:35:09
	did  80 / 2442 site patterns  8:35:09
	did  90 / 2442 site patterns  8:35:09
	did 100 / 2442 site patterns  8:35:09
	did 110 / 2442 site patterns  8:35:09
	did 120 / 2442 site patterns  8:35:09
	did 130 / 2442 site patterns  8:35:09
	did 140 / 2442 site patterns  8:35:09
	did 150 / 2442 site patterns  8:35:09
	did 160 / 2442 site patterns  8:35:09
	did 170 / 2442 site patterns  8:35:09
	did 180 / 2442 site patterns  8:35:09
	did 190 / 2442 site patterns  8:35:09
	did 200 / 2442 site patterns  8:35:09
	did 210 / 2442 site patterns  8:35:09
	did 220 / 2442 site patterns  8:35:09
	did 230 / 2442 site patterns  8:35:09
	did 240 / 2442 site patterns  8:35:09
	did 250 / 2442 site patterns  8:35:09
	did 260 / 2442 site patterns  8:35:09
	did 270 / 2442 site patterns  8:35:09
	did 280 / 2442 site patterns  8:35:09
	did 290 / 2442 site patterns  8:35:09
	did 300 / 2442 site patterns  8:35:09
	did 310 / 2442 site patterns  8:35:09
	did 320 / 2442 site patterns  8:35:09
	did 330 / 2442 site patterns  8:35:09
	did 340 / 2442 site patterns  8:35:09
	did 350 / 2442 site patterns  8:35:09
	did 360 / 2442 site patterns  8:35:09
	did 370 / 2442 site patterns  8:35:09
	did 380 / 2442 site patterns  8:35:09
	did 390 / 2442 site patterns  8:35:09
	did 400 / 2442 site patterns  8:35:09
	did 410 / 2442 site patterns  8:35:09
	did 420 / 2442 site patterns  8:35:09
	did 430 / 2442 site patterns  8:35:09
	did 440 / 2442 site patterns  8:35:09
	did 450 / 2442 site patterns  8:35:09
	did 460 / 2442 site patterns  8:35:09
	did 470 / 2442 site patterns  8:35:09
	did 480 / 2442 site patterns  8:35:09
	did 490 / 2442 site patterns  8:35:09
	did 500 / 2442 site patterns  8:35:09
	did 510 / 2442 site patterns  8:35:09
	did 520 / 2442 site patterns  8:35:09
	did 530 / 2442 site patterns  8:35:09
	did 540 / 2442 site patterns  8:35:09
	did 550 / 2442 site patterns  8:35:09
	did 560 / 2442 site patterns  8:35:09
	did 570 / 2442 site patterns  8:35:09
	did 580 / 2442 site patterns  8:35:09
	did 590 / 2442 site patterns  8:35:09
	did 600 / 2442 site patterns  8:35:09
	did 610 / 2442 site patterns  8:35:09
	did 620 / 2442 site patterns  8:35:09
	did 630 / 2442 site patterns  8:35:09
	did 640 / 2442 site patterns  8:35:09
	did 650 / 2442 site patterns  8:35:09
	did 660 / 2442 site patterns  8:35:09
	did 670 / 2442 site patterns  8:35:09
	did 680 / 2442 site patterns  8:35:09
	did 690 / 2442 site patterns  8:35:09
	did 700 / 2442 site patterns  8:35:09
	did 710 / 2442 site patterns  8:35:09
	did 720 / 2442 site patterns  8:35:09
	did 730 / 2442 site patterns  8:35:09
	did 740 / 2442 site patterns  8:35:09
	did 750 / 2442 site patterns  8:35:09
	did 760 / 2442 site patterns  8:35:09
	did 770 / 2442 site patterns  8:35:09
	did 780 / 2442 site patterns  8:35:09
	did 790 / 2442 site patterns  8:35:09
	did 800 / 2442 site patterns  8:35:09
	did 810 / 2442 site patterns  8:35:09
	did 820 / 2442 site patterns  8:35:09
	did 830 / 2442 site patterns  8:35:09
	did 840 / 2442 site patterns  8:35:09
	did 850 / 2442 site patterns  8:35:09
	did 860 / 2442 site patterns  8:35:09
	did 870 / 2442 site patterns  8:35:09
	did 880 / 2442 site patterns  8:35:09
	did 890 / 2442 site patterns  8:35:09
	did 900 / 2442 site patterns  8:35:09
	did 910 / 2442 site patterns  8:35:09
	did 920 / 2442 site patterns  8:35:09
	did 930 / 2442 site patterns  8:35:09
	did 940 / 2442 site patterns  8:35:09
	did 950 / 2442 site patterns  8:35:09
	did 960 / 2442 site patterns  8:35:09
	did 970 / 2442 site patterns  8:35:09
	did 980 / 2442 site patterns  8:35:09
	did 990 / 2442 site patterns  8:35:09
	did 1000 / 2442 site patterns  8:35:09
	did 1010 / 2442 site patterns  8:35:09
	did 1020 / 2442 site patterns  8:35:09
	did 1030 / 2442 site patterns  8:35:09
	did 1040 / 2442 site patterns  8:35:09
	did 1050 / 2442 site patterns  8:35:09
	did 1060 / 2442 site patterns  8:35:09
	did 1070 / 2442 site patterns  8:35:09
	did 1080 / 2442 site patterns  8:35:09
	did 1090 / 2442 site patterns  8:35:09
	did 1100 / 2442 site patterns  8:35:09
	did 1110 / 2442 site patterns  8:35:09
	did 1120 / 2442 site patterns  8:35:09
	did 1130 / 2442 site patterns  8:35:09
	did 1140 / 2442 site patterns  8:35:09
	did 1150 / 2442 site patterns  8:35:09
	did 1160 / 2442 site patterns  8:35:09
	did 1170 / 2442 site patterns  8:35:09
	did 1180 / 2442 site patterns  8:35:09
	did 1190 / 2442 site patterns  8:35:09
	did 1200 / 2442 site patterns  8:35:09
	did 1210 / 2442 site patterns  8:35:09
	did 1220 / 2442 site patterns  8:35:09
	did 1230 / 2442 site patterns  8:35:09
	did 1240 / 2442 site patterns  8:35:09
	did 1250 / 2442 site patterns  8:35:09
	did 1260 / 2442 site patterns  8:35:09
	did 1270 / 2442 site patterns  8:35:09
	did 1280 / 2442 site patterns  8:35:09
	did 1290 / 2442 site patterns  8:35:09
	did 1300 / 2442 site patterns  8:35:09
	did 1310 / 2442 site patterns  8:35:09
	did 1320 / 2442 site patterns  8:35:09
	did 1330 / 2442 site patterns  8:35:09
	did 1340 / 2442 site patterns  8:35:09
	did 1350 / 2442 site patterns  8:35:09
	did 1360 / 2442 site patterns  8:35:09
	did 1370 / 2442 site patterns  8:35:09
	did 1380 / 2442 site patterns  8:35:09
	did 1390 / 2442 site patterns  8:35:09
	did 1400 / 2442 site patterns  8:35:09
	did 1410 / 2442 site patterns  8:35:09
	did 1420 / 2442 site patterns  8:35:09
	did 1430 / 2442 site patterns  8:35:09
	did 1440 / 2442 site patterns  8:35:09
	did 1450 / 2442 site patterns  8:35:09
	did 1460 / 2442 site patterns  8:35:09
	did 1470 / 2442 site patterns  8:35:09
	did 1480 / 2442 site patterns  8:35:09
	did 1490 / 2442 site patterns  8:35:09
	did 1500 / 2442 site patterns  8:35:09
	did 1510 / 2442 site patterns  8:35:09
	did 1520 / 2442 site patterns  8:35:09
	did 1530 / 2442 site patterns  8:35:09
	did 1540 / 2442 site patterns  8:35:09
	did 1550 / 2442 site patterns  8:35:09
	did 1560 / 2442 site patterns  8:35:09
	did 1570 / 2442 site patterns  8:35:09
	did 1580 / 2442 site patterns  8:35:09
	did 1590 / 2442 site patterns  8:35:09
	did 1600 / 2442 site patterns  8:35:09
	did 1610 / 2442 site patterns  8:35:09
	did 1620 / 2442 site patterns  8:35:09
	did 1630 / 2442 site patterns  8:35:09
	did 1640 / 2442 site patterns  8:35:09
	did 1650 / 2442 site patterns  8:35:09
	did 1660 / 2442 site patterns  8:35:09
	did 1670 / 2442 site patterns  8:35:09
	did 1680 / 2442 site patterns  8:35:09
	did 1690 / 2442 site patterns  8:35:09
	did 1700 / 2442 site patterns  8:35:09
	did 1710 / 2442 site patterns  8:35:09
	did 1720 / 2442 site patterns  8:35:09
	did 1730 / 2442 site patterns  8:35:09
	did 1740 / 2442 site patterns  8:35:09
	did 1750 / 2442 site patterns  8:35:09
	did 1760 / 2442 site patterns  8:35:09
	did 1770 / 2442 site patterns  8:35:09
	did 1780 / 2442 site patterns  8:35:09
	did 1790 / 2442 site patterns  8:35:09
	did 1800 / 2442 site patterns  8:35:09
	did 1810 / 2442 site patterns  8:35:09
	did 1820 / 2442 site patterns  8:35:09
	did 1830 / 2442 site patterns  8:35:09
	did 1840 / 2442 site patterns  8:35:09
	did 1850 / 2442 site patterns  8:35:09
	did 1860 / 2442 site patterns  8:35:09
	did 1870 / 2442 site patterns  8:35:09
	did 1880 / 2442 site patterns  8:35:09
	did 1890 / 2442 site patterns  8:35:09
	did 1900 / 2442 site patterns  8:35:09
	did 1910 / 2442 site patterns  8:35:09
	did 1920 / 2442 site patterns  8:35:09
	did 1930 / 2442 site patterns  8:35:09
	did 1940 / 2442 site patterns  8:35:09
	did 1950 / 2442 site patterns  8:35:09
	did 1960 / 2442 site patterns  8:35:09
	did 1970 / 2442 site patterns  8:35:09
	did 1980 / 2442 site patterns  8:35:09
	did 1990 / 2442 site patterns  8:35:09
	did 2000 / 2442 site patterns  8:35:09
	did 2010 / 2442 site patterns  8:35:09
	did 2020 / 2442 site patterns  8:35:09
	did 2030 / 2442 site patterns  8:35:09
	did 2040 / 2442 site patterns  8:35:09
	did 2050 / 2442 site patterns  8:35:09
	did 2060 / 2442 site patterns  8:35:09
	did 2070 / 2442 site patterns  8:35:09
	did 2080 / 2442 site patterns  8:35:09
	did 2090 / 2442 site patterns  8:35:09
	did 2100 / 2442 site patterns  8:35:09
	did 2110 / 2442 site patterns  8:35:09
	did 2120 / 2442 site patterns  8:35:09
	did 2130 / 2442 site patterns  8:35:09
	did 2140 / 2442 site patterns  8:35:09
	did 2150 / 2442 site patterns  8:35:09
	did 2160 / 2442 site patterns  8:35:09
	did 2170 / 2442 site patterns  8:35:09
	did 2180 / 2442 site patterns  8:35:09
	did 2190 / 2442 site patterns  8:35:09
	did 2200 / 2442 site patterns  8:35:09
	did 2210 / 2442 site patterns  8:35:09
	did 2220 / 2442 site patterns  8:35:09
	did 2230 / 2442 site patterns  8:35:09
	did 2240 / 2442 site patterns  8:35:09
	did 2250 / 2442 site patterns  8:35:09
	did 2260 / 2442 site patterns  8:35:09
	did 2270 / 2442 site patterns  8:35:09
	did 2280 / 2442 site patterns  8:35:09
	did 2290 / 2442 site patterns  8:35:09
	did 2300 / 2442 site patterns  8:35:09
	did 2310 / 2442 site patterns  8:35:09
	did 2320 / 2442 site patterns  8:35:09
	did 2330 / 2442 site patterns  8:35:09
	did 2340 / 2442 site patterns  8:35:09
	did 2350 / 2442 site patterns  8:35:09
	did 2360 / 2442 site patterns  8:35:09
	did 2370 / 2442 site patterns  8:35:09
	did 2380 / 2442 site patterns  8:35:09
	did 2390 / 2442 site patterns  8:35:09
	did 2400 / 2442 site patterns  8:35:09
	did 2410 / 2442 site patterns  8:35:09
	did 2420 / 2442 site patterns  8:35:09
	did 2430 / 2442 site patterns  8:35:09
	did 2440 / 2442 site patterns  8:35:09
	did 2442 / 2442 site patterns  8:35:09