3

ntime & nrate & np:   111     2   115
branch=0  freq=0.750669 w0 = 0.250824
branch=0  freq=0.249331 w1 = 1.000000
			Qfactor for branch 0 = 7.726784
branch=1  freq=0.601907 w0 = 0.250824
branch=1  freq=0.199920 w1 = 1.000000
branch=1  freq=0.198173 w2 = 1.000000
			Qfactor for branch 1 = 6.734490
w[0] = 0.250824
w[1] = 1.000000
w[2] = 1.000000

np =   115
lnL0 = -253137.451750

Iterating by ming2
Initial: fx= 253137.451750
x=  0.02500  0.04683  0.01866  0.01390  0.05148  0.07616  0.03973  0.05852  0.01790  0.01361  0.07803  0.08142  0.02748  0.08750  0.05343  0.03436  0.04433  0.02785  0.01108  0.01413  0.09253  0.02585  0.08917  0.04330  0.06578  0.01051  0.06525  0.10166  0.10208  0.05328  0.02306  0.05679  0.05330  0.08665  0.05721  0.01717  0.05424  0.09763  0.10781  0.10631  0.07088  0.03211  0.09225  0.03126  0.08252  0.02096  0.07640  0.09407  0.02756  0.01391  0.10231  0.06950  0.01740  0.08195  0.06459  0.04752  0.09841  0.02449  0.10285  0.01390  0.01653  0.09188  0.05209  0.01759  0.01411  0.10957  0.06846  0.04796  0.06384  0.06449  0.02252  0.02069  0.01937  0.08990  0.02712  0.04553  0.03727  0.05948  0.04216  0.02443  0.10010  0.07661  0.07337  0.10350  0.04526  0.01986  0.05737  0.07715  0.07926  0.08048  0.10009  0.01807  0.03211  0.10301  0.01082  0.08112  0.08157  0.01479  0.04910  0.10496  0.05191  0.10543  0.07647  0.10955  0.06684  0.09205  0.08052  0.06320  0.01138  0.08135  0.01323  2.15877  1.11096  0.00878  0.25082

  1 h-m-p  0.0000 0.0000 151147.1563 +CYYCYCCCC 212972.016597  8 0.0000   134 | 0/115
  2 h-m-p  0.0000 0.0000 63381.5684 CYYYCC 211781.383028  5 0.0000   259 | 0/115
  3 h-m-p  0.0000 0.0000 25502.9331 ++    206929.000488  m 0.0000   377 | 0/115
  4 h-m-p  0.0000 0.0000 1426952.0642 ++    205649.785078  m 0.0000   495 | 1/115
  5 h-m-p  0.0000 0.0000 706378.0385 ++    205154.592635  m 0.0000   613 | 1/115
  6 h-m-p  0.0000 0.0000 1059023.9888 ++    203652.942230  m 0.0000   731 | 2/115
  7 h-m-p  0.0000 0.0000 6760.2022 ++    202323.592592  m 0.0000   849 | 2/115
  8 h-m-p  0.0000 0.0000 17611.3528 YCC   201669.315409  2 0.0000   970 | 2/115
  9 h-m-p  0.0000 0.0002 5725.5339 CYCC  201357.800613  3 0.0000  1093 | 2/115
 10 h-m-p  0.0000 0.0001 3873.3395 YCCCC 201118.140656  4 0.0001  1218 | 2/115
 11 h-m-p  0.0000 0.0002 2536.4687 YCCC  201066.642805  3 0.0000  1341 | 2/115
 12 h-m-p  0.0000 0.0001 2805.4650 YCYC  201013.337584  3 0.0000  1463 | 2/115
 13 h-m-p  0.0000 0.0002 1392.6309 CCCC  200981.830917  3 0.0001  1587 | 2/115
 14 h-m-p  0.0001 0.0005 1373.1239 CCC   200959.035302  2 0.0000  1709 | 2/115
 15 h-m-p  0.0001 0.0005 807.8388 YYC   200942.646872  2 0.0001  1829 | 2/115
 16 h-m-p  0.0001 0.0006 829.6272 CC    200924.743650  1 0.0001  1949 | 2/115
 17 h-m-p  0.0001 0.0006 593.2407 CCC   200906.839344  2 0.0001  2071 | 2/115
 18 h-m-p  0.0001 0.0003 552.6325 YCCC  200875.990552  3 0.0001  2194 | 2/115
 19 h-m-p  0.0001 0.0009 637.8907 YC    200772.981570  1 0.0002  2313 | 2/115
 20 h-m-p  0.0001 0.0004 1326.9735 YCCC  200487.592294  3 0.0001  2436 | 2/115
 21 h-m-p  0.0000 0.0002 1888.6722 YCCCC 200162.243247  4 0.0001  2561 | 2/115
 22 h-m-p  0.0000 0.0001 1783.6891 +YCYCC 199955.605110  4 0.0001  2686 | 2/115
 23 h-m-p  0.0000 0.0002 2090.1345 CCC   199880.764400  2 0.0000  2808 | 2/115
 24 h-m-p  0.0001 0.0004 1069.4106 CYC   199845.771581  2 0.0001  2929 | 2/115
 25 h-m-p  0.0001 0.0005 529.2651 YCC   199837.345555  2 0.0001  3050 | 2/115
 26 h-m-p  0.0001 0.0016 357.4097 YC    199833.844270  1 0.0001  3169 | 2/115
 27 h-m-p  0.0001 0.0014 221.3326 YC    199831.645375  1 0.0001  3288 | 2/115
 28 h-m-p  0.0001 0.0027 176.3669 CC    199829.029525  1 0.0001  3408 | 2/115
 29 h-m-p  0.0001 0.0025 187.4688 CC    199824.296053  1 0.0002  3528 | 2/115
 30 h-m-p  0.0001 0.0015 273.1680 YC    199806.018578  1 0.0002  3647 | 2/115
 31 h-m-p  0.0001 0.0007 693.2082 YCCC  199754.734187  3 0.0002  3770 | 2/115
 32 h-m-p  0.0001 0.0004 1571.8024 +YCCC 199580.674629  3 0.0002  3894 | 2/115
 33 h-m-p  0.0001 0.0004 4955.4135 +YYC  198944.408713  2 0.0002  4015 | 2/115
 34 h-m-p  0.0000 0.0002 13826.8567 +YCCC 198157.980500  3 0.0001  4139 | 2/115
 35 h-m-p  0.0000 0.0001 16586.9000 ++    197004.595621  m 0.0001  4257 | 2/115
 36 h-m-p  0.0000 0.0001 23955.6704 +YYCCC 196659.765617  4 0.0000  4382 | 2/115
 37 h-m-p  0.0000 0.0001 15233.6028 +YCCC 196241.611923  3 0.0001  4506 | 2/115
 38 h-m-p  0.0000 0.0001 11401.5973 +CCC  195840.263203  2 0.0001  4629 | 2/115
 39 h-m-p  0.0000 0.0000 5439.4952 ++    195711.553354  m 0.0000  4747 | 2/115
 40 h-m-p  0.0000 0.0000 2365.7733 
h-m-p:      1.31069105e-21      6.55345527e-21      2.36577331e+03 195711.553354
..  | 2/115
 41 h-m-p  0.0000 0.0000 128168.0666 CYYYCCC 195688.258053  6 0.0000  4989 | 2/115
 42 h-m-p  0.0000 0.0000 15360.0336 YYCC  195583.351784  3 0.0000  5111 | 2/115
 43 h-m-p  0.0000 0.0001 12674.1284 +YCYC 193495.866902  3 0.0000  5234 | 2/115
 44 h-m-p  0.0000 0.0000 16537.2585 ++    192203.683527  m 0.0000  5352 | 2/115
 45 h-m-p  0.0000 0.0000 18367.0370 +CYCYC 191963.844972  4 0.0000  5477 | 2/115
 46 h-m-p  0.0000 0.0000 5063.4271 +CYYYC 191891.973147  4 0.0000  5601 | 2/115
 47 h-m-p  0.0000 0.0000 68701.9301 +YCCC 191633.282235  3 0.0000  5725 | 2/115
 48 h-m-p  0.0000 0.0001 3918.9026 +YYCCC 191305.998596  4 0.0001  5850 | 2/115
 49 h-m-p  0.0000 0.0001 6057.8072 YCC   191188.573098  2 0.0000  5971 | 2/115
 50 h-m-p  0.0000 0.0001 3452.8777 +CC   190971.626228  1 0.0001  6092 | 2/115
 51 h-m-p  0.0000 0.0001 2619.5899 +YCCC 190882.096496  3 0.0001  6216 | 2/115
 52 h-m-p  0.0000 0.0001 2359.0942 YCCCC 190832.941201  4 0.0000  6341 | 2/115
 53 h-m-p  0.0000 0.0002 1771.5939 CYC   190803.841785  2 0.0001  6462 | 2/115
 54 h-m-p  0.0000 0.0002 1446.7671 YCCC  190772.800607  3 0.0001  6585 | 2/115
 55 h-m-p  0.0001 0.0003 880.2902 CC    190759.338576  1 0.0001  6705 | 2/115
 56 h-m-p  0.0001 0.0004 1106.1360 CCC   190744.016688  2 0.0001  6827 | 2/115
 57 h-m-p  0.0001 0.0005 998.7238 YC    190734.481352  1 0.0001  6946 | 2/115
 58 h-m-p  0.0001 0.0004 506.7333 YC    190726.508953  1 0.0001  7065 | 2/115
 59 h-m-p  0.0002 0.0031 365.0633 YC    190721.990973  1 0.0002  7184 | 2/115
 60 h-m-p  0.0001 0.0016 434.0156 CCC   190717.878302  2 0.0001  7306 | 2/115
 61 h-m-p  0.0001 0.0003 441.7324 YC    190714.589247  1 0.0001  7425 | 2/115
 62 h-m-p  0.0002 0.0018 337.0448 CC    190711.287385  1 0.0002  7545 | 2/115
 63 h-m-p  0.0002 0.0016 392.0682 YC    190709.342070  1 0.0001  7664 | 2/115
 64 h-m-p  0.0002 0.0015 257.4262 CC    190707.544972  1 0.0002  7784 | 2/115
 65 h-m-p  0.0002 0.0064 178.8653 YC    190706.434636  1 0.0002  7903 | 2/115
 66 h-m-p  0.0002 0.0029 171.8911 CC    190705.516966  1 0.0001  8023 | 2/115
 67 h-m-p  0.0001 0.0011 208.5573 CC    190704.535028  1 0.0001  8143 | 2/115
 68 h-m-p  0.0002 0.0048 183.3906 CC    190703.319145  1 0.0002  8263 | 2/115
 69 h-m-p  0.0002 0.0040 171.8049 CC    190701.731578  1 0.0002  8383 | 2/115
 70 h-m-p  0.0002 0.0069 191.2478 CC    190699.231456  1 0.0003  8503 | 2/115
 71 h-m-p  0.0002 0.0029 287.4525 CC    190696.925198  1 0.0002  8623 | 2/115
 72 h-m-p  0.0002 0.0033 324.8766 CC    190693.349731  1 0.0002  8743 | 2/115
 73 h-m-p  0.0003 0.0030 274.4338 YC    190690.451508  1 0.0002  8862 | 2/115
 74 h-m-p  0.0002 0.0032 260.0356 CC    190685.997687  1 0.0003  8982 | 2/115
 75 h-m-p  0.0002 0.0009 349.2689 CC    190680.768750  1 0.0002  9102 | 2/115
 76 h-m-p  0.0002 0.0025 310.2730 C     190674.528071  0 0.0002  9220 | 2/115
 77 h-m-p  0.0002 0.0012 380.2977 CC    190666.681947  1 0.0002  9340 | 2/115
 78 h-m-p  0.0002 0.0010 299.9726 YCCC  190648.511562  3 0.0004  9463 | 2/115
 79 h-m-p  0.0003 0.0016 388.0240 CYC   190626.008843  2 0.0003  9584 | 2/115
 80 h-m-p  0.0001 0.0003 488.7730 +CCC  190596.001600  2 0.0003  9707 | 2/115
 81 h-m-p  0.0001 0.0003 762.5624 +YCCC 190561.507559  3 0.0002  9831 | 2/115
 82 h-m-p  0.0001 0.0004 578.7155 +YC   190513.055446  1 0.0003  9951 | 2/115
 83 h-m-p  0.0001 0.0007 670.5541 CCCC  190474.253048  3 0.0002 10075 | 2/115
 84 h-m-p  0.0000 0.0002 890.3538 +YC   190444.639500  1 0.0001 10195 | 2/115
 85 h-m-p  0.0001 0.0006 453.5984 CCCC  190430.956907  3 0.0002 10319 | 2/115
 86 h-m-p  0.0000 0.0002 354.3771 ++    190420.360579  m 0.0002 10437 | 2/115
 87 h-m-p  0.0002 0.0015 322.1842 CCC   190410.911666  2 0.0003 10559 | 2/115
 88 h-m-p  0.0001 0.0004 376.5051 +YC   190404.446852  1 0.0002 10679 | 2/115
 89 h-m-p  0.0001 0.0003 332.1087 +YC   190396.498833  1 0.0003 10799 | 2/115
 90 h-m-p  0.0003 0.0013 368.9130 CC    190385.745293  1 0.0003 10919 | 2/115
 91 h-m-p  0.0000 0.0002 370.2509 ++    190378.910706  m 0.0002 11037 | 2/115
 92 h-m-p  0.0002 0.0031 364.8831 YC    190366.115129  1 0.0004 11156 | 2/115
 93 h-m-p  0.0004 0.0027 298.2934 CYC   190351.336933  2 0.0004 11277 | 2/115
 94 h-m-p  0.0001 0.0003 429.1960 +YC   190335.701662  1 0.0002 11397 | 2/115
 95 h-m-p  0.0002 0.0011 383.3670 YC    190304.829525  1 0.0004 11516 | 2/115
 96 h-m-p  0.0001 0.0003 465.1005 ++    190263.963791  m 0.0003 11634 | 2/115
 97 h-m-p  0.0000 0.0000 384.0983 
h-m-p:      1.09470855e-20      5.47354273e-20      3.84098348e+02 190263.963791
..  | 2/115
 98 h-m-p  0.0000 0.0000 207188.7809 -YYCYCCC 190210.493371  6 0.0000 11878 | 2/115
 99 h-m-p  0.0000 0.0000 8975.3431 YC    190181.822432  1 0.0000 11997 | 2/115
100 h-m-p  0.0000 0.0000 9303.1199 YCCC  190147.025318  3 0.0000 12120 | 2/115
101 h-m-p  0.0000 0.0000 3820.6867 +CYYYC 190124.399280  4 0.0000 12244 | 2/115
102 h-m-p  0.0000 0.0000 4298.6487 +YYYCC 190083.564346  4 0.0000 12368 | 2/115
103 h-m-p  0.0000 0.0000 17127.4322 +YYCCC 189961.880337  4 0.0000 12493 | 2/115
104 h-m-p  0.0000 0.0002 1761.9165 ++    189763.274997  m 0.0002 12611 | 2/115
105 h-m-p  0.0000 0.0000 28251.9412 YCC   189697.994612  2 0.0000 12732 | 2/115
106 h-m-p  0.0000 0.0002 4070.9149 YCYCCC 189660.928780  5 0.0000 12858 | 2/115
107 h-m-p  0.0000 0.0001 1868.2433 ++    189575.402612  m 0.0001 12976 | 2/115
108 h-m-p  0.0000 0.0001 1510.2059 ++    189517.925942  m 0.0001 13094 | 2/115
109 h-m-p  0.0001 0.0006 1380.3530 CCC   189474.287787  2 0.0001 13216 | 2/115
110 h-m-p  0.0000 0.0001 1245.9908 ++    189442.367718  m 0.0001 13334 | 2/115
111 h-m-p  0.0001 0.0007 1207.4685 CCC   189422.737057  2 0.0001 13456 | 2/115
112 h-m-p  0.0001 0.0004 1143.6811 CCCC  189403.866730  3 0.0001 13580 | 2/115
113 h-m-p  0.0000 0.0002 1109.8592 +CCC  189386.139583  2 0.0001 13703 | 2/115
114 h-m-p  0.0002 0.0008 783.4531 CC    189369.787632  1 0.0002 13823 | 2/115
115 h-m-p  0.0001 0.0017 1164.4718 CYC   189353.571705  2 0.0001 13944 | 2/115
116 h-m-p  0.0001 0.0007 1224.9845 YYC   189340.305921  2 0.0001 14064 | 2/115
117 h-m-p  0.0001 0.0003 549.1739 YC    189334.647570  1 0.0001 14183 | 2/115
118 h-m-p  0.0001 0.0012 528.5358 CC    189327.021379  1 0.0002 14303 | 2/115
119 h-m-p  0.0002 0.0015 474.7640 CCC   189321.365956  2 0.0002 14425 | 2/115
120 h-m-p  0.0001 0.0004 561.8392 YC    189316.116545  1 0.0002 14544 | 2/115
121 h-m-p  0.0002 0.0020 475.4129 CC    189311.098056  1 0.0002 14664 | 2/115
122 h-m-p  0.0002 0.0019 450.1555 YC    189308.335442  1 0.0001 14783 | 2/115
123 h-m-p  0.0002 0.0010 360.5922 YC    189306.479639  1 0.0001 14902 | 2/115
124 h-m-p  0.0002 0.0036 241.3326 CC    189304.802830  1 0.0002 15022 | 2/115
125 h-m-p  0.0002 0.0045 250.1573 YC    189303.877275  1 0.0001 15141 | 2/115
126 h-m-p  0.0001 0.0030 293.7143 YC    189301.792856  1 0.0003 15260 | 2/115
127 h-m-p  0.0003 0.0027 273.0395 YC    189300.734201  1 0.0002 15379 | 2/115
128 h-m-p  0.0002 0.0034 249.6768 CC    189299.824995  1 0.0002 15499 | 2/115
129 h-m-p  0.0002 0.0036 187.0162 CC    189299.097924  1 0.0002 15619 | 2/115
130 h-m-p  0.0003 0.0071 106.8080 CC    189298.582216  1 0.0003 15739 | 2/115
131 h-m-p  0.0003 0.0067 108.9298 C     189298.122850  0 0.0003 15857 | 2/115
132 h-m-p  0.0002 0.0098 129.8574 CC    189297.652239  1 0.0003 15977 | 2/115
133 h-m-p  0.0004 0.0065  83.7901 YC    189297.326814  1 0.0003 16096 | 2/115
134 h-m-p  0.0002 0.0049  98.9558 C     189297.036092  0 0.0002 16214 | 2/115
135 h-m-p  0.0003 0.0303  72.4756 +YC   189296.290823  1 0.0009 16334 | 2/115
136 h-m-p  0.0005 0.0091 118.3978 YC    189295.792978  1 0.0004 16453 | 2/115
137 h-m-p  0.0004 0.0088 113.2876 YC    189295.466378  1 0.0002 16572 | 2/115
138 h-m-p  0.0004 0.0046  71.0228 CC    189295.175616  1 0.0003 16692 | 2/115
139 h-m-p  0.0004 0.0119  59.3711 C     189294.859095  0 0.0004 16810 | 2/115
140 h-m-p  0.0003 0.0091  85.9111 CC    189294.575414  1 0.0003 16930 | 2/115
141 h-m-p  0.0003 0.0158  79.4178 YC    189293.953321  1 0.0006 17049 | 2/115
142 h-m-p  0.0004 0.0068 113.2172 CC    189293.328034  1 0.0004 17169 | 2/115
143 h-m-p  0.0005 0.0040  88.1029 C     189292.647480  0 0.0005 17287 | 2/115
144 h-m-p  0.0007 0.0077  60.9703 C     189291.839636  0 0.0006 17405 | 2/115
145 h-m-p  0.0003 0.0072 139.6094 CC    189290.454861  1 0.0004 17525 | 2/115
146 h-m-p  0.0004 0.0031 142.5435 CC    189289.107442  1 0.0004 17645 | 2/115
147 h-m-p  0.0004 0.0083 118.4648 CC    189287.204208  1 0.0005 17765 | 2/115
148 h-m-p  0.0003 0.0026 190.7375 YC    189283.732815  1 0.0005 17884 | 2/115
149 h-m-p  0.0004 0.0019 270.9798 CCC   189279.421686  2 0.0004 18006 | 2/115
150 h-m-p  0.0005 0.0040 224.6870 CC    189273.381589  1 0.0006 18126 | 2/115
151 h-m-p  0.0008 0.0061 179.5851 CC    189267.724658  1 0.0007 18246 | 2/115
152 h-m-p  0.0005 0.0025 142.7684 YC    189260.321931  1 0.0010 18365 | 2/115
153 h-m-p  0.0005 0.0024 184.2160 CY    189255.295252  1 0.0005 18485 | 2/115
154 h-m-p  0.0004 0.0039 212.3930 YC    189245.461396  1 0.0008 18604 | 2/115
155 h-m-p  0.0006 0.0038 298.4225 CC    189234.640369  1 0.0007 18724 | 2/115
156 h-m-p  0.0002 0.0012 297.4785 YC    189228.394936  1 0.0004 18843 | 2/115
157 h-m-p  0.0007 0.0050 189.9141 CCC   189223.659308  2 0.0006 18965 | 2/115
158 h-m-p  0.0005 0.0026 235.0804 CC    189220.038197  1 0.0004 19085 | 2/115
159 h-m-p  0.0008 0.0074 119.9901 CC    189217.705157  1 0.0007 19205 | 2/115
160 h-m-p  0.0009 0.0140  90.5496 YC    189216.549225  1 0.0006 19324 | 2/115
161 h-m-p  0.0007 0.0149  82.1304 CC    189215.794564  1 0.0005 19444 | 2/115
162 h-m-p  0.0008 0.0192  54.6544 YC    189215.360947  1 0.0006 19563 | 2/115
163 h-m-p  0.0008 0.0148  44.1433 CC    189215.061507  1 0.0007 19683 | 2/115
164 h-m-p  0.0010 0.0749  31.5629 CC    189214.707516  1 0.0014 19803 | 2/115
165 h-m-p  0.0015 0.0171  30.0712 YC    189214.478176  1 0.0012 19922 | 2/115
166 h-m-p  0.0013 0.0529  27.4093 YC    189214.332310  1 0.0009 20041 | 2/115
167 h-m-p  0.0010 0.0299  25.2231 CC    189214.219229  1 0.0008 20161 | 2/115
168 h-m-p  0.0010 0.0285  20.2815 CC    189214.091003  1 0.0012 20281 | 2/115
169 h-m-p  0.0010 0.1064  22.8311 CC    189213.916953  1 0.0014 20401 | 2/115
170 h-m-p  0.0017 0.0619  17.9091 YC    189213.758247  1 0.0014 20520 | 2/115
171 h-m-p  0.0012 0.0517  21.2619 CC    189213.536652  1 0.0013 20640 | 2/115
172 h-m-p  0.0011 0.0290  25.7153 C     189213.239065  0 0.0012 20758 | 2/115
173 h-m-p  0.0011 0.0820  27.2050 YC    189212.361843  1 0.0025 20877 | 2/115
174 h-m-p  0.0010 0.0390  71.2048 CC    189210.828740  1 0.0015 20997 | 2/115
175 h-m-p  0.0012 0.0125  92.1495 CC    189208.652052  1 0.0015 21117 | 2/115
176 h-m-p  0.0010 0.0309 144.6989 YC    189203.244097  1 0.0023 21236 | 2/115
177 h-m-p  0.0030 0.0364 111.5895 YC    189200.132843  1 0.0018 21355 | 2/115
178 h-m-p  0.0019 0.0157 106.8001 YC    189197.984150  1 0.0014 21474 | 2/115
179 h-m-p  0.0026 0.0334  58.8296 YC    189196.747881  1 0.0018 21593 | 2/115
180 h-m-p  0.0022 0.0508  47.9996 YC    189196.104873  1 0.0014 21712 | 2/115
181 h-m-p  0.0019 0.0561  36.5711 CC    189195.655570  1 0.0017 21832 | 2/115
182 h-m-p  0.0025 0.0645  23.8015 YC    189195.441204  1 0.0016 21951 | 2/115
183 h-m-p  0.0019 0.0712  20.1505 CC    189195.291480  1 0.0017 22071 | 2/115
184 h-m-p  0.0024 0.1618  14.0160 C     189195.175564  0 0.0023 22189 | 2/115
185 h-m-p  0.0021 0.1217  15.5059 YC    189195.119187  1 0.0012 22308 | 2/115
186 h-m-p  0.0022 0.1917   8.3124 C     189195.070225  0 0.0020 22426 | 2/115
187 h-m-p  0.0020 0.2634   8.6322 CC    189194.999302  1 0.0027 22546 | 2/115
188 h-m-p  0.0013 0.1754  18.4179 +YC   189194.764254  1 0.0040 22666 | 2/115
189 h-m-p  0.0019 0.1489  39.6270 +YC   189194.065185  1 0.0054 22786 | 2/115
190 h-m-p  0.0013 0.0348 165.6277 +YC   189192.276583  1 0.0033 22906 | 2/115
191 h-m-p  0.0022 0.0210 247.8459 CCC   189190.361496  2 0.0023 23028 | 2/115
192 h-m-p  0.0035 0.0285 163.6244 CCC   189188.321866  2 0.0037 23150 | 2/115
193 h-m-p  0.0033 0.0221 185.0153 CC    189187.521395  1 0.0013 23270 | 2/115
194 h-m-p  0.0042 0.0519  58.9304 YC    189187.182088  1 0.0018 23389 | 2/115
195 h-m-p  0.0036 0.1295  30.3859 CC    189186.916512  1 0.0030 23509 | 2/115
196 h-m-p  0.0042 0.1260  21.1771 CC    189186.831966  1 0.0014 23629 | 2/115
197 h-m-p  0.0034 0.1773   9.0895 YC    189186.788968  1 0.0019 23748 | 2/115
198 h-m-p  0.0030 0.1560   5.7973 C     189186.757075  0 0.0025 23866 | 2/115
199 h-m-p  0.0050 0.2771   2.8695 YC    189186.733669  1 0.0033 23985 | 2/115
200 h-m-p  0.0018 0.2788   5.3084 YC    189186.666667  1 0.0040 24104 | 2/115
201 h-m-p  0.0025 0.2430   8.7275 YC    189186.483224  1 0.0055 24223 | 2/115
202 h-m-p  0.0030 0.1717  15.7200 +YC   189185.924320  1 0.0082 24343 | 2/115
203 h-m-p  0.0026 0.0512  49.0665 CC    189185.258859  1 0.0031 24463 | 2/115
204 h-m-p  0.0051 0.0490  29.6792 YC    189184.982976  1 0.0022 24582 | 2/115
205 h-m-p  0.0031 0.1283  20.6798 YC    189184.863181  1 0.0015 24701 | 2/115
206 h-m-p  0.0091 0.3046   3.4131 C     189184.840208  0 0.0028 24819 | 2/115
207 h-m-p  0.0023 0.7178   4.0977 +YC   189184.780759  1 0.0069 24939 | 2/115
208 h-m-p  0.0033 0.3135   8.6486 C     189184.712425  0 0.0039 25057 | 2/115
209 h-m-p  0.0023 0.8676  14.4541 ++CCCC 189182.645991  3 0.0636 25183 | 2/115
210 h-m-p  0.0125 0.1339  73.5533 CC    189182.038445  1 0.0041 25303 | 2/115
211 h-m-p  0.0322 0.1611   7.9520 -C    189182.011997  0 0.0019 25422 | 2/115
212 h-m-p  0.0041 0.3646   3.6972 C     189181.992030  0 0.0033 25540 | 2/115
213 h-m-p  0.0183 4.4026   0.6751 +C    189181.752623  0 0.0751 25659 | 2/115
214 h-m-p  0.0130 0.5953   3.9090 +C    189179.390249  0 0.0519 25891 | 2/115
215 h-m-p  0.0218 0.2740   9.2943 CC    189179.129470  1 0.0060 26011 | 2/115
216 h-m-p  0.1242 8.0000   0.4469 ++YC  189177.021720  1 1.4436 26132 | 2/115
217 h-m-p  1.6000 8.0000   0.3322 CC    189176.340252  1 0.5431 26365 | 2/115
218 h-m-p  0.9673 8.0000   0.1865 YC    189175.612575  1 1.6779 26597 | 2/115
219 h-m-p  1.6000 8.0000   0.0282 CC    189175.247461  1 2.5142 26830 | 2/115
220 h-m-p  1.6000 8.0000   0.0141 YC    189174.927127  1 3.0099 27062 | 2/115
221 h-m-p  1.6000 8.0000   0.0254 CCC   189174.504235  2 1.9454 27297 | 2/115
222 h-m-p  0.7031 8.0000   0.0703 +YC   189174.051976  1 1.9833 27530 | 2/115
223 h-m-p  1.6000 8.0000   0.0491 YC    189173.468334  1 3.9780 27762 | 2/115
224 h-m-p  1.6000 8.0000   0.0233 CC    189172.997521  1 2.3723 27995 | 2/115
225 h-m-p  1.1773 8.0000   0.0470 YC    189172.825698  1 2.1760 28227 | 2/115
226 h-m-p  1.6000 8.0000   0.0107 CC    189172.755170  1 2.4394 28460 | 2/115
227 h-m-p  1.6000 8.0000   0.0084 YC    189172.674186  1 3.0743 28692 | 2/115
228 h-m-p  0.8959 8.0000   0.0288 +C    189172.504926  0 3.7690 28924 | 2/115
229 h-m-p  1.6000 8.0000   0.0077 CC    189172.355152  1 1.9832 29157 | 2/115
230 h-m-p  1.6000 8.0000   0.0076 YC    189172.341935  1 1.1536 29389 | 2/115
231 h-m-p  1.6000 8.0000   0.0032 Y     189172.341042  0 1.0941 29620 | 2/115
232 h-m-p  1.6000 8.0000   0.0011 Y     189172.340926  0 1.1923 29851 | 2/115
233 h-m-p  1.6000 8.0000   0.0008 C     189172.340913  0 1.3087 30082 | 2/115
234 h-m-p  1.6000 8.0000   0.0001 ------Y 189172.340913  0 0.0001 30319
Out..
lnL  = -189172.340913
30320 lfun, 151600 eigenQcodon, 13462080 P(t)
