004 0.0054 260.9868 CC    189161.948212  1 0.0003 13702 | 2/116
113 h-m-p  0.0003 0.0020 324.5085 YC    189160.074306  1 0.0005 13822 | 2/116
114 h-m-p  0.0003 0.0061 487.8324 CC    189157.908977  1 0.0004 13943 | 2/116
115 h-m-p  0.0002 0.0015 737.4063 CCC   189154.920955  2 0.0003 14066 | 2/116
116 h-m-p  0.0005 0.0027 461.8764 CYC   189152.312888  2 0.0005 14188 | 2/116
117 h-m-p  0.0007 0.0053 309.5181 YC    189150.958351  1 0.0004 14308 | 2/116
118 h-m-p  0.0004 0.0037 323.3313 YC    189150.112733  1 0.0002 14428 | 2/116
119 h-m-p  0.0004 0.0021 173.0957 YC    189149.587755  1 0.0003 14548 | 2/116
120 h-m-p  0.0004 0.0148 118.3286 CC    189148.952737  1 0.0005 14669 | 2/116
121 h-m-p  0.0005 0.0079 110.8572 YC    189148.510653  1 0.0004 14789 | 2/116
122 h-m-p  0.0003 0.0038 127.1590 C     189148.051052  0 0.0004 14908 | 2/116
123 h-m-p  0.0007 0.0184  67.7791 CC    189147.500638  1 0.0008 15029 | 2/116
124 h-m-p  0.0008 0.0080  68.1215 YC    189147.153498  1 0.0005 15149 | 2/116
125 h-m-p  0.0007 0.0319  44.9256 CC    189146.827289  1 0.0007 15270 | 2/116
126 h-m-p  0.0007 0.0164  42.3084 CC    189146.498335  1 0.0006 15391 | 2/116
127 h-m-p  0.0007 0.0112  41.4723 CC    189146.042176  1 0.0008 15512 | 2/116
128 h-m-p  0.0006 0.0220  55.6610 CC    189145.412199  1 0.0007 15633 | 2/116
129 h-m-p  0.0006 0.0196  60.6111 YC    189143.935960  1 0.0012 15753 | 2/116
130 h-m-p  0.0010 0.0052  66.8529 CC    189142.065748  1 0.0011 15874 | 2/116
131 h-m-p  0.0007 0.0078  99.5853 CC    189139.025174  1 0.0010 15995 | 2/116
132 h-m-p  0.0006 0.0043 156.1475 CC    189135.179003  1 0.0007 16116 | 2/116
133 h-m-p  0.0008 0.0048 134.5264 CCC   189127.971372  2 0.0013 16239 | 2/116
134 h-m-p  0.0005 0.0026 184.8367 CCC   189121.711702  2 0.0008 16362 | 2/116
135 h-m-p  0.0004 0.0018 181.9143 CCC   189117.314579  2 0.0006 16485 | 2/116
136 h-m-p  0.0004 0.0020 125.3815 CCC   189114.942906  2 0.0005 16608 | 2/116
137 h-m-p  0.0006 0.0030  94.0220 CCC   189112.773951  2 0.0008 16731 | 2/116
138 h-m-p  0.0008 0.0042  78.5819 CC    189111.386918  1 0.0007 16852 | 2/116
139 h-m-p  0.0007 0.0047  83.1548 C     189110.081572  0 0.0007 16971 | 2/116
140 h-m-p  0.0008 0.0102  68.7081 YC    189107.646164  1 0.0014 17091 | 2/116
141 h-m-p  0.0009 0.0060 107.3774 YC    189102.372126  1 0.0016 17211 | 2/116
142 h-m-p  0.0012 0.0062 113.0048 CC    189095.971909  1 0.0016 17332 | 2/116
143 h-m-p  0.0009 0.0043 122.9443 CCC   189089.051457  2 0.0014 17455 | 2/116
144 h-m-p  0.0005 0.0023 159.3509 YC    189081.776429  1 0.0011 17575 | 2/116
145 h-m-p  0.0004 0.0019 126.3404 CCC   189079.105865  2 0.0006 17698 | 2/116
146 h-m-p  0.0008 0.0039  64.2261 CC    189077.747750  1 0.0009 17819 | 2/116
147 h-m-p  0.0013 0.0086  41.3277 C     189076.883853  0 0.0013 17938 | 2/116
148 h-m-p  0.0014 0.0193  37.1948 YC    189076.512798  1 0.0008 18058 | 2/116
149 h-m-p  0.0007 0.0315  41.6408 CC    189076.047706  1 0.0010 18179 | 2/116
150 h-m-p  0.0010 0.0099  42.3773 CC    189075.453651  1 0.0013 18300 | 2/116
151 h-m-p  0.0012 0.0364  46.7683 CC    189074.777918  1 0.0014 18421 | 2/116
152 h-m-p  0.0016 0.0285  40.9244 CC    189074.189353  1 0.0013 18542 | 2/116
153 h-m-p  0.0019 0.0181  28.1479 C     189073.533067  0 0.0019 18661 | 2/116
154 h-m-p  0.0013 0.0393  40.9845 YC    189072.970049  1 0.0010 18781 | 2/116
155 h-m-p  0.0014 0.0376  30.4972 C     189072.315427  0 0.0014 18900 | 2/116
156 h-m-p  0.0013 0.0087  33.4753 CC    189071.356152  1 0.0016 19021 | 2/116
157 h-m-p  0.0014 0.0462  39.6677 CC    189069.803169  1 0.0021 19142 | 2/116
158 h-m-p  0.0015 0.0130  53.4803 CC    189068.092420  1 0.0018 19263 | 2/116
159 h-m-p  0.0018 0.0426  51.3727 CC    189066.713146  1 0.0017 19384 | 2/116
160 h-m-p  0.0018 0.0433  49.0668 CC    189065.626212  1 0.0017 19505 | 2/116
161 h-m-p  0.0035 0.0721  24.0705 YC    189065.120692  1 0.0022 19625 | 2/116
162 h-m-p  0.0021 0.0508  25.4382 YC    189064.819561  1 0.0014 19745 | 2/116
163 h-m-p  0.0020 0.0449  18.2572 CC    189064.562714  1 0.0017 19866 | 2/116
164 h-m-p  0.0019 0.0911  16.0215 YC    189063.986768  1 0.0034 19986 | 2/116
165 h-m-p  0.0016 0.0716  34.3566 YC    189062.241186  1 0.0039 20106 | 2/116
166 h-m-p  0.0019 0.0533  69.2115 YC    189058.774344  1 0.0034 20226 | 2/116
167 h-m-p  0.0014 0.0178 166.2793 YC    189052.806904  1 0.0023 20346 | 2/116
168 h-m-p  0.0017 0.0174 223.3123 YC    189047.884397  1 0.0014 20466 | 2/116
169 h-m-p  0.0026 0.0332 121.0075 YCC   189044.465159  2 0.0019 20588 | 2/116
170 h-m-p  0.0028 0.0401  83.1295 CCC   189041.985507  2 0.0022 20711 | 2/116
171 h-m-p  0.0024 0.0243  76.4195 YC    189040.214589  1 0.0020 20831 | 2/116
172 h-m-p  0.0020 0.0302  74.2031 CC    189038.855854  1 0.0018 20952 | 2/116
173 h-m-p  0.0032 0.0483  40.9960 CC    189038.462113  1 0.0012 21073 | 2/116
174 h-m-p  0.0031 0.0761  15.5900 YC    189038.312667  1 0.0019 21193 | 2/116
175 h-m-p  0.0024 0.1307  12.1279 YC    189038.237799  1 0.0017 21313 | 2/116
176 h-m-p  0.0032 0.3233   6.5921 YC    189038.198984  1 0.0022 21433 | 2/116
177 h-m-p  0.0018 0.3049   8.0524 CC    189038.148203  1 0.0026 21554 | 2/116
178 h-m-p  0.0048 0.2679   4.3405 YC    189038.116957  1 0.0027 21674 | 2/116
179 h-m-p  0.0016 0.2099   7.2209 +YC   189038.015624  1 0.0043 21795 | 2/116
180 h-m-p  0.0017 0.1951  17.8435 +YC   189037.704610  1 0.0047 21916 | 2/116
181 h-m-p  0.0043 0.3166  19.5595 CC    189037.321729  1 0.0046 22037 | 2/116
182 h-m-p  0.0019 0.0872  46.7729 CC    189036.734158  1 0.0028 22158 | 2/116
183 h-m-p  0.0021 0.0745  62.4360 CC    189035.916284  1 0.0028 22279 | 2/116
184 h-m-p  0.0020 0.0702  90.2837 YC    189034.305132  1 0.0038 22399 | 2/116
185 h-m-p  0.0064 0.1305  54.2309 CC    189032.838677  1 0.0060 22520 | 2/116
186 h-m-p  0.0076 0.0765  43.0102 CC    189032.556565  1 0.0016 22641 | 2/116
187 h-m-p  0.0059 0.0464  11.7490 C     189032.511799  0 0.0013 22760 | 2/116
188 h-m-p  0.0021 0.1810   7.4328 C     189032.480745  0 0.0020 22879 | 2/116
189 h-m-p  0.0069 1.0028   2.1587 Y     189032.465546  0 0.0052 22998 | 2/116
190 h-m-p  0.0040 0.4861   2.7865 C     189032.451568  0 0.0034 23117 | 2/116
191 h-m-p  0.0029 1.2037   3.2490 +CC   189032.358434  1 0.0149 23239 | 2/116
192 h-m-p  0.0021 0.3366  23.2326 +YC   189031.726825  1 0.0134 23360 | 2/116
193 h-m-p  0.0024 0.0631 130.6488 YC    189030.256584  1 0.0055 23480 | 2/116
194 h-m-p  0.3265 1.6325   1.0716 -C    189030.234315  0 0.0199 23600 | 2/116
195 h-m-p  0.0068 1.9751   3.1579 +++C  189028.529718  0 0.4322 23722 | 2/116
196 h-m-p  0.0964 0.4820   2.9649 -C    189028.514163  0 0.0064 23842 | 2/116
197 h-m-p  0.0266 8.0000   0.7097 +++CC 189027.730646  1 1.5436 23966 | 2/116
198 h-m-p  1.6000 8.0000   0.3628 CC    189027.455725  1 2.3604 24201 | 2/116
199 h-m-p  1.6000 8.0000   0.4040 YC    189027.244740  1 3.1134 24435 | 2/116
200 h-m-p  1.6000 8.0000   0.4891 YC    189027.100655  1 2.5634 24669 | 2/116
201 h-m-p  1.6000 8.0000   0.4527 +YC   189026.943478  1 4.0091 24904 | 2/116
202 h-m-p  1.6000 8.0000   0.9990 YC    189026.670349  1 3.4724 25138 | 2/116
203 h-m-p  1.5091 8.0000   2.2986 YC    189026.201677  1 3.5850 25372 | 2/116
204 h-m-p  1.6000 8.0000   3.6155 YC    189025.846626  1 2.5806 25492 | 2/116
205 h-m-p  1.6000 8.0000   4.0585 CC    189025.711224  1 2.2275 25613 | 2/116
206 h-m-p  1.6000 8.0000   3.3169 YC    189025.620395  1 3.2642 25733 | 2/116
207 h-m-p  1.6000 8.0000   3.9616 YC    189025.518174  1 3.5968 25853 | 2/116
208 h-m-p  1.6000 8.0000   5.9513 ++    189025.203261  m 8.0000 25972 | 2/116
209 h-m-p  1.6000 8.0000  16.9494 CC    189024.975117  1 2.1228 26093 | 2/116
210 h-m-p  1.6000 8.0000  16.3701 CC    189024.916004  1 2.0761 26214 | 2/116
211 h-m-p  1.6000 8.0000  10.7628 YC    189024.885898  1 3.2416 26334 | 2/116
212 h-m-p  1.6000 8.0000  17.9966 +YC   189024.835782  1 5.1340 26455 | 2/116
213 h-m-p  1.6000 8.0000  40.6141 YC    189024.789005  1 3.0834 26575 | 2/116
214 h-m-p  1.6000 8.0000  62.5794 YC    189024.756750  1 3.1453 26695 | 2/116
215 h-m-p  0.8514 4.2572  83.7860 +C    189024.736618  0 3.2690 26815 | 2/116
216 h-m-p  0.1241 0.6207 133.3989 ++    189024.730665  m 0.6207 26934 | 3/116
217 h-m-p  0.3435 8.0000   0.0043 Y     189024.728858  0 0.7601 27053 | 3/116
218 h-m-p  1.6000 8.0000   0.0004 C     189024.728703  0 1.4284 27285 | 3/116
219 h-m-p  1.6000 8.0000   0.0002 Y     189024.728698  0 1.1704 27517 | 3/116
220 h-m-p  1.6000 8.0000   0.0000 C     189024.728697  0 1.6000 27749 | 3/116
221 h-m-p  1.6000 8.0000   0.0000 Y     189024.728697  0 1.6000 27981 | 3/116
222 h-m-p  1.6000 8.0000   0.0000 C     189024.728697  0 0.4000 28213
Out..
lnL  = -189024.728697
28214 lfun, 141070 eigenQcodon, 12527016 P(t)

BEBing (dim = 4).  This may take many minutes.
Trying to get 0.6M memory in lfunNSsites_ACD

Calculating f(x_h|w) for 121 w's

	   10 / 121 sets.  w for branches:  0.9500 0.9500 lnfX = -321149.1446
	   20 / 121 sets.  w for branches:  0.0500 9.5000 lnfX = -191366.3225
	   30 / 121 sets.  w for branches:  0.1500 9.5000 lnfX = -204463.3203
	   40 / 121 sets.  w for branches:  0.2500 9.5000 lnfX = -222197.3681
	   50 / 121 sets.  w for branches:  0.3500 9.5000 lnfX = -239743.3587
	   60 / 121 sets.  w for branches:  0.4500 9.5000 lnfX = -256227.0602
	   70 / 121 sets.  w for branches:  0.5500 9.5000 lnfX = -271468.5947
	   80 / 121 sets.  w for branches:  0.6500 9.5000 lnfX = -285491.9505
	   90 / 121 sets.  w for branches:  0.7500 9.5000 lnfX = -298382.5434
	  100 / 121 sets.  w for branches:  0.8500 9.5000 lnfX = -310238.8379
	  110 / 121 sets.  w for branches:  0.9500 9.5000 lnfX = -321157.2797
	  120 / 121 sets.  w for branches:  1.0000 9.5000 lnfX = -326293.2707
	  121 / 121 sets.  w for branches:  1.0000 10.5000 lnfX = -326294.2000
Time: 6:29:47
Calculating the marginal likelihood f(X).
	1000 / 10000 grid points, 6:29:47
	2000 / 10000 grid points, 6:29:48
	3000 / 10000 grid points, 6:29:48
	4000 / 10000 grid points, 6:29:48
	5000 / 10000 grid points, 6:29:48
	6000 / 10000 grid points, 6:29:48
	7000 / 10000 grid points, 6:29:48
	8000 / 10000 grid points, 6:29:48
	9000 / 10000 grid points, 6:29:48
	10000 / 10000 grid points, 6:29:48
	log(fX) = -190513.779662  S = -186927.069442 -3577.502654
Calculating f(w_k|X), posterior for site classes for each site.  Slow!

	did  10 / 2442 site patterns  6:29:48
	did  20 / 2442 site patterns  6:29:48
	did  30 / 2442 site patterns  6:29:48
	did  40 / 2442 site patterns  6:29:48
	did  50 / 2442 site patterns  6:29:48
	did  60 / 2442 site patterns  6:29:48
	did  70 / 2442 site patterns  6:29:48
	did  80 / 2442 site patterns  6:29:48
	did  90 / 2442 site patterns  6:29:48
	did 100 / 2442 site patterns  6:29:48
	did 110 / 2442 site patterns  6:29:48
	did 120 / 2442 site patterns  6:29:48
	did 130 / 2442 site patterns  6:29:48
	did 140 / 2442 site patterns  6:29:48
	did 150 / 2442 site patterns  6:29:48
	did 160 / 2442 site patterns  6:29:48
	did 170 / 2442 site patterns  6:29:48
	did 180 / 2442 site patterns  6:29:48
	did 190 / 2442 site patterns  6:29:48
	did 200 / 2442 site patterns  6:29:48
	did 210 / 2442 site patterns  6:29:48
	did 220 / 2442 site patterns  6:29:48
	did 230 / 2442 site patterns  6:29:48
	did 240 / 2442 site patterns  6:29:48
	did 250 / 2442 site patterns  6:29:48
	did 260 / 2442 site patterns  6:29:48
	did 270 / 2442 site patterns  6:29:48
	did 280 / 2442 site patterns  6:29:48
	did 290 / 2442 site patterns  6:29:48
	did 300 / 2442 site patterns  6:29:48
	did 310 / 2442 site patterns  6:29:48
	did 320 / 2442 site patterns  6:29:48
	did 330 / 2442 site patterns  6:29:48
	did 340 / 2442 site patterns  6:29:48
	did 350 / 2442 site patterns  6:29:48
	did 360 / 2442 site patterns  6:29:48
	did 370 / 2442 site patterns  6:29:48
	did 380 / 2442 site patterns  6:29:48
	did 390 / 2442 site patterns  6:29:48
	did 400 / 2442 site patterns  6:29:48
	did 410 / 2442 site patterns  6:29:48
	did 420 / 2442 site patterns  6:29:48
	did 430 / 2442 site patterns  6:29:48
	did 440 / 2442 site patterns  6:29:48
	did 450 / 2442 site patterns  6:29:48
	did 460 / 2442 site patterns  6:29:48
	did 470 / 2442 site patterns  6:29:48
	did 480 / 2442 site patterns  6:29:48
	did 490 / 2442 site patterns  6:29:48
	did 500 / 2442 site patterns  6:29:48
	did 510 / 2442 site patterns  6:29:48
	did 520 / 2442 site patterns  6:29:48
	did 530 / 2442 site patterns  6:29:48
	did 540 / 2442 site patterns  6:29:48
	did 550 / 2442 site patterns  6:29:48
	did 560 / 2442 site patterns  6:29:48
	did 570 / 2442 site patterns  6:29:48
	did 580 / 2442 site patterns  6:29:48
	did 590 / 2442 site patterns  6:29:48
	did 600 / 2442 site patterns  6:29:48
	did 610 / 2442 site patterns  6:29:48
	did 620 / 2442 site patterns  6:29:48
	did 630 / 2442 site patterns  6:29:48
	did 640 / 2442 site patterns  6:29:48
	did 650 / 2442 site patterns  6:29:48
	did 660 / 2442 site patterns  6:29:48
	did 670 / 2442 site patterns  6:29:48
	did 680 / 2442 site patterns  6:29:48
	did 690 / 2442 site patterns  6:29:48
	did 700 / 2442 site patterns  6:29:48
	did 710 / 2442 site patterns  6:29:48
	did 720 / 2442 site patterns  6:29:48
	did 730 / 2442 site patterns  6:29:48
	did 740 / 2442 site patterns  6:29:48
	did 750 / 2442 site patterns  6:29:48
	did 760 / 2442 site patterns  6:29:48
	did 770 / 2442 site patterns  6:29:48
	did 780 / 2442 site patterns  6:29:48
	did 790 / 2442 site patterns  6:29:48
	did 800 / 2442 site patterns  6:29:48
	did 810 / 2442 site patterns  6:29:48
	did 820 / 2442 site patterns  6:29:48
	did 830 / 2442 site patterns  6:29:48
	did 840 / 2442 site patterns  6:29:48
	did 850 / 2442 site patterns  6:29:48
	did 860 / 2442 site patterns  6:29:48
	did 870 / 2442 site patterns  6:29:48
	did 880 / 2442 site patterns  6:29:48
	did 890 / 2442 site patterns  6:29:48
	did 900 / 2442 site patterns  6:29:48
	did 910 / 2442 site patterns  6:29:48
	did 920 / 2442 site patterns  6:29:48
	did 930 / 2442 site patterns  6:29:48
	did 940 / 2442 site patterns  6:29:48
	did 950 / 2442 site patterns  6:29:48
	did 960 / 2442 site patterns  6:29:48
	did 970 / 2442 site patterns  6:29:48
	did 980 / 2442 site patterns  6:29:48
	did 990 / 2442 site patterns  6:29:48
	did 1000 / 2442 site patterns  6:29:48
	did 1010 / 2442 site patterns  6:29:48
	did 1020 / 2442 site patterns  6:29:48
	did 1030 / 2442 site patterns  6:29:48
	did 1040 / 2442 site patterns  6:29:48
	did 1050 / 2442 site patterns  6:29:48
	did 1060 / 2442 site patterns  6:29:48
	did 1070 / 2442 site patterns  6:29:48
	did 1080 / 2442 site patterns  6:29:48
	did 1090 / 2442 site patterns  6:29:48
	did 1100 / 2442 site patterns  6:29:48
	did 1110 / 2442 site patterns  6:29:48
	did 1120 / 2442 site patterns  6:29:48
	did 1130 / 2442 site patterns  6:29:48
	did 1140 / 2442 site patterns  6:29:48
	did 1150 / 2442 site patterns  6:29:48
	did 1160 / 2442 site patterns  6:29:48
	did 1170 / 2442 site patterns  6:29:48
	did 1180 / 2442 site patterns  6:29:48
	did 1190 / 2442 site patterns  6:29:48
	did 1200 / 2442 site patterns  6:29:48
	did 1210 / 2442 site patterns  6:29:48
	did 1220 / 2442 site patterns  6:29:48
	did 1230 / 2442 site patterns  6:29:48
	did 1240 / 2442 site patterns  6:29:48
	did 1250 / 2442 site patterns  6:29:48
	did 1260 / 2442 site patterns  6:29:48
	did 1270 / 2442 site patterns  6:29:48
	did 1280 / 2442 site patterns  6:29:48
	did 1290 / 2442 site patterns  6:29:48
	did 1300 / 2442 site patterns  6:29:48
	did 1310 / 2442 site patterns  6:29:48
	did 1320 / 2442 site patterns  6:29:48
	did 1330 / 2442 site patterns  6:29:48
	did 1340 / 2442 site patterns  6:29:48
	did 1350 / 2442 site patterns  6:29:48
	did 1360 / 2442 site patterns  6:29:48
	did 1370 / 2442 site patterns  6:29:48
	did 1380 / 2442 site patterns  6:29:48
	did 1390 / 2442 site patterns  6:29:48
	did 1400 / 2442 site patterns  6:29:48
	did 1410 / 2442 site patterns  6:29:48
	did 1420 / 2442 site patterns  6:29:48
	did 1430 / 2442 site patterns  6:29:48
	did 1440 / 2442 site patterns  6:29:48
	did 1450 / 2442 site patterns  6:29:48
	did 1460 / 2442 site patterns  6:29:48
	did 1470 / 2442 site patterns  6:29:48
	did 1480 / 2442 site patterns  6:29:48
	did 1490 / 2442 site patterns  6:29:48
	did 1500 / 2442 site patterns  6:29:48
	did 1510 / 2442 site patterns  6:29:48
	did 1520 / 2442 site patterns  6:29:48
	did 1530 / 2442 site patterns  6:29:48
	did 1540 / 2442 site patterns  6:29:48
	did 1550 / 2442 site patterns  6:29:48
	did 1560 / 2442 site patterns  6:29:48
	did 1570 / 2442 site patterns  6:29:48
	did 1580 / 2442 site patterns  6:29:48
	did 1590 / 2442 site patterns  6:29:48
	did 1600 / 2442 site patterns  6:29:48
	did 1610 / 2442 site patterns  6:29:48
	did 1620 / 2442 site patterns  6:29:48
	did 1630 / 2442 site patterns  6:29:48
	did 1640 / 2442 site patterns  6:29:48
	did 1650 / 2442 site patterns  6:29:48
	did 1660 / 2442 site patterns  6:29:48
	did 1670 / 2442 site patterns  6:29:48
	did 1680 / 2442 site patterns  6:29:48
	did 1690 / 2442 site patterns  6:29:48
	did 1700 / 2442 site patterns  6:29:48
	did 1710 / 2442 site patterns  6:29:48
	did 1720 / 2442 site patterns  6:29:48
	did 1730 / 2442 site patterns  6:29:48
	did 1740 / 2442 site patterns  6:29:48
	did 1750 / 2442 site patterns  6:29:48
	did 1760 / 2442 site patterns  6:29:48
	did 1770 / 2442 site patterns  6:29:48
	did 1780 / 2442 site patterns  6:29:48
	did 1790 / 2442 site patterns  6:29:48
	did 1800 / 2442 site patterns  6:29:48
	did 1810 / 2442 site patterns  6:29:48
	did 1820 / 2442 site patterns  6:29:48
	did 1830 / 2442 site patterns  6:29:48
	did 1840 / 2442 site patterns  6:29:48
	did 1850 / 2442 site patterns  6:29:48
	did 1860 / 2442 site patterns  6:29:48
	did 1870 / 2442 site patterns  6:29:48
	did 1880 / 2442 site patterns  6:29:48
	did 1890 / 2442 site patterns  6:29:48
	did 1900 / 2442 site patterns  6:29:48
	did 1910 / 2442 site patterns  6:29:48
	did 1920 / 2442 site patterns  6:29:48
	did 1930 / 2442 site patterns  6:29:48
	did 1940 / 2442 site patterns  6:29:48
	did 1950 / 2442 site patterns  6:29:48
	did 1960 / 2442 site patterns  6:29:48
	did 1970 / 2442 site patterns  6:29:48
	did 1980 / 2442 site patterns  6:29:48
	did 1990 / 2442 site patterns  6:29:48
	did 2000 / 2442 site patterns  6:29:48
	did 2010 / 2442 site patterns  6:29:48
	did 2020 / 2442 site patterns  6:29:48
	did 2030 / 2442 site patterns  6:29:48
	did 2040 / 2442 site patterns  6:29:48
	did 2050 / 2442 site patterns  6:29:48
	did 2060 / 2442 site patterns  6:29:48
	did 2070 / 2442 site patterns  6:29:48
	did 2080 / 2442 site patterns  6:29:48
	did 2090 / 2442 site patterns  6:29:48
	did 2100 / 2442 site patterns  6:29:48
	did 2110 / 2442 site patterns  6:29:48
	did 2120 / 2442 site patterns  6:29:48
	did 2130 / 2442 site patterns  6:29:48
	did 2140 / 2442 site patterns  6:29:48
	did 2150 / 2442 site patterns  6:29:48
	did 2160 / 2442 site patterns  6:29:48
	did 2170 / 2442 site patterns  6:29:48
	did 2180 / 2442 site patterns  6:29:48
	did 2190 / 2442 site patterns  6:29:48
	did 2200 / 2442 site patterns  6:29:48
	did 2210 / 2442 site patterns  6:29:48
	did 2220 / 2442 site patterns  6:29:48
	did 2230 / 2442 site patterns  6:29:48
	did 2240 / 2442 site patterns  6:29:48
	did 2250 / 2442 site patterns  6:29:48
	did 2260 / 2442 site patterns  6:29:48
	did 2270 / 2442 site patterns  6:29:48
	did 2280 / 2442 site patterns  6:29:48
	did 2290 / 2442 site patterns  6:29:48
	did 2300 / 2442 site patterns  6:29:48
	did 2310 / 2442 site patterns  6:29:48
	did 2320 / 2442 site patterns  6:29:48
	did 2330 / 2442 site patterns  6:29:48
	did 2340 / 2442 site patterns  6:29:48
	did 2350 / 2442 site patterns  6:29:48
	did 2360 / 2442 site patterns  6:29:48
	did 2370 / 2442 site patterns  6:29:48
	did 2380 / 2442 site patterns  6:29:48
	did 2390 / 2442 site patterns  6:29:48
	did 2400 / 2442 site patterns  6:29:48
	did 2410 / 2442 site patterns  6:29:48
	did 2420 / 2442 site patterns  6:29:48
	did 2430 / 2442 site patterns  6:29:48
	did 2440 / 2442 site patterns  6:29:48
	did 2442 / 2442 site patterns  6:29:48