 0.0000 1754.2405 CCCCC 13713.896923  4 0.0000    18 | 0/3
  2 h-m-p  0.0003 0.0249  54.8157 ++YCCCCC 13702.251485  5 0.0070    38 | 0/3
  3 h-m-p  0.0194 0.0969  14.5873 YCCC  13699.898990  3 0.0200    52 | 0/3
  4 h-m-p  0.8748 8.0000   0.3343 YYCC  13693.790644  3 1.3528    65 | 0/3
  5 h-m-p  1.3442 6.7210   0.2071 YYCC  13691.973461  3 1.0875    78 | 0/3
  6 h-m-p  1.6000 8.0000   0.1344 YCCC  13690.872513  3 3.8869    92 | 0/3
  7 h-m-p  1.6000 8.0000   0.1477 CC    13690.475559  1 0.6255   103 | 0/3
  8 h-m-p  0.5020 8.0000   0.1841 +YYC  13690.179422  2 2.0080   115 | 0/3
  9 h-m-p  1.6000 8.0000   0.2020 CCCC  13690.023108  3 2.0716   130 | 0/3
 10 h-m-p  1.6000 8.0000   0.1693 YC    13689.907618  1 0.8191   140 | 0/3
 11 h-m-p  0.4640 8.0000   0.2988 YC    13689.825766  1 1.1162   150 | 0/3
 12 h-m-p  1.1657 8.0000   0.2861 YC    13689.802475  1 0.7235   160 | 0/3
 13 h-m-p  1.0450 8.0000   0.1981 +YY   13689.673388  1 4.1802   171 | 0/3
 14 h-m-p  1.6000 8.0000   0.0532 YC    13689.652986  1 0.2815   181 | 0/3
 15 h-m-p  0.0710 8.0000   0.2109 ++CYC 13689.620298  2 2.0974   195 | 0/3
 16 h-m-p  1.6000 8.0000   0.1955 CC    13689.600466  1 1.9417   206 | 0/3
 17 h-m-p  1.6000 8.0000   0.1263 C     13689.590844  0 0.4528   215 | 0/3
 18 h-m-p  0.2673 8.0000   0.2140 +C    13689.584429  0 1.0693   225 | 0/3
 19 h-m-p  1.2218 8.0000   0.1873 Y     13689.582760  0 0.6927   234 | 0/3
 20 h-m-p  1.5395 8.0000   0.0843 C     13689.580945  0 1.5395   243 | 0/3
 21 h-m-p  1.6000 8.0000   0.0413 Y     13689.580869  0 0.9013   252 | 0/3
 22 h-m-p  1.6000 8.0000   0.0040 C     13689.580856  0 1.3002   261 | 0/3
 23 h-m-p  1.6000 8.0000   0.0012 Y     13689.580855  0 3.0961   270 | 0/3
 24 h-m-p  1.4476 8.0000   0.0025 --------------C 13689.580855  0 0.0000   293 | 0/3
 25 h-m-p  0.0160 8.0000   0.0907 -C    13689.580855  0 0.0015   303 | 0/3
 26 h-m-p  0.0664 8.0000   0.0021 --C   13689.580855  0 0.0010   314 | 0/3
 27 h-m-p  0.0160 8.0000   0.0021 ------Y 13689.580855  0 0.0000   329 | 0/3
 28 h-m-p  0.0160 8.0000   0.0000 ++C   13689.580854  0 0.2253   340 | 0/3
 29 h-m-p  0.5128 8.0000   0.0000 Y     13689.580854  0 0.1282   349 | 0/3
 30 h-m-p  0.0669 8.0000   0.0000 --Y   13689.580854  0 0.0010   360


t_NG = 2.32966	MLEs:  7.13036 1.92586 0.01284
Nucleotide-based analysis (approximate MLEs; use baseml to get proper MLEs):

dHKY (123-4):  0.23399  0.09322  1.05920  1.67442
kHKY (123-4):  2.69215  2.31066  3.87544  0.49113 (665 four-fold sites)

  19 vs.  13
  npatt=417 
Iterating by ming2
Initial: fx= 13722.379364
x=  2.16850  2.05870  0.04312

  1 h-m-p  0.0000 0.0467 276.4461 CC    13722.186290  1 0.0000    12 | 0/3
  2 h-m-p  0.0001 0.0252  81.7877 ++++YYCCC 13686.422643  4 0.0107    31 | 0/3
  3 h-m-p  0.0289 0.1447   9.1816 YYC   13685.047298  2 0.0238    42 | 0/3
  4 h-m-p  0.4063 8.0000   0.5374 YCCC  13676.265405  3 0.7897    56 | 0/3
  5 h-m-p  0.9073 4.8037   0.4678 CYCCCC 13667.871273  5 1.4523    74 | 0/3
  6 h-m-p  1.6000 8.0000   0.3654 YCYC  13660.010667  3 4.2133    87 | 0/3
  7 h-m-p  1.6000 8.0000   0.6975 YCC   13657.974053  2 0.2866    99 | 0/3
  8 h-m-p  0.3118 7.8511   0.6411 +CYCCC 13655.188929  4 1.9556   116 | 0/3
  9 h-m-p  1.6000 8.0000   0.5780 YCYCCC 13652.444880  5 3.5783   133 | 0/3
 10 h-m-p  1.6000 8.0000   0.8816 YC    13651.577490  1 0.2717   143 | 0/3
 11 h-m-p  0.2452 8.0000   0.9767 +CYCCC 13650.534689  4 1.6691   160 | 0/3
 12 h-m-p  1.6000 8.0000   0.7449 CYCCC 13649.701098  4 2.7752   176 | 0/3
 13 h-m-p  1.6000 8.0000   1.1614 C     13649.220643  0 0.4000   185 | 0/3
 14 h-m-p  0.3556 8.0000   1.3066 +YYYC 13648.790798  3 1.3407   198 | 0/3
 15 h-m-p  1.6000 8.0000   0.8556 CCCC  13648.523543  3 2.1104   213 | 0/3
 16 h-m-p  1.4028 8.0000   1.2872 YC    13648.249963  1 0.6309   223 | 0/3
 17 h-m-p  0.4661 7.5016   1.7425 YCYC  13648.047732  3 1.0294   236 | 0/3
 18 h-m-p  1.6000 8.0000   0.9932 YYY   13647.950245  2 1.6000   247 | 0/3
 19 h-m-p  1.4386 8.0000   1.1047 YCC   13647.818724  2 0.8304   259 | 0/3
 20 h-m-p  0.5726 8.0000   1.6019 CYC   13647.712932  2 1.1291   271 | 0/3
 21 h-m-p  1.6000 8.0000   0.9307 CCC   13647.626552  2 1.8742   284 | 0/3
 22 h-m-p  1.6000 8.0000   0.0247 C     13647.594491  0 0.4432   293 | 0/3
 23 h-m-p  0.0160 8.0000   1.1508 +++YCYC 13647.492175  3 2.3999   309 | 0/3
 24 h-m-p  1.6000 8.0000   0.6632 Y     13647.439993  0 3.0722   318 | 0/3
 25 h-m-p  0.3313 2.8512   6.1500 YYY   13647.376775  2 0.3313   329 | 0/3
 26 h-m-p  1.6000 8.0000   0.9850 YY    13647.347531  1 1.0838   339 | 0/3
 27 h-m-p  1.5503 8.0000   0.6886 C     13647.339172  0 0.3858   348 | 0/3
 28 h-m-p  0.4339 8.0000   0.6123 ++Y   13647.277427  0 5.5550   359 | 0/3
 29 h-m-p  1.6000 8.0000   0.8684 YY    13647.249339  1 1.9687   369 | 0/3
 30 h-m-p  0.2887 1.9667   5.9223 CYC   13647.212404  2 0.4049   381 | 0/3
 31 h-m-p  1.6000 8.0000   0.7837 C     13647.197154  0 1.6115   390 | 0/3
 32 h-m-p  1.6000 8.0000   0.1922 C     13647.193729  0 0.4118   399 | 0/3
 33 h-m-p  0.0650 6.6186   1.2187 +++YC 13647.158822  1 2.9062   412 | 0/3
 34 h-m-p  1.6000 8.0000   0.0369 YC    13647.153134  1 0.7973   422 | 0/3
 35 h-m-p  0.0160 2.4490   1.8354 ++++  13647.131720  m 2.4490   433 | 1/3
 36 h-m-p  0.2316 8.0000   0.0050 C     13647.113255  0 0.0745   442 | 1/3
 37 h-m-p  0.1290 8.0000   0.0029 +Y    13647.113085  0 0.9709   451 | 1/3
 38 h-m-p  1.6000 8.0000   0.0001 -------C 13647.113085  0 0.0000   466


t_NG = 2.37903	MLEs:  50.00000 1.79818 0.00166
Nucleotide-based analysis (approximate MLEs; use baseml to get proper MLEs):

dHKY (123-4):  0.23530  0.09874  1.83158  9.00000
kHKY (123-4):  2.00127  2.18359  8.71560  0.00000 (691 four-fold sites)

  19 vs.  14
  npatt=413 
Iterating by ming2
Initial: fx= 14030.824908
x=  2.10344  2.15132  0.01000

  1 h-m-p  0.0000 0.0025 39341.8703 CCYCYC 13685.490114  5 0.0000    18 | 0/3
  2 h-m-p  0.0004 0.0444  88.2254 ++YYCC 13655.687773  3 0.0088    33 | 0/3
  3 h-m-p  0.0454 0.2269   6.6494 YCC   13654.979254  2 0.0264    45 | 0/3
  4 h-m-p  1.6000 8.0000   0.0640 +YCYC 13631.512075  3 4.4319    59 | 0/3
  5 h-m-p  0.8674 5.6887   0.3269 CYCCC 13626.272454  4 1.2267    75 | 0/3
  6 h-m-p  0.7139 7.4927   0.5618 YCCC  13615.541609  3 1.3384    89 | 0/3
  7 h-m-p  0.8199 4.0995   0.7444 YYCCCCC 13610.206820  6 0.9376   108 | 0/3
  8 h-m-p  1.5771 8.0000   0.4426 YYCC  13606.615272  3 2.4775   121 | 0/3
  9 h-m-p  0.8019 4.0095   0.8073 YYCC  13605.493118  3 0.5308   134 | 0/3
 10 h-m-p  0.9908 8.0000   0.4325 YCCC  13602.214581  3 1.9667   148 | 0/3
 11 h-m-p  1.6000 8.0000   0.4443 +YC   13599.612849  1 4.5688   159 | 0/3
 12 h-m-p  1.0548 5.2738   0.9287 YCCC  13599.159660  3 0.5324   173 | 0/3
 13 h-m-p  0.3450 4.4723   1.4333 YC    13597.913807  1 0.6498   183 | 0/3
 14 h-m-p  1.3699 8.0000   0.6800 CYCC  13597.220646  3 2.1540   197 | 0/3
 15 h-m-p  1.6000 8.0000   0.9037 CC    13596.833629  1 0.6046   208 | 0/3
 16 h-m-p  0.4018 7.0819   1.3600 +YCYC 13596.379642  3 1.1398   222 | 0/3
 17 h-m-p  1.6000 8.0000   0.7061 CCC   13595.964357  2 2.3174   235 | 0/3
 18 h-m-p  1.6000 8.0000   0.2640 YC    13595.832786  1 0.8126   245 | 0/3
 19 h-m-p  0.0924 5.6969   2.3227 +CYC  13595.562966  2 0.7299   258 | 0/3
 20 h-m-p  1.6000 8.0000   0.9542 YYY   13595.442336  2 1.6000   269 | 0/3
 21 h-m-p  1.2272 8.0000   1.2441 +YCYYC 13595.060588  4 6.1884   285 | 0/3
 22 h-m-p  0.4597 2.2986   4.6603 YC    13595.027267  1 0.0842   295 | 0/3
 23 h-m-p  0.5492 8.0000   0.7148 CY    13594.823498  1 0.6301   306 | 0/3
 24 h-m-p  0.9789 8.0000   0.4602 +Y    13594.792449  0 2.9475   316 | 0/3
 25 h-m-p  1.1390 8.0000   1.1908 C     13594.759059  0 1.1683   325 | 0/3
 26 h-m-p  0.8783 8.0000   1.5840 +YYC  13594.631163  2 3.5130   337 | 0/3
 27 h-m-p  1.6000 8.0000   0.6099 C     13594.619402  0 1.3290   346 | 0/3
 28 h-m-p  0.1004 1.6421   8.0700 YC    13594.596846  1 0.2095   356 | 0/3
 29 h-m-p  1.5346 8.0000   1.1015 YY    13594.580206  1 1.5346   366 | 0/3
 30 h-m-p  1.6000 8.0000   0.1523 YC    13594.571325  1 0.7053   376 | 0/3
 31 h-m-p  0.1304 8.0000   0.8236 ++YCYC 13594.534361  3 4.7555   391 | 0/3
 32 h-m-p  1.6000 8.0000   0.3887 C     13594.529770  0 0.4795   400 | 0/3
 33 h-m-p  0.1536 5.1460   1.2139 ++CYC 13594.499284  2 3.2717   414 | 0/3
 34 h-m-p  1.6000 8.0000   1.0738 C     13594.497827  0 0.3408   423 | 0/3
 35 h-m-p  0.4928 3.5566   0.7426 ++    13594.484745  m 3.5566   432 | 0/3
 36 h-m-p  0.0000 0.0000   1.2978 
h-m-p:      0.00000000e+00      0.00000000e+00      1.29779643e+00 13594.484745
..  | 0/3
 37 h-m-p  0.0000 0.0000 740.7805 -Y    13594.482692  0 0.0000   448 | 1/3
 38 h-m-p  0.0045 2.2401   0.6092 +Y    13594.476626  0 0.0304   458 | 1/3
 39 h-m-p  1.6000 8.0000   0.0010 ----------------..  | 1/3
 40 h-m-p  0.0013 0.6604 149.9040 -----------


t_NG = 2.37492	MLEs:  50.00000 1.74606 0.00161
Nucleotide-based analysis (approximate MLEs; use baseml to get proper MLEs):

dHKY (123-4):  0.22644  0.09514  2.05633  2.48226
kHKY (123-4):  1.91654  2.11240 10.11186  2.26763 (699 four-fold sites)

  19 vs.  15
  npatt=403 
Iterating by ming2
Initial: fx= 13785.202594
x=  1.98712  1.97450  0.10840

  1 h-m-p  0.0000 0.0000 3542.8602 +YCYCCC 13615.825087  5 0.0000    20 | 0/3
  2 h-m-p  0.0006 0.0069  99.0388 YCCC  13607.544593  3 0.0015    34 | 0/3
  3 h-m-p  0.0102 0.1064  14.5395 +YCCC 13603.488854  3 0.0277    49 | 0/3
  4 h-m-p  0.5714 6.5582   0.7041 +YYYCYCYCCC 13550.196918  9 3.1670    72 | 0/3
  5 h-m-p  0.2546 1.2730   1.3328 YYC   13542.581855  2 0.2099    83 | 0/3
  6 h-m-p  0.2792 8.0000   1.0020 CYC   13537.676136  2 0.3008    95 | 0/3
  7 h-m-p  1.4117 8.0000   0.2135 CCCC  13535.436452  3 2.3695   110 | 0/3
  8 h-m-p  1.6000 8.0000   0.2066 ++    13531.111925  m 8.0000   119 | 0/3
  9 h-m-p  1.6000 8.0000   0.3845 YCYCC 13527.062491  4 3.5523   134 | 0/3
 10 h-m-p  0.7100 3.5498   0.5958 CC    13526.414954  1 0.1924   145 | 0/3
 11 h-m-p  0.1658 8.0000   0.6912 ++YYCC 13525.130748  3 2.0962   160 | 0/3
 12 h-m-p  1.6000 8.0000   0.7493 YYC   13523.892257  2 2.2903   171 | 0/3
 13 h-m-p  1.2336 6.1678   1.0899 YCCC  13523.608178  3 0.6095   185 | 0/3
 14 h-m-p  0.8355 8.0000   0.7951 CC    13522.988352  1 0.9978   196 | 0/3
 15 h-m-p  1.0624 8.0000   0.7468 CYC   13522.626004  2 1.9056   208 | 0/3
 16 h-m-p  1.4651 8.0000   0.9714 YCC   13522.340462  2 0.8295   220 | 0/3
 17 h-m-p  0.5252 6.9802   1.5342 CYC   13522.115093  2 0.8984   232 | 0/3
 18 h-m-p  1.6000 8.0000   0.8355 YC    13521.918273  1 1.6000   242 | 0/3
 19 h-m-p  1.6000 8.0000   0.1657 CC    13521.846758  1 0.6079   253 | 0/3
 20 h-m-p  0.0769 8.0000   1.3104 ++YCCCC 13521.655496  4 1.6251   271 | 0/3
 21 h-m-p  1.6000 8.0000   0.6495 +C    13521.451497  0 6.5587   281 | 0/3
 22 h-m-p  1.6000 8.0000   1.4017 C     13521.419118  0 0.4000   290 | 0/3
 23 h-m-p  0.4547 7.0859   1.2330 YC    13521.346223  1 0.2944   300 | 0/3
 24 h-m-p  0.4940 8.0000   0.7348 +YC   13521.309679  1 1.9763   311 | 0/3
 25 h-m-p  1.0805 8.0000   1.3439 C     13521.270682  0 1.0953   320 | 0/3
 26 h-m-p  1.5454 8.0000   0.9524 CYC   13521.242589  2 1.0632   332 | 0/3
 27 h-m-p  0.3116 5.1596   3.2500 CYC   13521.204804  2 0.5902   344 | 0/3
 28 h-m-p  1.6000 8.0000   0.6368 CY    13521.182298  1 2.7028   355 | 0/3
 29 h-m-p  1.6000 8.0000   0.0285 C     13521.175231  0 0.3655   364 | 0/3
 30 h-m-p  0.0160 8.0000   1.0093 +++YC 13521.143600  1 2.3086   377 | 0/3
 31 h-m-p  1.6000 8.0000   0.5969 +Y    13521.101556  0 7.0684   387 | 0/3
 32 h-m-p  1.6000 8.0000   0.5061 -C    13521.098654  0 0.1350   397 | 0/3
 33 h-m-p  0.0693 8.0000   0.9855 ++YC  13521.084062  1 1.9995   409 | 0/3
 34 h-m-p  1.6000 8.0000   0.3351 C     13521.075894  0 2.4653   418 | 0/3
 35 h-m-p  1.4140 8.0000   0.5843 CC    13521.067996  1 2.3937   429 | 0/3
 36 h-m-p  1.6000 8.0000   0.6768 -C    13521.067780  0 0.1448   439 | 0/3
 37 h-m-p  0.4498 8.0000   0.2179 Y     13521.064423  0 1.1163   448 | 0/3
 38 h-m-p  0.4776 8.0000   0.5093 +YC   13521.054412  1 4.3222   459 | 0/3
 39 h-m-p  1.6000 8.0000   1.0073 -C    13521.054361  0 0.1152   469 | 0/3
 40 h-m-p  1.6000 8.0000   0.0560 YC    13521.051996  1 0.8910   479 | 0/3
 41 h-m-p  1.3313 8.0000   0.0375 Y     13521.051764  0 0.8061   488 | 0/3
 42 h-m-p  0.1232 8.0000   0.2454 ++++  13521.041285  m 8.0000   499 | 0/3
 43 h-m-p  1.6000 8.0000   0.9022 -----------Y 13521.041285  0 0.0000   519 | 0/3
 44 h-m-p  0.0160 8.0000   4.5243 -------------..  | 0/3
 45 h-m-p  0.0010 0.4859 203.7435 ---------C 13521.041279  0 0.0000   557 | 0/3
 46 h-m-p  0.0160 8.0000   0.0336 +C    13521.041206  0 0.0594   567 | 0/3
 47 h-m-p  1.6000 8.0000   0.0011 ---------------Y 13521.041206  0 0.0000   591 | 0/3
 48 h-m-p  0.0160 8.0000   0.0009 ---------C 13521.041206  0 0.0000   609


t_NG = 2.37458	MLEs:  47.42892 1.70211 0.00161
Nucleotide-based analysis (approximate MLEs; use baseml to get proper MLEs):

dHKY (123-4):  0.22500  0.09308  9.00000  9.00000
kHKY (123-4):  1.86089  2.06184  0.00000  0.00000 (703 four-fold sites)

  19 vs.  16
  npatt=389 
Iterating by ming2
Initial: fx= 13810.176966
x=  1.97574  2.04799  0.14020

  1 h-m-p  0.0000 0.0000 3293.2024 +YYCYCCC 13552.410509  6 0.0000    20 | 0/3
  2 h-m-p  0.0013 0.0072  71.1473 YYC   13549.771696  2 0.0010    31 | 0/3
  3 h-m-p  0.0060 0.1455  11.3552 +CCCC 13547.297905  3 0.0300    47 | 0/3
  4 h-m-p  0.8096 6.9822   0.4204 +YYYC 13516.189421  3 2.9419    60 | 0/3
  5 h-m-p  1.6000 8.0000   0.2068 CCC   13513.968786  2 0.3355    73 | 0/3
  6 h-m-p  0.2599 8.0000   0.2668 +YC   13511.509815  1 2.2991    84 | 0/3
  7 h-m-p  1.6000 8.0000   0.2309 CYCCC 13508.991246  4 2.7691   100 | 0/3
  8 h-m-p  1.6000 8.0000   0.2439 YC    13507.919841  1 0.8400   110 | 0/3
  9 h-m-p  0.4831 8.0000   0.4241 +YYC  13506.964054  2 1.5891   122 | 0/3
 10 h-m-p  1.6000 8.0000   0.3013 YYC   13506.299113  2 2.7527   133 | 0/3
 11 h-m-p  1.6000 8.0000   0.4285 CCC   13506.163758  2 0.6003   146 | 0/3
 12 h-m-p  1.3280 8.0000   0.1937 YC    13505.970344  1 0.9737   156 | 0/3
 13 h-m-p  0.8670 8.0000   0.2175 +YC   13505.879195  1 2.2129   167 | 0/3
 14 h-m-p  1.6000 8.0000   0.1767 YC    13505.834855  1 1.0482   177 | 0/3
 15 h-m-p  0.7810 8.0000   0.2371 CC    13505.816860  1 1.1240   188 | 0/3
 16 h-m-p  1.6000 8.0000   0.0637 C     13505.813260  0 1.6000   197 | 0/3
 17 h-m-p  1.6000 8.0000   0.0362 Y     13505.812831  0 1.1006   206 | 0/3
 18 h-m-p  1.6000 8.0000   0.0020 Y     13505.812814  0 0.7624   215 | 0/3
 19 h-m-p  0.8130 8.0000   0.0019 Y     13505.812811  0 2.0190   224 | 0/3
 20 h-m-p  1.6000 8.0000   0.0016 -Y    13505.812811  0 0.0671   234 | 0/3
 21 h-m-p  0.0714 8.0000   0.0015 -Y    13505.812811  0 0.0045   244 | 0/3
 22 h-m-p  0.0160 8.0000   0.0016 ------------C 13505.812811  0 0.0000   265 | 0/3
 23 h-m-p  0.0160 8.0000   0.0367 Y     13505.812811  0 0.0025   274 | 0/3
 24 h-m-p  0.0754 8.0000   0.0012 -C    13505.812811  0 0.0047   284 | 0/3
 25 h-m-p  0.0160 8.0000   0.0012 Y     13505.812811  0 0.0318   293 | 0/3
 26 h-m-p  0.0322 8.0000   0.0012 -------------C 13505.812811  0 0.0000   315 | 0/3
 27 h-m-p  0.0160 8.0000   0.0002 +++C  13505.812811  0 1.4580   327 | 0/3
 28 h-m-p  1.6000 8.0000   0.0002 ---C  13505.812811  0 0.0084   339 | 0/3
 29 h-m-p  0.0160 8.0000   0.0002 ------C 13505.812811  0 0.0000   354


t_NG = 2.32909	MLEs:  7.53535 1.95972 0.01087
Nucleotide-based analysis (approximate MLEs; use baseml to get proper MLEs):

dHKY (123-4):  0.21555  0.09213  1.35308  1.80513
kHKY (123-4):  2.87341  2.35469  5.94134  1.21825 (694 four-fold sites)

  19 vs.  17
  npatt=366 
Iterating by ming2
Initial: fx= 13409.862099
x=  1.93163  2.13076  0.03289

  1 h-m-p  0.0000 0.0394 2513.2884 CYC   13399.744370  2 0.0000    13 | 0/3
  2 h-m-p  0.0001 0.0278  85.0932 +++CYCYCC 13357.578041  5 0.0129    33 | 0/3
  3 h-m-p  0.7520 3.7598   0.3995 YC    13355.216937  1 0.3961    43 | 0/3
  4 h-m-p  0.0277 8.0000   5.7206 YCC   13353.951976  2 0.0446    55 | 0/3
  5 h-m-p  0.8778 8.0000   0.2904 +YYCCC 13347.580971  4 2.7429    71 | 0/3
  6 h-m-p  1.6000 8.0000   0.2483 CYC   13345.452337  2 1.7773    83 | 0/3
  7 h-m-p  0.6943 4.8631   0.6356 YCCCC 13344.109547  4 0.8364    99 | 0/3
  8 h-m-p  1.6000 8.0000   0.2611 CYC   13343.396774  2 2.7678   111 | 0/3
  9 h-m-p  1.6000 8.0000   0.2666 CC    13343.046134  1 0.5908   122 | 0/3
 10 h-m-p  0.5084 8.0000   0.3099 +YYC  13342.854097  2 1.7403   134 | 0/3
 11 h-m-p  1.6000 8.0000   0.1676 YC    13342.762702  1 3.9473   144 | 0/3
 12 h-m-p  1.6000 8.0000   0.1059 C     13342.760397  0 0.3292   153 | 0/3
 13 h-m-p  1.2828 8.0000   0.0272 C     13342.759780  0 1.4549   162 | 0/3
 14 h-m-p  1.6000 8.0000   0.0077 C     13342.759757  0 1.5189   171 | 0/3
 15 h-m-p  1.6000 8.0000   0.0016 Y     13342.759756  0 0.6571   180 | 0/3
 16 h-m-p  1.6000 8.0000   0.0005 -C    13342.759756  0 0.1587   190 | 0/3
 17 h-m-p  0.1904 8.0000   0.0004 -Y    13342.759756  0 0.0225   200 | 0/3
 18 h-m-p  0.0230 8.0000   0.0004 C     13342.759756  0 0.0057   209 | 0/3
 19 h-m-p  0.0160 8.0000   0.0004 ---Y  13342.759756  0 0.0001   221


t_NG = 2.32334	MLEs:  6.93565 2.01202 0.01072
Nucleotide-based analysis (approximate MLEs; use baseml to get proper MLEs):

dHKY (123-4):  0.20443  0.08871  9.00000  9.00000
kHKY (123-4):  2.49461  2.38491  0.00000  0.00000 (706 four-fold sites)

  19 vs.  18
  npatt=396 
Iterating by ming2
Initial: fx= 13642.773368
x=  2.36191  2.14379  0.05322

  1 h-m-p  0.0000 0.0000 2038.4568 YCCCCC 13628.661998  5 0.0000    19 | 0/3
  2 h-m-p  0.0003 0.0389  47.3325 +++YCCC 13613.707616  3 0.0119    36 | 0/3
  3 h-m-p  0.0180 0.0899  16.6705 CCCC  13610.945243  3 0.0194    51 | 0/3
  4 h-m-p  0.9327 8.0000   0.3465 YCYC  13605.611309  3 1.8975    64 | 0/3
  5 h-m-p  1.0484 5.2419   0.3425 YYYC  13603.461951  3 0.9564    76 | 0/3
  6 h-m-p  1.6000 8.0000   0.1968 CYCCC 13602.355740  4 2.8529    92 | 0/3
  7 h-m-p  1.3557 8.0000   0.4141 CYC   13601.031119  2 1.1497   104 | 0/3
  8 h-m-p  0.5475 4.5437   0.8695 CCCC  13599.957940  3 0.7918   119 | 0/3
  9 h-m-p  1.6000 8.0000   0.4064 YYY   13599.594475  2 1.3622   130 | 0/3
 10 h-m-p  0.9245 8.0000   0.5988 YYC   13598.748609  2 1.3476   141 | 0/3
 11 h-m-p  0.8210 5.0341   0.9829 YYCC  13598.265191  3 0.6773   154 | 0/3
 12 h-m-p  1.6000 8.0000   0.3409 CCC   13597.795069  2 1.7958   167 | 0/3
 13 h-m-p  1.6000 8.0000   0.0796 CC    13597.677365  1 0.4995   178 | 0/3
 14 h-m-p  0.0816 8.0000   0.4870 ++CYC 13597.210888  2 2.6339   192 | 0/3
 15 h-m-p  1.6000 8.0000   0.3725 ++    13596.910066  m 8.0000   201 | 0/3
 16 h-m-p  0.1426 0.7132  10.3633 CCC   13596.781864  2 0.0523   214 | 0/3
 17 h-m-p  1.6000 8.0000   0.0993 YC    13596.637685  1 1.2408   224 | 0/3
 18 h-m-p  1.6000 8.0000   0.0022 Y     13596.635425  0 1.2713   233 | 0/3
 19 h-m-p  0.0203 8.0000   0.1405 ++++C 13596.621827  0 5.1873   246 | 0/3
 20 h-m-p  1.6000 8.0000   0.0795 C     13596.618525  0 1.4745   255 | 0/3
 21 h-m-p  0.4727 8.0000   0.2480 Y     13596.617064  0 1.0672   264 | 0/3
 22 h-m-p  1.6000 8.0000   0.0220 C     13596.616914  0 1.5041   273 | 0/3
 23 h-m-p  1.4519 8.0000   0.0228 C     13596.616860  0 2.1221   282 | 0/3
 24 h-m-p  1.6000 8.0000   0.0266 -------C 13596.616860  0 0.0000   298 | 0/3
 25 h-m-p  0.0160 8.0000   0.0440 +Y    13596.616859  0 0.1036   308 | 0/3
 26 h-m-p  0.4771 8.0000   0.0095 ------Y 13596.616859  0 0.0000   323 | 0/3
 27 h-m-p  0.0160 8.0000   0.0043 ++C   13596.616858  0 0.2785   334 | 0/3
 28 h-m-p  0.1516 8.0000   0.0079 --------Y 13596.616858  0 0.0000   351 | 0/3
 29 h-m-p  0.0160 8.0000   0.0002 ++C   13596.616858  0 0.3827   362 | 0/3
 30 h-m-p  0.4081 8.0000   0.0002 ---------------..  | 0/3
 31 h-m-p  0.0160 8.0000   2.2318 -------------


t_NG = 2.32553	MLEs:  13.89996 1.95964 0.00620
Nucleotide-based analysis (approximate MLEs; use baseml to get proper MLEs):

dHKY (123-4):  0.24099  0.09585  1.08102  1.54905
kHKY (123-4):  2.93646  2.20817  3.74165  0.18645 (641 four-fold sites)
