
CODONML in paml version 4.10.10, 29 Jan 2026

----------------------------------------------
Phe F TTT | Ser S TCT | Tyr Y TAT | Cys C TGT
      TTC |       TCC |       TAC |       TGC
Leu L TTA |       TCA | *** * TAA | *** * TGA
      TTG |       TCG |       TAG | Trp W TGG
----------------------------------------------
Leu L CTT | Pro P CCT | His H CAT | Arg R CGT
      CTC |       CCC |       CAC |       CGC
      CTA |       CCA | Gln Q CAA |       CGA
      CTG |       CCG |       CAG |       CGG
----------------------------------------------
Ile I ATT | Thr T ACT | Asn N AAT | Ser S AGT
      ATC |       ACC |       AAC |       AGC
      ATA |       ACA | Lys K AAA | Arg R AGA
Met M ATG |       ACG |       AAG |       AGG
----------------------------------------------
Val V GTT | Ala A GCT | Asp D GAT | Gly G GGT
      GTC |       GCC |       GAC |       GGC
      GTA |       GCA | Glu E GAA |       GGA
      GTG |       GCG |       GAG |       GGG
----------------------------------------------
Nice code, uuh?
ns = 12  	ls = 7377
Reading sequences, sequential format..
Reading seq # 1: T3_Athene_cunic       
Reading seq # 2: T3_Callor_milii       
Reading seq # 3: T3_Danio_rerio       
Reading seq # 4: T3_Gallus_gallu       
Reading seq # 5: T3_Homo_sapie       
Reading seq # 6: T3_Latime_chalu       
Reading seq # 7: T3_Mus_muscu       
Reading seq # 8: T3_Nothob_furze       
Reading seq # 9: T3_Pogona_vitti       
Reading seq #10: T3_Rattus_norve       
Reading seq #11: T3_Xenopu_tropi       
Reading seq #12: T3_basal_Chilo       
Sequences read..
Counting site patterns..  0:00

Compressing,   2262 patterns at   2459 /   2459 sites (100.0%),  0:00

Collecting fpatt[] & pose[],   2262 patterns at   2459 /   2459 sites (100.0%),  0:00
1 ambiguous codons are seen in the data:
 ---
Counting codons..
NG distances for seqs.:
   1   2   3   4   5   6   7   8   9  10  11  12

      528 bytes for distance
  2207712 bytes for conP
        0 bytes for fhK
  5000000 bytes for space

TREE #  1
((2, 12), ((((1, 4), 9), (5, (7, 10))), 11), ((3, 8), 6));   MP score: -1
   1  116.749199
   2  106.223534
   3  105.673483
   4  105.576002
   5  105.571888
   6  105.571714
   7   88.567046
   8   86.595370
   9   86.336881
  10   86.302460
  11   86.294294
  12   86.293204
  13   86.293059
  14   86.293024
 11038560 bytes for conP, adjusted

    0.374346    0.200651    0.233339    0.000000    0.120603    0.060103    0.066354    0.112443    0.061500    0.279782    0.088955    0.085131    0.085673    0.024235    0.097567    0.457046    0.000000    0.074972    0.383270    0.285420    0.346910    2.479018    0.407898

ntime & nrate & np:    21     2    23

Bounds (np=23):
   0.000004   0.000004   0.000004   0.000004   0.000004   0.000004   0.000004   0.000004   0.000004   0.000004   0.000004   0.000004   0.000004   0.000004   0.000004   0.000004   0.000004   0.000004   0.000004   0.000004   0.000004   0.000100   0.000100
  50.000000  50.000000  50.000000  50.000000  50.000000  50.000000  50.000000  50.000000  50.000000  50.000000  50.000000  50.000000  50.000000  50.000000  50.000000  50.000000  50.000000  50.000000  50.000000  50.000000  50.000000 999.000000 999.000000

np =    23
lnL0 = -54993.694564

Iterating by ming2
Initial: fx= 54993.694564
x=  0.37435  0.20065  0.23334  0.00000  0.12060  0.06010  0.06635  0.11244  0.06150  0.27978  0.08895  0.08513  0.08567  0.02424  0.09757  0.45705  0.00000  0.07497  0.38327  0.28542  0.34691  2.47902  0.40790

  1 h-m-p  0.0000 0.0000 24026.7842 +YYYYYCYCCC 50567.550845 10 0.0000    42 | 0/23
  2 h-m-p  0.0001 0.0003 3138.2149 YCCCC 50442.886673  4 0.0000    75 | 0/23
  3 h-m-p  0.0000 0.0000 17571.6020 +YYCCCC 49781.943123  5 0.0000   110 | 0/23
  4 h-m-p  0.0001 0.0003 2799.4365 YCC   49678.620690  2 0.0001   139 | 0/23
  5 h-m-p  0.0001 0.0003 940.5809 YCCCC 49622.352939  4 0.0001   172 | 0/23
  6 h-m-p  0.0001 0.0004 1047.2271 CCCC  49587.439019  3 0.0001   204 | 0/23
  7 h-m-p  0.0001 0.0006 613.7745 CCCC  49569.023393  3 0.0002   236 | 0/23
  8 h-m-p  0.0003 0.0032 386.9687 CCC   49552.712827  2 0.0004   266 | 0/23
  9 h-m-p  0.0005 0.0049 294.2642 CCC   49537.156571  2 0.0007   296 | 0/23
 10 h-m-p  0.0005 0.0031 366.9330 YCC   49528.271158  2 0.0004   325 | 0/23
 11 h-m-p  0.0007 0.0034 191.5057 YC    49525.652378  1 0.0003   352 | 0/23
 12 h-m-p  0.0004 0.0064 128.9255 CCC   49522.971982  2 0.0006   382 | 0/23
 13 h-m-p  0.0005 0.0042 148.9441 YC    49521.827548  1 0.0003   409 | 0/23
 14 h-m-p  0.0006 0.0106  69.1421 CC    49521.065363  1 0.0005   437 | 0/23
 15 h-m-p  0.0023 0.0359  14.0100 CC    49520.010060  1 0.0023   465 | 0/23
 16 h-m-p  0.0008 0.0118  43.5958 YC    49516.473494  1 0.0014   492 | 0/23
 17 h-m-p  0.0009 0.0221  69.0116 +CCC  49491.630317  2 0.0033   523 | 0/23
 18 h-m-p  0.0050 0.0368  45.0895 CYCC  49382.044704  3 0.0060   554 | 0/23
 19 h-m-p  0.0011 0.0055 139.3067 CCC   49368.978533  2 0.0012   584 | 0/23
 20 h-m-p  0.0042 0.0492  40.6928 CC    49367.644859  1 0.0016   612 | 0/23
 21 h-m-p  0.0040 0.0503  16.2367 YC    49367.241310  1 0.0021   639 | 0/23
 22 h-m-p  0.0281 0.9490   1.1980 ++YCC 49319.724638  2 0.3643   670 | 0/23
 23 h-m-p  0.0023 0.0114 129.7806 CCCC  49265.348283  3 0.0030   702 | 0/23
 24 h-m-p  0.0015 0.0073 137.4710 YCCC  49217.167241  3 0.0035   733 | 0/23
 25 h-m-p  0.2627 1.3137   1.0095 YC    49214.797771  1 0.1187   760 | 0/23
 26 h-m-p  0.0130 0.2896   9.2236 +CYC  49179.708892  2 0.0531   790 | 0/23
 27 h-m-p  1.6000 8.0000   0.1267 CCC   49172.844460  2 1.8264   820 | 0/23
 28 h-m-p  1.6000 8.0000   0.0788 YCC   49171.619300  2 1.1830   872 | 0/23
 29 h-m-p  1.6000 8.0000   0.0320 YC    49171.084827  1 1.2382   922 | 0/23
 30 h-m-p  1.6000 8.0000   0.0191 CC    49170.614951  1 2.0616   973 | 0/23
 31 h-m-p  1.6000 8.0000   0.0226 YC    49170.012096  1 3.5726  1023 | 0/23
 32 h-m-p  1.6000 8.0000   0.0184 +YC   49168.258723  1 6.9611  1074 | 0/23
 33 h-m-p  1.6000 8.0000   0.0254 CC    49167.718955  1 1.8631  1125 | 0/23
 34 h-m-p  1.6000 8.0000   0.0248 C     49167.514126  0 1.6100  1174 | 0/23
 35 h-m-p  1.6000 8.0000   0.0106 CC    49167.463997  1 1.4378  1225 | 0/23
 36 h-m-p  1.6000 8.0000   0.0058 YC    49167.456377  1 1.1634  1275 | 0/23
 37 h-m-p  1.6000 8.0000   0.0012 Y     49167.455413  0 1.2342  1324 | 0/23
 38 h-m-p  1.6000 8.0000   0.0005 C     49167.455260  0 1.6555  1373 | 0/23
 39 h-m-p  1.6000 8.0000   0.0002 C     49167.455240  0 1.4910  1422 | 0/23
 40 h-m-p  1.6000 8.0000   0.0001 C     49167.455234  0 1.5034  1471 | 0/23
 41 h-m-p  1.6000 8.0000   0.0000 C     49167.455234  0 1.4788  1520 | 0/23
 42 h-m-p  1.6000 8.0000   0.0000 C     49167.455234  0 1.6000  1569 | 0/23
 43 h-m-p  1.6000 8.0000   0.0000 C     49167.455234  0 1.3173  1618 | 0/23
 44 h-m-p  1.6000 8.0000   0.0000 --C   49167.455234  0 0.0250  1669
Out..
lnL  = -49167.455234
1670 lfun, 1670 eigenQcodon, 35070 P(t)
