
CODONML in paml version 4.10.10, 29 Jan 2026

----------------------------------------------
Phe F TTT | Ser S TCT | Tyr Y TAT | Cys C TGT
      TTC |       TCC |       TAC |       TGC
Leu L TTA |       TCA | *** * TAA | *** * TGA
      TTG |       TCG |       TAG | Trp W TGG
----------------------------------------------
Leu L CTT | Pro P CCT | His H CAT | Arg R CGT
      CTC |       CCC |       CAC |       CGC
      CTA |       CCA | Gln Q CAA |       CGA
      CTG |       CCG |       CAG |       CGG
----------------------------------------------
Ile I ATT | Thr T ACT | Asn N AAT | Ser S AGT
      ATC |       ACC |       AAC |       AGC
      ATA |       ACA | Lys K AAA | Arg R AGA
Met M ATG |       ACG |       AAG |       AGG
----------------------------------------------
Val V GTT | Ala A GCT | Asp D GAT | Gly G GGT
      GTC |       GCC |       GAC |       GGC
      GTA |       GCA | Glu E GAA |       GGA
      GTG |       GCG |       GAG |       GGG
----------------------------------------------
Nice code, uuh?
ns = 19  	ls = 7377
Reading sequences, sequential format..
Reading seq # 1: T3_Athene_cunic       
Reading seq # 2: T3_Callor_milii       
Reading seq # 3: T3_Copsyc_seche       
Reading seq # 4: T3_Danio_rerio       
Reading seq # 5: T3_Echino_cooke       
Reading seq # 6: T3_Gallus_gallu       
Reading seq # 7: T3_Homo_sapie       
Reading seq # 8: T3_Hymeno_boett       
Reading seq # 9: T3_Latime_chalu       
Reading seq #10: T3_Mus_muscu       
Reading seq #11: T3_Nothob_furze       
Reading seq #12: T3_Pogona_vitti       
Reading seq #13: T3_Rattus_norve       
Reading seq #14: T3_Saguin_oedip       
Reading seq #15: T3_Sousa_chine       
Reading seq #16: T3_Spheno_punct       
Reading seq #17: T3_Spizel_passe       
Reading seq #18: T3_Xenopu_tropi       
Reading seq #19: T3_basal_Chilo       
Sequences read..
Counting site patterns..  0:00

Compressing,   2347 patterns at   2459 /   2459 sites (100.0%),  0:00

Collecting fpatt[] & pose[],   2347 patterns at   2459 /   2459 sites (100.0%),  0:00
2 ambiguous codons are seen in the data:
 --- NNN
Counting codons..
NG distances for seqs.:
   1   2   3   4   5   6   7   8   9  10  11  12  13  14  15  16  17  18  19

     1368 bytes for distance
  2290672 bytes for conP
        0 bytes for fhK
  5000000 bytes for space

TREE #  1
((2, (5, 19)), (((((1, (3, 17)), 6), (12, 16)), (((7, 14), 15), (10, 13))), (8, 18)), ((4, 11), 9));   MP score: -1
   1  175.597243
   2  154.940840
   3  153.539149
   4  153.099143
   5  153.085237
   6  153.080837
   7  153.080778
 19470712 bytes for conP, adjusted

    0.416089    0.145715    0.140520    0.078704    0.090061    0.000000    0.211622    0.082677    0.094980    0.073675    0.105731    0.078657    0.041107    0.076052    0.115921    0.108539    0.264157    0.080353    0.105564    0.040417    0.086196    0.067991    0.077734    0.075746    0.057287    0.068825    0.043650    0.336795    0.145536    0.191458    0.005866    0.082449    0.369656    0.257062    0.322200    1.976107    0.376613

ntime & nrate & np:    35     2    37

Bounds (np=37):
   0.000004   0.000004   0.000004   0.000004   0.000004   0.000004   0.000004   0.000004   0.000004   0.000004   0.000004   0.000004   0.000004   0.000004   0.000004   0.000004   0.000004   0.000004   0.000004   0.000004   0.000004   0.000004   0.000004   0.000004   0.000004   0.000004   0.000004   0.000004   0.000004   0.000004   0.000004   0.000004   0.000004   0.000004   0.000004   0.000100   0.000100
  50.000000  50.000000  50.000000  50.000000  50.000000  50.000000  50.000000  50.000000  50.000000  50.000000  50.000000  50.000000  50.000000  50.000000  50.000000  50.000000  50.000000  50.000000  50.000000  50.000000  50.000000  50.000000  50.000000  50.000000  50.000000  50.000000  50.000000  50.000000  50.000000  50.000000  50.000000  50.000000  50.000000  50.000000  50.000000 999.000000 999.000000

np =    37
lnL0 = -69111.916569

Iterating by ming2
Initial: fx= 69111.916569
x=  0.41609  0.14572  0.14052  0.07870  0.09006  0.00000  0.21162  0.08268  0.09498  0.07368  0.10573  0.07866  0.04111  0.07605  0.11592  0.10854  0.26416  0.08035  0.10556  0.04042  0.08620  0.06799  0.07773  0.07575  0.05729  0.06883  0.04365  0.33679  0.14554  0.19146  0.00587  0.08245  0.36966  0.25706  0.32220  1.97611  0.37661

  1 h-m-p  0.0000 0.0000 18628.3331 +YYYYYCYCCC 63738.002932 10 0.0000    56 | 0/37
  2 h-m-p  0.0000 0.0002 4836.7441 YCCCCC 63558.404154  5 0.0000   105 | 0/37
  3 h-m-p  0.0000 0.0001 8912.7522 +CYCCC 62807.524241  4 0.0000   153 | 0/37
  4 h-m-p  0.0000 0.0001 1830.4873 +YYCCCC 62695.586479  5 0.0001   202 | 0/37
  5 h-m-p  0.0001 0.0003 2092.6947 CCC   62636.123307  2 0.0001   246 | 0/37
  6 h-m-p  0.0001 0.0003 1618.7794 CC    62602.775735  1 0.0001   288 | 0/37
  7 h-m-p  0.0001 0.0003 979.6348 CCCC  62579.648508  3 0.0001   334 | 0/37
  8 h-m-p  0.0001 0.0004 714.8207 CCC   62568.807144  2 0.0001   378 | 0/37
  9 h-m-p  0.0002 0.0008 349.4631 YCC   62564.128704  2 0.0001   421 | 0/37
 10 h-m-p  0.0002 0.0025 274.5375 CCC   62561.257160  2 0.0001   465 | 0/37
 11 h-m-p  0.0002 0.0018 233.2334 YC    62559.863322  1 0.0001   506 | 0/37
 12 h-m-p  0.0003 0.0039  82.1092 YC    62559.349241  1 0.0002   547 | 0/37
 13 h-m-p  0.0002 0.0049  71.1621 CC    62559.032297  1 0.0002   589 | 0/37
 14 h-m-p  0.0001 0.0090  93.9244 YC    62558.870149  1 0.0001   630 | 0/37
 15 h-m-p  0.0002 0.0081  51.4864 CC    62558.713128  1 0.0002   672 | 0/37
 16 h-m-p  0.0002 0.0140  46.1484 C     62558.548667  0 0.0002   712 | 0/37
 17 h-m-p  0.0002 0.0064  49.5549 YC    62558.408209  1 0.0002   753 | 0/37
 18 h-m-p  0.0002 0.0114  44.7705 CC    62558.169092  1 0.0002   795 | 0/37
 19 h-m-p  0.0003 0.0066  38.7382 CC    62557.690477  1 0.0003   837 | 0/37
 20 h-m-p  0.0001 0.0095 101.9232 +CC   62553.751591  1 0.0007   880 | 0/37
 21 h-m-p  0.0006 0.0038 127.1639 YC    62550.894638  1 0.0003   921 | 0/37
 22 h-m-p  0.0003 0.0022 136.9245 CCC   62544.057381  2 0.0004   965 | 0/37
 23 h-m-p  0.0004 0.0028 154.8156 YC    62524.555272  1 0.0006  1006 | 0/37
 24 h-m-p  0.0002 0.0015 366.9873 CCC   62489.109081  2 0.0003  1050 | 0/37
 25 h-m-p  0.0002 0.0011 389.4866 CC    62457.841871  1 0.0003  1092 | 0/37
 26 h-m-p  0.0004 0.0023 287.1778 CCC   62437.469965  2 0.0004  1136 | 0/37
 27 h-m-p  0.0002 0.0010 431.6703 CCC   62428.378650  2 0.0002  1180 | 0/37
 28 h-m-p  0.0006 0.0066 122.3714 YCC   62425.871533  2 0.0004  1223 | 0/37
 29 h-m-p  0.0006 0.0076  82.7621 YC    62425.068973  1 0.0003  1264 | 0/37
 30 h-m-p  0.0007 0.0238  39.4144 YC    62424.751728  1 0.0005  1305 | 0/37
 31 h-m-p  0.0002 0.0088 102.3604 CC    62424.392889  1 0.0002  1347 | 0/37
 32 h-m-p  0.0018 0.0247  13.1813 CC    62424.303172  1 0.0006  1389 | 0/37
 33 h-m-p  0.0008 0.0595  10.0402 YC    62424.006722  1 0.0017  1430 | 0/37
 34 h-m-p  0.0012 0.0194  13.7763 YC    62422.543238  1 0.0022  1471 | 0/37
 35 h-m-p  0.0007 0.0325  46.0665 +YCCC 62395.613229  3 0.0052  1517 | 0/37
 36 h-m-p  0.0006 0.0030 154.7670 CCC   62377.247923  2 0.0007  1561 | 0/37
 37 h-m-p  0.0006 0.0076 201.1471 +YYC  62308.097286  2 0.0019  1604 | 0/37
 38 h-m-p  0.0035 0.0175  37.9087 CC    62307.508521  1 0.0008  1646 | 0/37
 39 h-m-p  0.0583 2.5124   0.5213 +CC   62303.831278  1 0.2167  1689 | 0/37
 40 h-m-p  0.0068 0.1741  16.5112 YCCC  62275.192697  3 0.0166  1771 | 0/37
 41 h-m-p  1.6000 8.0000   0.1046 YYCC  62263.208730  3 1.4458  1815 | 0/37
 42 h-m-p  1.6000 8.0000   0.0491 CC    62259.676697  1 1.6701  1894 | 0/37
 43 h-m-p  1.6000 8.0000   0.0275 CYC   62258.204959  2 1.8285  1974 | 0/37
 44 h-m-p  1.6000 8.0000   0.0186 CC    62257.556971  1 2.3760  2053 | 0/37
 45 h-m-p  1.6000 8.0000   0.0147 CC    62257.408370  1 1.9582  2132 | 0/37
 46 h-m-p  1.6000 8.0000   0.0044 CC    62257.364939  1 2.1314  2211 | 0/37
 47 h-m-p  1.6000 8.0000   0.0020 C     62257.358530  0 1.4936  2288 | 0/37
 48 h-m-p  1.6000 8.0000   0.0008 Y     62257.356983  0 2.5626  2365 | 0/37
 49 h-m-p  1.6000 8.0000   0.0007 C     62257.356313  0 2.3023  2442 | 0/37
 50 h-m-p  1.6000 8.0000   0.0002 C     62257.356248  0 1.5916  2519 | 0/37
 51 h-m-p  1.6000 8.0000   0.0001 C     62257.356241  0 1.9742  2596 | 0/37
 52 h-m-p  1.6000 8.0000   0.0000 C     62257.356239  0 1.5916  2673 | 0/37
 53 h-m-p  1.6000 8.0000   0.0000 C     62257.356239  0 1.3178  2750 | 0/37
 54 h-m-p  1.6000 8.0000   0.0000 C     62257.356239  0 1.6000  2827 | 0/37
 55 h-m-p  1.6000 8.0000   0.0000 C     62257.356239  0 1.6000  2904 | 0/37
 56 h-m-p  1.6000 8.0000   0.0000 C     62257.356239  0 1.6000  2981 | 0/37
 57 h-m-p  1.6000 8.0000   0.0000 ---------Y 62257.356239  0 0.0000  3067
Out..
lnL  = -62257.356239
3068 lfun, 3068 eigenQcodon, 107380 P(t)
