IQ-TREE multicore version 2.3.6 for MacOS ARM 64-bit built Jul 30 2024
Developed by Bui Quang Minh, Nguyen Lam Tung, Olga Chernomor, Heiko Schmidt,
Dominik Schrempf, Michael Woodhams, Ly Trong Nhan, Thomas Wong

Host:    MacBookPro.lan (SSE4.2, 32 GB RAM)
Command: iqtree2 -s /Users/george/claude_test/ip3r_genes/results/phylogeny/input.fasta --prefix /Users/george/claude_test/ip3r_genes/results/phylogeny/au/H2_13 -m Q.insect+R7 -g /Users/george/claude_test/ip3r_genes/results/phylogeny/au/H2_13.constraint.nwk -T 3 -seed 42
Seed:    42 (Using SPRNG - Scalable Parallel Random Number Generator)
Time:    Sun Sep  6 21:55:20 2026
Kernel:  SSE2 - 3 threads (10 CPU cores detected)

Reading alignment file /Users/george/claude_test/ip3r_genes/results/phylogeny/input.fasta ... Fasta format detected
Reading fasta file: done in 0.00267506 secs using 88.48% CPU
Alignment most likely contains protein sequences
Alignment has 134 sequences with 1797 columns, 1796 distinct patterns
1739 parsimony-informative, 36 singleton sites, 22 constant sites
                                                                        Gap/Ambiguity  Composition  p-value
Analyzing sequences: done in 0.000491142 secs using 130.1% CPU
   1  ITPR1_Apteryx_mantelli_North_Island_brown_ki_A0ABM4F3U0                   2.39%    passed     99.69%
   2  ITPR1_Bos_taurus_Bovine_Q9TU34                                            2.45%    passed     99.77%
   3  ITPR1_Chanos_chanos_Milkfish_Mugil_chanos_A0A6J2VNY7                      2.39%    passed     88.69%
   4  ITPR1_Chanos_chanos_Milkfish_Mugil_chanos_A0A6J2VJN0                      2.39%    passed     99.39%
   5  ITPR1_Danio_rerio_Zebrafish_Brachydanio_reri_A0A8M2BDG0                   2.50%    passed     82.05%
   6  ITPR1_Danio_rerio_Zebrafish_Brachydanio_reri_A0AC58JVG8                   2.50%    passed     82.05%
   7  ITPR1_Danio_rerio_Zebrafish_Brachydanio_reri_A0AB32U288                   2.45%    passed     99.00%
   8  ITPR1_Gallus_gallus_Chicken_A0A8V0ZJT0                                    2.39%    passed     99.72%
   9  ITPR1_Homo_sapiens_Human_Q14643                                           2.39%    passed     99.76%
  10  ITPR1_Latimeria_chalumnae_Coelacanth_H3A1P5                               3.84%    passed     99.97%
  11  ITPR1_Mus_musculus_Mouse_P11881                                           2.39%    passed     99.80%
  12  ITPR1_Podarcis_muralis_Wall_lizard_Lacerta_m_A0A670JBK6                   2.39%    passed     99.85%
  13  ITPR1_Salarias_fasciatus_Jewelled_blenny_Ble_A0A672IUQ7                   2.39%    passed     99.59%
  14  ITPR1_Somniosus_microcephalus_GCF_052327205.1_ITPR1_147905519             2.78%    passed     99.75%
  15  ITPR1_Xenopus_tropicalis_Western_clawed_frog_A0A8J0T3U5                   2.50%    passed     99.46%
  16  ITPR2_Astatotilapia_calliptera_Eastern_river_A0AAX7UHL1                   2.67%    passed     94.09%
  17  ITPR2_Danio_rerio_Zebrafish_Brachydanio_reri_A0A8M9PQQ3                   2.50%    passed     99.17%
  18  ITPR2_Echinorhinus_cookei_GCA_057876775.1_ITPR2_17288896                  2.45%    passed     99.72%
  19  ITPR2_Gallus_gallus_Chicken_F1P1X4                                        2.62%    passed     99.06%
  20  ITPR2_Gekko_japonicus_Schlegel_s_Japanese_ge_A0ABM1LG32                   2.62%    passed     99.77%
  21  ITPR2_Homo_sapiens_Human_Q14571                                           2.62%    passed     99.82%
  22  ITPR2_Mus_musculus_Mouse_Q9Z329                                           2.62%    passed     99.52%
  23  ITPR2_Nibea_albiflora_GCA_014281875.1_ITPR2_12447838                      2.78%    passed     99.16%
  24  ITPR2_Rattus_norvegicus_Rat_P29995                                        2.62%    passed     99.88%
  25  ITPR2_Strigops_habroptila_Kakapo_A0A672UP22                               2.62%    passed     98.37%
  26  ITPR2_Xenopus_tropicalis_Western_clawed_frog_A0A6I8RGU0                   2.56%    passed     99.37%
  27  ITPR3_Athene_cunicularia_Burrowing_owl_Speot_A0A663MIF9                   2.62%    passed     96.64%
  28  ITPR3_Callorhinchus_milii_Ghost_shark_A0A4W3GWE7                          4.34%    passed     88.82%
  29  ITPR3_Copsychus_sechellarum_GCA_054084135.1_ITPR3_2574051                 2.56%    passed     93.94%
  30  ITPR3_Danio_rerio_Zebrafish_Brachydanio_reri_A0A8M6Z266                   2.95%    passed     85.54%
  31  ITPR3_Echinorhinus_cookei_GCA_057876775.1_ITPR3_46076206                  4.34%    passed     98.44%
  32  ITPR3_Gallus_gallus_Chicken_A0A8V1ACE6                                    2.62%    passed     96.02%
  33  ITPR3_Homo_sapiens_Human_Q14573                                           2.62%    passed     99.97%
  34  ITPR3_Hymenochirus_boettgeri_GCA_019447015.1_ITPR3_126480658              2.73%    passed     98.62%
  35  ITPR3_Latimeria_chalumnae_Coelacanth_H3B932                               2.67%    passed    100.00%
  36  ITPR3_Mus_musculus_Mouse_P70227                                           2.67%    passed     99.58%
  37  ITPR3_Nothobranchius_furzeri_Turquoise_killi_A0A8C6KWV8                   2.95%    passed     91.80%
  38  ITPR3_Pogona_vitticeps_central_bearded_drago_A0A6J0TV85                   2.62%    passed     96.99%
  39  ITPR3_Rattus_norvegicus_Rat_Q63269                                        2.67%    passed     99.45%
  40  ITPR3_Saguinus_oedipus_GCA_031835075.1_ITPR3_43596197                     2.62%    passed     99.93%
  41  ITPR3_Sousa_chinensis_GCA_007760645.1_ITPR3_5949234                       2.62%    passed     99.84%
  42  ITPR3_Sphenodon_punctatus_GCA_003113815.1_ITPR3_3264626                   2.62%    passed     98.94%
  43  ITPR3_Spizella_passerina_GCA_056776345.1_ITPR3_2783550                    2.56%    passed     94.51%
  44  ITPR3_Xenopus_tropicalis_Western_clawed_frog_A0A8J0SYK9                   2.62%    passed     99.39%
  45  vertebrate_basal_Callorhinchus_milii_Ghost_shark_A0A4W3JHJ0               4.79%    passed     99.78%
  46  vertebrate_basal_Callorhinchus_milii_Ghost_shark_A0A4W3IQL0               4.56%    passed     99.91%
  47  vertebrate_basal_Callorhinchus_milii_Ghost_shark_A0A4W3JQ24               2.73%    passed     99.76%
  48  vertebrate_basal_Chiloscyllium_punctatum_Brownbanded_ba_A0A401SQC9        5.01%    passed     99.99%
  49  vertebrate_basal_Chiloscyllium_punctatum_Brownbanded_ba_A0A401S8Q3        7.68%    passed     98.35%
  50  vertebrate_basal_Chiloscyllium_punctatum_Brownbanded_ba_A0A401RNU3       22.87%    passed     98.24%
  51  vertebrate_basal_Latimeria_chalumnae_GCF_037176945.1_ITPR1_35775795       4.34%    passed     99.97%
  52  vertebrate_basal_Myxine_glutinosa_GCF_964187855.1_ITPR1_86116883          2.73%    passed     89.06%
  53  vertebrate_basal_Myxine_glutinosa_GCF_964187855.1_ITPR1_122839381         2.56%    passed      6.59%
  54  vertebrate_basal_Myxine_glutinosa_GCF_964187855.1_ITPR1_297520938         2.45%    passed     83.71%
  55  vertebrate_basal_Petromyzon_marinus_Sea_lamprey_A0AAJ7U4X1                2.39%    passed     65.45%
  56  vertebrate_basal_Petromyzon_marinus_Sea_lamprey_A0ACM8BRT5                2.39%    passed     67.00%
  57  vertebrate_basal_Petromyzon_marinus_Sea_lamprey_A0ACM8C056                2.45%    passed     90.29%
  58  invert_metazoa_Actinia_tenebrosa_Australian_red_warat_A0A6P8IUM8          2.62%    passed    100.00%
  59  invert_metazoa_Amphimedon_queenslandica_Sponge_A0AAN0JIF7                 4.28%    passed     92.98%
  60  invert_metazoa_Araneus_ventricosus_Orbweaver_spider_E_A0A4Y2F2N2          2.39%    passed     97.38%
  61  invert_metazoa_Brachionus_calyciflorus_A0A813MP72                         2.45%    failed      0.01%
  62  invert_metazoa_Branchiostoma_lanceolatum_Common_lance_A0A8K0A0Y4          2.45%    passed     98.46%
  63  invert_metazoa_Bugula_neritina_Brown_bryozoan_Sertula_A0A7J7J401         43.07%    failed      0.95%
  64  invert_metazoa_Caenorhabditis_elegans_Q9Y0A1                              3.23%    passed     91.65%
  65  invert_metazoa_Capitella_teleta_Polychaete_worm_R7TPX0                    3.45%    passed     99.77%
  66  invert_metazoa_Convolutriloba_macropyga_GCF_964194025.1_copy1_11915090    4.01%    passed     97.74%
  67  invert_metazoa_Dicyema_japonicum_GCA_011109175.1_copy1_1388155            6.62%    failed      0.00%
  68  invert_metazoa_Dimorphilus_gyrociliatus_GCA_904063045.1_copy4_2597059    11.85%    passed      7.69%
  69  invert_metazoa_Dimorphilus_gyrociliatus_GCA_904063045.1_copy1_1267705     3.73%    passed     87.48%
  70  invert_metazoa_Dimorphilus_gyrociliatus_GCA_904063045.1_copy5_3583648    10.63%    failed      0.96%
  71  invert_metazoa_Dimorphilus_gyrociliatus_GCA_904063045.1_copy2_131952     10.35%    passed     29.41%
  72  invert_metazoa_Drosophila_melanogaster_Fruit_fly_P29993                   2.95%    passed     99.75%
  73  invert_metazoa_Dugesia_japonica_Planarian_R9S1J3                          3.51%    passed      9.30%
  74  invert_metazoa_Dysidea_avara_GCF_963678975.1_copy7_13836631              13.86%    failed      1.68%
  75  invert_metazoa_Dysidea_avara_GCF_963678975.1_copy5_27474136              14.80%    passed     29.78%
  76  invert_metazoa_Dysidea_avara_GCF_963678975.1_copy2_7972063               15.58%    passed     57.78%
  77  invert_metazoa_Dysidea_avara_GCF_963678975.1_copy6_5305343               17.75%    failed      0.72%
  78  invert_metazoa_Epiperipatus_broadwayi_GCA_028023455.1_copy1_8600421       6.18%    passed     98.64%
  79  invert_metazoa_Fasciola_hepatica_Liver_fluke_A0A4E0RYC0                   5.95%    failed      0.01%
  80  invert_metazoa_Flaccisagitta_enflata_GCA_965153355.1_copy1_35611522       8.51%    passed     73.27%
  81  invert_metazoa_Gordionus_wolterstorffii_GCA_976986565.1_copy1_11909076    4.62%    failed      0.18%
  82  invert_metazoa_Hirondellea_gigas_A0A6A7G5P7                               2.39%    passed     99.16%
  83  invert_metazoa_Hypsibius_exemplaris_Freshwater_tardig_A0A1W0X7L5          3.12%    passed     47.94%
  84  invert_metazoa_Intoshia_linei_GCA_001642005.1_copy1_548                  44.80%    failed      0.00%
  85  invert_metazoa_Lepidodermella_squamata_GCA_047495785.1_copy1_1478289      9.63%    passed     10.45%
  86  invert_metazoa_Limulus_polyphemus_Atlantic_horseshoe__A0ABM1SEU6          2.39%    passed     98.22%
  87  invert_metazoa_Lingula_anatina_Brachiopod_Lingula_ung_A0A1S3JYY5          8.96%    passed     98.73%
  88  invert_metazoa_Littorina_saxatilis_A0AAN9BAK1                             2.56%    passed     99.43%
  89  invert_metazoa_Macrostomum_lignano_GCA_002269645.1_copy10_370736          9.91%    passed     27.30%
  90  invert_metazoa_Macrostomum_lignano_GCA_002269645.1_copy8_50053            9.91%    passed     30.65%
  91  invert_metazoa_Macrostomum_lignano_GCA_002269645.1_copy5_191213          10.02%    passed     78.36%
  92  invert_metazoa_Macrostomum_lignano_GCA_002269645.1_copy2_9986             2.50%    passed     36.11%
  93  invert_metazoa_Mnemiopsis_leidyi_Sea_walnut_Warty_com_A0ACF8YJ40          3.06%    passed     98.06%
  94  invert_metazoa_Mytilus_coruscus_Sea_mussel_A0A6J7ZY28                    10.07%    passed     16.47%
  95  invert_metazoa_Neoechinorhynchus_agilis_GCA_051530055.1_copy1_5945861    70.62%    passed     16.64%
  96  invert_metazoa_Patiria_pectinifera_Starfish_Asterina__Q8WSR4              2.78%    passed     99.75%
  97  invert_metazoa_Phallusia_mammillata_A0A6F9DES0                            2.67%    passed     91.87%
  98  invert_metazoa_Phoronis_australis_GCA_055505105.1_copy2_18943062          9.96%    failed      1.90%
  99  invert_metazoa_Raillietiella_orientalis_GCA_036172245.1_copy1_155838     12.74%    passed     65.66%
 100  invert_metazoa_Saccoglossus_kowalevskii_Acorn_worm_A0ACM8C709            10.74%    failed      1.98%
 101  invert_metazoa_Trichinella_britovi_Parasitic_roundwor_A0A0V1CUW8          4.67%    passed     97.82%
 102  invert_metazoa_Trichoplax_adhaerens_Trichoplax_reptan_B3RUD1             11.69%    passed      8.90%
 103  invert_metazoa_Tubiluchus_corallicola_GCA_030141605.1_copy1_290621       38.95%    passed     51.81%
 104  invert_metazoa_Tubulanus_polymorphus_GCF_964204645.1_copy2_7918633       10.74%    passed     10.78%
 105  plant_Chlamydomonas_reinhardtii_Chlamydomona_A0A2K3CTW4                  10.96%    failed      0.00%
 106  plant_Cymbomonas_tetramitiformis_A0AAE0G204                               8.51%    failed      0.71%
 107  plant_Volvox_carteri_f._nagariensis_D8UKJ4                               14.86%    failed      0.00%
 108  protist_Acanthamoeba_castellanii_strain_ATCC_3_L8GF85                    10.13%    passed     10.35%
 109  protist_Aphanomyces_stellatus_A0A485LKV7                                  9.57%    failed      0.20%
 110  protist_Aureococcus_anophagefferens_GCF_000186865.1_copy2_139898         14.91%    failed      0.01%
 111  protist_Dictyostelium_discoideum_Social_amoeba_Q9NA13                    11.85%    failed      0.00%
 112  protist_Fonticula_alba_Slime_mold_A0A058ZDJ2                              7.90%    failed      0.00%
 113  protist_Leishmania_martiniquensis_A0A836HD65                             12.19%    failed      0.00%
 114  protist_Naegleria_fowleri_Brain_eating_amoeba_A0A6A5C2J4                 11.57%    failed      0.00%
 115  protist_Naegleria_lovaniensis_Amoeba_A0AA88KEU5                           9.18%    failed      0.00%
 116  protist_Paratrimastix_pyriformis_A0ABQ8UZM6                              14.80%    failed      0.00%
 117  protist_Prymnesium_parvum_Toxic_golden_alga_A0AB34K5R9                   14.13%    passed      5.75%
 118  protist_Saprolegnia_diclina_strain_VS20_T0QLN2                            9.24%    failed      0.00%
 119  protist_Stentor_coeruleus_GCA_001970955.1_copy5_35430                    11.46%    failed      0.00%
 120  protist_Stentor_coeruleus_GCA_001970955.1_copy3_5764                     13.58%    failed      0.00%
 121  protist_Stentor_coeruleus_GCA_001970955.1_copy2_370                      13.19%    failed      0.00%
 122  protist_Stentor_coeruleus_GCA_001970955.1_copy1_8516                     12.24%    failed      0.00%
 123  protist_Stylonychia_lemnae_Ciliate_A0A078ASZ8                            11.41%    failed      0.00%
 124  protist_Triparma_laevis_f._longispina_A0A9W7DWA0                          7.74%    failed      0.21%
 125  protist_Triparma_retinervis_A0A9W7AFH6                                   11.69%    failed      0.01%
 126  protist_Vermamoeba_vermiformis_GCA_020696425.1_copy1_85472               10.07%    passed     20.60%
 127  fungi_Entomophthora_muscae_A0ACC2TPX2                                    11.52%    failed      0.14%
 128  fungi_Jimgerdemannia_flammicorona_A0A433QY11                             12.63%    failed      1.18%
 129  RYR_Caenorhabditis_elegans_Q94279                                        11.74%    passed      8.74%
 130  RYR_Drosophila_melanogaster_Fruit_fly_Q24498                             11.74%    passed      7.77%
 131  RYR_Hemicentrotus_pulcherrimus_Sea_urchin__Q8TA74                        11.46%    failed      1.51%
 132  RYR_Homo_sapiens_Human_P21817                                            11.74%    failed      0.01%
 133  RYR_Homo_sapiens_Human_Q92736                                            11.41%    failed      0.75%
 134  RYR_Homo_sapiens_Human_Q15413                                            11.85%    failed      1.06%
WARNING: 1 sequences contain more than 50% gaps/ambiguity
****  TOTAL                                                                     7.69%  36 sequences failed composition chi2 test (p-value<5%; df=19)
Reading constraint tree /Users/george/claude_test/ip3r_genes/results/phylogeny/au/H2_13.constraint.nwk...
WARNING: Rooted constraint tree will be treated as unrooted tree
Creating fast initial parsimony tree by random order stepwise addition...
1.176 seconds, parsimony score: 46991 (based on 1775 sites)

NOTE: 263 MB RAM (0 GB) is required!
Estimate model parameters (epsilon = 0.100)
1. Initial log-likelihood: -220376.732
2. Current log-likelihood: -216364.436
3. Current log-likelihood: -216278.515
4. Current log-likelihood: -216260.483
5. Current log-likelihood: -216255.542
6. Current log-likelihood: -216253.075
7. Current log-likelihood: -216250.651
8. Current log-likelihood: -216247.377
9. Current log-likelihood: -216242.531
10. Current log-likelihood: -216235.403
11. Current log-likelihood: -216226.567
12. Current log-likelihood: -216219.402
13. Current log-likelihood: -216216.102
14. Current log-likelihood: -216215.110
15. Current log-likelihood: -216214.854
Optimal log-likelihood: -216214.791
Site proportion and rates:  (0.056,0.075) (0.168,0.269) (0.274,0.499) (0.243,0.909) (0.155,1.573) (0.080,2.694) (0.024,5.730)
Parameters optimization took 15 rounds (306.714 sec)
Wrote distance file to... 
--------------------------------------------------------------------
|             INITIALIZING CANDIDATE TREE SET                      |
--------------------------------------------------------------------
Generating 99 parsimony trees... 1.092 second
Computing log-likelihood of 99 initial trees ... 144.747 seconds
Current best score: -216214.791

Do NNI search on 20 best initial trees
Estimate model parameters (epsilon = 0.100)
BETTER TREE FOUND at iteration 1: -215671.399
Estimate model parameters (epsilon = 0.100)
BETTER TREE FOUND at iteration 2: -215638.571
Estimate model parameters (epsilon = 0.100)
BETTER TREE FOUND at iteration 6: -215631.659
Iteration 10 / LogL: -215672.943 / Time: 0h:14m:58s
Estimate model parameters (epsilon = 0.100)
BETTER TREE FOUND at iteration 16: -215607.317
Iteration 20 / LogL: -215756.032 / Time: 0h:20m:19s
Finish initializing candidate tree set (20)
Current best tree score: -215607.317 / CPU time: 911.980
Number of iterations: 20
--------------------------------------------------------------------
|               OPTIMIZING CANDIDATE TREE SET                      |
--------------------------------------------------------------------
Estimate model parameters (epsilon = 0.100)
BETTER TREE FOUND at iteration 24: -215595.563
Iteration 30 / LogL: -215628.218 / Time: 0h:25m:49s (1h:23m:37s left)
Estimate model parameters (epsilon = 0.100)
BETTER TREE FOUND at iteration 31: -215584.590
Estimate model parameters (epsilon = 0.100)
BETTER TREE FOUND at iteration 37: -215583.325
Iteration 40 / LogL: -215625.244 / Time: 0h:31m:33s (1h:18m:27s left)
Estimate model parameters (epsilon = 0.100)
BETTER TREE FOUND at iteration 42: -215570.584
Iteration 50 / LogL: -215599.085 / Time: 0h:37m:3s (1h:9m:33s left)
Estimate model parameters (epsilon = 0.100)
BETTER TREE FOUND at iteration 60: -215569.255
Iteration 60 / LogL: -215569.255 / Time: 0h:42m:35s (1h:12m:9s left)
Estimate model parameters (epsilon = 0.100)
BETTER TREE FOUND at iteration 67: -215567.535
Iteration 70 / LogL: -215575.941 / Time: 0h:48m:40s (1h:8m:24s left)
Estimate model parameters (epsilon = 0.100)
BETTER TREE FOUND at iteration 73: -215566.811
Iteration 80 / LogL: -215575.414 / Time: 0h:54m:11s (1h:3m:46s left)
Iteration 90 / LogL: -216228.514 / Time: 0h:59m:2s (0h:55m:2s left)
Iteration 100 / LogL: -215847.598 / Time: 1h:4m:4s (0h:47m:13s left)
Iteration 110 / LogL: -215567.045 / Time: 1h:9m:11s (0h:39m:58s left)
Iteration 120 / LogL: -215573.264 / Time: 1h:13m:56s (0h:32m:55s left)
Estimate model parameters (epsilon = 0.100)
BETTER TREE FOUND at iteration 124: -215565.700
Iteration 130 / LogL: -215567.278 / Time: 1h:19m:27s (0h:57m:53s left)
Iteration 140 / LogL: -215577.328 / Time: 1h:24m:23s (0h:50m:59s left)
UPDATE BEST LOG-LIKELIHOOD: -215565.693
Iteration 150 / LogL: -215569.427 / Time: 1h:29m:24s (0h:44m:23s left)
Iteration 160 / LogL: -215567.834 / Time: 1h:34m:50s (0h:38m:9s left)
Iteration 170 / LogL: -215581.156 / Time: 1h:39m:34s (0h:31m:48s left)
Iteration 180 / LogL: -215565.813 / Time: 1h:43m:53s (0h:25m:32s left)
Iteration 190 / LogL: -215565.703 / Time: 1h:48m:28s (0h:19m:30s left)
Iteration 200 / LogL: -215567.263 / Time: 1h:52m:29s (0h:13m:33s left)
Iteration 210 / LogL: -215578.035 / Time: 1h:56m:27s (0h:7m:47s left)
Iteration 220 / LogL: -215567.311 / Time: 2h:0m:55s (0h:2m:12s left)
TREE SEARCH COMPLETED AFTER 225 ITERATIONS / Time: 2h:3m:1s

--------------------------------------------------------------------
|                    FINALIZING TREE SEARCH                        |
--------------------------------------------------------------------
Performs final model parameters optimization
Estimate model parameters (epsilon = 0.010)
1. Initial log-likelihood: -215565.693
2. Current log-likelihood: -215565.472
3. Current log-likelihood: -215565.422
Optimal log-likelihood: -215565.408
Site proportion and rates:  (0.057,0.074) (0.171,0.271) (0.281,0.505) (0.247,0.934) (0.148,1.632) (0.073,2.783) (0.021,6.145)
Parameters optimization took 3 rounds (24.148 sec)
BEST SCORE FOUND : -215565.408
Total tree length: 68.961

Total number of iterations: 225
CPU time used for tree search: 15111.511 sec (4h:11m:51s)
Wall-clock time used for tree search: 7073.803 sec (1h:57m:53s)
Total CPU time used: 15815.617 sec (4h:23m:35s)
Total wall-clock time used: 7406.105 sec (2h:3m:26s)

Analysis results written to: 
  IQ-TREE report:                /Users/george/claude_test/ip3r_genes/results/phylogeny/au/H2_13.iqtree
  Maximum-likelihood tree:       /Users/george/claude_test/ip3r_genes/results/phylogeny/au/H2_13.treefile
  Screen log file:               /Users/george/claude_test/ip3r_genes/results/phylogeny/au/H2_13.log

Date and Time: Sun Sep  6 23:58:46 2026
