 Y     189156.449879  0 0.0009 44848 | 2/116
312 h-m-p  0.0019 0.9682   1.0427 C     189156.449762  0 0.0006 44967 | 2/116
313 h-m-p  0.0010 0.3570   0.6736 C     189156.449631  0 0.0010 45086 | 2/116
314 h-m-p  0.0017 0.8603   0.8370 Y     189156.449382  0 0.0013 45319 | 2/116
315 h-m-p  0.0009 0.4416   1.4505 C     189156.449130  0 0.0007 45552 | 2/116
316 h-m-p  0.0011 0.5307   0.9775 C     189156.448747  0 0.0014 45671 | 2/116
317 h-m-p  0.0011 0.3748   1.2847 C     189156.448249  0 0.0013 45904 | 2/116
318 h-m-p  0.0016 0.4180   1.0015 Y     189156.447919  0 0.0010 46023 | 2/116
319 h-m-p  0.0008 0.2980   1.2596 C     189156.447349  0 0.0012 46142 | 2/116
320 h-m-p  0.0011 0.2556   1.3664 C     189156.446545  0 0.0015 46261 | 2/116
321 h-m-p  0.0016 0.2737   1.2386 C     189156.445758  0 0.0016 46380 | 2/116
322 h-m-p  0.0013 0.2383   1.4723 C     189156.445147  0 0.0011 46499 | 2/116
323 h-m-p  0.0009 0.2092   1.7700 C     189156.444496  0 0.0010 46618 | 2/116
324 h-m-p  0.0010 0.2384   1.6982 C     189156.443905  0 0.0010 46737 | 2/116
325 h-m-p  0.0011 0.2986   1.5335 Y     189156.443523  0 0.0008 46856 | 2/116
326 h-m-p  0.0012 0.4899   1.1065 C     189156.443093  0 0.0016 46975 | 2/116
327 h-m-p  0.0010 0.3317   1.8143 Y     189156.442784  0 0.0008 47094 | 2/116
328 h-m-p  0.0015 0.7573   0.9627 Y     189156.442596  0 0.0011 47213 | 2/116
329 h-m-p  0.0023 1.1491   0.7729 Y     189156.442465  0 0.0011 47446 | 2/116
330 h-m-p  0.0033 1.6680   0.6420 C     189156.442379  0 0.0011 47679 | 2/116
331 h-m-p  0.0060 2.9832   0.3399 C     189156.442329  0 0.0016 47912 | 2/116
332 h-m-p  0.0123 6.1291   0.1601 Y     189156.442310  0 0.0019 48145 | 2/116
333 h-m-p  0.0160 8.0000   0.1909 -Y    189156.442290  0 0.0020 48379 | 2/116
334 h-m-p  0.0160 8.0000   0.1322 -Y    189156.442279  0 0.0016 48613 | 2/116
335 h-m-p  0.0160 8.0000   0.1067 Y     189156.442267  0 0.0021 48846 | 2/116
336 h-m-p  0.0160 8.0000   0.1050 Y     189156.442248  0 0.0028 49079 | 2/116
337 h-m-p  0.0160 8.0000   0.0807 -Y    189156.442237  0 0.0019 49313 | 2/116
338 h-m-p  0.0142 7.0795   0.0928 C     189156.442202  0 0.0035 49546 | 2/116
339 h-m-p  0.0110 5.4998   0.1422 -Y    189156.442187  0 0.0014 49780 | 2/116
340 h-m-p  0.0160 8.0000   0.1155 -C    189156.442181  0 0.0011 50014 | 2/116
341 h-m-p  0.0160 8.0000   0.0662 -Y    189156.442178  0 0.0018 50248 | 2/116
342 h-m-p  0.0160 8.0000   0.0538 -Y    189156.442176  0 0.0017 50482 | 2/116
343 h-m-p  0.0160 8.0000   0.0494 Y     189156.442174  0 0.0026 50715 | 2/116
344 h-m-p  0.0160 8.0000   0.0324 Y     189156.442173  0 0.0028 50948 | 2/116
345 h-m-p  0.0160 8.0000   0.0273 Y     189156.442172  0 0.0040 51181 | 2/116
346 h-m-p  0.0160 8.0000   0.0378 C     189156.442170  0 0.0032 51414 | 2/116
347 h-m-p  0.0160 8.0000   0.0467 C     189156.442166  0 0.0040 51647 | 2/116
348 h-m-p  0.0160 8.0000   0.0319 C     189156.442161  0 0.0054 51880 | 2/116
349 h-m-p  0.0160 8.0000   0.0644 C     189156.442150  0 0.0040 52113 | 2/116
350 h-m-p  0.0160 8.0000   0.0980 C     189156.442129  0 0.0035 52346 | 2/116
351 h-m-p  0.0116 5.8210   0.1609 C     189156.442094  0 0.0035 52579 | 2/116
352 h-m-p  0.0160 8.0000   0.0808 Y     189156.442085  0 0.0026 52812 | 2/116
353 h-m-p  0.0157 7.8720   0.1122 -Y    189156.442078  0 0.0018 53046 | 2/116
354 h-m-p  0.0160 8.0000   0.0671 Y     189156.442076  0 0.0020 53279 | 2/116
355 h-m-p  0.0160 8.0000   0.0405 C     189156.442073  0 0.0041 53512 | 2/116
356 h-m-p  0.0160 8.0000   0.0321 Y     189156.442073  0 0.0023 53745 | 2/116
357 h-m-p  0.0160 8.0000   0.0236 C     189156.442072  0 0.0040 53978 | 2/116
358 h-m-p  0.0160 8.0000   0.0066 -Y    189156.442071  0 0.0010 54212 | 2/116
359 h-m-p  0.0160 8.0000   0.0202 Y     189156.442071  0 0.0040 54445 | 2/116
360 h-m-p  0.0160 8.0000   0.0137 C     189156.442068  0 0.0160 54678 | 2/116
361 h-m-p  0.0160 8.0000   0.0623 Y     189156.442055  0 0.0093 54911 | 2/116
362 h-m-p  0.0160 8.0000   0.2358 Y     189156.442011  0 0.0086 55144 | 2/116
363 h-m-p  0.0079 3.9369   0.4502 C     189156.441992  0 0.0019 55377 | 2/116
364 h-m-p  0.0160 8.0000   0.1540 Y     189156.441961  0 0.0098 55610 | 2/116
365 h-m-p  0.0245 8.0000   0.0614 C     189156.441955  0 0.0061 55843 | 2/116
366 h-m-p  0.1075 8.0000   0.0035 +Y    189156.441905  0 0.8942 56077 | 2/116
367 h-m-p  0.0160 8.0000   0.3166 Y     189156.441860  0 0.0089 56310 | 2/116
368 h-m-p  1.2099 8.0000   0.0023 --C   189156.441860  0 0.0189 56545 | 2/116
369 h-m-p  0.0302 8.0000   0.0015 ----------Y 189156.441860  0 0.0000 56788 | 2/116
370 h-m-p  0.0002 0.1109  23.0505 Y     189156.441857  0 0.0000 57021 | 2/116
371 h-m-p  0.2963 8.0000   0.0034 ---C  189156.441857  0 0.0012 57143 | 2/116
372 h-m-p  0.0160 8.0000   0.0010 -----Y 189156.441857  0 0.0000 57381 | 2/116
373 h-m-p  0.0160 8.0000   0.7640 C     189156.441852  0 0.0160 57614 | 2/116
374 h-m-p  0.8301 8.0000   0.0147 ++    189156.441787  m 8.0000 57847 | 2/116
375 h-m-p  0.5684 8.0000   0.2073 Y     189156.441713  0 1.2365 58080 | 2/116
376 h-m-p  1.6000 8.0000   0.0050 C     189156.441708  0 1.6000 58313 | 2/116
377 h-m-p  1.6000 8.0000   0.0012 ----------------..  | 2/116
378 h-m-p  0.0000 0.0006   3.2097 -Y    189156.441705  0 0.0000 58794 | 2/116
379 h-m-p  0.0000 0.0002   8.8006 --C   189156.441703  0 0.0000 58915 | 2/116
380 h-m-p  0.0000 0.0220   0.4175 ----Y 189156.441703  0 0.0000 59038 | 2/116
381 h-m-p  0.0000 0.0110   0.8709 -C    189156.441702  0 0.0000 59272 | 2/116
382 h-m-p  0.0003 0.1708   0.3512 Y     189156.441701  0 0.0001 59505 | 2/116
383 h-m-p  0.0001 0.0370   1.7747 Y     189156.441699  0 0.0000 59738 | 2/116
384 h-m-p  0.0003 0.1690   0.7396 Y     189156.441695  0 0.0001 59857 | 2/116
385 h-m-p  0.0013 0.6388   0.6470 -Y    189156.441693  0 0.0001 60091 | 2/116
386 h-m-p  0.0005 0.2625   0.7635 -C    189156.441691  0 0.0000 60325 | 2/116
387 h-m-p  0.0012 0.5882   0.5393 -C    189156.441687  0 0.0001 60559 | 2/116
388 h-m-p  0.0010 0.4926   0.4739 -C    189156.441684  0 0.0001 60793 | 2/116
389 h-m-p  0.0003 0.1392   0.4677 Y     189156.441682  0 0.0001 61026 | 2/116
390 h-m-p  0.0064 3.2050   0.3614 -Y    189156.441678  0 0.0003 61260 | 2/116
391 h-m-p  0.0007 0.3395   0.6911 Y     189156.441675  0 0.0001 61493 | 2/116
392 h-m-p  0.0028 1.3836   0.6323 -Y    189156.441672  0 0.0001 61727 | 2/116
393 h-m-p  0.0007 0.3635   0.5309 C     189156.441669  0 0.0002 61960 | 2/116
394 h-m-p  0.0048 2.4126   0.7131 -Y    189156.441665  0 0.0002 62194 | 2/116
395 h-m-p  0.0020 1.0108   0.9789 -C    189156.441661  0 0.0001 62428 | 2/116
396 h-m-p  0.0031 1.5428   1.1700 -Y    189156.441658  0 0.0001 62662 | 2/116
397 h-m-p  0.0007 0.3292   0.7090 Y     189156.441650  0 0.0003 62781 | 2/116
398 h-m-p  0.0024 1.1905   1.0948 -C    189156.441643  0 0.0002 63015 | 2/116
399 h-m-p  0.0014 0.7092   2.0097 -C    189156.441638  0 0.0001 63135 | 2/116
400 h-m-p  0.0008 0.4209   1.3874 Y     189156.441632  0 0.0002 63254 | 2/116
401 h-m-p  0.0017 0.8565   0.7021 -Y    189156.441629  0 0.0002 63374 | 2/116
402 h-m-p  0.0028 1.3915   0.9087 -Y    189156.441626  0 0.0002 63608 | 2/116
403 h-m-p  0.0032 1.6069   0.4689 Y     189156.441622  0 0.0004 63841 | 2/116
404 h-m-p  0.0054 2.6847   0.5807 -Y    189156.441618  0 0.0002 64075 | 2/116
405 h-m-p  0.0009 0.4634   0.6143 -Y    189156.441617  0 0.0001 64309 | 2/116
406 h-m-p  0.0066 3.2781   0.4668 -Y    189156.441615  0 0.0003 64543 | 2/116
407 h-m-p  0.0034 1.7027   0.4045 -C    189156.441612  0 0.0002 64777 | 2/116
408 h-m-p  0.0060 3.0104   0.3263 -Y    189156.441611  0 0.0002 65011 | 2/116
409 h-m-p  0.0080 3.9913   0.2976 -Y    189156.441609  0 0.0003 65245 | 2/116
410 h-m-p  0.0044 2.1924   0.3567 --Y   189156.441608  0 0.0001 65480 | 2/116
411 h-m-p  0.0089 4.4373   0.2352 --C   189156.441608  0 0.0002 65715 | 2/116
412 h-m-p  0.0105 5.2614   0.1852 -Y    189156.441606  0 0.0004 65949 | 2/116
413 h-m-p  0.0101 5.0444   0.1646 -Y    189156.441606  0 0.0004 66183 | 2/116
414 h-m-p  0.0085 4.2532   0.2153 --Y   189156.441605  0 0.0001 66418 | 2/116
415 h-m-p  0.0160 8.0000   0.1483 ---C  189156.441605  0 0.0001 66654 | 2/116
416 h-m-p  0.0160 8.0000   0.1518 --C   189156.441604  0 0.0003 66889 | 2/116
417 h-m-p  0.0048 2.4092   0.1758 ------------..  | 2/116
418 h-m-p  0.0000 0.0192   2.5105 --------- | 2/116
419 h-m-p  0.0000 0.0192   2.5105 ---------
Out..
lnL  = -189156.441604
67613 lfun, 338065 eigenQcodon, 30020172 P(t)

BEBing (dim = 4).  This may take many minutes.
Trying to get 0.6M memory in lfunNSsites_ACD

Calculating f(x_h|w) for 121 w's

	   10 / 121 sets.  w for branches:  0.9500 0.9500 lnfX = -324078.3665
	   20 / 121 sets.  w for branches:  0.0500 9.5000 lnfX = -190728.1875
	   30 / 121 sets.  w for branches:  0.1500 9.5000 lnfX = -204797.3606
	   40 / 121 sets.  w for branches:  0.2500 9.5000 lnfX = -223381.2699
	   50 / 121 sets.  w for branches:  0.3500 9.5000 lnfX = -241592.7265
	   60 / 121 sets.  w for branches:  0.4500 9.5000 lnfX = -258567.3931
	   70 / 121 sets.  w for branches:  0.5500 9.5000 lnfX = -274144.6863
	   80 / 121 sets.  w for branches:  0.6500 9.5000 lnfX = -288372.5645
	   90 / 121 sets.  w for branches:  0.7500 9.5000 lnfX = -301362.0823
	  100 / 121 sets.  w for branches:  0.8500 9.5000 lnfX = -313236.1030
	  110 / 121 sets.  w for branches:  0.9500 9.5000 lnfX = -324112.4473
	  120 / 121 sets.  w for branches:  1.0000 9.5000 lnfX = -329210.5639
	  121 / 121 sets.  w for branches:  1.0000 10.5000 lnfX = -329214.2344
Time: 15:25:29
Calculating the marginal likelihood f(X).
	1000 / 10000 grid points, 15:25:29
	2000 / 10000 grid points, 15:25:29
	3000 / 10000 grid points, 15:25:29
	4000 / 10000 grid points, 15:25:29
	5000 / 10000 grid points, 15:25:29
	6000 / 10000 grid points, 15:25:29
	7000 / 10000 grid points, 15:25:29
	8000 / 10000 grid points, 15:25:29
	9000 / 10000 grid points, 15:25:29
	10000 / 10000 grid points, 15:25:29
	log(fX) = -189902.958875  S = -186458.244218 -3440.156894
Calculating f(w_k|X), posterior for site classes for each site.  Slow!

	did  10 / 2442 site patterns  15:25:29
	did  20 / 2442 site patterns  15:25:29
	did  30 / 2442 site patterns  15:25:29
	did  40 / 2442 site patterns  15:25:29
	did  50 / 2442 site patterns  15:25:29
	did  60 / 2442 site patterns  15:25:29
	did  70 / 2442 site patterns  15:25:29
	did  80 / 2442 site patterns  15:25:29
	did  90 / 2442 site patterns  15:25:29
	did 100 / 2442 site patterns  15:25:29
	did 110 / 2442 site patterns  15:25:29
	did 120 / 2442 site patterns  15:25:29
	did 130 / 2442 site patterns  15:25:29
	did 140 / 2442 site patterns  15:25:29
	did 150 / 2442 site patterns  15:25:29
	did 160 / 2442 site patterns  15:25:29
	did 170 / 2442 site patterns  15:25:29
	did 180 / 2442 site patterns  15:25:29
	did 190 / 2442 site patterns  15:25:29
	did 200 / 2442 site patterns  15:25:29
	did 210 / 2442 site patterns  15:25:29
	did 220 / 2442 site patterns  15:25:29
	did 230 / 2442 site patterns  15:25:29
	did 240 / 2442 site patterns  15:25:29
	did 250 / 2442 site patterns  15:25:29
	did 260 / 2442 site patterns  15:25:29
	did 270 / 2442 site patterns  15:25:29
	did 280 / 2442 site patterns  15:25:29
	did 290 / 2442 site patterns  15:25:29
	did 300 / 2442 site patterns  15:25:29
	did 310 / 2442 site patterns  15:25:29
	did 320 / 2442 site patterns  15:25:29
	did 330 / 2442 site patterns  15:25:29
	did 340 / 2442 site patterns  15:25:29
	did 350 / 2442 site patterns  15:25:29
	did 360 / 2442 site patterns  15:25:29
	did 370 / 2442 site patterns  15:25:29
	did 380 / 2442 site patterns  15:25:29
	did 390 / 2442 site patterns  15:25:29
	did 400 / 2442 site patterns  15:25:29
	did 410 / 2442 site patterns  15:25:29
	did 420 / 2442 site patterns  15:25:29
	did 430 / 2442 site patterns  15:25:29
	did 440 / 2442 site patterns  15:25:29
	did 450 / 2442 site patterns  15:25:29
	did 460 / 2442 site patterns  15:25:29
	did 470 / 2442 site patterns  15:25:29
	did 480 / 2442 site patterns  15:25:29
	did 490 / 2442 site patterns  15:25:29
	did 500 / 2442 site patterns  15:25:29
	did 510 / 2442 site patterns  15:25:29
	did 520 / 2442 site patterns  15:25:29
	did 530 / 2442 site patterns  15:25:29
	did 540 / 2442 site patterns  15:25:29
	did 550 / 2442 site patterns  15:25:29
	did 560 / 2442 site patterns  15:25:29
	did 570 / 2442 site patterns  15:25:29
	did 580 / 2442 site patterns  15:25:29
	did 590 / 2442 site patterns  15:25:29
	did 600 / 2442 site patterns  15:25:29
	did 610 / 2442 site patterns  15:25:29
	did 620 / 2442 site patterns  15:25:29
	did 630 / 2442 site patterns  15:25:29
	did 640 / 2442 site patterns  15:25:29
	did 650 / 2442 site patterns  15:25:29
	did 660 / 2442 site patterns  15:25:29
	did 670 / 2442 site patterns  15:25:29
	did 680 / 2442 site patterns  15:25:29
	did 690 / 2442 site patterns  15:25:29
	did 700 / 2442 site patterns  15:25:29
	did 710 / 2442 site patterns  15:25:29
	did 720 / 2442 site patterns  15:25:29
	did 730 / 2442 site patterns  15:25:29
	did 740 / 2442 site patterns  15:25:29
	did 750 / 2442 site patterns  15:25:29
	did 760 / 2442 site patterns  15:25:29
	did 770 / 2442 site patterns  15:25:29
	did 780 / 2442 site patterns  15:25:29
	did 790 / 2442 site patterns  15:25:29
	did 800 / 2442 site patterns  15:25:29
	did 810 / 2442 site patterns  15:25:29
	did 820 / 2442 site patterns  15:25:29
	did 830 / 2442 site patterns  15:25:29
	did 840 / 2442 site patterns  15:25:29
	did 850 / 2442 site patterns  15:25:29
	did 860 / 2442 site patterns  15:25:29
	did 870 / 2442 site patterns  15:25:29
	did 880 / 2442 site patterns  15:25:29
	did 890 / 2442 site patterns  15:25:29
	did 900 / 2442 site patterns  15:25:29
	did 910 / 2442 site patterns  15:25:29
	did 920 / 2442 site patterns  15:25:29
	did 930 / 2442 site patterns  15:25:29
	did 940 / 2442 site patterns  15:25:29
	did 950 / 2442 site patterns  15:25:29
	did 960 / 2442 site patterns  15:25:29
	did 970 / 2442 site patterns  15:25:29
	did 980 / 2442 site patterns  15:25:29
	did 990 / 2442 site patterns  15:25:29
	did 1000 / 2442 site patterns  15:25:29
	did 1010 / 2442 site patterns  15:25:29
	did 1020 / 2442 site patterns  15:25:29
	did 1030 / 2442 site patterns  15:25:29
	did 1040 / 2442 site patterns  15:25:29
	did 1050 / 2442 site patterns  15:25:29
	did 1060 / 2442 site patterns  15:25:29
	did 1070 / 2442 site patterns  15:25:29
	did 1080 / 2442 site patterns  15:25:29
	did 1090 / 2442 site patterns  15:25:29
	did 1100 / 2442 site patterns  15:25:29
	did 1110 / 2442 site patterns  15:25:29
	did 1120 / 2442 site patterns  15:25:29
	did 1130 / 2442 site patterns  15:25:29
	did 1140 / 2442 site patterns  15:25:29
	did 1150 / 2442 site patterns  15:25:29
	did 1160 / 2442 site patterns  15:25:29
	did 1170 / 2442 site patterns  15:25:29
	did 1180 / 2442 site patterns  15:25:29
	did 1190 / 2442 site patterns  15:25:29
	did 1200 / 2442 site patterns  15:25:29
	did 1210 / 2442 site patterns  15:25:29
	did 1220 / 2442 site patterns  15:25:29
	did 1230 / 2442 site patterns  15:25:29
	did 1240 / 2442 site patterns  15:25:29
	did 1250 / 2442 site patterns  15:25:29
	did 1260 / 2442 site patterns  15:25:29
	did 1270 / 2442 site patterns  15:25:29
	did 1280 / 2442 site patterns  15:25:29
	did 1290 / 2442 site patterns  15:25:29
	did 1300 / 2442 site patterns  15:25:29
	did 1310 / 2442 site patterns  15:25:29
	did 1320 / 2442 site patterns  15:25:29
	did 1330 / 2442 site patterns  15:25:29
	did 1340 / 2442 site patterns  15:25:29
	did 1350 / 2442 site patterns  15:25:29
	did 1360 / 2442 site patterns  15:25:29
	did 1370 / 2442 site patterns  15:25:29
	did 1380 / 2442 site patterns  15:25:29
	did 1390 / 2442 site patterns  15:25:29
	did 1400 / 2442 site patterns  15:25:29
	did 1410 / 2442 site patterns  15:25:29
	did 1420 / 2442 site patterns  15:25:29
	did 1430 / 2442 site patterns  15:25:29
	did 1440 / 2442 site patterns  15:25:29
	did 1450 / 2442 site patterns  15:25:29
	did 1460 / 2442 site patterns  15:25:29
	did 1470 / 2442 site patterns  15:25:29
	did 1480 / 2442 site patterns  15:25:29
	did 1490 / 2442 site patterns  15:25:29
	did 1500 / 2442 site patterns  15:25:29
	did 1510 / 2442 site patterns  15:25:29
	did 1520 / 2442 site patterns  15:25:29
	did 1530 / 2442 site patterns  15:25:29
	did 1540 / 2442 site patterns  15:25:29
	did 1550 / 2442 site patterns  15:25:29
	did 1560 / 2442 site patterns  15:25:29
	did 1570 / 2442 site patterns  15:25:29
	did 1580 / 2442 site patterns  15:25:29
	did 1590 / 2442 site patterns  15:25:29
	did 1600 / 2442 site patterns  15:25:29
	did 1610 / 2442 site patterns  15:25:29
	did 1620 / 2442 site patterns  15:25:29
	did 1630 / 2442 site patterns  15:25:29
	did 1640 / 2442 site patterns  15:25:29
	did 1650 / 2442 site patterns  15:25:29
	did 1660 / 2442 site patterns  15:25:29
	did 1670 / 2442 site patterns  15:25:29
	did 1680 / 2442 site patterns  15:25:29
	did 1690 / 2442 site patterns  15:25:29
	did 1700 / 2442 site patterns  15:25:29
	did 1710 / 2442 site patterns  15:25:29
	did 1720 / 2442 site patterns  15:25:29
	did 1730 / 2442 site patterns  15:25:29
	did 1740 / 2442 site patterns  15:25:29
	did 1750 / 2442 site patterns  15:25:29
	did 1760 / 2442 site patterns  15:25:29
	did 1770 / 2442 site patterns  15:25:29
	did 1780 / 2442 site patterns  15:25:29
	did 1790 / 2442 site patterns  15:25:29
	did 1800 / 2442 site patterns  15:25:29
	did 1810 / 2442 site patterns  15:25:29
	did 1820 / 2442 site patterns  15:25:29
	did 1830 / 2442 site patterns  15:25:29
	did 1840 / 2442 site patterns  15:25:29
	did 1850 / 2442 site patterns  15:25:29
	did 1860 / 2442 site patterns  15:25:29
	did 1870 / 2442 site patterns  15:25:29
	did 1880 / 2442 site patterns  15:25:29
	did 1890 / 2442 site patterns  15:25:29
	did 1900 / 2442 site patterns  15:25:29
	did 1910 / 2442 site patterns  15:25:29
	did 1920 / 2442 site patterns  15:25:29
	did 1930 / 2442 site patterns  15:25:29
	did 1940 / 2442 site patterns  15:25:29
	did 1950 / 2442 site patterns  15:25:29
	did 1960 / 2442 site patterns  15:25:29
	did 1970 / 2442 site patterns  15:25:29
	did 1980 / 2442 site patterns  15:25:29
	did 1990 / 2442 site patterns  15:25:29
	did 2000 / 2442 site patterns  15:25:29
	did 2010 / 2442 site patterns  15:25:29
	did 2020 / 2442 site patterns  15:25:29
	did 2030 / 2442 site patterns  15:25:29
	did 2040 / 2442 site patterns  15:25:29
	did 2050 / 2442 site patterns  15:25:29
	did 2060 / 2442 site patterns  15:25:29
	did 2070 / 2442 site patterns  15:25:29
	did 2080 / 2442 site patterns  15:25:29
	did 2090 / 2442 site patterns  15:25:29
	did 2100 / 2442 site patterns  15:25:29
	did 2110 / 2442 site patterns  15:25:29
	did 2120 / 2442 site patterns  15:25:29
	did 2130 / 2442 site patterns  15:25:29
	did 2140 / 2442 site patterns  15:25:29
	did 2150 / 2442 site patterns  15:25:29
	did 2160 / 2442 site patterns  15:25:29
	did 2170 / 2442 site patterns  15:25:29
	did 2180 / 2442 site patterns  15:25:29
	did 2190 / 2442 site patterns  15:25:29
	did 2200 / 2442 site patterns  15:25:29
	did 2210 / 2442 site patterns  15:25:29
	did 2220 / 2442 site patterns  15:25:29
	did 2230 / 2442 site patterns  15:25:29
	did 2240 / 2442 site patterns  15:25:29
	did 2250 / 2442 site patterns  15:25:29
	did 2260 / 2442 site patterns  15:25:29
	did 2270 / 2442 site patterns  15:25:29
	did 2280 / 2442 site patterns  15:25:29
	did 2290 / 2442 site patterns  15:25:29
	did 2300 / 2442 site patterns  15:25:29
	did 2310 / 2442 site patterns  15:25:29
	did 2320 / 2442 site patterns  15:25:29
	did 2330 / 2442 site patterns  15:25:29
	did 2340 / 2442 site patterns  15:25:29
	did 2350 / 2442 site patterns  15:25:29
	did 2360 / 2442 site patterns  15:25:29
	did 2370 / 2442 site patterns  15:25:29
	did 2380 / 2442 site patterns  15:25:29
	did 2390 / 2442 site patterns  15:25:29
	did 2400 / 2442 site patterns  15:25:29
	did 2410 / 2442 site patterns  15:25:29
	did 2420 / 2442 site patterns  15:25:29
	did 2430 / 2442 site patterns  15:25:29
	did 2440 / 2442 site patterns  15:25:29
	did 2442 / 2442 site patterns  15:25:29