
CODONML in paml version 4.10.10, 29 Jan 2026

----------------------------------------------
Phe F TTT | Ser S TCT | Tyr Y TAT | Cys C TGT
      TTC |       TCC |       TAC |       TGC
Leu L TTA |       TCA | *** * TAA | *** * TGA
      TTG |       TCG |       TAG | Trp W TGG
----------------------------------------------
Leu L CTT | Pro P CCT | His H CAT | Arg R CGT
      CTC |       CCC |       CAC |       CGC
      CTA |       CCA | Gln Q CAA |       CGA
      CTG |       CCG |       CAG |       CGG
----------------------------------------------
Ile I ATT | Thr T ACT | Asn N AAT | Ser S AGT
      ATC |       ACC |       AAC |       AGC
      ATA |       ACA | Lys K AAA | Arg R AGA
Met M ATG |       ACG |       AAG |       AGG
----------------------------------------------
Val V GTT | Ala A GCT | Asp D GAT | Gly G GGT
      GTC |       GCC |       GAC |       GGC
      GTA |       GCA | Glu E GAA |       GGA
      GTG |       GCG |       GAG |       GGG
----------------------------------------------
Nice code, uuh?
ns = 19  	ls = 7377
Reading sequences, sequential format..
Reading seq # 1: T1_Danio_rerio       
Reading seq # 2: T1_basal_Chilo       
Reading seq # 3: T1_Danio_rerio2       
Reading seq # 4: T1_Bos_tauru       
Reading seq # 5: T1_Somnio_micro       
Reading seq # 6: T1_Xenopu_tropi       
Reading seq # 7: T1_Latime_chalu       
Reading seq # 8: T1_Gallus_gallu       
Reading seq # 9: T1_Chanos_chano2       
Reading seq #10: T1_Danio_rerio3       
Reading seq #11: T1_Chanos_chano       
Reading seq #12: T1_basal_Callo       
Reading seq #13: T1_Mus_muscu       
Reading seq #14: T1_Podarc_mural       
Reading seq #15: T1_Salari_fasci       
Reading seq #16: T1_Homo_sapie       
Reading seq #17: T1_basal_Latim       
Reading seq #18: T1_basal_Callo2       
Reading seq #19: T1_Aptery_mante       
Sequences read..
Counting site patterns..  0:00

Compressing,   2369 patterns at   2459 /   2459 sites (100.0%),  0:00

Collecting fpatt[] & pose[],   2369 patterns at   2459 /   2459 sites (100.0%),  0:00
3 ambiguous codons are seen in the data:
 --- NAC NNN
Counting codons..
NG distances for seqs.:
   1   2   3   4   5   6   7   8   9  10  11  12  13  14  15  16  17  18  19

     1368 bytes for distance
  2312144 bytes for conP
    37904 bytes for fhK
  5000000 bytes for space

TREE #  1
(((7, 17), ((((9, (1, 10)), 15), (11, 3)), (6, ((((4, 13), 16), 14), (19, 8))))), (5, 2), (18, 12));   MP score: -1
   1  443.266816
   2  420.104223
   3  419.400130
   4  419.274985
   5  419.271022
   6  419.270951
 19653224 bytes for conP, adjusted

    0.103616    0.151424    0.031748    0.056346    0.035933    0.090509    0.098530    0.056738    0.112063    0.098526    0.070959    0.027939    0.132042    0.073996    0.122077    0.135342    0.026088    0.173350    0.071028    0.000000    0.163527    0.002776    0.123686    0.060930    0.049129    0.184852    0.161126    0.070940    0.089612    0.075480    0.090852    0.046473    0.161196    0.037520    0.045155    2.212919    0.716990    0.220353

ntime & nrate & np:    35     2    38

Bounds (np=38):
   0.000004   0.000004   0.000004   0.000004   0.000004   0.000004   0.000004   0.000004   0.000004   0.000004   0.000004   0.000004   0.000004   0.000004   0.000004   0.000004   0.000004   0.000004   0.000004   0.000004   0.000004   0.000004   0.000004   0.000004   0.000004   0.000004   0.000004   0.000004   0.000004   0.000004   0.000004   0.000004   0.000004   0.000004   0.000004   0.000100   0.000010   0.000001
  50.000000  50.000000  50.000000  50.000000  50.000000  50.000000  50.000000  50.000000  50.000000  50.000000  50.000000  50.000000  50.000000  50.000000  50.000000  50.000000  50.000000  50.000000  50.000000  50.000000  50.000000  50.000000  50.000000  50.000000  50.000000  50.000000  50.000000  50.000000  50.000000  50.000000  50.000000  50.000000  50.000000  50.000000  50.000000 999.000000   0.999990   1.000000
Qfactor_NS = 7.624961

np =    38
lnL0 = -68435.455256

Iterating by ming2
Initial: fx= 68435.455256
x=  0.10362  0.15142  0.03175  0.05635  0.03593  0.09051  0.09853  0.05674  0.11206  0.09853  0.07096  0.02794  0.13204  0.07400  0.12208  0.13534  0.02609  0.17335  0.07103  0.00000  0.16353  0.00278  0.12369  0.06093  0.04913  0.18485  0.16113  0.07094  0.08961  0.07548  0.09085  0.04647  0.16120  0.03752  0.04515  2.21292  0.71699  0.22035

  1 h-m-p  0.0000 0.0000 27292.1793 ++    61053.695669  m 0.0000    43 | 1/38
  2 h-m-p  0.0000 0.0000 29770.1771 +YYCYCCC 60326.185671  6 0.0000    94 | 1/38
  3 h-m-p  0.0000 0.0000 42901.2644 ++    59933.949585  m 0.0000   135 | 1/38
  4 h-m-p  0.0000 0.0000 1311219.6343 +YCYYYCCCCC 58954.622379  9 0.0000   191 | 1/38
  5 h-m-p  0.0000 0.0000 8635.5497 ++    58675.975157  m 0.0000   232 | 2/38
  6 h-m-p  0.0000 0.0000 12975.9422 ++    58052.832013  m 0.0000   273 | 2/38
  7 h-m-p  0.0000 0.0000 2098.7392 ++    57973.414575  m 0.0000   314 | 2/38
  8 h-m-p  0.0000 0.0001 1694.3764 +YYYCCC 57910.375637  5 0.0001   363 | 2/38
  9 h-m-p  0.0000 0.0001 1714.3139 +YCC  57851.352621  2 0.0001   408 | 2/38
 10 h-m-p  0.0000 0.0002 1755.5744 +YC   57772.400619  1 0.0001   451 | 2/38
 11 h-m-p  0.0000 0.0001 2698.8441 ++    57631.869358  m 0.0001   492 | 2/38
 12 h-m-p  0.0001 0.0006 1469.1950 CCC   57572.807685  2 0.0001   537 | 2/38
 13 h-m-p  0.0000 0.0002 396.3580 +CCC  57560.056627  2 0.0001   583 | 2/38
 14 h-m-p  0.0000 0.0001 273.1182 ++    57548.986683  m 0.0001   624 | 2/38
 15 h-m-p -0.0000 -0.0000 198.9835 
h-m-p:     -2.32796893e-20     -1.16398447e-19      1.98983488e+02 57548.986683
..  | 2/38
 16 h-m-p  0.0000 0.0000 16395.5012 CCYC  57489.463931  3 0.0000   708 | 2/38
 17 h-m-p  0.0000 0.0000 4521.2820 ++    57438.646314  m 0.0000   749 | 2/38
 18 h-m-p  0.0000 0.0000 248451.1455 +YYYCCC 57362.359349  5 0.0000   798 | 2/38
 19 h-m-p  0.0000 0.0000 162502.0988 +YYYCYCCC 57250.709479  7 0.0000   850 | 2/38
 20 h-m-p  0.0000 0.0000 15884.8779 +CYYYYY 57041.294224  5 0.0000   898 | 2/38
 21 h-m-p  0.0000 0.0000 9057.7219 +YYYYC 57015.406281  4 0.0000   944 | 2/38
 22 h-m-p  0.0000 0.0010 15723.3006 YCYCCC 56713.573066  5 0.0000   993 | 2/38
 23 h-m-p  0.0000 0.0002 1598.8835 +CYC  56541.478586  2 0.0001  1038 | 2/38
 24 h-m-p  0.0000 0.0001 754.6935 ++    56509.673686  m 0.0001  1079 | 2/38
 25 h-m-p  0.0001 0.0004 792.8097 +YCCC 56474.768604  3 0.0002  1126 | 2/38
 26 h-m-p  0.0003 0.0016 320.3463 CCC   56464.415218  2 0.0003  1171 | 2/38
 27 h-m-p  0.0005 0.0031 184.6509 YC    56461.870426  1 0.0002  1213 | 2/38
 28 h-m-p  0.0002 0.0065 173.3073 YC    56461.098972  1 0.0001  1255 | 2/38
 29 h-m-p  0.0003 0.0060  53.5107 CC    56460.550567  1 0.0005  1298 | 2/38
 30 h-m-p  0.0007 0.0054  33.7248 YC    56460.393083  1 0.0003  1340 | 2/38
 31 h-m-p  0.0004 0.0104  26.6113 CC    56460.233522  1 0.0005  1383 | 2/38
 32 h-m-p  0.0009 0.0168  15.4652 YC    56460.102824  1 0.0007  1425 | 2/38
 33 h-m-p  0.0006 0.0212  19.2561 YC    56459.785192  1 0.0010  1467 | 2/38
 34 h-m-p  0.0013 0.0292  14.5844 YC    56458.179045  1 0.0028  1509 | 2/38
 35 h-m-p  0.0013 0.0155  31.8949 YC    56448.498025  1 0.0029  1551 | 2/38
 36 h-m-p  0.0003 0.0017 223.2003 +YC   56420.802747  1 0.0009  1594 | 2/38
 37 h-m-p  0.0001 0.0004 188.9451 ++    56395.410171  m 0.0004  1635 | 2/38
 38 h-m-p  0.0002 0.0010 239.2981 +YCCC 56373.191521  3 0.0006  1682 | 2/38
 39 h-m-p  0.0003 0.0015 180.1779 YCC   56365.762730  2 0.0005  1726 | 2/38
 40 h-m-p  0.0001 0.0006 139.9677 YC    56363.864128  1 0.0003  1768 | 2/38
 41 h-m-p  0.0010 0.0051  25.7687 YC    56363.617760  1 0.0007  1810 | 2/38
 42 h-m-p  0.0024 0.0642   7.4536 CC    56363.421694  1 0.0027  1853 | 2/38
 43 h-m-p  0.0013 0.0065  11.8833 CC    56363.127760  1 0.0016  1896 | 2/38
 44 h-m-p  0.0016 0.0468  11.7166 +YC   56360.674308  1 0.0052  1939 | 2/38
 45 h-m-p  0.0024 0.0236  25.1641 +YCYC 56340.710487  3 0.0064  1985 | 2/38
 46 h-m-p  0.0013 0.0064 125.8746 CC    56322.898481  1 0.0013  2028 | 2/38
 47 h-m-p  0.0014 0.0068  58.8155 YCC   56321.302388  2 0.0009  2072 | 2/38
 48 h-m-p  0.0020 0.0324  25.8962 YC    56320.947844  1 0.0012  2114 | 2/38
 49 h-m-p  0.0061 0.1771   5.0429 C     56320.923440  0 0.0015  2155 | 2/38
 50 h-m-p  0.0089 1.0581   0.8493 +C    56320.684104  0 0.0349  2197 | 2/38
 51 h-m-p  0.0080 0.0399   2.3082 +C    56316.650370  0 0.0319  2275 | 2/38
 52 h-m-p  0.0004 0.0021  24.1531 ++    56315.445345  m 0.0021  2316 | 2/38
 53 h-m-p  0.0404 0.9994   1.2814 CC    56315.417290  1 0.0085  2359 | 2/38
 54 h-m-p  0.0470 4.7177   0.2306 +YCCC 56311.902302  3 0.3720  2406 | 2/38
 55 h-m-p  0.0060 0.0608  14.2481 CC    56311.626899  1 0.0024  2485 | 2/38
 56 h-m-p  0.5765 2.8825   0.0433 +YC   56308.601480  1 1.5201  2528 | 2/38
 57 h-m-p  1.6000 8.0000   0.0199 CC    56306.031375  1 2.3703  2607 | 2/38
 58 h-m-p  1.2031 6.0154   0.0207 YC    56303.953699  1 2.7376  2685 | 2/38
 59 h-m-p  1.6000 8.0000   0.0169 CYC   56303.165644  2 1.5005  2765 | 2/38
 60 h-m-p  1.6000 8.0000   0.0157 CC    56302.723339  1 2.0354  2844 | 2/38
 61 h-m-p  1.6000 8.0000   0.0053 YC    56302.368793  1 3.1779  2922 | 2/38
 62 h-m-p  1.6000 8.0000   0.0087 YC    56302.096947  1 2.7244  3000 | 2/38
 63 h-m-p  1.6000 8.0000   0.0071 CC    56302.019672  1 2.1270  3079 | 2/38
 64 h-m-p  1.6000 8.0000   0.0020 +C    56301.853597  0 6.1826  3157 | 2/38
 65 h-m-p  1.5938 7.9692   0.0039 CCC   56301.692480  2 2.3074  3238 | 2/38
 66 h-m-p  1.6000 8.0000   0.0043 YC    56301.668146  1 1.2801  3316 | 2/38
 67 h-m-p  1.6000 8.0000   0.0014 C     56301.661222  0 1.3983  3393 | 2/38
 68 h-m-p  1.6000 8.0000   0.0007 C     56301.659965  0 1.4225  3470 | 2/38
 69 h-m-p  1.6000 8.0000   0.0003 C     56301.659842  0 1.4287  3547 | 2/38
 70 h-m-p  1.6000 8.0000   0.0001 Y     56301.659836  0 1.1920  3624 | 2/38
 71 h-m-p  1.6000 8.0000   0.0000 Y     56301.659834  0 1.2541  3701 | 2/38
 72 h-m-p  1.6000 8.0000   0.0000 ----------------..  | 2/38
 73 h-m-p  0.0001 0.0266   0.0979 --------- | 2/38
 74 h-m-p  0.0001 0.0266   0.0979 ---------
Out..
lnL  = -56301.659834
3961 lfun, 11883 eigenQcodon, 277270 P(t)
